  [PASS] C1 stack P data vector = CFG377 primary: max rel 0.0e+00
stack P 181477 lenses / 1953 groups; trusted bins (R <= 0.445 Mpc): 9
  [PASS] C2 scoring code with CFG503's E_nlz and f reproduces CFG503's 14 stack-P chi2 (15 bins) within 0.01: max |d| 0.0000
CFG504 committed E vector found: MAIN/pieces/E_prim (its primary smooth-window E, stack P, Moster)
LCDM-native reference for MUTATE S0: CFG504 E (committed)
  [PASS] C4 measured companion excess = CFG502's per-lens excess (stack-weighted 0.25): 0.2537226181

######################## VARIANT F: frozen neighbour threshold (pool 5th percentile) ########################
boxes available: TA512_can359 yes, TA512_can360 yes, TA512_alt359 yes, TA512_DEcan359 yes, S0512_359 yes, S0512_360 yes
ruler canonical: boxes ['TA512_can359', 'TA512_can360']; m_lim,box 10.44 (stack-P weight below it, E clamped: 0.230); built in 5 s
ruler alt: boxes ['TA512_alt359']; m_lim,box 10.42 (stack-P weight below it, E clamped: 0.225); built in 3 s
ruler DE: boxes ['TA512_DEcan359']; m_lim,box 10.42 (stack-P weight below it, E clamped: 0.225); built in 3 s
ruler S0: boxes ['S0512_359', 'S0512_360']; m_lim,box 10.44 (stack-P weight below it, E clamped: 0.230); built in 5 s

=============== RULER COMPARISON (stack P, Msun/pc^2) ===============
  R [Mpc]          :   2.170   1.820   1.376   1.036   0.780   0.588   0.442   0.333   0.251   0.189   0.142   0.107   0.081   0.061   0.046
  sigma_data       :   0.140   0.124   0.204   0.255   0.303   0.403   0.540   0.707   1.139   1.176   1.716   1.841   3.638   4.372   5.562
  CFG503 E_nlz     :   0.738   0.601   0.400   0.726   1.426   1.909   2.244   2.400   2.374   2.217   1.984   1.702   1.403   1.111   0.848
  CFG504 E         :   0.859   0.858   0.871   1.000   1.347   1.804   2.176   2.362   2.354   2.206   1.978   1.699   1.402   1.110   0.847
  E_native canonical:   0.123   0.407   0.850   1.273   1.586   1.680   1.588   1.371   1.098   0.832   0.603   0.418   0.277   0.175   0.107
    jackknife sd   :   0.015   0.017   0.020   0.022   0.023   0.023   0.021   0.018   0.015   0.012   0.009   0.007   0.005   0.003   0.002
    native/CFG503  :    0.17    0.68    2.13    1.75    1.11    0.88    0.71    0.57    0.46    0.38    0.30    0.25    0.20    0.16    0.13
    (nat-503)/sig  :   -4.40   -1.56   +2.21   +2.15   +0.53   -0.57   -1.21   -1.46   -1.12   -1.18   -0.80   -0.70   -0.31   -0.21   -0.13
    centrals part  :  -0.438  -0.403  -0.305  -0.193  -0.092  -0.047  -0.024  -0.013  -0.009  -0.006  -0.002  -0.000   0.001   0.001   0.001
    leaked-sat part:   0.561   0.810   1.155   1.466   1.678   1.726   1.612   1.384   1.107   0.838   0.606   0.418   0.276   0.174   0.107
    S (phantom - draw) share:  -0.008  -0.007  -0.007  -0.005  -0.006  -0.007  -0.008  -0.007  -0.007  -0.005  -0.002  -0.000   0.001   0.001   0.001
    leaked-satellite fraction (stack-weighted): native 0.343 vs CFG503 HOD 0.181
    companions (lenses log M* >= 10.44, 0.77 of the weight): measured 0.2046, predicted 0.3133, ratio 0.653  [all lenses: 0.2537 / 0.3408 = 0.744]
    box TOTAL (centrals, own + env; trusted R >= 1.12 Mpc):  -0.336   0.008   0.477   0.953   1.513   2.155   2.756   3.157   3.224   2.908   2.328   1.672   1.111   0.696   0.422
  E_native alt      :   0.135   0.403   0.841   1.261   1.586   1.689   1.603   1.377   1.098   0.830   0.597   0.408   0.267   0.167   0.102
    jackknife sd   :   0.018   0.017   0.021   0.023   0.023   0.022   0.019   0.015   0.012   0.010   0.008   0.006   0.005   0.003   0.002
    native/CFG503  :    0.18    0.67    2.10    1.74    1.11    0.88    0.71    0.57    0.46    0.37    0.30    0.24    0.19    0.15    0.12
    (nat-503)/sig  :   -4.32   -1.59   +2.16   +2.10   +0.53   -0.55   -1.19   -1.45   -1.12   -1.18   -0.81   -0.70   -0.31   -0.22   -0.13
    centrals part  :  -0.423  -0.400  -0.306  -0.198  -0.092  -0.049  -0.025  -0.018  -0.017  -0.013  -0.009  -0.007  -0.007  -0.005  -0.004
    leaked-sat part:   0.558   0.803   1.147   1.459   1.678   1.738   1.628   1.395   1.115   0.842   0.606   0.416   0.274   0.173   0.106
    S (phantom - draw) share:  -0.014  -0.013  -0.011  -0.007  -0.003   0.002   0.004   0.001  -0.003  -0.006  -0.005  -0.003  -0.002  -0.002  -0.001
    leaked-satellite fraction (stack-weighted): native 0.344 vs CFG503 HOD 0.181
    companions (lenses log M* >= 10.42, 0.78 of the weight): measured 0.2054, predicted 0.3111, ratio 0.660  [all lenses: 0.2537 / 0.3368 = 0.753]
    box TOTAL (centrals, own + env; trusted R >= 1.12 Mpc):  -0.308   0.022   0.488   0.962   1.529   2.170   2.774   3.174   3.245   2.934   2.348   1.682   1.115   0.697   0.422
  E_native DE       :   0.124   0.407   0.858   1.284   1.600   1.700   1.601   1.364   1.081   0.818   0.592   0.408   0.270   0.170   0.104
    jackknife sd   :   0.020   0.020   0.023   0.025   0.026   0.027   0.024   0.021   0.017   0.013   0.010   0.008   0.006   0.004   0.003
    native/CFG503  :    0.17    0.68    2.15    1.77    1.12    0.89    0.71    0.57    0.46    0.37    0.30    0.24    0.19    0.15    0.12
    (nat-503)/sig  :   -4.40   -1.56   +2.24   +2.19   +0.57   -0.52   -1.19   -1.47   -1.13   -1.19   -0.81   -0.70   -0.31   -0.22   -0.13
    centrals part  :  -0.439  -0.398  -0.298  -0.190  -0.094  -0.045  -0.018  -0.011  -0.006  -0.002  -0.002  -0.004  -0.004  -0.003  -0.002
    leaked-sat part:   0.563   0.805   1.155   1.475   1.693   1.744   1.619   1.374   1.087   0.820   0.595   0.412   0.274   0.173   0.106
    S (phantom - draw) share:  -0.005  -0.005  -0.003  -0.002  -0.002  -0.003  -0.004  -0.005  -0.005  -0.004  -0.002  -0.001  -0.001  -0.000  -0.000
    leaked-satellite fraction (stack-weighted): native 0.343 vs CFG503 HOD 0.181
    companions (lenses log M* >= 10.42, 0.78 of the weight): measured 0.2054, predicted 0.3129, ratio 0.657  [all lenses: 0.2537 / 0.3375 = 0.752]
    box TOTAL (centrals, own + env; trusted R >= 1.12 Mpc):  -0.337   0.022   0.499   0.976   1.534   2.186   2.797   3.194   3.259   2.936   2.344   1.677   1.111   0.695   0.421
  E_native S0       :   0.140   0.424   0.875   1.307   1.646   1.765   1.679   1.450   1.164   0.884   0.641   0.443   0.293   0.185   0.113
    jackknife sd   :   0.014   0.016   0.021   0.023   0.024   0.024   0.022   0.018   0.015   0.012   0.010   0.007   0.005   0.003   0.002
    native/CFG503  :    0.19    0.71    2.19    1.80    1.15    0.92    0.75    0.60    0.49    0.40    0.32    0.26    0.21    0.17    0.13
    (nat-503)/sig  :   -4.28   -1.43   +2.33   +2.28   +0.73   -0.36   -1.05   -1.35   -1.06   -1.13   -0.78   -0.68   -0.31   -0.21   -0.13
    centrals part  :  -0.434  -0.399  -0.304  -0.202  -0.098  -0.050  -0.028  -0.018  -0.013  -0.007  -0.003  -0.001   0.000   0.000   0.000
    leaked-sat part:   0.574   0.823   1.179   1.509   1.744   1.815   1.707   1.467   1.176   0.892   0.644   0.443   0.292   0.184   0.113
    S (phantom - draw) share:   0.000   0.000   0.000   0.000   0.000   0.000   0.000   0.000   0.000   0.000   0.000   0.000   0.000   0.000   0.000
    leaked-satellite fraction (stack-weighted): native 0.345 vs CFG503 HOD 0.181
    companions (lenses log M* >= 10.44, 0.77 of the weight): measured 0.2046, predicted 0.3230, ratio 0.634  [all lenses: 0.2537 / 0.3508 = 0.723]
    box TOTAL (centrals, own + env; trusted R >= 1.12 Mpc):  -0.329   0.016   0.482   0.947   1.514   2.165   2.767   3.166   3.235   2.923   2.343   1.683   1.117   0.700   0.424
  --- gravity part of the ruler difference: TA ruler vs S0 ruler (same pipeline, same galaxy-halo rule) ---
    canonical/S0 ratio :   0.881   0.961   0.972   0.974   0.963   0.951   0.946   0.946   0.944   0.941   0.941   0.943   0.946   0.948   0.949
    (TA-S0)/sig_data :   -0.12   -0.13   -0.12   -0.13   -0.20   -0.21   -0.17   -0.11   -0.06   -0.04   -0.02   -0.01   -0.00   -0.00   -0.00
    (TA-S0)/sd_jk    :   -0.81   -0.70   -0.84   -1.07   -1.82   -2.62   -3.04   -3.05   -3.06   -3.06   -2.88   -2.56   -2.29   -2.11   -2.02
    alt      /S0 ratio :   0.966   0.951   0.962   0.965   0.963   0.957   0.955   0.950   0.943   0.938   0.931   0.922   0.913   0.905   0.900
    (TA-S0)/sig_data :   -0.03   -0.17   -0.16   -0.18   -0.20   -0.19   -0.14   -0.10   -0.06   -0.05   -0.03   -0.02   -0.01   -0.00   -0.00
    (TA-S0)/sd_jk    :   -0.21   -0.88   -1.13   -1.42   -1.82   -2.34   -2.65   -3.04   -3.41   -3.47   -3.54   -3.63   -3.76   -3.87   -3.95
    DE       /S0 ratio :   0.886   0.961   0.981   0.983   0.972   0.963   0.954   0.941   0.929   0.925   0.924   0.922   0.922   0.921   0.920
    (TA-S0)/sig_data :   -0.11   -0.13   -0.08   -0.09   -0.15   -0.16   -0.14   -0.12   -0.07   -0.06   -0.03   -0.02   -0.01   -0.00   -0.00
    (TA-S0)/sd_jk    :   -0.66   -0.64   -0.55   -0.66   -1.32   -1.84   -2.38   -3.06   -3.60   -3.63   -3.41   -3.15   -2.93   -2.76   -2.66

=============== MUTATE ===============
  [canonical] E_shuf - H :  +0.025  +0.025  +0.027  +0.025  +0.016  +0.007  -0.003  -0.009  -0.012  -0.011  -0.006  -0.002  -0.000  +0.000  +0.000
  [canonical] sd_jk      :   0.016   0.013   0.013   0.013   0.012   0.012   0.010   0.009   0.006   0.005   0.004   0.003   0.002   0.002   0.001
  [canonical] E_nat - H  :  +0.146  +0.455  +0.918  +1.322  +1.607  +1.690  +1.594  +1.374  +1.100  +0.833  +0.604  +0.418  +0.277  +0.175  +0.107
  [PASS] MUTATE SHUF [F] [canonical]: shuffled centres carry no environment (every bin < 3 sd_jk or < 0.1 sigma_data; mean ratio < 0.1): bins ok 15/15; mean |E_shuf - H| / mean |E_nat - H| 0.013
  [alt] E_shuf - H :  -0.000  +0.007  +0.016  +0.022  +0.018  +0.006  -0.009  -0.017  -0.021  -0.017  -0.010  -0.005  -0.003  -0.002  -0.001
  [alt] sd_jk      :   0.024   0.021   0.020   0.017   0.014   0.013   0.011   0.009   0.007   0.006   0.006   0.005   0.003   0.002   0.001
  [alt] E_nat - H  :  +0.158  +0.450  +0.909  +1.310  +1.607  +1.700  +1.609  +1.380  +1.099  +0.831  +0.597  +0.409  +0.267  +0.167  +0.102
  [PASS] MUTATE SHUF [F] [alt]: shuffled centres carry no environment (every bin < 3 sd_jk or < 0.1 sigma_data; mean ratio < 0.1): bins ok 15/15; mean |E_shuf - H| / mean |E_nat - H| 0.012
  [DE] E_shuf - H :  +0.038  +0.044  +0.047  +0.041  +0.022  +0.003  -0.008  -0.010  -0.010  -0.007  -0.004  -0.002  -0.001  -0.001  -0.001
  [DE] sd_jk      :   0.019   0.017   0.016   0.015   0.015   0.013   0.010   0.008   0.008   0.007   0.006   0.005   0.004   0.003   0.002
  [DE] E_nat - H  :  +0.147  +0.455  +0.925  +1.334  +1.621  +1.711  +1.607  +1.367  +1.083  +0.819  +0.593  +0.409  +0.270  +0.170  +0.104
  [PASS] MUTATE SHUF [F] [DE]: shuffled centres carry no environment (every bin < 3 sd_jk or < 0.1 sigma_data; mean ratio < 0.1): bins ok 15/15; mean |E_shuf - H| / mean |E_nat - H| 0.019
  [S0] E_shuf - H :  +0.021  +0.026  +0.025  +0.028  +0.024  +0.017  +0.010  +0.007  +0.003  +0.000  +0.001  +0.001  +0.001  +0.000  +0.000
  [S0] sd_jk      :   0.015   0.013   0.016   0.017   0.014   0.013   0.013   0.011   0.009   0.007   0.005   0.004   0.003   0.002   0.001
  [S0] E_nat - H  :  +0.163  +0.471  +0.942  +1.356  +1.668  +1.776  +1.685  +1.453  +1.165  +0.885  +0.642  +0.443  +0.293  +0.185  +0.113
  [PASS] MUTATE SHUF [F] [S0]: shuffled centres carry no environment (every bin < 3 sd_jk or < 0.1 sigma_data; mean ratio < 0.1): bins ok 15/15; mean |E_shuf - H| / mean |E_nat - H| 0.012
  S0 native E :   0.140   0.424   0.875   1.307   1.646   1.765   1.679   1.450   1.164   0.884   0.641   0.443   0.293   0.185   0.113
  reference   :   0.859   0.858   0.871   1.000   1.347   1.804   2.176   2.362   2.354   2.206   1.978   1.699   1.402   1.110   0.847   (CFG504 E (committed))
  [FAIL] MUTATE S0 [F]: the ruler built from the S0 boxes reproduces the LCDM-native term (|dE| <= max(0.3|E_ref|, sigma_data) in >= 12/15 bins): 9/15 bins within; reference = CFG504 E (committed)

######################## VARIANT P: departure D1: pool-calibrated neighbour completeness ########################
boxes available: TA512_can359 yes, TA512_can360 yes, TA512_alt359 yes, TA512_DEcan359 yes, S0512_359 yes, S0512_360 yes
ruler canonical: boxes ['TA512_can359', 'TA512_can360']; m_lim,box 10.44 (stack-P weight below it, E clamped: 0.230); built in 5 s
ruler alt: boxes ['TA512_alt359']; m_lim,box 10.42 (stack-P weight below it, E clamped: 0.225); built in 3 s
ruler DE: boxes ['TA512_DEcan359']; m_lim,box 10.42 (stack-P weight below it, E clamped: 0.225); built in 3 s
ruler S0: boxes ['S0512_359', 'S0512_360']; m_lim,box 10.44 (stack-P weight below it, E clamped: 0.230); built in 5 s

=============== RULER COMPARISON (stack P, Msun/pc^2) ===============
  R [Mpc]          :   2.170   1.820   1.376   1.036   0.780   0.588   0.442   0.333   0.251   0.189   0.142   0.107   0.081   0.061   0.046
  sigma_data       :   0.140   0.124   0.204   0.255   0.303   0.403   0.540   0.707   1.139   1.176   1.716   1.841   3.638   4.372   5.562
  CFG503 E_nlz     :   0.738   0.601   0.400   0.726   1.426   1.909   2.244   2.400   2.374   2.217   1.984   1.702   1.403   1.111   0.848
  CFG504 E         :   0.859   0.858   0.871   1.000   1.347   1.804   2.176   2.362   2.354   2.206   1.978   1.699   1.402   1.110   0.847
  E_native canonical:   1.185   1.427   1.797   2.155   2.384   2.370   2.156   1.818   1.437   1.079   0.776   0.535   0.353   0.223   0.137
    jackknife sd   :   0.036   0.039   0.041   0.041   0.038   0.034   0.028   0.023   0.018   0.014   0.011   0.008   0.006   0.004   0.002
    native/CFG503  :    1.61    2.38    4.49    2.97    1.67    1.24    0.96    0.76    0.61    0.49    0.39    0.31    0.25    0.20    0.16
    (nat-503)/sig  :   +3.20   +6.66   +6.85   +5.61   +3.17   +1.14   -0.16   -0.82   -0.82   -0.97   -0.70   -0.63   -0.29   -0.20   -0.13
    centrals part  :  -0.195  -0.200  -0.191  -0.132  -0.059  -0.029  -0.016  -0.008  -0.005  -0.003  -0.000   0.001   0.001   0.001   0.001
    leaked-sat part:   1.380   1.627   1.988   2.287   2.444   2.399   2.171   1.826   1.442   1.081   0.776   0.534   0.352   0.222   0.136
    S (phantom - draw) share:  -0.016  -0.024  -0.036  -0.050  -0.061  -0.062  -0.053  -0.039  -0.028  -0.018  -0.010  -0.005  -0.002  -0.001  -0.000
    leaked-satellite fraction (stack-weighted): native 0.432 vs CFG503 HOD 0.181
    companions (lenses log M* >= 10.44, 0.77 of the weight): measured 0.2046, predicted 0.4989, ratio 0.410  [all lenses: 0.2537 / 0.5450 = 0.466]
    box TOTAL (centrals, own + env; trusted R >= 1.12 Mpc):  -0.012   0.262   0.615   1.037   1.574   2.204   2.795   3.194   3.259   2.937   2.349   1.686   1.120   0.702   0.426
  E_native alt      :   1.201   1.427   1.793   2.157   2.409   2.407   2.194   1.841   1.449   1.088   0.780   0.533   0.349   0.219   0.133
    jackknife sd   :   0.043   0.049   0.055   0.054   0.049   0.042   0.033   0.026   0.019   0.015   0.011   0.008   0.005   0.004   0.002
    native/CFG503  :    1.63    2.38    4.48    2.97    1.69    1.26    0.98    0.77    0.61    0.49    0.39    0.31    0.25    0.20    0.16
    (nat-503)/sig  :   +3.32   +6.65   +6.83   +5.62   +3.25   +1.23   -0.09   -0.79   -0.81   -0.96   -0.70   -0.64   -0.29   -0.20   -0.13
    centrals part  :  -0.178  -0.195  -0.196  -0.139  -0.060  -0.032  -0.018  -0.016  -0.016  -0.012  -0.008  -0.007  -0.007  -0.005  -0.004
    leaked-sat part:   1.379   1.621   1.989   2.296   2.469   2.439   2.212   1.857   1.465   1.100   0.789   0.540   0.355   0.224   0.137
    S (phantom - draw) share:  -0.010  -0.013  -0.022  -0.034  -0.043  -0.041  -0.034  -0.028  -0.023  -0.018  -0.012  -0.007  -0.005  -0.003  -0.002
    leaked-satellite fraction (stack-weighted): native 0.432 vs CFG503 HOD 0.181
    companions (lenses log M* >= 10.42, 0.78 of the weight): measured 0.2054, predicted 0.4829, ratio 0.425  [all lenses: 0.2537 / 0.5268 = 0.482]
    box TOTAL (centrals, own + env; trusted R >= 1.12 Mpc):   0.024   0.284   0.624   1.042   1.593   2.221   2.815   3.211   3.277   2.958   2.364   1.693   1.121   0.701   0.424
  E_native DE       :   1.175   1.418   1.801   2.173   2.406   2.397   2.170   1.806   1.416   1.064   0.765   0.525   0.346   0.218   0.134
    jackknife sd   :   0.046   0.052   0.052   0.053   0.051   0.046   0.038   0.030   0.024   0.018   0.014   0.011   0.008   0.005   0.003
    native/CFG503  :    1.59    2.36    4.50    2.99    1.69    1.26    0.97    0.75    0.60    0.48    0.39    0.31    0.25    0.20    0.16
    (nat-503)/sig  :   +3.13   +6.58   +6.87   +5.68   +3.24   +1.21   -0.14   -0.84   -0.84   -0.98   -0.71   -0.64   -0.29   -0.20   -0.13
    centrals part  :  -0.195  -0.197  -0.184  -0.126  -0.060  -0.026  -0.008  -0.007  -0.004   0.000  -0.000  -0.002  -0.003  -0.003  -0.002
    leaked-sat part:   1.370   1.615   1.985   2.299   2.466   2.422   2.179   1.813   1.420   1.063   0.765   0.527   0.349   0.221   0.135
    S (phantom - draw) share:  -0.011  -0.019  -0.029  -0.041  -0.051  -0.052  -0.045  -0.035  -0.024  -0.015  -0.009  -0.005  -0.003  -0.002  -0.001
    leaked-satellite fraction (stack-weighted): native 0.431 vs CFG503 HOD 0.181
    companions (lenses log M* >= 10.42, 0.78 of the weight): measured 0.2054, predicted 0.4914, ratio 0.418  [all lenses: 0.2537 / 0.5339 = 0.475]
    box TOTAL (centrals, own + env; trusted R >= 1.12 Mpc):  -0.012   0.275   0.640   1.068   1.600   2.239   2.840   3.229   3.290   2.961   2.361   1.689   1.118   0.699   0.423
  E_native S0       :   1.202   1.469   1.891   2.320   2.622   2.650   2.425   2.040   1.606   1.202   0.861   0.589   0.387   0.244   0.149
    jackknife sd   :   0.037   0.044   0.052   0.055   0.053   0.048   0.041   0.032   0.024   0.018   0.013   0.009   0.006   0.004   0.002
    native/CFG503  :    1.63    2.45    4.73    3.20    1.84    1.39    1.08    0.85    0.68    0.54    0.43    0.35    0.28    0.22    0.18
    (nat-503)/sig  :   +3.33   +6.99   +7.31   +6.26   +3.95   +1.84   +0.34   -0.51   -0.67   -0.86   -0.65   -0.60   -0.28   -0.20   -0.13
    centrals part  :  -0.201  -0.206  -0.201  -0.148  -0.071  -0.035  -0.021  -0.015  -0.011  -0.005  -0.001   0.001   0.001   0.001   0.001
    leaked-sat part:   1.403   1.675   2.092   2.468   2.693   2.685   2.446   2.054   1.616   1.207   0.862   0.589   0.386   0.243   0.148
    S (phantom - draw) share:   0.000   0.000   0.000   0.000   0.000   0.000   0.000   0.000   0.000   0.000   0.000   0.000   0.000   0.000   0.000
    leaked-satellite fraction (stack-weighted): native 0.433 vs CFG503 HOD 0.181
    companions (lenses log M* >= 10.44, 0.77 of the weight): measured 0.2046, predicted 0.5359, ratio 0.382  [all lenses: 0.2537 / 0.5788 = 0.438]
    box TOTAL (centrals, own + env; trusted R >= 1.12 Mpc):  -0.022   0.254   0.604   1.017   1.565   2.208   2.805   3.201   3.267   2.950   2.364   1.698   1.127   0.706   0.428
  --- gravity part of the ruler difference: TA ruler vs S0 ruler (same pipeline, same galaxy-halo rule) ---
    canonical/S0 ratio :   0.986   0.972   0.950   0.929   0.909   0.894   0.889   0.891   0.895   0.897   0.901   0.907   0.912   0.916   0.918
    (TA-S0)/sig_data :   -0.12   -0.34   -0.46   -0.65   -0.79   -0.69   -0.50   -0.31   -0.15   -0.11   -0.05   -0.03   -0.01   -0.00   -0.00
    (TA-S0)/sd_jk    :   -0.34   -0.71   -1.43   -2.42   -3.62   -4.74   -5.45   -5.64   -5.54   -5.29   -4.89   -4.39   -3.99   -3.70   -3.53
    alt      /S0 ratio :   0.999   0.971   0.948   0.930   0.919   0.908   0.905   0.903   0.903   0.905   0.906   0.904   0.901   0.897   0.894
    (TA-S0)/sig_data :   -0.01   -0.34   -0.48   -0.64   -0.70   -0.60   -0.43   -0.28   -0.14   -0.10   -0.05   -0.03   -0.01   -0.01   -0.00
    (TA-S0)/sd_jk    :   -0.02   -0.64   -1.30   -2.12   -2.95   -3.80   -4.40   -4.84   -5.03   -4.88   -4.73   -4.65   -4.66   -4.68   -4.70
    DE       /S0 ratio :   0.977   0.965   0.952   0.937   0.918   0.905   0.895   0.885   0.882   0.885   0.888   0.890   0.893   0.895   0.896
    (TA-S0)/sig_data :   -0.20   -0.41   -0.44   -0.58   -0.71   -0.63   -0.47   -0.33   -0.17   -0.12   -0.06   -0.04   -0.01   -0.01   -0.00
    (TA-S0)/sd_jk    :   -0.47   -0.75   -1.23   -1.93   -2.93   -3.79   -4.59   -5.35   -5.60   -5.32   -4.90   -4.50   -4.17   -3.91   -3.74

=============== MUTATE ===============
  [canonical] E_shuf - H :  +0.017  +0.015  +0.015  +0.012  +0.005  -0.002  -0.009  -0.012  -0.014  -0.012  -0.007  -0.003  -0.000  +0.000  +0.000
  [canonical] sd_jk      :   0.012   0.010   0.010   0.010   0.009   0.009   0.008   0.007   0.005   0.004   0.003   0.003   0.002   0.001   0.001
  [canonical] E_nat - H  :  +1.205  +1.470  +1.857  +2.199  +2.403  +2.379  +2.161  +1.821  +1.438  +1.079  +0.777  +0.535  +0.354  +0.223  +0.137
  [PASS] MUTATE SHUF [P] [canonical]: shuffled centres carry no environment (every bin < 3 sd_jk or < 0.1 sigma_data; mean ratio < 0.1): bins ok 15/15; mean |E_shuf - H| / mean |E_nat - H| 0.006
  [alt] E_shuf - H :  +0.007  +0.012  +0.018  +0.025  +0.021  +0.007  -0.006  -0.012  -0.017  -0.015  -0.008  -0.004  -0.002  -0.001  -0.001
  [alt] sd_jk      :   0.016   0.015   0.015   0.013   0.011   0.011   0.009   0.007   0.005   0.005   0.005   0.004   0.003   0.002   0.001
  [alt] E_nat - H  :  +1.221  +1.469  +1.853  +2.200  +2.428  +2.416  +2.199  +1.844  +1.451  +1.089  +0.781  +0.533  +0.349  +0.219  +0.133
  [PASS] MUTATE SHUF [P] [alt]: shuffled centres carry no environment (every bin < 3 sd_jk or < 0.1 sigma_data; mean ratio < 0.1): bins ok 15/15; mean |E_shuf - H| / mean |E_nat - H| 0.008
  [DE] E_shuf - H :  +0.024  +0.027  +0.031  +0.033  +0.022  +0.006  -0.005  -0.008  -0.011  -0.010  -0.007  -0.004  -0.002  -0.001  -0.001
  [DE] sd_jk      :   0.015   0.013   0.013   0.012   0.011   0.011   0.009   0.007   0.006   0.005   0.005   0.004   0.003   0.002   0.002
  [DE] E_nat - H  :  +1.194  +1.460  +1.861  +2.217  +2.425  +2.406  +2.175  +1.809  +1.418  +1.065  +0.765  +0.525  +0.346  +0.218  +0.134
  [PASS] MUTATE SHUF [P] [DE]: shuffled centres carry no environment (every bin < 3 sd_jk or < 0.1 sigma_data; mean ratio < 0.1): bins ok 15/15; mean |E_shuf - H| / mean |E_nat - H| 0.010
  [S0] E_shuf - H :  +0.021  +0.020  +0.017  +0.018  +0.011  +0.005  +0.002  +0.002  -0.001  -0.002  -0.000  +0.001  +0.001  +0.001  +0.000
  [S0] sd_jk      :   0.012   0.011   0.013   0.013   0.011   0.011   0.010   0.009   0.008   0.006   0.004   0.003   0.002   0.001   0.001
  [S0] E_nat - H  :  +1.222  +1.511  +1.951  +2.363  +2.641  +2.659  +2.431  +2.042  +1.607  +1.203  +0.862  +0.590  +0.388  +0.244  +0.149
  [PASS] MUTATE SHUF [P] [S0]: shuffled centres carry no environment (every bin < 3 sd_jk or < 0.1 sigma_data; mean ratio < 0.1): bins ok 15/15; mean |E_shuf - H| / mean |E_nat - H| 0.005
  S0 native E :   1.202   1.469   1.891   2.320   2.622   2.650   2.425   2.040   1.606   1.202   0.861   0.589   0.387   0.244   0.149
  reference   :   0.859   0.858   0.871   1.000   1.347   1.804   2.176   2.362   2.354   2.206   1.978   1.699   1.402   1.110   0.847   (CFG504 E (committed))
  [FAIL] MUTATE S0 [P]: the ruler built from the S0 boxes reproduces the LCDM-native term (|dE| <= max(0.3|E_ref|, sigma_data) in >= 12/15 bins): 9/15 bins within; reference = CFG504 E (committed)

11/13 checks pass; elapsed 82.2 s
