CFG274 -- implied-a0 points (or no-root / ill-conditioned markers) for the eight Amvrosiadis+25 sub-mm discs without an a0: ALESS 007.1, 022.1, 041.1, 049.1, 065.1, 066.1, 071.1, 075.1.

Criteria frozen and committed before this script existed: campaign_fresh_gravity/CFG274_amvrosiadis_eight_discs/FROZEN_CRITERIA.md (a7c4f7eef).
  model     CFG227's class-S rule: g_obs = V_circ(2 r_e)^2 / (2 r_e) (pressure included once); g_bar = one thin exponential disc (R_d = r_e / 1.678) of M* + M_gas at r = 2 r_e.
  estimator CFG223's median-residual s* (CFG229's a0implied), nu_mono, canonical a0; a root exists only if the row's median D > 1.
  STAGE=A   the blind pre-flight: the velocity columns are NOT loaded; no g_obs, D, delta or s* of any disc is formed.
  STAGE=B   the measurement (once, after stage A and this script are committed); STAGE=B MUTATE=1 (V_circ x 2); STAGE=B SELFTEST=1 (fabricated V on the law at s = 2).

STAGE B
parent amvrosiadis_parent.csv sha256 b1da2ddb4166e42e; best-fit amvrosiadis_bestfit.csv sha256 232bdb33dd4b794e; velocity columns loaded: True
rows: 007.1 z 2.692 R_e 4.96 kpc log M* 11.87 log Mgas 11.22 SNR 9.9 i 34 2r_e/beam 0.68; 022.1 z 2.263 R_e 3.71 kpc log M* 11.67 log Mgas 10.89 SNR 13.5 i 34 2r_e/beam 0.49; 041.1 z 2.547 R_e 2.39 kpc log M* 11.83 log Mgas 10.57 SNR 29.1 i 69 2r_e/beam 0.47; 049.1 z 2.945 R_e 1.51 kpc log M* 10.58 log Mgas 10.89 SNR 27.9 i 90 2r_e/beam 0.31; 065.1 z 4.445 R_e 1.43 kpc log M* 10.48 log Mgas 11.05 SNR 10.4 i 58 2r_e/beam 0.42; 066.1 z 2.553 R_e 3.54 kpc log M* 11.42 log Mgas 10.83 SNR 13.3 i 52 2r_e/beam 1.00; 071.1 z 3.709 R_e 3.52 kpc log M* 12.31 log Mgas 11.20 SNR 17.6 i 71 2r_e/beam 0.83; 075.1 z 2.552 R_e 2.63 kpc log M* 10.48 log Mgas 10.84 SNR 38.7 i 55 2r_e/beam 0.52

STAGE B  THE MEASUREMENT
  007.1: z 2.692  g_obs 5.204e-10  g_bar 1.460e-09  D 0.357  delta_FLAT -0.467 [-0.627, -0.326]  y 15.6  NO ROOT  MC rooted 68 % [nan, nan] (draws without a root 1.00)
      baryon +-0.15 [0.001, 0.001] (no-root corner)  +-0.30 [0.001, 0.001] (no-root corner);  Delta_floor -0.448 dex; baryon shift for s* = 1: -0.503; lever +nan; knobs with a root 0/8; recipe half-width nan; noiseless-world lever +nan (ILL-CONDITIONED)
      knobs (Delta log10 s*; -- = no root): stars at 2 R_e -- (variant has no root); R_e x1.5 -- (variant has no root); R_e /1.5 -- (variant has no root); spherical -- (variant has no root); pressure P- -- (variant has no root); pressure P+ (double count) -- (variant has no root); helium x1.36 -- (variant has no root); kernel P2 -- (variant has no root)
  022.1: z 2.263  g_obs 4.872e-10  g_bar 1.566e-09  D 0.311  delta_FLAT -0.525 [-0.788, -0.324]  y 16.7  NO ROOT  MC rooted 68 % [0.698, 3.01] (draws without a root 1.00)
      baryon +-0.15 [0.001, 0.001] (no-root corner)  +-0.30 [0.001, 0.001] (no-root corner);  Delta_floor -0.507 dex; baryon shift for s* = 1: -0.566; lever +nan; knobs with a root 0/8; recipe half-width nan; noiseless-world lever +nan (ILL-CONDITIONED)
      knobs (Delta log10 s*; -- = no root): stars at 2 R_e -- (variant has no root); R_e x1.5 -- (variant has no root); R_e /1.5 -- (variant has no root); spherical -- (variant has no root); pressure P- -- (variant has no root); pressure P+ (double count) -- (variant has no root); helium x1.36 -- (variant has no root); kernel P2 -- (variant has no root)
  041.1: z 2.547  g_obs 1.086e-09  g_bar 4.943e-09  D 0.220  delta_FLAT -0.664 [-0.822, -0.512]  y 52.8  NO ROOT  MC rooted 68 % [nan, nan] (draws without a root 1.00)
      baryon +-0.15 [0.001, 0.001] (no-root corner)  +-0.30 [0.001, 0.001] (no-root corner);  Delta_floor -0.658 dex; baryon shift for s* = 1: -0.685; lever +nan; knobs with a root 0/8; recipe half-width nan; noiseless-world lever +nan (ILL-CONDITIONED)
      knobs (Delta log10 s*; -- = no root): stars at 2 R_e -- (variant has no root); R_e x1.5 -- (variant has no root); R_e /1.5 -- (variant has no root); spherical -- (variant has no root); pressure P- -- (variant has no root); pressure P+ (double count) -- (variant has no root); helium x1.36 -- (variant has no root); kernel P2 -- (variant has no root)
  049.1: z 2.945  g_obs 1.318e-09  g_bar 2.014e-09  D 0.654  delta_FLAT -0.198 [-0.365, -0.068]  y 21.5  NO ROOT  MC rooted 68 % [0.819, 7.64] (draws without a root 0.92)
      baryon +-0.15 [0.001, 0.001] (no-root corner)  +-0.30 [0.001, 5.11] (no-root corner);  Delta_floor -0.184 dex; baryon shift for s* = 1: -0.207; lever +nan; knobs with a root 0/8; recipe half-width nan; noiseless-world lever +nan (ILL-CONDITIONED)
      knobs (Delta log10 s*; -- = no root): stars at 2 R_e -- (variant has no root); R_e x1.5 -- (variant has no root); R_e /1.5 -- (variant has no root); spherical -- (variant has no root); pressure P- -- (variant has no root); pressure P+ (double count) -- (variant has no root); helium x1.36 -- (variant has no root); kernel P2 -- (variant has no root)
  065.1: z 4.445  g_obs 1.564e-09  g_bar 2.768e-09  D 0.565  delta_FLAT -0.258 [-0.453, -0.106]  y 29.6  NO ROOT  MC rooted 68 % [0.929, 10.4] (draws without a root 0.95)
      baryon +-0.15 [0.001, 0.001] (no-root corner)  +-0.30 [0.001, 2.85] (no-root corner);  Delta_floor -0.248 dex; baryon shift for s* = 1: -0.267; lever +nan; knobs with a root 0/8; recipe half-width nan; noiseless-world lever +nan (ILL-CONDITIONED)
      knobs (Delta log10 s*; -- = no root): stars at 2 R_e -- (variant has no root); R_e x1.5 -- (variant has no root); R_e /1.5 -- (variant has no root); spherical -- (variant has no root); pressure P- -- (variant has no root); pressure P+ (double count) -- (variant has no root); helium x1.36 -- (variant has no root); kernel P2 -- (variant has no root)
  066.1: z 2.553  g_obs 5.418e-10  g_bar 1.043e-09  D 0.519  delta_FLAT -0.310 [-0.739, -0.012]  y 11.1  NO ROOT  MC rooted 68 % [0.788, 9.87] (draws without a root 0.81)
      baryon +-0.15 [0.001, 0.001] (no-root corner)  +-0.30 [0.001, 0.289] (no-root corner);  Delta_floor -0.285 dex; baryon shift for s* = 1: -0.338; lever +nan; knobs with a root 0/8; recipe half-width nan; noiseless-world lever +nan (ILL-CONDITIONED)
      knobs (Delta log10 s*; -- = no root): stars at 2 R_e -- (variant has no root); R_e x1.5 -- (variant has no root); R_e /1.5 -- (variant has no root); spherical -- (variant has no root); pressure P- -- (variant has no root); pressure P+ (double count) -- (variant has no root); helium x1.36 -- (variant has no root); kernel P2 -- (variant has no root)
  071.1: z 3.709  g_obs 6.686e-10  g_bar 7.028e-09  D 0.095  delta_FLAT -1.026 [-1.085, -0.970]  y 75.1  NO ROOT  MC rooted 68 % [nan, nan] (draws without a root 1.00)
      baryon +-0.15 [0.001, 0.001] (no-root corner)  +-0.30 [0.001, 0.001] (no-root corner);  Delta_floor -1.022 dex; baryon shift for s* = 1: -1.064; lever +nan; knobs with a root 0/8; recipe half-width nan; noiseless-world lever +nan (ILL-CONDITIONED)
      knobs (Delta log10 s*; -- = no root): stars at 2 R_e -- (variant has no root); R_e x1.5 -- (variant has no root); R_e /1.5 -- (variant has no root); spherical -- (variant has no root); pressure P- -- (variant has no root); pressure P+ (double count) -- (variant has no root); helium x1.36 -- (variant has no root); kernel P2 -- (variant has no root)
  075.1: z 2.552  g_obs 9.309e-10  g_bar 5.662e-10  D 1.644  delta_FLAT +0.171 [+0.094, +0.237]  y 6.0  s* = 6.89 (a0 = 6.45e-10)  MC rooted 68 % [3.76, 10.9] (draws without a root 0.00)
      baryon +-0.15 [2.13, 13.5]  +-0.30 [0.001, 22.9] (no-root corner);  Delta_floor +0.216 dex; baryon shift for s* = 1: +0.185; lever -2.3; knobs with a root 8/8; recipe half-width 0.670; noiseless-world lever -11.5 (ILL-CONDITIONED)
      knobs (Delta log10 s*; -- = no root): stars at 2 R_e +0.136; R_e x1.5 +0.237; R_e /1.5 -0.055; spherical +0.252; pressure P- -0.531; pressure P+ (double count) +0.305; helium x1.36 -0.270; kernel P2 +0.175
  P8 (n 8, z_med 2.623): median D 0.438  NO ROOT  bootstrap rooted 68 % [0.509, 6.89] (resamples without a root 0.99);  baryon +-0.15 [0.001, 0.001] +-0.30 [0.001, 0.001]; Delta_floor -0.359
  P6 (n 6, z_med 2.819): median D 0.334  NO ROOT  bootstrap rooted 68 % [nan, nan] (resamples without a root 1.00);  baryon +-0.15 [0.001, 0.001] +-0.30 [0.001, 0.001]; Delta_floor -0.476
  [FAIL] M5 CROSS-CHECK: ALESS 122.1 through this lane's functions with CFG229's committed inputs reproduces CFG229's central s* to 1e-6 dex and its Monte Carlo quantiles to 0.05 dex
         central log10 s* 0.945357 vs 0.945356 (|d| 1.2e-06); MC quantiles [2.5/16/50/84/97.5] 0.175/0.629/0.922/1.157/1.352 vs 0.180/0.623/0.925/1.157/1.355 (max |d| 0.006)

CONTROLS (stage B)
  [PASS] M1 CONTROL: the alt footing implies the same absolute a0 in every row with a root
         max |d log10| = 1.1e-16 (1 rows with a root)
  [PASS] M3 the pooled rows hold 8 and 6 members and P6 is a subset of P8
         P8 8, P6 6
  [PASS] M4 CONTROL: the first 18 columns of the points file equal chart_a0z_points.csv's header
         True

  points written: cfg274_points_stageB.csv (10 rows)

3/4 checks pass; load-bearing failures: 1   (7 s)
