T2_FAM360 weak-MTW  MUTATE=True
target: rho_ph = div[(nu-1) g_N]/(4 pi G), nu(y)=1/(1-exp(-sqrt y)), point host, both footings
C1: {'S_num': -0.0, 'note': 'Euclidean cost quartic S identically 0 (>= 0): weak MTW holds trivially; I(x)=T_x R^3 convex', 'pass': True}
C3: {'n_F': 891, 'T': 0.09973557010035818, 'share_within_1pct': 0.002244668911335578, 'record_note': 'record ~0.2-0.3%', 'pass': True}
C2: {'pass': False, 'declared': 'min>0 & max finite on annulus, both hosts, both footings'}
C4: {'pass': False, 'declared': 'inner-edge Lipschitz bound L_edge = rho_s/rho_ph(r_edge) finite & map monotone (fails when truncation removed: rho_ph(0)=0 -> L_edge=inf)'}
foot   host   r_MOND[kpc] r_peak[kpc]  rho_min[kg/m3]  rho_max[kg/m3]  ratio  min_loc  C2  C4
canonical MW     12.203     3.186  0.0000e+00  1.4467e-21  inf  r_in   0  0
      rho(r_in)=2.6451e-27  rho(r_out)=6.5959e-26  lambda=0.0000e+00  Lambda=1.4467e-21  mass_int/analytic=1.000000
      C4 [canonical/MW]: L_edge = rho_s/rho_ph(0+) = inf (rho_ph(0)=0) -> NOT Lipschitz at centre; resolved log-log slope ~ 0.099 (-> 0 asymptotically); T ~ r_M/(3 ln(1/r)) continuous but not alpha-Holder
canonical CL    341.902    89.269  0.0000e+00  5.1634e-23  inf  r_in   0  0
      rho(r_in)=2.0484e-32  rho(r_out)=1.8266e-25  lambda=0.0000e+00  Lambda=5.1634e-23  mass_int/analytic=1.000000
      C4 [canonical/CL]: L_edge = rho_s/rho_ph(0+) = inf (rho_ph(0)=0) -> NOT Lipschitz at centre; resolved log-log slope ~ 0.098 (-> 0 asymptotically); T ~ r_M/(3 ln(1/r)) continuous but not alpha-Holder
alt       MW     11.100     2.898  0.0000e+00  1.9220e-21  inf  r_in   0  0
      rho(r_in)=2.1825e-26  rho(r_out)=7.2511e-26  lambda=0.0000e+00  Lambda=1.9220e-21  mass_int/analytic=1.000000
      C4 [alt/MW]: L_edge = rho_s/rho_ph(0+) = inf (rho_ph(0)=0) -> NOT Lipschitz at centre; resolved log-log slope ~ 0.099 (-> 0 asymptotically); T ~ r_M/(3 ln(1/r)) continuous but not alpha-Holder
alt       CL    311.012    81.204  0.0000e+00  6.8597e-23  inf  r_in   0  0
      rho(r_in)=4.0910e-31  rho(r_out)=2.0086e-25  lambda=0.0000e+00  Lambda=6.8597e-23  mass_int/analytic=1.000000
      C4 [alt/CL]: L_edge = rho_s/rho_ph(0+) = inf (rho_ph(0)=0) -> NOT Lipschitz at centre; resolved log-log slope ~ 0.098 (-> 0 asymptotically); T ~ r_M/(3 ln(1/r)) continuous but not alpha-Holder
MUTATE: bound check FAILS as declared (inf = 0 at r -> 0+; max finite) -- the 1/r^2 'cusp' of the frozen criteria is only the deep-MOND TAIL; at the centre a point host's phantom density is super-exponentially suppressed, so the failure mode is 'not bounded away from zero', not 'unbounded'; map loses Lipschitz (slope << 1) at the untruncated centre.
VERDICT [MUTATE flip confirmed: C2 FAIL, C4 FAIL]
screen: {'Q1_derives_a0': False, 'Q2_coefficient_forced': None, 'Q3_base_rate': "NOT APPLICABLE (no numeric constant emerges: 360's Holder exponent alpha is non-explicit, obtained by contradiction)", 'C3_record_share_within_1pct': 0.002244668911335578}
MUTATE flips as declared: C2=True C4=True (rc=1 expected)
T2_FAM360 COMPLETE: 0/4 checks PASS (MUTATE: C2, C4 flip as declared).
