L359 -- THE VACUUM-GATED SWITCH: a threshold that rises into the matter era opens the KiDS-forest pincer that closed
L342's bound-region switch.

WHY.  L342's switch (C-H/K's MOND term acts only where x = 9 R3/(4K^2) >= x_c) repaired C-H/K's cosmology (L341's sigma_8
of 18-27 back to 0.81) and was closed by one pincer (L352 Z7; re-checked on the forest observable by L358): KiDS-1000 at
z_l ~ 0.25, scored with the profile the switch really produces (the Gauss-compensated phantom, L352), accepts only
x_c <~ 3, while the Lyman-alpha forest at z = 2-3 needs x_c >~ 7 (L347: 7.2% at 7; L358: 13-19% at 2-4).  The pincer
applies ONE threshold at two epochs.  The record lists a time-triggered threshold as the open door (L350-L352 notes).
This lane builds the natural one: gate the switch variable by the vacuum's share of the expansion -- the same rho_Lambda
that sets a0 in this framework --
      u = x~ [Omega_Lambda(z)/Omega_Lambda,0]^p >= x_c0,      i.e.   x_c,eff(z) = x_c0 E(z)^(2p),   E = H/H0,
and in the khronon's own variables Omega_Lambda = 3 Lambda / K^2 (K = 3H), so u = x~ (3 Lambda / (Omega_L0 K^2))^p is a
local scalar of the foliation (x~ = 9 (R3 + sigma_ij sigma^ij)/(4 K^2), L351's shear-completed variable).
It is tested exactly where the pincer was set, with the committed machinery, loaded unedited:
  * the forest OBSERVABLE: L347's particle-mesh run + FGPA 1D flux power (L358's rule: worst |P1D/P1D_LCDM - 1| <= 0.10 over
    k_par 0.2-2 h/Mpc at z = 3 and z = 2, both boxes 50 and 25 Mpc/h, both footings), with the threshold x_c,eff(a) applied
    at every step (one function copied from L347 with that single change);
  * KiDS-1000: L352's compensated-profile fit with the bias-like 2-halo term at the lens redshift's x_c,eff(0.25)
    (L352's acceptance: Delta chi^2 <= +4 against the unswitched model, both footings);
  * linear growth: L342's machinery (sigma_8 within 2% of LCDM, both footings, rms and per-mode field arguments);
  * the tensor speed: the gate is a function of K alone, and K is exactly unperturbed by a transverse-traceless mode, so
    L351's c_T = 1 (for the shear-completed variable) carries over.

==============================================================================================================
S1  THE GATE IN THE KHRONON'S VARIABLES, AND ITS TENSOR BLINDNESS
==============================================================================================================
  [PASS] S1 the gate is a local scalar of the foliation, Omega_Lambda = 3 Lambda/K^2, and a transverse-traceless mode leaves K exactly unperturbed (det = 1), so L351's c_T = 1 for the shear-completed variable carries over to u
         measured: Omega_L - 3 Lambda/K^2 = 0; K(TT) = 0
         reading:  the gate multiplies x~ by a function of K only

  cells (p, x_c0) -> x_c,eff at z = 0 / 0.25 / 2 / 3:
    p = 0.0, x_c0 = 2.0: 2.00 / 2.00 / 2.00 / 2.00
    p = 0.0, x_c0 = 3.0: 3.00 / 3.00 / 3.00 / 3.00
    p = 0.5, x_c0 = 1.5: 1.50 / 1.71 / 4.54 / 6.84
    p = 0.5, x_c0 = 2.0: 2.00 / 2.28 / 6.05 / 9.11
    p = 0.5, x_c0 = 2.5: 2.50 / 2.85 / 7.57 / 11.39
    p = 1.0, x_c0 = 1.5: 1.50 / 1.95 / 13.74 / 31.15
    p = 1.0, x_c0 = 2.0: 2.00 / 2.60 / 18.32 / 41.54
    p = 1.0, x_c0 = 2.5: 2.50 / 3.25 / 22.90 / 51.92
    p = 2.0, x_c0 = 1.5: 1.50 / 2.53 / 125.83 / 647.05
    p = 2.0, x_c0 = 2.0: 2.00 / 3.38 / 167.77 / 862.74
    p = 2.0, x_c0 = 2.5: 2.50 / 4.22 / 209.71 / 1078.42

==============================================================================================================
G1  LINEAR GROWTH WITH THE GATED SWITCH (L342's B2 machinery; sigma_8 within 2% of 0.811)
==============================================================================================================
    p = 0.0, x_c0 = 2.0: sigma_8 canon/rms 0.810, canon/perm 0.813, alt/rms 0.810, alt/perm 0.814  -> OK   [3s]
    p = 0.0, x_c0 = 3.0: sigma_8 canon/rms 0.810, canon/perm 0.810, alt/rms 0.810, alt/perm 0.810  -> OK   [4s]
    p = 0.5, x_c0 = 1.5: sigma_8 canon/rms 0.810, canon/perm 0.810, alt/rms 0.810, alt/perm 0.811  -> OK   [5s]
    p = 0.5, x_c0 = 2.0: sigma_8 canon/rms 0.810, canon/perm 0.810, alt/rms 0.810, alt/perm 0.810  -> OK   [6s]
    p = 0.5, x_c0 = 2.5: sigma_8 canon/rms 0.810, canon/perm 0.810, alt/rms 0.810, alt/perm 0.810  -> OK   [7s]
    p = 1.0, x_c0 = 1.5: sigma_8 canon/rms 0.810, canon/perm 0.810, alt/rms 0.810, alt/perm 0.810  -> OK   [8s]
    p = 1.0, x_c0 = 2.0: sigma_8 canon/rms 0.810, canon/perm 0.810, alt/rms 0.810, alt/perm 0.810  -> OK   [9s]
    p = 1.0, x_c0 = 2.5: sigma_8 canon/rms 0.810, canon/perm 0.810, alt/rms 0.810, alt/perm 0.810  -> OK   [9s]
    p = 2.0, x_c0 = 1.5: sigma_8 canon/rms 0.810, canon/perm 0.810, alt/rms 0.810, alt/perm 0.810  -> OK   [10s]
    p = 2.0, x_c0 = 2.0: sigma_8 canon/rms 0.810, canon/perm 0.810, alt/rms 0.810, alt/perm 0.810  -> OK   [11s]
    p = 2.0, x_c0 = 2.5: sigma_8 canon/rms 0.810, canon/perm 0.810, alt/rms 0.810, alt/perm 0.810  -> OK   [12s]

==============================================================================================================
K1  KiDS-1000 AT THE LENS REDSHIFT (L352's compensated switch profile + bias-like 2-halo, Delta chi^2 <= +4)
==============================================================================================================
    p = 0.0, x_c0 = 2.0 (x_c,eff(0.25) = 2.00): Delta chi^2 canonical -12.5, alt -10.2  -> OK   [28s]
    p = 0.0, x_c0 = 3.0 (x_c,eff(0.25) = 3.00): Delta chi^2 canonical -16.4, alt -14.5  -> OK   [34s]
    p = 0.5, x_c0 = 1.5 (x_c,eff(0.25) = 1.71): Delta chi^2 canonical -10.4, alt -11.5  -> OK   [39s]
    p = 0.5, x_c0 = 2.0 (x_c,eff(0.25) = 2.28): Delta chi^2 canonical -26.4, alt -21.5  -> OK   [41s]
    p = 0.5, x_c0 = 2.5 (x_c,eff(0.25) = 2.85): Delta chi^2 canonical -20.4, alt -16.0  -> OK   [42s]
    p = 1.0, x_c0 = 1.5 (x_c,eff(0.25) = 1.95): Delta chi^2 canonical -15.9, alt -11.7  -> OK   [44s]
    p = 1.0, x_c0 = 2.0 (x_c,eff(0.25) = 2.60): Delta chi^2 canonical -28.1, alt -24.4  -> OK   [46s]
    p = 1.0, x_c0 = 2.5 (x_c,eff(0.25) = 3.25): Delta chi^2 canonical -6.1, alt -1.0  -> OK   [47s]
    p = 2.0, x_c0 = 1.5 (x_c,eff(0.25) = 2.53): Delta chi^2 canonical -28.1, alt -24.1  -> OK   [49s]
    p = 2.0, x_c0 = 2.0 (x_c,eff(0.25) = 3.38): Delta chi^2 canonical -1.5, alt -1.2  -> OK   [49s]
    p = 2.0, x_c0 = 2.5 (x_c,eff(0.25) = 4.22): Delta chi^2 canonical +19.6, alt +21.0  -> FAIL   [50s]

==============================================================================================================
F1  THE FOREST OBSERVABLE (L347's PM + FGPA, the gated threshold at every step; L358's 10% rule)
==============================================================================================================
    10 growth+KiDS candidates -> 43 PM runs
    runs done   [3587s]
  [PASS] C1 the copied runner with p = 0, x_c = 5 reproduces L347's committed P1D ratios (same code path, same phases)
         measured: max |difference| = 0.0e+00
    p = 0.0, x_c0 = 2.0 (x_c,eff z=2 2.0, z=3 2.0): worst |P1D - 1| 0.185 -> FAIL;  by cell L25/alt/z2 0.185, L25/alt/z3 0.073, L25/canon/z2 0.173, L25/canon/z3 0.063, L50/alt/z2 0.114, L50/alt/z3 0.042, L50/canon/z2 0.104, L50/canon/z3 0.038
    p = 0.0, x_c0 = 3.0 (x_c,eff z=2 3.0, z=3 3.0): worst |P1D - 1| 0.160 -> FAIL;  by cell L25/alt/z2 0.160, L25/alt/z3 0.052, L25/canon/z2 0.143, L25/canon/z3 0.047, L50/alt/z2 0.096, L50/alt/z3 0.031, L50/canon/z2 0.086, L50/canon/z3 0.029
    p = 0.5, x_c0 = 1.5 (x_c,eff z=2 4.5, z=3 6.8): worst |P1D - 1| 0.085 -> PASS;  by cell L25/alt/z2 0.085, L25/alt/z3 0.019, L25/canon/z2 0.076, L25/canon/z3 0.017, L50/alt/z2 0.062, L50/alt/z3 0.009, L50/canon/z2 0.057, L50/canon/z3 0.008
    p = 0.5, x_c0 = 2.0 (x_c,eff z=2 6.1, z=3 9.1): worst |P1D - 1| 0.073 -> PASS;  by cell L25/alt/z2 0.073, L25/alt/z3 0.014, L25/canon/z2 0.067, L25/canon/z3 0.012, L50/alt/z2 0.050, L50/alt/z3 0.006, L50/canon/z2 0.045, L50/canon/z3 0.006
    p = 0.5, x_c0 = 2.5 (x_c,eff z=2 7.6, z=3 11.4): worst |P1D - 1| 0.065 -> PASS;  by cell L25/alt/z2 0.065, L25/alt/z3 0.011, L25/canon/z2 0.060, L25/canon/z3 0.009, L50/alt/z2 0.041, L50/alt/z3 0.004, L50/canon/z2 0.038, L50/canon/z3 0.004
    p = 1.0, x_c0 = 1.5 (x_c,eff z=2 13.7, z=3 31.2): worst |P1D - 1| 0.040 -> PASS;  by cell L25/alt/z2 0.040, L25/alt/z3 0.002, L25/canon/z2 0.036, L25/canon/z3 0.002, L50/alt/z2 0.019, L50/alt/z3 0.001, L50/canon/z2 0.016, L50/canon/z3 0.001
    p = 1.0, x_c0 = 2.0 (x_c,eff z=2 18.3, z=3 41.5): worst |P1D - 1| 0.032 -> PASS;  by cell L25/alt/z2 0.032, L25/alt/z3 0.001, L25/canon/z2 0.029, L25/canon/z3 0.001, L50/alt/z2 0.012, L50/alt/z3 0.000, L50/canon/z2 0.011, L50/canon/z3 0.000
    p = 1.0, x_c0 = 2.5 (x_c,eff z=2 22.9, z=3 51.9): worst |P1D - 1| 0.027 -> PASS;  by cell L25/alt/z2 0.027, L25/alt/z3 0.001, L25/canon/z2 0.025, L25/canon/z3 0.001, L50/alt/z2 0.009, L50/alt/z3 0.000, L50/canon/z2 0.008, L50/canon/z3 0.000
    p = 2.0, x_c0 = 1.5 (x_c,eff z=2 125.8, z=3 647.1): worst |P1D - 1| 0.002 -> PASS;  by cell L25/alt/z2 0.002, L25/alt/z3 0.000, L25/canon/z2 0.002, L25/canon/z3 0.000, L50/alt/z2 0.001, L50/alt/z3 0.000, L50/canon/z2 0.001, L50/canon/z3 0.000
    p = 2.0, x_c0 = 2.0 (x_c,eff z=2 167.8, z=3 862.7): worst |P1D - 1| 0.002 -> PASS;  by cell L25/alt/z2 0.002, L25/alt/z3 0.000, L25/canon/z2 0.001, L25/canon/z3 0.000, L50/alt/z2 0.000, L50/alt/z3 0.000, L50/canon/z2 0.000, L50/canon/z3 0.000
  [PASS] C2 CONTROL: the ungated switch at a KiDS-accepted threshold fails the forest's 10% rule (L358's pincer re-derived)
         measured: x_c = 2.0: 0.185, x_c = 3.0: 0.160
         reading:  the pincer is reproduced before the gate is tested

==============================================================================================================
W1  THE WINDOW: growth + KiDS + forest together, gated cells (p > 0)
==============================================================================================================
    p = 0.0, x_c0 = 2.0: growth OK; KiDS OK; forest FAIL
    p = 0.0, x_c0 = 3.0: growth OK; KiDS OK; forest FAIL
    p = 0.5, x_c0 = 1.5: growth OK; KiDS OK; forest PASS   <- WINDOW
    p = 0.5, x_c0 = 2.0: growth OK; KiDS OK; forest PASS   <- WINDOW
    p = 0.5, x_c0 = 2.5: growth OK; KiDS OK; forest PASS   <- WINDOW
    p = 1.0, x_c0 = 1.5: growth OK; KiDS OK; forest PASS   <- WINDOW
    p = 1.0, x_c0 = 2.0: growth OK; KiDS OK; forest PASS   <- WINDOW
    p = 1.0, x_c0 = 2.5: growth OK; KiDS OK; forest PASS   <- WINDOW
    p = 2.0, x_c0 = 1.5: growth OK; KiDS OK; forest PASS   <- WINDOW
    p = 2.0, x_c0 = 2.0: growth OK; KiDS OK; forest PASS   <- WINDOW
    p = 2.0, x_c0 = 2.5: growth OK; KiDS FAIL; forest not run
  [PASS] W1 THE VACUUM-GATED SWITCH OPENS THE PINCER: cells with p > 0 pass linear growth (sigma_8 within 2%), KiDS-1000 (Delta chi^2 <= +4, compensated profile, both footings) and the forest observable (<= 10%, both boxes, both footings) together
         measured: (p = 0.5, x_c0 = 1.5), (p = 0.5, x_c0 = 2.0), (p = 0.5, x_c0 = 2.5), (p = 1.0, x_c0 = 1.5), (p = 1.0, x_c0 = 2.0), (p = 1.0, x_c0 = 2.5), (p = 2.0, x_c0 = 1.5), (p = 2.0, x_c0 = 2.0)
         reading:  the forest (z = 2-3) and KiDS (z = 0.25) see different thresholds; one threshold cannot satisfy both, a vacuum-gated one can

==============================================================================================================
VERDICT
==============================================================================================================
  THE SWITCH LIVES AGAIN.  Gating L342's switch variable by the vacuum's share of the expansion,
  u = x~ [Omega_L(z)/Omega_L,0]^p (= x~ (3 Lambda/(Omega_L0 K^2))^p, local and tensor-blind), gives a threshold that is high
  in the matter era and low today.  The cells (p=0.5, x_c0=1.5), (p=0.5, x_c0=2), (p=0.5, x_c0=2.5), (p=1, x_c0=1.5), (p=1, x_c0=2), (p=1, x_c0=2.5), (p=2, x_c0=1.5), (p=2, x_c0=2) pass linear growth
  (sigma_8 = LCDM), KiDS-1000 with the realizable (Gauss-compensated) profile and the Lyman-alpha forest observable at once:
  the KiDS-forest pincer of L352/L358 was a statement about a CONSTANT threshold.
  Conditional on: the bound-region kernel for KiDS (L352's isolated phantom inside the edge; L355's door); the shear part of
  x~ in the web (not simulated); the low-z forest and the late nonlinear growth with filaments switched on (not tested).

  4/4 checks pass; load-bearing failures: 0; wrote L359_vacuum_gated_switch_results.json   [3587s]
rc=0
