L360 -- THE ASSEMBLED VACUUM-GATED CONSTRUCTION ON KiDS-1000: the gated switch's phantom (L359) plus the gated carrier's
post-decay halo (L357) around the same isolated lenses.

WHY.  L357 built a carrier that decays where the vacuum-gated density variable u = x~ [Omega_L(z)/Omega_L,0]^p exceeds a
high threshold (galaxy interiors, cluster cores) and passes the forest, S_8, X-COP and the galaxy gate; its open gate was
KiDS.  L359 gated the MOND switch by the same factor and reopened it (growth, KiDS, forest).  Assembled, every isolated
lens carries both: the switched phantom inside its edge (cancelled beyond it by Gauss, L352) and the carrier's halo,
hollowed where it decayed.  This lane scores the pair on KiDS-1000 exactly as L352/L359 score the switch.

MACHINERY (L352's, loaded unedited): the four Brouwer+21 stellar-mass bins with full covariance, M_b profiled per bin,
the compensated switched phantom at x_c,eff(z_l = 0.25), the bias-like linear 2-halo term (free amplitude), exact annulus
averages.  One template added: the carrier's post-decay halo per bin -- (1 - f_b) x NFW(M200, c) of the bin's Moster+13
host, cleared inside the trigger radius (or capped at the trigger density) at x_v,eff(0.25) = x_v0 E(0.25)^(2 p_c) --
projected with L352's own projector.  Static profile (L357's phase mixing moves a little carrier inward; not included).
PRE-DECLARED CRITERION (L352's acceptance): Delta chi^2 <= +4 against the unswitched model, both footings, with the
construction's own carrier (amplitude fixed at 1).
  L352 KiDS machinery loaded   [1s]
  switch window (L359): [(0.5, 1.5), (0.5, 2.0), (0.5, 2.5), (1.0, 1.5), (1.0, 2.0), (1.0, 2.5), (2.0, 1.5), (2.0, 2.0)]
  carrier window (L357, distinct (p, picture, x_v0)): [(2.0, 'cap', 1000.0), (2.0, 'cleared', 1000.0), (2.0, 'cleared', 2000.0), (1.0, 'cap', 700.0), (1.0, 'cap', 1000.0), (1.0, 'cap', 1500.0), (1.0, 'cleared', 1000.0), (1.0, 'cleared', 1500.0), (1.0, 'cleared', 2000.0), (1.0, 'cleared', 3000.0), (2.0, 'cap', 700.0), (2.0, 'cap', 1500.0)]

==============================================================================================================
M0-M1  CONTROLS
==============================================================================================================
  [PASS] M0 CONTROL: with no carrier the assembled fit reproduces L359's switch-alone KiDS scores (same code path)
         measured: max |difference| = 0.00e+00
  [PASS] M1 CONTROL: an undecayed carrier (a full cold halo) on top of the switched phantom is rejected by KiDS (Delta chi^2 > +100, every switch cell, both footings)
         measured: min +231.9
         reading:  KiDS can tell a CDM halo from a hollowed one here

==============================================================================================================
M2  THE ASSEMBLED CONSTRUCTION: switched phantom + the carrier's post-decay halo (amplitude 1) + 2-halo
==============================================================================================================
    switch (p = 0.5, x_c0 = 1.5) + carrier (p = 2, cap, x_v0 = 1000): Delta chi^2 canonical -38.2, alt -31.4 -> PASS;  KiDS-preferred amplitude 0.60/0.65 (-77.9/-70.5); 2-halo A [0.66, 0.85, 1.68, 1.22]   [6s]
    switch (p = 0.5, x_c0 = 2) + carrier (p = 2, cap, x_v0 = 1000): Delta chi^2 canonical -16.5, alt -10.1 -> PASS;  KiDS-preferred amplitude 0.45/0.45 (-73.2/-68.0); 2-halo A [0.69, 0.93, 1.77, 1.51]   [6s]
    switch (p = 0.5, x_c0 = 2.5) + carrier (p = 2, cap, x_v0 = 1000): Delta chi^2 canonical -9.9, alt -2.3 -> PASS;  KiDS-preferred amplitude 0.45/0.45 (-50.5/-44.1); 2-halo A [0.71, 0.98, 1.82, 1.48]   [6s]
    switch (p = 1, x_c0 = 1.5) + carrier (p = 2, cap, x_v0 = 1000): Delta chi^2 canonical -23.8, alt -19.9 -> PASS;  KiDS-preferred amplitude 0.50/0.55 (-78.4/-73.2); 2-halo A [0.63, 0.76, 1.6, 1.26]   [6s]
    switch (p = 1, x_c0 = 2) + carrier (p = 2, cap, x_v0 = 1000): Delta chi^2 canonical -14.3, alt -6.9 -> PASS;  KiDS-preferred amplitude 0.35/0.40 (-60.1/-57.2); 2-halo A [0.7, 0.96, 1.8, 1.54]   [6s]
    switch (p = 1, x_c0 = 2.5) + carrier (p = 2, cap, x_v0 = 1000): Delta chi^2 canonical +0.6, alt +7.1 -> FAIL;  KiDS-preferred amplitude 0.30/0.35 (-37.1/-36.0); 2-halo A [0.73, 0.93, 1.85, 1.51]   [6s]
    switch (p = 2, x_c0 = 1.5) + carrier (p = 2, cap, x_v0 = 1000): Delta chi^2 canonical -15.1, alt -7.5 -> PASS;  KiDS-preferred amplitude 0.40/0.40 (-61.6/-58.8); 2-halo A [0.7, 0.95, 1.79, 1.54]   [6s]
    switch (p = 2, x_c0 = 2) + carrier (p = 2, cap, x_v0 = 1000): Delta chi^2 canonical +4.5, alt +10.4 -> FAIL;  KiDS-preferred amplitude 0.60/0.35 (-35.7/-32.8); 2-halo A [0.73, 0.94, 1.86, 1.52]   [6s]
    switch (p = 0.5, x_c0 = 1.5) + carrier (p = 2, cleared, x_v0 = 1000): Delta chi^2 canonical -40.7, alt -33.5 -> PASS;  KiDS-preferred amplitude 0.70/0.70 (-58.0/-50.2); 2-halo A [0.63, 0.75, 1.63, 1.08]   [6s]
    switch (p = 0.5, x_c0 = 2) + carrier (p = 2, cleared, x_v0 = 1000): Delta chi^2 canonical -35.2, alt -29.4 -> PASS;  KiDS-preferred amplitude 0.55/0.55 (-66.1/-60.6); 2-halo A [0.61, 0.72, 1.59, 1.22]   [6s]
    switch (p = 0.5, x_c0 = 2.5) + carrier (p = 2, cleared, x_v0 = 1000): Delta chi^2 canonical -11.7, alt -5.3 -> PASS;  KiDS-preferred amplitude 0.50/0.40 (-45.1/-42.2); 2-halo A [0.69, 0.92, 1.79, 1.15]   [6s]
    switch (p = 1, x_c0 = 1.5) + carrier (p = 2, cleared, x_v0 = 1000): Delta chi^2 canonical -42.5, alt -36.3 -> PASS;  KiDS-preferred amplitude 0.65/0.60 (-63.8/-57.6); 2-halo A [0.64, 0.8, 1.53, 1.15]   [6s]
    switch (p = 1, x_c0 = 2) + carrier (p = 2, cleared, x_v0 = 1000): Delta chi^2 canonical -17.5, alt -12.2 -> PASS;  KiDS-preferred amplitude 0.50/0.40 (-56.4/-52.8); 2-halo A [0.63, 0.89, 1.77, 1.28]   [6s]
    switch (p = 1, x_c0 = 2.5) + carrier (p = 2, cleared, x_v0 = 1000): Delta chi^2 canonical +1.1, alt +10.3 -> FAIL;  KiDS-preferred amplitude 0.45/0.50 (-36.8/-32.6); 2-halo A [0.71, 0.96, 1.83, 1.51]   [6s]
    switch (p = 2, x_c0 = 1.5) + carrier (p = 2, cleared, x_v0 = 1000): Delta chi^2 canonical -20.7, alt -14.0 -> PASS;  KiDS-preferred amplitude 0.50/0.40 (-57.4/-53.5); 2-halo A [0.63, 0.89, 1.76, 1.27]   [6s]
    switch (p = 2, x_c0 = 2) + carrier (p = 2, cleared, x_v0 = 1000): Delta chi^2 canonical +2.6, alt +10.3 -> FAIL;  KiDS-preferred amplitude 0.45/0.50 (-35.0/-29.3); 2-halo A [0.71, 0.97, 1.74, 1.52]   [6s]
    switch (p = 0.5, x_c0 = 1.5) + carrier (p = 2, cleared, x_v0 = 2000): Delta chi^2 canonical -26.8, alt -20.2 -> PASS;  KiDS-preferred amplitude 0.55/0.55 (-67.7/-60.8); 2-halo A [0.62, 0.86, 1.58, 1.13]   [6s]
    switch (p = 0.5, x_c0 = 2) + carrier (p = 2, cleared, x_v0 = 2000): Delta chi^2 canonical -4.2, alt +3.2 -> PASS;  KiDS-preferred amplitude 0.45/0.45 (-71.1/-65.9); 2-halo A [0.6, 0.94, 1.79, 1.24]   [6s]
    switch (p = 0.5, x_c0 = 2.5) + carrier (p = 2, cleared, x_v0 = 2000): Delta chi^2 canonical +9.7, alt +16.0 -> FAIL;  KiDS-preferred amplitude 0.40/0.30 (-49.3/-43.8); 2-halo A [0.72, 0.9, 1.75, 1.45]   [6s]
    switch (p = 1, x_c0 = 1.5) + carrier (p = 2, cleared, x_v0 = 2000): Delta chi^2 canonical -23.5, alt -16.8 -> PASS;  KiDS-preferred amplitude 0.55/0.55 (-72.5/-64.9); 2-halo A [0.63, 0.77, 1.62, 1.18]   [6s]
    switch (p = 1, x_c0 = 2) + carrier (p = 2, cleared, x_v0 = 2000): Delta chi^2 canonical +8.2, alt +14.2 -> FAIL;  KiDS-preferred amplitude 0.40/0.40 (-60.5/-55.5); 2-halo A [0.71, 0.97, 1.82, 1.14]   [7s]
    switch (p = 1, x_c0 = 2.5) + carrier (p = 2, cleared, x_v0 = 2000): Delta chi^2 canonical +12.3, alt +19.6 -> FAIL;  KiDS-preferred amplitude 0.35/0.40 (-39.4/-36.5); 2-halo A [0.7, 0.94, 1.79, 1.48]   [7s]
    switch (p = 2, x_c0 = 1.5) + carrier (p = 2, cleared, x_v0 = 2000): Delta chi^2 canonical +5.9, alt +12.7 -> FAIL;  KiDS-preferred amplitude 0.40/0.40 (-61.5/-57.4); 2-halo A [0.71, 0.96, 1.81, 1.13]   [7s]
    switch (p = 2, x_c0 = 2) + carrier (p = 2, cleared, x_v0 = 2000): Delta chi^2 canonical +14.2, alt +22.1 -> FAIL;  KiDS-preferred amplitude 0.35/0.40 (-37.6/-33.3); 2-halo A [0.7, 0.95, 1.8, 1.49]   [7s]
    switch (p = 0.5, x_c0 = 1.5) + carrier (p = 1, cap, x_v0 = 700): Delta chi^2 canonical -57.4, alt -51.3 -> PASS;  KiDS-preferred amplitude 0.65/0.65 (-74.2/-67.4); 2-halo A [0.62, 0.86, 1.6, 1.18]   [7s]
    switch (p = 0.5, x_c0 = 2) + carrier (p = 1, cap, x_v0 = 700): Delta chi^2 canonical -35.0, alt -28.7 -> PASS;  KiDS-preferred amplitude 0.50/0.55 (-72.9/-68.2); 2-halo A [0.61, 0.95, 1.56, 1.29]   [7s]
    switch (p = 0.5, x_c0 = 2.5) + carrier (p = 1, cap, x_v0 = 700): Delta chi^2 canonical -20.8, alt -15.2 -> PASS;  KiDS-preferred amplitude 0.45/0.55 (-50.3/-43.9); 2-halo A [0.72, 0.91, 1.76, 1.49]   [7s]
    switch (p = 1, x_c0 = 1.5) + carrier (p = 1, cap, x_v0 = 700): Delta chi^2 canonical -54.4, alt -48.0 -> PASS;  KiDS-preferred amplitude 0.60/0.65 (-77.6/-71.4); 2-halo A [0.64, 0.78, 1.64, 1.23]   [7s]
    switch (p = 1, x_c0 = 2) + carrier (p = 1, cap, x_v0 = 700): Delta chi^2 canonical -22.3, alt -17.1 -> PASS;  KiDS-preferred amplitude 0.45/0.50 (-61.6/-57.7); 2-halo A [0.71, 0.98, 1.83, 1.19]   [7s]
    switch (p = 1, x_c0 = 2.5) + carrier (p = 1, cap, x_v0 = 700): Delta chi^2 canonical -18.6, alt -11.5 -> PASS;  KiDS-preferred amplitude 0.40/0.45 (-39.0/-37.2); 2-halo A [0.7, 0.94, 1.8, 1.53]   [7s]
    switch (p = 2, x_c0 = 1.5) + carrier (p = 1, cap, x_v0 = 700): Delta chi^2 canonical -24.6, alt -18.6 -> PASS;  KiDS-preferred amplitude 0.50/0.50 (-62.8/-59.3); 2-halo A [0.71, 0.97, 1.83, 1.18]   [7s]
    switch (p = 2, x_c0 = 2) + carrier (p = 1, cap, x_v0 = 700): Delta chi^2 canonical -16.7, alt -9.1 -> PASS;  KiDS-preferred amplitude 0.40/0.45 (-37.2/-33.9); 2-halo A [0.7, 0.95, 1.81, 1.54]   [7s]
    switch (p = 0.5, x_c0 = 1.5) + carrier (p = 1, cap, x_v0 = 1000): Delta chi^2 canonical -47.8, alt -40.1 -> PASS;  KiDS-preferred amplitude 0.65/0.60 (-76.1/-68.9); 2-halo A [0.66, 0.85, 1.7, 1.26]   [7s]
    switch (p = 0.5, x_c0 = 2) + carrier (p = 1, cap, x_v0 = 1000): Delta chi^2 canonical -20.3, alt -14.4 -> PASS;  KiDS-preferred amplitude 0.50/0.45 (-73.0/-68.1); 2-halo A [0.69, 0.94, 1.78, 1.23]   [7s]
    switch (p = 0.5, x_c0 = 2.5) + carrier (p = 1, cap, x_v0 = 1000): Delta chi^2 canonical -15.6, alt -7.1 -> PASS;  KiDS-preferred amplitude 0.50/0.45 (-50.3/-43.9); 2-halo A [0.72, 0.99, 1.84, 1.53]   [7s]
    switch (p = 1, x_c0 = 1.5) + carrier (p = 1, cap, x_v0 = 1000): Delta chi^2 canonical -38.0, alt -32.7 -> PASS;  KiDS-preferred amplitude 0.55/0.55 (-77.9/-72.4); 2-halo A [0.63, 0.77, 1.62, 1.31]   [7s]
    switch (p = 1, x_c0 = 2) + carrier (p = 1, cap, x_v0 = 1000): Delta chi^2 canonical -18.9, alt -10.0 -> PASS;  KiDS-preferred amplitude 0.40/0.45 (-60.8/-57.3); 2-halo A [0.71, 0.97, 1.81, 1.5]   [7s]
    switch (p = 1, x_c0 = 2.5) + carrier (p = 1, cap, x_v0 = 1000): Delta chi^2 canonical -6.5, alt -1.6 -> PASS;  KiDS-preferred amplitude 0.35/0.40 (-37.9/-36.3); 2-halo A [0.69, 0.93, 1.78, 1.56]   [7s]
    switch (p = 2, x_c0 = 1.5) + carrier (p = 1, cap, x_v0 = 1000): Delta chi^2 canonical -19.4, alt -11.1 -> PASS;  KiDS-preferred amplitude 0.40/0.45 (-62.1/-58.9); 2-halo A [0.7, 0.96, 1.81, 1.5]   [7s]
    switch (p = 2, x_c0 = 2) + carrier (p = 1, cap, x_v0 = 1000): Delta chi^2 canonical -3.7, alt +0.8 -> PASS;  KiDS-preferred amplitude 0.35/0.40 (-36.0/-33.1); 2-halo A [0.7, 0.94, 1.79, 1.48]   [7s]
    switch (p = 0.5, x_c0 = 1.5) + carrier (p = 1, cap, x_v0 = 1500): Delta chi^2 canonical -32.9, alt -25.4 -> PASS;  KiDS-preferred amplitude 0.60/0.60 (-78.5/-71.8); 2-halo A [0.66, 0.84, 1.67, 1.32]   [8s]
    switch (p = 0.5, x_c0 = 2) + carrier (p = 1, cap, x_v0 = 1500): Delta chi^2 canonical -14.9, alt -8.2 -> PASS;  KiDS-preferred amplitude 0.45/0.40 (-73.3/-68.1); 2-halo A [0.72, 0.92, 1.84, 1.49]   [8s]
    switch (p = 0.5, x_c0 = 2.5) + carrier (p = 1, cap, x_v0 = 1500): Delta chi^2 canonical -6.7, alt +0.9 -> PASS;  KiDS-preferred amplitude 0.45/0.40 (-50.4/-44.1); 2-halo A [0.71, 0.98, 1.81, 1.54]   [8s]
    switch (p = 1, x_c0 = 1.5) + carrier (p = 1, cap, x_v0 = 1500): Delta chi^2 canonical -19.2, alt -12.0 -> PASS;  KiDS-preferred amplitude 0.50/0.50 (-78.6/-73.9); 2-halo A [0.63, 0.98, 1.81, 1.54]   [8s]
    switch (p = 1, x_c0 = 2) + carrier (p = 1, cap, x_v0 = 1500): Delta chi^2 canonical -11.2, alt -4.8 -> PASS;  KiDS-preferred amplitude 0.35/0.40 (-59.9/-57.0); 2-halo A [0.7, 0.96, 1.79, 1.52]   [8s]
    switch (p = 1, x_c0 = 2.5) + carrier (p = 1, cap, x_v0 = 1500): Delta chi^2 canonical +5.6, alt +11.7 -> FAIL;  KiDS-preferred amplitude 0.55/0.35 (-37.6/-35.5); 2-halo A [0.72, 1.01, 1.84, 1.49]   [8s]
    switch (p = 2, x_c0 = 1.5) + carrier (p = 1, cap, x_v0 = 1500): Delta chi^2 canonical -12.1, alt -5.8 -> PASS;  KiDS-preferred amplitude 0.35/0.40 (-61.3/-58.6); 2-halo A [0.7, 0.95, 1.78, 1.52]   [8s]
    switch (p = 2, x_c0 = 2) + carrier (p = 1, cap, x_v0 = 1500): Delta chi^2 canonical +10.4, alt +16.0 -> FAIL;  KiDS-preferred amplitude 0.55/0.35 (-36.4/-32.3); 2-halo A [0.73, 0.93, 1.85, 1.5]   [8s]
    switch (p = 0.5, x_c0 = 1.5) + carrier (p = 1, cleared, x_v0 = 1000): Delta chi^2 canonical -49.3, alt -41.8 -> PASS;  KiDS-preferred amplitude 0.75/0.75 (-57.6/-49.8); 2-halo A [0.63, 0.76, 1.65, 1.14]   [8s]
    switch (p = 0.5, x_c0 = 2) + carrier (p = 1, cleared, x_v0 = 1000): Delta chi^2 canonical -47.6, alt -40.8 -> PASS;  KiDS-preferred amplitude 0.60/0.60 (-66.7/-61.1); 2-halo A [0.62, 0.73, 1.61, 1.28]   [8s]
    switch (p = 0.5, x_c0 = 2.5) + carrier (p = 1, cleared, x_v0 = 1000): Delta chi^2 canonical -24.6, alt -16.7 -> PASS;  KiDS-preferred amplitude 0.55/0.45 (-45.8/-43.2); 2-halo A [0.7, 0.93, 1.81, 1.2]   [8s]
    switch (p = 1, x_c0 = 1.5) + carrier (p = 1, cleared, x_v0 = 1000): Delta chi^2 canonical -52.9, alt -45.7 -> PASS;  KiDS-preferred amplitude 0.75/0.65 (-63.6/-58.0); 2-halo A [0.59, 0.81, 1.55, 1.2]   [8s]
    switch (p = 1, x_c0 = 2) + carrier (p = 1, cleared, x_v0 = 1000): Delta chi^2 canonical -30.5, alt -28.3 -> PASS;  KiDS-preferred amplitude 0.55/0.45 (-57.1/-53.8); 2-halo A [0.64, 0.9, 1.51, 1.16]   [8s]
    switch (p = 1, x_c0 = 2.5) + carrier (p = 1, cleared, x_v0 = 1000): Delta chi^2 canonical -6.5, alt -2.9 -> PASS;  KiDS-preferred amplitude 0.50/0.55 (-37.8/-33.4); 2-halo A [0.71, 0.97, 1.74, 1.28]   [8s]
    switch (p = 2, x_c0 = 1.5) + carrier (p = 1, cleared, x_v0 = 1000): Delta chi^2 canonical -33.3, alt -30.0 -> PASS;  KiDS-preferred amplitude 0.55/0.45 (-58.1/-54.6); 2-halo A [0.63, 0.9, 1.5, 1.14]   [8s]
    switch (p = 2, x_c0 = 2) + carrier (p = 1, cleared, x_v0 = 1000): Delta chi^2 canonical -4.6, alt +0.7 -> PASS;  KiDS-preferred amplitude 0.50/0.55 (-35.9/-30.1); 2-halo A [0.71, 0.98, 1.76, 1.58]   [8s]
    switch (p = 0.5, x_c0 = 1.5) + carrier (p = 1, cleared, x_v0 = 1500): Delta chi^2 canonical -37.6, alt -29.2 -> PASS;  KiDS-preferred amplitude 0.65/0.65 (-58.9/-51.2); 2-halo A [0.62, 0.75, 1.62, 1.23]   [8s]
    switch (p = 0.5, x_c0 = 2) + carrier (p = 1, cleared, x_v0 = 1500): Delta chi^2 canonical -27.6, alt -22.9 -> PASS;  KiDS-preferred amplitude 0.50/0.50 (-66.3/-60.8); 2-halo A [0.61, 0.71, 1.58, 1.19]   [8s]
    switch (p = 0.5, x_c0 = 2.5) + carrier (p = 1, cleared, x_v0 = 1500): Delta chi^2 canonical -3.7, alt +1.5 -> PASS;  KiDS-preferred amplitude 0.45/0.35 (-45.1/-41.9); 2-halo A [0.69, 0.92, 1.78, 1.12]   [8s]
    switch (p = 1, x_c0 = 1.5) + carrier (p = 1, cleared, x_v0 = 1500): Delta chi^2 canonical -37.1, alt -30.5 -> PASS;  KiDS-preferred amplitude 0.60/0.55 (-64.5/-58.1); 2-halo A [0.64, 0.79, 1.66, 1.12]   [8s]
    switch (p = 1, x_c0 = 2) + carrier (p = 1, cleared, x_v0 = 1500): Delta chi^2 canonical -11.5, alt -3.1 -> PASS;  KiDS-preferred amplitude 0.50/0.40 (-56.4/-52.5); 2-halo A [0.63, 0.89, 1.76, 1.25]   [8s]
    switch (p = 1, x_c0 = 2.5) + carrier (p = 1, cleared, x_v0 = 1500): Delta chi^2 canonical +4.5, alt +13.5 -> FAIL;  KiDS-preferred amplitude 0.40/0.45 (-36.7/-32.8); 2-halo A [0.7, 0.95, 1.82, 1.48]   [9s]
    switch (p = 2, x_c0 = 1.5) + carrier (p = 1, cleared, x_v0 = 1500): Delta chi^2 canonical -14.7, alt -5.3 -> PASS;  KiDS-preferred amplitude 0.50/0.45 (-57.4/-53.4); 2-halo A [0.63, 0.88, 1.75, 1.24]   [9s]
    switch (p = 2, x_c0 = 2) + carrier (p = 1, cleared, x_v0 = 1500): Delta chi^2 canonical +5.5, alt +14.4 -> FAIL;  KiDS-preferred amplitude 0.40/0.45 (-34.9/-29.5); 2-halo A [0.71, 0.96, 1.83, 1.49]   [9s]
    switch (p = 0.5, x_c0 = 1.5) + carrier (p = 1, cleared, x_v0 = 2000): Delta chi^2 canonical -32.5, alt -25.1 -> PASS;  KiDS-preferred amplitude 0.60/0.60 (-62.9/-55.7); 2-halo A [0.62, 0.86, 1.6, 1.18]   [9s]
    switch (p = 0.5, x_c0 = 2) + carrier (p = 1, cleared, x_v0 = 2000): Delta chi^2 canonical -13.8, alt -10.1 -> PASS;  KiDS-preferred amplitude 0.45/0.45 (-68.2/-62.9); 2-halo A [0.61, 0.95, 1.56, 1.13]   [9s]
    switch (p = 0.5, x_c0 = 2.5) + carrier (p = 1, cleared, x_v0 = 2000): Delta chi^2 canonical +7.1, alt +15.0 -> FAIL;  KiDS-preferred amplitude 0.45/0.35 (-46.8/-42.4); 2-halo A [0.69, 0.91, 1.76, 1.49]   [9s]
    switch (p = 1, x_c0 = 1.5) + carrier (p = 1, cleared, x_v0 = 2000): Delta chi^2 canonical -30.7, alt -21.8 -> PASS;  KiDS-preferred amplitude 0.55/0.50 (-68.1/-60.8); 2-halo A [0.64, 0.78, 1.64, 1.23]   [9s]
    switch (p = 1, x_c0 = 2) + carrier (p = 1, cleared, x_v0 = 2000): Delta chi^2 canonical -1.1, alt +5.2 -> FAIL;  KiDS-preferred amplitude 0.45/0.35 (-58.1/-53.2); 2-halo A [0.71, 0.88, 1.74, 1.19]   [9s]
    switch (p = 1, x_c0 = 2.5) + carrier (p = 1, cleared, x_v0 = 2000): Delta chi^2 canonical +8.9, alt +17.4 -> FAIL;  KiDS-preferred amplitude 0.40/0.40 (-37.5/-34.2); 2-halo A [0.7, 0.94, 1.8, 1.53]   [9s]
    switch (p = 2, x_c0 = 1.5) + carrier (p = 1, cleared, x_v0 = 2000): Delta chi^2 canonical -3.1, alt +3.5 -> PASS;  KiDS-preferred amplitude 0.45/0.45 (-59.1/-54.9); 2-halo A [0.62, 0.87, 1.73, 1.18]   [9s]
    switch (p = 2, x_c0 = 2) + carrier (p = 1, cleared, x_v0 = 2000): Delta chi^2 canonical +10.8, alt +18.9 -> FAIL;  KiDS-preferred amplitude 0.40/0.40 (-35.7/-30.9); 2-halo A [0.7, 0.95, 1.81, 1.54]   [9s]
    switch (p = 0.5, x_c0 = 1.5) + carrier (p = 1, cleared, x_v0 = 3000): Delta chi^2 canonical -23.3, alt -15.8 -> PASS;  KiDS-preferred amplitude 0.55/0.55 (-70.1/-63.2); 2-halo A [0.61, 0.85, 1.57, 1.25]   [9s]
    switch (p = 0.5, x_c0 = 2) + carrier (p = 1, cleared, x_v0 = 3000): Delta chi^2 canonical +0.9, alt +8.6 -> FAIL;  KiDS-preferred amplitude 0.40/0.40 (-72.1/-67.0); 2-halo A [0.6, 0.93, 1.78, 1.22]   [9s]
    switch (p = 0.5, x_c0 = 2.5) + carrier (p = 1, cleared, x_v0 = 3000): Delta chi^2 canonical +11.7, alt +18.4 -> FAIL;  KiDS-preferred amplitude 0.40/0.30 (-50.0/-44.1); 2-halo A [0.72, 0.89, 1.83, 1.52]   [9s]
    switch (p = 1, x_c0 = 1.5) + carrier (p = 1, cleared, x_v0 = 3000): Delta chi^2 canonical -17.2, alt -11.8 -> PASS;  KiDS-preferred amplitude 0.50/0.55 (-74.5/-67.2); 2-halo A [0.63, 0.77, 1.61, 1.15]   [9s]
    switch (p = 1, x_c0 = 2) + carrier (p = 1, cleared, x_v0 = 3000): Delta chi^2 canonical +8.2, alt +18.5 -> FAIL;  KiDS-preferred amplitude 0.40/0.45 (-61.3/-56.4); 2-halo A [0.71, 0.97, 1.81, 1.49]   [9s]
    switch (p = 1, x_c0 = 2.5) + carrier (p = 1, cleared, x_v0 = 3000): Delta chi^2 canonical +16.3, alt +22.3 -> FAIL;  KiDS-preferred amplitude 0.35/0.35 (-39.9/-37.3); 2-halo A [0.69, 0.93, 1.78, 1.46]   [9s]
    switch (p = 2, x_c0 = 1.5) + carrier (p = 1, cleared, x_v0 = 3000): Delta chi^2 canonical +7.7, alt +19.2 -> FAIL;  KiDS-preferred amplitude 0.40/0.40 (-62.6/-58.1); 2-halo A [0.7, 0.96, 1.8, 1.49]   [9s]
    switch (p = 2, x_c0 = 2) + carrier (p = 1, cleared, x_v0 = 3000): Delta chi^2 canonical +18.2, alt +24.8 -> FAIL;  KiDS-preferred amplitude 0.35/0.35 (-38.1/-34.1); 2-halo A [0.7, 0.94, 1.79, 1.47]   [9s]
    switch (p = 0.5, x_c0 = 1.5) + carrier (p = 2, cap, x_v0 = 700): Delta chi^2 canonical -50.4, alt -42.9 -> PASS;  KiDS-preferred amplitude 0.65/0.60 (-75.4/-68.6); 2-halo A [0.62, 0.85, 1.7, 1.28]   [9s]
    switch (p = 0.5, x_c0 = 2) + carrier (p = 2, cap, x_v0 = 700): Delta chi^2 canonical -24.8, alt -18.3 -> PASS;  KiDS-preferred amplitude 0.50/0.50 (-72.8/-68.1); 2-halo A [0.6, 0.94, 1.79, 1.24]   [10s]
    switch (p = 0.5, x_c0 = 2.5) + carrier (p = 2, cap, x_v0 = 700): Delta chi^2 canonical -16.3, alt -8.5 -> PASS;  KiDS-preferred amplitude 0.55/0.50 (-49.9/-43.9); 2-halo A [0.72, 0.9, 1.84, 1.54]   [10s]
    switch (p = 1, x_c0 = 1.5) + carrier (p = 2, cap, x_v0 = 700): Delta chi^2 canonical -42.1, alt -37.5 -> PASS;  KiDS-preferred amplitude 0.55/0.60 (-77.9/-72.1); 2-halo A [0.63, 0.77, 1.62, 1.32]   [10s]
    switch (p = 1, x_c0 = 2) + carrier (p = 2, cap, x_v0 = 700): Delta chi^2 canonical -20.1, alt -11.0 -> PASS;  KiDS-preferred amplitude 0.40/0.45 (-60.9/-57.5); 2-halo A [0.71, 0.97, 1.82, 1.52]   [10s]
    switch (p = 1, x_c0 = 2.5) + carrier (p = 2, cap, x_v0 = 700): Delta chi^2 canonical -9.8, alt -4.9 -> PASS;  KiDS-preferred amplitude 0.35/0.40 (-38.2/-36.7); 2-halo A [0.7, 0.94, 1.79, 1.49]   [10s]
    switch (p = 2, x_c0 = 1.5) + carrier (p = 2, cap, x_v0 = 700): Delta chi^2 canonical -20.6, alt -11.2 -> PASS;  KiDS-preferred amplitude 0.45/0.45 (-62.3/-59.1); 2-halo A [0.71, 0.96, 1.81, 1.51]   [10s]
    switch (p = 2, x_c0 = 2) + carrier (p = 2, cap, x_v0 = 700): Delta chi^2 canonical -7.9, alt -2.5 -> PASS;  KiDS-preferred amplitude 0.35/0.40 (-36.4/-33.4); 2-halo A [0.7, 0.95, 1.8, 1.5]   [10s]
    switch (p = 0.5, x_c0 = 1.5) + carrier (p = 2, cap, x_v0 = 1500): Delta chi^2 canonical -21.7, alt -16.1 -> PASS;  KiDS-preferred amplitude 0.55/0.55 (-79.6/-73.3); 2-halo A [0.65, 0.83, 1.66, 1.54]   [10s]
    switch (p = 0.5, x_c0 = 2) + carrier (p = 2, cap, x_v0 = 1500): Delta chi^2 canonical -10.4, alt -3.8 -> PASS;  KiDS-preferred amplitude 0.40/0.45 (-72.9/-68.0); 2-halo A [0.72, 0.92, 1.83, 1.53]   [10s]
    switch (p = 0.5, x_c0 = 2.5) + carrier (p = 2, cap, x_v0 = 1500): Delta chi^2 canonical +3.3, alt +8.5 -> FAIL;  KiDS-preferred amplitude 0.40/0.45 (-50.0/-44.1); 2-halo A [0.71, 0.97, 1.8, 1.5]   [10s]
    switch (p = 1, x_c0 = 1.5) + carrier (p = 2, cap, x_v0 = 1500): Delta chi^2 canonical -15.2, alt -8.7 -> PASS;  KiDS-preferred amplitude 0.55/0.45 (-78.7/-74.0); 2-halo A [0.62, 0.97, 1.8, 1.5]   [10s]
    switch (p = 1, x_c0 = 2) + carrier (p = 2, cap, x_v0 = 1500): Delta chi^2 canonical -3.7, alt +2.9 -> PASS;  KiDS-preferred amplitude 0.30/0.35 (-58.7/-56.5); 2-halo A [0.7, 0.95, 1.86, 1.55]   [10s]
    switch (p = 1, x_c0 = 2.5) + carrier (p = 2, cap, x_v0 = 1500): Delta chi^2 canonical +16.4, alt +24.1 -> FAIL;  KiDS-preferred amplitude 0.60/0.30 (-38.7/-34.8); 2-halo A [0.72, 1.0, 1.83, 1.53]   [10s]
    switch (p = 2, x_c0 = 1.5) + carrier (p = 2, cap, x_v0 = 1500): Delta chi^2 canonical -5.7, alt +1.9 -> PASS;  KiDS-preferred amplitude 0.35/0.35 (-60.3/-58.0); 2-halo A [0.73, 0.94, 1.85, 1.55]   [10s]
    switch (p = 2, x_c0 = 2) + carrier (p = 2, cap, x_v0 = 1500): Delta chi^2 canonical +20.9, alt +27.3 -> FAIL;  KiDS-preferred amplitude 0.55/0.30 (-37.5/-31.6); 2-halo A [0.72, 1.01, 1.84, 1.64]   [10s]
  [PASS] M2 THE ASSEMBLED CONSTRUCTION PASSES KiDS-1000: pairs from the two windows score Delta chi^2 <= +4 against the unswitched model on both footings with the construction's own (decayed) carrier
         measured: 70 of 96 pairs pass: switch (p=0.5, x_c0=1.5) + carrier (p=2, cap, x_v0=1000); switch (p=0.5, x_c0=2) + carrier (p=2, cap, x_v0=1000); switch (p=0.5, x_c0=2.5) + carrier (p=2, cap, x_v0=1000); switch (p=1, x_c0=1.5) + carrier (p=2, cap, x_v0=1000); switch (p=1, x_c0=2) + carrier (p=2, cap, x_v0=1000); switch (p=2, x_c0=1.5) + carrier (p=2, cap, x_v0=1000); switch (p=0.5, x_c0=1.5) + carrier (p=2, cleared, x_v0=1000); switch (p=0.5, x_c0=2) + carrier (p=2, cleared, x_v0=1000)
         reading:  the switch removes the phantom beyond its edge (Gauss); the hollowed carrier halo fills that deficit instead of doubling the phantom inside it
  [PASS] M3 (reported) the carrier amplitude KiDS prefers on top of the switched phantom
         measured: 0.30-0.75
         reading:  a preferred amplitude below 1 is a target for the decay (more outer depletion), not a failure

==============================================================================================================
VERDICT
==============================================================================================================
  70 of 96 (switch cell, carrier cell) pairs pass KiDS-1000 with the construction's own carrier.  Without decay the
  carrier would be rejected (M1, Delta chi^2 >= +232); hollowed where the gated trigger fired it fits the deficit the
  compensated phantom leaves beyond the switch edge.  Conditional on the bound-region kernel (L352's isolated phantom
  inside the edge).

  4/4 checks pass; load-bearing failures: 0; wrote L360_assembled_construction_kids_results.json   [10s]
rc=0
