=== S1 concentration (rule rows; offset (z, total error)) ===
DM14                               ufd -0.059 (-0.40s,e=0.145) | class -0.119 (-1.95s,e=0.061) | m31lv -0.107 (-1.49s,e=0.072) | colli -0.024 (-0.14s,e=0.178)
Duffy200c_full                     ufd +0.049 (+0.34s,e=0.143) | class -0.087 (-1.22s,e=0.071) | m31lv -0.071 (-0.88s,e=0.080) | colli +0.016 (+0.10s,e=0.162)
Duffy200c_relaxed                  ufd -0.007 (-0.05s,e=0.147) | class -0.104 (-1.62s,e=0.065) | m31lv -0.096 (-1.24s,e=0.078) | colli +0.000 (+0.00s,e=0.171)
Duffy200c_full_z0                  ufd +0.021 (+0.15s,e=0.142) | class -0.094 (-1.35s,e=0.070) | m31lv -0.081 (-1.03s,e=0.079) | colli +0.011 (+0.07s,e=0.166)
Duffy200c_relaxed_z0               ufd -0.008 (-0.05s,e=0.146) | class -0.105 (-1.62s,e=0.065) | m31lv -0.096 (-1.24s,e=0.078) | colli +0.000 (+0.00s,e=0.171)
Duffy200m_full(inconsistent)       ufd -0.098 (-0.62s,e=0.159) | class -0.131 (-2.17s,e=0.061) | m31lv -0.124 (-1.88s,e=0.066) | colli -0.052 (-0.28s,e=0.184)

=== S1b concentration, alt footing ===
DM14                               ufd/alt -0.059 (-0.40s,e=0.147) | class/alt -0.121 (-1.94s,e=0.062) | m31lv/alt -0.108 (-1.51s,e=0.071) | colli/alt -0.016 (-0.09s,e=0.174)
Duffy200c_full                     ufd/alt +0.047 (+0.33s,e=0.143) | class/alt -0.092 (-1.20s,e=0.077) | m31lv/alt -0.080 (-0.97s,e=0.083) | colli/alt +0.006 (+0.04s,e=0.158)
Duffy200c_relaxed                  ufd/alt -0.008 (-0.06s,e=0.149) | class/alt -0.106 (-1.54s,e=0.069) | m31lv/alt -0.093 (-1.23s,e=0.076) | colli/alt -0.005 (-0.03s,e=0.166)
Duffy200c_full_z0                  ufd/alt +0.020 (+0.14s,e=0.145) | class/alt -0.098 (-1.35s,e=0.072) | m31lv/alt -0.086 (-1.06s,e=0.081) | colli/alt +0.001 (+0.01s,e=0.161)
Duffy200c_relaxed_z0               ufd/alt -0.009 (-0.06s,e=0.149) | class/alt -0.106 (-1.54s,e=0.069) | m31lv/alt -0.093 (-1.23s,e=0.076) | colli/alt -0.005 (-0.03s,e=0.166)
Duffy200m_full(inconsistent)       ufd/alt -0.098 (-0.60s,e=0.163) | class/alt -0.141 (-2.40s,e=0.059) | m31lv/alt -0.123 (-1.93s,e=0.064) | colli/alt -0.041 (-0.23s,e=0.180)

=== S2 kernel (law rows too) ===
RAR      LAW  ufd +0.325(+3.71s) | class +0.027(+0.24s) | m31lv +0.043(+0.48s) | colli +0.064(+0.59s)
RAR      RULE                      ufd -0.059 (-0.40s,e=0.145) | class -0.119 (-1.95s,e=0.061) | m31lv -0.107 (-1.49s,e=0.072) | colli -0.024 (-0.14s,e=0.178)
P2       LAW  ufd +0.329(+3.82s) | class +0.036(+0.33s) | m31lv +0.049(+0.55s) | colli +0.078(+0.72s)
P2       RULE                      ufd -0.058 (-0.40s,e=0.145) | class -0.107 (-1.92s,e=0.056) | m31lv -0.099 (-1.45s,e=0.069) | colli -0.020 (-0.11s,e=0.179)
simple   LAW  ufd +0.324(+3.71s) | class +0.027(+0.24s) | m31lv +0.043(+0.48s) | colli +0.064(+0.58s)
simple   RULE                      ufd -0.059 (-0.40s,e=0.145) | class -0.119 (-1.94s,e=0.061) | m31lv -0.111 (-1.54s,e=0.072) | colli -0.024 (-0.14s,e=0.178)

=== S3 Moster clamp value (every satellite the clamp touches) and unclamped ===
clamp = 1e+08                      ufd +0.079 (+0.55s,e=0.145) | class -0.119 (-1.95s,e=0.061) | m31lv -0.107 (-1.49s,e=0.072) | colli -0.024 (-0.14s,e=0.178)
clamp = 3e+08                      ufd -0.006 (-0.04s,e=0.143) | class -0.119 (-1.95s,e=0.061) | m31lv -0.107 (-1.49s,e=0.072) | colli -0.024 (-0.14s,e=0.178)
clamp = 1e+09                      ufd -0.059 (-0.40s,e=0.145) | class -0.119 (-1.95s,e=0.061) | m31lv -0.107 (-1.49s,e=0.072) | colli -0.024 (-0.14s,e=0.178)
clamp = 3e+09                      ufd -0.116 (-0.80s,e=0.145) | class -0.119 (-1.95s,e=0.061) | m31lv -0.107 (-1.49s,e=0.072) | colli -0.024 (-0.14s,e=0.178)
clamp = 1e+10                      ufd -0.164 (-1.14s,e=0.144) | class -0.119 (-1.95s,e=0.061) | m31lv -0.107 (-1.49s,e=0.072) | colli -0.024 (-0.14s,e=0.178)
unclamped extension (grid to 1e6)  ufd -0.041 (-0.28s,e=0.146) | class -0.119 (-1.95s,e=0.061) | m31lv -0.107 (-1.49s,e=0.072) | colli -0.024 (-0.14s,e=0.178)

=== S3b UFD KM median vs collapse mass set ONLY for M_* < 1e5 satellites (CFG42's R1 scan) ===
    small_mcoll = 3e+07: UFD +0.286   (M31 LVD -0.094)
    small_mcoll = 1e+08: UFD +0.101   (M31 LVD -0.094)
    small_mcoll = 2e+08: UFD +0.043   (M31 LVD -0.094)
    small_mcoll = 3e+08: UFD -0.005   (M31 LVD -0.107)
    small_mcoll = 1e+09: UFD -0.059   (M31 LVD -0.107)
    small_mcoll = 6e+09: UFD -0.145   (M31 LVD -0.107)
    small_mcoll = 1e+10: UFD -0.164   (M31 LVD -0.107)

=== S4 M31 LVD sample and conventions (rule offset, z with the frozen recipe; law offset) ===
all 34 (frozen)                                n=34 RULE -0.107 (-1.49s, e 0.072) alt -0.108 (-1.51s) | LAW +0.043
minus 4 dwarf ellipticals                      n=30 RULE -0.094 (-1.35s, e 0.070) alt -0.083 (-1.28s) | LAW +0.066
only host m_031 (drop And XXII m_033, And XVIII) n=32 RULE -0.107 (-1.53s, e 0.070) alt -0.108 (-1.57s) | LAW +0.043
M_V >= -9 (drop the 9 brightest)               n=17 RULE -0.147 (-1.21s, e 0.122) alt -0.141 (-1.23s) | LAW +0.036
R_e < 1000 pc                                  n=32 RULE -0.094 (-1.37s, e 0.069) alt -0.083 (-1.22s) | LAW +0.043
M_V > -7.7 (UFD-like, n small)                 n= 7 RULE -0.003 (-0.01s, e 0.217) alt -0.004 (-0.02s) | LAW +0.313
M_V <= -7.7 (classical-like)                   n=27 RULE -0.136 (-1.74s, e 0.078) alt -0.141 (-1.60s) | LAW +0.035
rhalf_physical (major axis) not circularised   n=34 RULE -0.106 (-1.67s, e 0.064) alt -0.097 (-1.51s) | LAW +0.056
gas convention A1                              n=34 RULE -0.107 (-1.49s, e 0.072) alt -0.108 (-1.51s) | LAW +0.043
gas convention A2                              n=34 RULE -0.107 (-1.50s, e 0.071) alt -0.109 (-1.54s) | LAW +0.043
gas convention none                            n=34 RULE -0.088 (-1.16s, e 0.076) alt -0.083 (-1.11s) | LAW +0.116
gas convention ulatlimit                       n=34 RULE -0.106 (-1.46s, e 0.072) alt -0.107 (-1.50s) | LAW +0.036
overlap with Collins: LVD data                 n=13 RULE -0.217 (-1.06s, e 0.205) alt -0.212 (-1.08s) | LAW +0.088
overlap with Collins: Collins data (own D, R_e, sigma) n=13 RULE -0.081 (-0.41s, e 0.198) alt -0.076 (-0.40s) | LAW +0.063
   overlap details (name, D_LVD, D_Col, Re_LVD, Re_Col, sig_LVD, sig_Col, MV_LVD, MV_Col):
     Andromeda V         759    742     302    302   10.5  12.2   -9.30 -10.20
     Andromeda VI        832    783     399    524   13.2  12.4  -11.30 -10.60
     Andromeda XI        752    763     109    158    7.6   7.6   -6.38  -6.90
     Andromeda XVII      759    727     215    262    2.9   2.9   -7.80  -8.50
     Andromeda XIX       813    821    2150   1481    7.8   4.7  -10.05  -9.60
     Andromeda XX        741    741      72    114    7.1   7.1   -6.35  -6.30
     Andromeda XXI       773    827     730    842    6.1   4.5   -8.94  -9.80
     Andromeda XXII      755    920     120    252    2.8   2.8   -6.39  -6.50
     Andromeda XXIII     745    748     896   1001    6.8   7.1   -9.76 -10.20
     Andromeda XXV       752    736     562    642    3.7   3.0   -9.08  -9.70
     Andromeda XXVI      787    754     165    219    8.6   8.6   -5.98  -7.10
     Andromeda XXVII     828   1255     326    657   14.8  14.8   -7.90  -7.90
     Andromeda XXVIII    745    650     227    210    4.9   6.6   -8.51  -8.50
overlap: LVD data at Collins' distances        n=13 RULE -0.196 (-1.04s, e 0.188) alt -0.192 (-1.07s) | LAW +0.074
   leave-one-out median range: -0.119 (Andromeda I) .. -0.095 (Perseus I); full -0.107

=== error-recipe diagnostics for the M31 LVD rule (post hoc, reported only) ===
   offsets: median -0.1068 mean -0.1065 std 0.185; SE(mean) = 0.0317; SE(median)~1.2533 SE(mean) = 0.0398
   bootstrap stat 0.0537; U floor 0.0469; C floor 0.0062; total 0.0716; z = -1.49
   z with error = stat only        0.0537: -1.99
   z with error = stat + C floor   0.0541: -1.97
   z with error = SE(mean) only    0.0317: -3.37
   z with error = total (frozen)   0.0716: -1.49
