CFG42-style recipe re-implemented in my code (gas A2, halo mass and gas fixed at Upsilon=2 under the Upsilon scan, error 1.2533 rms/sqrt n; KM bootstrap for UFD)
ufd  canonical law : +0.3245 +- 0.087 (+3.71s) [err 0.041 U 0.077 C 0.000]   CFG42 README: +0.325 (3.77s)
ufd  alt       law : +0.3044 +- 0.087 (+3.49s) [err 0.041 U 0.077 C 0.000]   CFG42 README: +0.304 (3.55s)
ufd  canonical rule: -0.0586 +- 0.144 (-0.41s) [err 0.056 U 0.002 C 0.133]   CFG42 README: -0.059 +-0.143 (-0.41s)
ufd  alt       rule: -0.0591 +- 0.147 (-0.40s) [err 0.056 U 0.002 C 0.136]   CFG42 README: -0.059 (-0.41s)
cls  canonical law : +0.0269 +- 0.085 (+0.32s) [err 0.064 U 0.055 C 0.000]   CFG42 README: +0.027
cls  alt       law : +0.0074 +- 0.084 (+0.09s) [err 0.064 U 0.055 C 0.000]   CFG42 README: +0.008
cls  canonical rule: -0.1186 +- 0.066 (-1.79s) [err 0.062 U 0.023 C 0.000]   CFG42 README: -0.118 (-1.78s)
cls  alt       rule: -0.1207 +- 0.064 (-1.87s) [err 0.061 U 0.020 C 0.000]   CFG42 README: -0.123 (-1.90s)
col  canonical law : +0.0639 +- 0.082 (+0.77s) [err 0.079 U 0.023 C 0.000]   CFG42 README: +0.064
col  alt       law : +0.0448 +- 0.082 (+0.54s) [err 0.079 U 0.023 C 0.000]   CFG42 README: +0.045
col  canonical rule: -0.0243 +- 0.108 (-0.22s) [err 0.091 U 0.013 C 0.057]   CFG42 README: -0.024 (-0.22s)
col  alt       rule: -0.0164 +- 0.105 (-0.16s) [err 0.090 U 0.007 C 0.054]   CFG42 README: -0.016
m31  canonical law : +0.0435 +- 0.072 (+0.60s) [err 0.047 U 0.055 C 0.000]   CFG42 README: +0.044 (0.6s)
m31  alt       law : +0.0307 +- 0.073 (+0.42s) [err 0.047 U 0.057 C 0.000]   CFG42 README: +0.031
m31  canonical rule: -0.1070 +- 0.040 (-2.67s) [err 0.039 U 0.006 C 0.006]   CFG42 README: -0.107 (-2.67s, e 0.040)
m31  alt       rule: -0.1088 +- 0.041 (-2.67s) [err 0.039 U 0.000 C 0.013]   CFG42 README: -0.109 (-2.66s)

R1 scan at CFG42's logspace(7.5,12,19)[::3] grid (small satellites only), canonical, CFG42-style predictor:
   3.16e+07: +0.279
   1.78e+08: +0.052
   1.00e+09: -0.059
   5.62e+09: -0.142
   3.16e+10: -0.208
   1.78e+11: -0.279
   1.00e+12: -0.350
rule offsets (recipe-B predictor) with z under recipe B (CFG42-style) and A (frozen); canonical footing
conc DM14                        UFD -0.059 zB -0.41 zA -0.40 | cls -0.119 zB -1.79 zA -1.95 | LVD -0.107 zB -2.67 zA -1.49 | Col -0.024 zB -0.22 zA -0.14
conc Duffy200c_full              UFD +0.049 zB +0.34 zA +0.34 | cls -0.087 zB -1.31 zA -1.22 | LVD -0.071 zB -1.71 zA -0.88 | Col +0.016 zB +0.16 zA +0.10
conc Duffy200c_relaxed           UFD -0.007 zB -0.05 zA -0.05 | cls -0.104 zB -1.59 zA -1.62 | LVD -0.096 zB -2.30 zA -1.24 | Col +0.000 zB +0.00 zA +0.00
conc Duffy200c_full_z0           UFD +0.021 zB +0.15 zA +0.15 | cls -0.094 zB -1.43 zA -1.35 | LVD -0.081 zB -1.94 zA -1.03 | Col +0.011 zB +0.11 zA +0.07
conc Duffy200c_relaxed_z0        UFD -0.008 zB -0.05 zA -0.05 | cls -0.105 zB -1.59 zA -1.62 | LVD -0.096 zB -2.30 zA -1.24 | Col +0.000 zB +0.00 zA +0.00
conc Duffy200m_full(inconsistent) UFD -0.098 zB -0.62 zA -0.62 | cls -0.130 zB -2.01 zA -2.17 | LVD -0.125 zB -3.14 zA -1.88 | Col -0.052 zB -0.46 zA -0.28
kernel RAR                       UFD -0.059 zB -0.41 zA -0.40 | cls -0.119 zB -1.79 zA -1.95 | LVD -0.107 zB -2.67 zA -1.49 | Col -0.024 zB -0.22 zA -0.14
kernel P2                        UFD -0.058 zB -0.41 zA -0.40 | cls -0.106 zB -1.61 zA -1.92 | LVD -0.100 zB -2.49 zA -1.45 | Col -0.020 zB -0.18 zA -0.11
kernel simple                    UFD -0.059 zB -0.41 zA -0.40 | cls -0.119 zB -1.79 zA -1.94 | LVD -0.111 zB -2.76 zA -1.54 | Col -0.024 zB -0.22 zA -0.14
clamp 1e+08                      UFD +0.079 zB +0.55 zA +0.55 | cls -0.119 zB -1.79 zA -1.95 | LVD -0.107 zB -2.67 zA -1.49 | Col -0.024 zB -0.22 zA -0.14
clamp 3e+08                      UFD -0.006 zB -0.04 zA -0.04 | cls -0.119 zB -1.79 zA -1.95 | LVD -0.107 zB -2.67 zA -1.49 | Col -0.024 zB -0.22 zA -0.14
clamp 1e+09                      UFD -0.059 zB -0.41 zA -0.40 | cls -0.119 zB -1.79 zA -1.95 | LVD -0.107 zB -2.67 zA -1.49 | Col -0.024 zB -0.22 zA -0.14
clamp 3e+09                      UFD -0.116 zB -0.80 zA -0.80 | cls -0.119 zB -1.79 zA -1.95 | LVD -0.107 zB -2.67 zA -1.49 | Col -0.024 zB -0.22 zA -0.14
clamp 1e+10                      UFD -0.164 zB -1.14 zA -1.14 | cls -0.119 zB -1.79 zA -1.95 | LVD -0.107 zB -2.67 zA -1.49 | Col -0.024 zB -0.22 zA -0.14
unclamped                        UFD -0.041 zB -0.28 zA -0.28 | cls -0.119 zB -1.79 zA -1.95 | LVD -0.107 zB -2.67 zA -1.49 | Col -0.024 zB -0.22 zA -0.14

M31 LVD rule, error-recipe cross table (canonical): offset -0.107
  analytic 1.2533 rms/sqrt n = 0.0392; bootstrap SE(median) = 0.0537; Upsilon floor (halo+gas fixed) = 0.0060; Upsilon floor (halo+gas propagate) = 0.0469; collapse floor = 0.0059
  analytic  + U fixed-aux : total 0.0401 -> z = -2.67
  analytic  + U propagated: total 0.0614 -> z = -1.74
  bootstrap + U fixed-aux : total 0.0543 -> z = -1.97
  bootstrap + U propagated: total 0.0715 -> z = -1.50
