hosts 101: HI available for 79; log M_b median 10.58 (range 10.16-10.99)
satellites 378; |dv| max 270.0; R max 300.0 kpc
K1 reproduce CFG398 x: max rel dev 0.00e+00 -> True
   canonical: log M_b 10.6 f 0.1: r_edge 417 kpc; log M_b 11.0 f 0.1: r_edge 661 kpc; log M_b 10.6 f 0.18: r_edge 233 kpc; log M_b 11.0 f 0.18: r_edge 370 kpc
   alt: log M_b 10.6 f 0.1: r_edge 379 kpc; log M_b 11.0 f 0.1: r_edge 601 kpc; log M_b 10.6 f 0.18: r_edge 212 kpc; log M_b 11.0 f 0.18: r_edge 336 kpc
K2 Jeans log potential: 126.50 vs 126.49 -> True
K3 estimator: 118.5 vs 120 -> True
tracer: gamma_t = 1.992 (all samples, N=359); Gold+Silver 2.001 (N=341)
host-mass split at log M_b 10.574 (97 hosts with satellites in range)
canonical: SAGA hosts r_edge median f0.10 405 kpc, f0.18 226 kpc
alt: SAGA hosts r_edge median f0.10 368 kpc, f0.18 206 kpc

== PRIMARY: all samples, 2 mass x 4 radial bins, beta 0, eps 20, r_t 1 Mpc
  bin  N   sigma_obs+-err  | a[canonical]  b[canonical,f=0.18]  b[canonical,f=0.1]  c
  loM 30-60 n= 22  139.0+- 40.2 |   94.0    89.1    92.2    90.4
  loM 60-110 n= 33  152.0+- 43.2 |   91.4    81.0    87.5    80.2
  loM 110-190 n= 44  105.5+- 18.9 |   92.1    71.8    84.4    71.1
  loM 190-300 n= 63  101.5+- 11.6 |   86.3    57.2    73.7    60.3
  hiM 30-60 n= 19  195.5+-149.7 |  120.3   116.6   119.3   145.8
  hiM 60-110 n= 36  136.5+- 37.9 |  116.3   109.3   114.4   134.3
  hiM 110-190 n= 56  140.5+- 45.5 |  112.2    99.4   108.7   118.6
  hiM 190-300 n= 86  132.0+- 18.1 |  104.2    82.2    97.8    99.4
   chi2 a[alt]                    5.99 (p 0.648); full-cov    6.79
   chi2 a[canonical]              8.75 (p 0.364); full-cov    9.79
   chi2 c_lim                    11.33 (p 0.184); full-cov   11.78
   chi2 b[alt,f=0.1]             13.26 (p 0.103); full-cov   14.55
   chi2 b[canonical,f=0.1]       15.26 (p 0.0543); full-cov   16.78
   chi2 c                        23.80 (p 0.00247); full-cov   25.88
   chi2 b[alt,f=0.18]            30.35 (p 0.000183); full-cov   32.53
   chi2 b[canonical,f=0.18]      31.26 (p 0.000127); full-cov   33.67
   chi2 b[alt,f=1.0]            102.50 (p 1.32e-18); full-cov  109.39
   chi2 b[canonical,f=1.0]      102.52 (p 1.3e-18); full-cov  109.42

canonical: VERDICT LAW-FLAT; forecast dchi2(b-a) by f_ret: 0.05:0.0, 0.07:0.3, 0.1:1.5, 0.13:3.8, 0.18:9.1, 0.25:16.8, 0.35:26.0, 0.5:36.4, 0.7:46.2, 1.0:56.0; detectable f_ret >= 0.18

alt: VERDICT LAW-FLAT; forecast dchi2(b-a) by f_ret: 0.05:0.1, 0.07:0.5, 0.1:2.4, 0.13:5.7, 0.18:12.4, 0.25:21.4, 0.35:31.9, 0.5:43.5, 0.7:54.2, 1.0:64.9; detectable f_ret >= 0.18

== VARIANT Gold+Silver
  bin  N   sigma_obs+-err  | a[canonical]  b[canonical,f=0.18]  b[canonical,f=0.1]  c
  loM 30-60 n= 18  149.0+- 82.8 |   96.4    91.3    94.5    92.4
  loM 60-110 n= 33  152.0+- 41.7 |   93.3    82.5    89.2    81.6
  loM 110-190 n= 41  101.0+- 14.6 |   90.1    70.7    82.9    69.9
  loM 190-300 n= 61  100.0+- 12.4 |   87.3    57.7    74.4    61.0
  hiM 30-60 n= 19  195.5+-152.0 |  118.1   114.5   117.1   141.1
  hiM 60-110 n= 36  136.5+- 31.6 |  115.8   108.8   113.8   133.8
  hiM 110-190 n= 54  134.0+- 26.4 |  111.8    99.2   108.4   117.9
  hiM 190-300 n= 79  130.5+- 15.3 |  103.5    81.6    97.2    98.2
   chi2 a[alt]                    5.52 (p 0.7); full-cov    5.80
   chi2 a[canonical]              8.47 (p 0.389); full-cov    8.87
   chi2 c_lim                    11.48 (p 0.176); full-cov   11.45
   chi2 b[canonical,f=0.1]       14.95 (p 0.0601); full-cov   15.65
   chi2 c                        22.66 (p 0.00383); full-cov   23.72
   chi2 b[alt,f=0.18]            31.06 (p 0.000137); full-cov   32.15
   chi2 b[canonical,f=0.18]      32.15 (p 8.76e-05); full-cov   33.40

== VARIANT all-host stack (4 bins)
  bin  N   sigma_obs+-err  | a[canonical]  b[canonical,f=0.18]  b[canonical,f=0.1]  c
  all 30-60 n= 41  160.5+- 40.8 |  104.6   100.6   103.3   110.0
  all 60-110 n= 69  143.5+- 21.7 |  103.6    95.4   100.8   105.5
  all 110-190 n=100  123.5+- 17.2 |  102.8    87.5    97.7    96.9
  all 190-300 n=149  118.0+- 10.1 |   96.5    72.5    87.8    83.8
   chi2 a[alt]                    7.80 (p 0.099); full-cov    8.67
   chi2 a[canonical]             11.23 (p 0.0241); full-cov   12.23
   chi2 c_lim                    12.27 (p 0.0154); full-cov   12.79
   chi2 b[canonical,f=0.1]       17.00 (p 0.00193); full-cov   18.10
   chi2 c                        18.41 (p 0.00102); full-cov   19.25
   chi2 b[alt,f=0.18]            30.20 (p 4.46e-06); full-cov   31.20
   chi2 b[canonical,f=0.18]      31.66 (p 2.25e-06); full-cov   32.77

== VARIANT eps 0.0
  bin  N   sigma_obs+-err  | a[canonical]  b[canonical,f=0.18]  b[canonical,f=0.1]  c
  loM 30-60 n= 22  140.5+- 40.0 |   94.0    89.2    92.3    90.4
  loM 60-110 n= 33  153.0+- 39.9 |   91.4    81.0    87.5    80.2
  loM 110-190 n= 44  107.5+- 19.0 |   91.9    71.8    84.3    71.0
  loM 190-300 n= 63  103.5+- 11.3 |   86.3    57.3    73.8    60.4
  hiM 30-60 n= 19  196.5+-143.3 |  120.0   116.3   119.0   145.0
  hiM 60-110 n= 36  138.0+- 41.3 |  116.2   109.2   114.2   134.0
  hiM 110-190 n= 56  142.0+- 44.4 |  112.0    99.3   108.5   118.4
  hiM 190-300 n= 86  133.5+- 17.5 |  104.1    82.2    97.8    99.5
   chi2 a[alt]                    7.43 (p 0.491); full-cov    8.23
   chi2 a[canonical]             10.57 (p 0.227); full-cov   11.64
   chi2 c_lim                    13.61 (p 0.0924); full-cov   14.37
   chi2 b[canonical,f=0.1]       17.96 (p 0.0216); full-cov   19.78
   chi2 c                        27.46 (p 0.000589); full-cov   30.51
   chi2 b[alt,f=0.18]            34.60 (p 3.17e-05); full-cov   37.55
   chi2 b[canonical,f=0.18]      35.56 (p 2.11e-05); full-cov   38.73

== VARIANT eps 40.0
  bin  N   sigma_obs+-err  | a[canonical]  b[canonical,f=0.18]  b[canonical,f=0.1]  c
  loM 30-60 n= 22  134.5+- 41.0 |   93.9    88.9    92.1    90.2
  loM 60-110 n= 33  148.0+- 40.9 |   91.4    80.8    87.5    80.0
  loM 110-190 n= 44   99.5+- 20.6 |   92.4    71.9    84.7    71.2
  loM 190-300 n= 63   95.5+- 12.3 |   86.3    57.0    73.6    60.1
  hiM 30-60 n= 19  192.0+-145.1 |  121.4   117.5   120.3   148.7
  hiM 60-110 n= 36  132.0+- 42.4 |  117.0   109.8   115.0   135.6
  hiM 110-190 n= 56  136.0+- 45.5 |  112.7    99.7   109.1   119.1
  hiM 190-300 n= 86  127.5+- 18.2 |  104.3    82.1    97.8    99.4
   chi2 a[alt]                    3.92 (p 0.864); full-cov    4.46
   chi2 a[canonical]              5.81 (p 0.668); full-cov    6.48
   chi2 c_lim                     7.33 (p 0.502); full-cov    7.64
   chi2 b[canonical,f=0.1]       10.35 (p 0.242); full-cov   11.44
   chi2 c                        16.73 (p 0.033); full-cov   18.58
   chi2 b[alt,f=0.18]            22.14 (p 0.00466); full-cov   23.90
   chi2 b[canonical,f=0.18]      22.92 (p 0.00347); full-cov   24.86

== VARIANT beta 0.3
  bin  N   sigma_obs+-err  | a[canonical]  b[canonical,f=0.18]  b[canonical,f=0.1]  c
  loM 30-60 n= 22  139.0+- 40.2 |  101.8    93.9    98.7    94.5
  loM 60-110 n= 33  152.0+- 40.1 |   97.1    82.7    91.2    82.4
  loM 110-190 n= 44  105.5+- 19.3 |   95.2    71.2    85.2    71.6
  loM 190-300 n= 63  101.5+- 11.5 |   86.6    55.7    72.2    59.4
  hiM 30-60 n= 19  195.5+-143.8 |  131.6   124.9   129.6   157.1
  hiM 60-110 n= 36  136.5+- 41.6 |  124.0   113.5   120.9   139.4
  hiM 110-190 n= 56  140.5+- 44.7 |  116.6   100.0   111.6   120.2
  hiM 190-300 n= 86  132.0+- 17.7 |  104.5    80.2    96.8    98.3
   chi2 a[alt]                    5.07 (p 0.75); full-cov    5.60
   chi2 a[canonical]              7.69 (p 0.464); full-cov    8.41
   chi2 c_lim                    11.88 (p 0.156); full-cov   12.32
   chi2 b[canonical,f=0.1]       15.66 (p 0.0476); full-cov   17.07
   chi2 c                        24.66 (p 0.00177); full-cov   27.20
   chi2 b[alt,f=0.18]            32.47 (p 7.67e-05); full-cov   34.91
   chi2 b[canonical,f=0.18]      33.25 (p 5.56e-05); full-cov   35.90

== VARIANT r_t 600 kpc
  bin  N   sigma_obs+-err  | a[canonical]  b[canonical,f=0.18]  b[canonical,f=0.1]  c
  loM 30-60 n= 22  139.0+- 40.2 |   93.0    89.5    92.2    90.6
  loM 60-110 n= 33  152.0+- 40.1 |   89.4    81.5    87.5    80.2
  loM 110-190 n= 44  105.5+- 19.3 |   87.4    72.1    83.8    70.2
  loM 190-300 n= 63  101.5+- 11.5 |   77.8    55.9    71.6    57.4
  hiM 30-60 n= 19  195.5+-143.8 |  119.0   116.8   118.8   145.9
  hiM 60-110 n= 36  136.5+- 41.6 |  113.7   109.6   113.4   133.9
  hiM 110-190 n= 56  140.5+- 44.7 |  107.0    99.3   106.4   116.8
  hiM 190-300 n= 86  132.0+- 17.7 |   94.1    80.2    92.9    94.4
   chi2 a[alt]                   11.04 (p 0.199); full-cov   12.03
   chi2 c_lim                    14.59 (p 0.0676); full-cov   15.30
   chi2 a[canonical]             14.62 (p 0.067); full-cov   15.91
   chi2 b[canonical,f=0.1]       18.06 (p 0.0208); full-cov   19.75
   chi2 c                        27.68 (p 0.00054); full-cov   30.56
   chi2 b[alt,f=0.18]            32.52 (p 7.51e-05); full-cov   35.20
   chi2 b[canonical,f=0.18]      33.48 (p 5.05e-05); full-cov   36.38

== VARIANT r_t 3000 kpc
  bin  N   sigma_obs+-err  | a[canonical]  b[canonical,f=0.18]  b[canonical,f=0.1]  c
  loM 30-60 n= 22  139.0+- 40.2 |   94.9    88.5    91.7    89.9
  loM 60-110 n= 33  152.0+- 40.1 |   93.3    80.0    86.7    79.6
  loM 110-190 n= 44  105.5+- 19.3 |   96.0    70.5    83.2    70.7
  loM 190-300 n= 63  101.5+- 11.5 |   93.0    56.3    72.7    60.6
  hiM 30-60 n= 19  195.5+-143.8 |  121.6   115.8   118.8   145.1
  hiM 60-110 n= 36  136.5+- 41.6 |  118.8   108.1   113.7   133.6
  hiM 110-190 n= 56  140.5+- 44.7 |  116.8    97.8   107.8   118.2
  hiM 190-300 n= 86  132.0+- 17.7 |  112.2    80.9    97.2   100.3
   chi2 a[alt]                    4.05 (p 0.852); full-cov    4.61
   chi2 a[canonical]              6.11 (p 0.635); full-cov    6.85
   chi2 c_lim                    11.53 (p 0.174); full-cov   12.15
   chi2 b[canonical,f=0.1]       16.66 (p 0.0338); full-cov   18.37
   chi2 c                        24.26 (p 0.00208); full-cov   27.02
   chi2 b[alt,f=0.18]            32.73 (p 6.87e-05); full-cov   35.48
   chi2 b[canonical,f=0.18]      33.63 (p 4.73e-05); full-cov   36.60

== unbinned log-likelihood (zero free parameters) and with a fitted uniform interloper fraction
   a[canonical]           -2lnL   4447.31; with interlopers -2lnL   4419.68 at f_int 0.248
   a[alt]                 -2lnL   4436.36; with interlopers -2lnL   4418.86 at f_int 0.211
   b[canonical,f=0.18]    -2lnL   4554.81; with interlopers -2lnL   4423.02 at f_int 0.378
   b[alt,f=0.18]          -2lnL   4547.76; with interlopers -2lnL   4422.32 at f_int 0.370
   b[canonical,f=0.1]     -2lnL   4470.46; with interlopers -2lnL   4419.40 at f_int 0.295
   c                      -2lnL   4511.06; with interlopers -2lnL   4420.83 at f_int 0.326
   c_lim                  -2lnL   4482.48; with interlopers -2lnL   4424.14 at f_int 0.289
   b[canonical,f=1.0]     -2lnL   5828.93; with interlopers -2lnL   4467.80 at f_int 0.600

== K-INJ injection (canonical footing)
   f_ret 0.18: median dchi2(a-b) 67.91, fraction SUPPLY EDGE SEEN 1.00, forecast 9.11 -> True
   f_ret 1.0: (b,1.0) best in 20/20 -> True

checks: {'K1_cfg398': True, 'K2_jeans': True, 'K3_estimator': True, 'KINJ_018': True, 'KINJ_1.0': True}
