CFG335: 92 resolved dwarfs (MW 45, M31 34, field 13)
  [PASS] C1 invert then re-predict returns sigma_obs to 1e-8: 2.5757174171303632e-14
  [PASS] C2 sigma_obs = law prediction gives Delta M = 0 to 1e-8 (relative): 1.8540724511240114e-14

--- footing canonical ---
  shortfall > 0: 69; law already sufficient (Delta M <= 0): 23
  F1 logdM vs logMb       : slope +0.519 +- 0.058  intercept +3.115  scatter 0.615 dex
  F2 logdM vs logrh       : slope +1.091 +- 0.225  intercept +3.381  scatter 0.779 dex
  F3 constant dM          : slope +0.000 +- 0.000  intercept +5.761  scatter 0.925 dex
  F4 log(dM/Mb) vs logMb  : slope -0.481 +- 0.056  intercept +3.115  scatter 0.615 dex
    F1 host MW    (N=37): slope +0.514 +- 0.100 intercept +3.122 scatter 0.565
    F1 host M31   (N=26): slope +0.525 +- 0.146 intercept +3.190 scatter 0.713
    F1 host field (N=6): slope +0.536 +- 0.745 intercept +2.617 scatter 0.418
  law-like: {'F1 logdM vs logMb': False, 'F2 logdM vs logrh': False, 'F4 log(dM/Mb) vs logMb': False, 'F3 constant dM': False}

--- footing alt ---
  shortfall > 0: 68; law already sufficient (Delta M <= 0): 24
  F1 logdM vs logMb       : slope +0.504 +- 0.071  intercept +3.081  scatter 0.684 dex
  F2 logdM vs logrh       : slope +0.953 +- 0.239  intercept +3.551  scatter 0.827 dex
  F3 constant dM          : slope +0.000 +- 0.000  intercept +5.624  scatter 0.933 dex
  F4 log(dM/Mb) vs logMb  : slope -0.496 +- 0.073  intercept +3.081  scatter 0.684 dex
    F1 host MW    (N=37): slope +0.487 +- 0.110 intercept +3.150 scatter 0.594
    F1 host M31   (N=25): slope +0.619 +- 0.192 intercept +2.547 scatter 0.786
    F1 host field (N=6): slope +0.279 +- 1.175 intercept +3.982 scatter 0.661
  law-like: {'F1 logdM vs logMb': False, 'F2 logdM vs logrh': False, 'F4 log(dM/Mb) vs logMb': False, 'F3 constant dM': False}

VERDICT: NO SIMPLE LAW

2/2 checks pass
