L354 -- THE LAMBDA-TRIGGERED CARRIER UNDER THE LAGRANGIAN KERNEL-INVISIBLE COUPLING (L353): is there a window when the
carrier feels NEWTONIAN gravity only, as action = reaction requires?

WHY.  L345: under C-H/K's own (universal) coupling the carrier has no window.  L322's alternative window (f_d = 0.9,
v_k = 1300-1400 km/s) exists only under L321's "additive" coupling, in which the carrier's orbits feel the baryons' full
MOND field while its own field is unboosted.  L353 (N2) shows that law has no action (the response matrix is asymmetric;
momentum balance fails by ~r/r_M), and builds the Lagrangian kernel-invisible coupling: the kernel reads baryons only,
the carrier's field is Newtonian and unboosted, and the carrier FEELS only the Newtonian field of all matter.  This lane
re-runs the carrier's z = 0 gates with that force law.

THE ONE CHANGE (L321's machinery loaded unedited, as L345 does):
  * the carrier's orbits -- its pre-decay Jeans dispersion and its daughters' post-decay binding and phase mixing -- use
    g_carrier = g_N,b + g_N,c  (Newtonian, no MOND boost, no external-field rule);
  * the observables are what baryons feel: galaxies' g_obs and X-COP's hydrostatic M_dyn from g = nu(|g_N,b|_eff/a0) g_N,b
    + g_N,c (L321's additive observable, which IS the Lagrangian construction's metric field).
  Everything else is L321/L345's: X-COP's 12 clusters, the three galaxy hosts and their 0.06-dex RAR gate, L319's S_8
  solver, L340's kernel nu_mono, both footings, L322's pre-declared thresholds (strict: |M_dyn/M_HSE - 1| <= 0.2 and
  S_8 >= 0.767; alternative: after X-COP's measured 6% non-thermal support and S_8 >= 0.748).

  L321 machinery loaded (12 X-COP clusters, reference A2319); kernel nu_mono; carrier orbits 'newtonian', observables 'additive'
  S_8 (L319 solver): f_d 0.8: 800:0.815, 1000:0.803, 1200:0.788, 1400:0.773, 1600:0.757, 2000:0.724, 2500:0.685; f_d 0.9: 800:0.808, 1000:0.792, 1200:0.774, 1400:0.755, 1600:0.735, 2000:0.695, 2500:0.647; f_d 0.95: 800:0.802, 1000:0.783, 1200:0.762, 1400:0.740, 1600:0.717, 2000:0.672, 2500:0.618   [239s]

==============================================================================================================
C1  CONTROL: L321's (non-Lagrangian) additive orbits give L322/L345's alternative window (f_d 0.8-0.9, v_k ~1300-1500)
==============================================================================================================
    canonical f_d 0.80: 800:1.29  1000:1.26  1200:1.23  1400:1.19  1600:1.15  2000:1.04  2500:0.92   [X-COP NT-corrected median; 347s]
      candidate canonical f_d 0.8 v_k 1400: X-COP 1.27 (NT 1.19), S_8 0.773, galaxies max +0.042 dex -> WINDOW
      candidate canonical f_d 0.8 v_k 1600: X-COP 1.22 (NT 1.15), S_8 0.757, galaxies max +0.042 dex -> WINDOW
    canonical f_d 0.90: 800:1.28  1000:1.25  1200:1.22  1400:1.18  1600:1.12  2000:1.01  2500:0.86   [X-COP NT-corrected median; 544s]
      candidate canonical f_d 0.9 v_k 1400: X-COP 1.25 (NT 1.18), S_8 0.755, galaxies max +0.024 dex -> WINDOW
  [PASS] C1 the machinery with L321's additive orbits reproduces an alternative window at v_k ~ 1200-1600 km/s (L322: f_d 0.9, 1300-1400 with nu_RAR; L345 MUTATE: f_d 0.8, 1500 with nu_mono)
         measured: alt window [('canonical', 0.8, 1400.0), ('canonical', 0.8, 1600.0), ('canonical', 0.9, 1400.0)]
         reading:  the scan below differs from this control only in the carrier's force law

==============================================================================================================
C2  RETENTION UNDER THE NEWTONIAN FORCE LAW vs L321's ADDITIVE ORBITS (canonical, f_d = 0.9)
==============================================================================================================
    v_k 1000: cluster retained fraction newtonian 0.817 vs additive 0.909;  Milky Way (30 kpc) 0.031 vs 0.074
    v_k 1500: cluster retained fraction newtonian 0.533 vs additive 0.766;  Milky Way (30 kpc) 0.031 vs 0.074
    v_k 2000: cluster retained fraction newtonian 0.253 vs additive 0.573;  Milky Way (30 kpc) 0.031 vs 0.074
  [PASS] C2 (documentary) the Newtonian force law retains less carrier than L321's additive orbits, in clusters and galaxies
         measured: 1000: cl 0.82/0.91, MW 0.03/0.07; 1500: cl 0.53/0.77, MW 0.03/0.07; 2000: cl 0.25/0.57, MW 0.03/0.07

==============================================================================================================
W1  THE WINDOW with carrier orbits 'newtonian' and observables 'additive' (both footings, f_d 0.8-0.95, v_k 800-2500)
==============================================================================================================
    canonical f_d 0.80: 800:1.25  1000:1.20  1200:1.14  1400:1.06  1600:0.99  2000:0.84  2500:0.73   [X-COP NT-corrected median; 1103s]
      candidate canonical f_d 0.8 v_k 1200: X-COP 1.21 (NT 1.14), S_8 0.788, galaxies max +0.022 dex -> WINDOW
      candidate canonical f_d 0.8 v_k 1400: X-COP 1.13 (NT 1.06), S_8 0.773, galaxies max +0.022 dex -> WINDOW
      candidate canonical f_d 0.8 v_k 1600: X-COP 1.05 (NT 0.99), S_8 0.757, galaxies max +0.022 dex -> WINDOW
    canonical f_d 0.90: 800:1.24  1000:1.19  1200:1.11  1400:1.02  1600:0.94  2000:0.78  2500:0.67   [X-COP NT-corrected median; 1403s]
      candidate canonical f_d 0.9 v_k 1000: X-COP 1.26 (NT 1.19), S_8 0.792, galaxies max +0.010 dex -> WINDOW
      candidate canonical f_d 0.9 v_k 1200: X-COP 1.19 (NT 1.11), S_8 0.774, galaxies max +0.010 dex -> WINDOW
      candidate canonical f_d 0.9 v_k 1400: X-COP 1.09 (NT 1.02), S_8 0.755, galaxies max +0.010 dex -> WINDOW
    canonical f_d 0.95: 800:1.24  1000:1.17  1200:1.10  1400:1.01  1600:0.91  2000:0.74  2500:0.64   [X-COP NT-corrected median; 1686s]
      candidate canonical f_d 0.95 v_k 1000: X-COP 1.25 (NT 1.17), S_8 0.783, galaxies max +0.004 dex -> WINDOW
      candidate canonical f_d 0.95 v_k 1200: X-COP 1.17 (NT 1.10), S_8 0.762, galaxies max +0.004 dex -> WINDOW
    alt       f_d 0.80: 800:1.30  1000:1.25  1200:1.19  1400:1.11  1600:1.04  2000:0.89  2500:0.78   [X-COP NT-corrected median; 1921s]
      candidate alt f_d 0.8 v_k 1200: X-COP 1.26 (NT 1.19), S_8 0.788, galaxies max +0.020 dex -> WINDOW
      candidate alt f_d 0.8 v_k 1400: X-COP 1.18 (NT 1.11), S_8 0.773, galaxies max +0.020 dex -> WINDOW
      candidate alt f_d 0.8 v_k 1600: X-COP 1.10 (NT 1.04), S_8 0.757, galaxies max +0.020 dex -> WINDOW
    alt       f_d 0.90: 800:1.29  1000:1.24  1200:1.16  1400:1.07  1600:0.98  2000:0.82  2500:0.72   [X-COP NT-corrected median; 2185s]
      candidate alt f_d 0.9 v_k 1200: X-COP 1.24 (NT 1.16), S_8 0.774, galaxies max +0.009 dex -> WINDOW
      candidate alt f_d 0.9 v_k 1400: X-COP 1.14 (NT 1.07), S_8 0.755, galaxies max +0.009 dex -> WINDOW
    alt       f_d 0.95: 800:1.28  1000:1.22  1200:1.15  1400:1.06  1600:0.96  2000:0.79  2500:0.69   [X-COP NT-corrected median; 2388s]
      candidate alt f_d 0.95 v_k 1200: X-COP 1.22 (NT 1.15), S_8 0.762, galaxies max +0.004 dex -> WINDOW
    strict window: [('canonical', 0.8, 1400.0), ('canonical', 0.9, 1200.0), ('alt', 0.8, 1400.0)];  alternative window: [('canonical', 0.8, 1200.0), ('canonical', 0.8, 1400.0), ('canonical', 0.8, 1600.0), ('canonical', 0.9, 1000.0), ('canonical', 0.9, 1200.0), ('canonical', 0.9, 1400.0), ('canonical', 0.95, 1000.0), ('canonical', 0.95, 1200.0), ('alt', 0.8, 1200.0), ('alt', 0.8, 1400.0), ('alt', 0.8, 1600.0), ('alt', 0.9, 1200.0), ('alt', 0.9, 1400.0), ('alt', 0.95, 1200.0)]
  [PASS] W1 under the Lagrangian kernel-invisible coupling the Lambda-triggered carrier HAS a window (X-COP, S_8 and galaxies together, under at least one pre-declared threshold set)
         measured: strict [('canonical', 0.8, 1400.0), ('canonical', 0.9, 1200.0), ('alt', 0.8, 1400.0)]; alt [('canonical', 0.8, 1200.0), ('canonical', 0.8, 1400.0), ('canonical', 0.8, 1600.0), ('canonical', 0.9, 1000.0), ('canonical', 0.9, 1200.0), ('canonical', 0.9, 1400.0), ('canonical', 0.95, 1000.0), ('canonical', 0.95, 1200.0), ('alt', 0.8, 1200.0), ('alt', 0.8, 1400.0), ('alt', 0.8, 1600.0), ('alt', 0.9, 1200.0), ('alt', 0.9, 1400.0), ('alt', 0.95, 1200.0)]
         reading:  the two live fronts are compatible through L353's construction if this passes

==============================================================================================================
VERDICT
==============================================================================================================
  With the carrier's orbits under the force law that action = reaction requires (Newtonian, L353) and the observables
  from the construction's metric field, the Lambda-triggered carrier's z = 0 window is: strict [('canonical', 0.8, 1400.0), ('canonical', 0.9, 1200.0), ('alt', 0.8, 1400.0)];
  alternative [('canonical', 0.8, 1200.0), ('canonical', 0.8, 1400.0), ('canonical', 0.8, 1600.0), ('canonical', 0.9, 1000.0), ('canonical', 0.9, 1200.0), ('canonical', 0.9, 1400.0), ('canonical', 0.95, 1000.0), ('canonical', 0.95, 1200.0), ('alt', 0.8, 1200.0), ('alt', 0.8, 1400.0), ('alt', 0.8, 1600.0), ('alt', 0.9, 1200.0), ('alt', 0.9, 1400.0), ('alt', 0.95, 1200.0)].  Time 2418 s.

  3/3 checks pass; load-bearing failures: 0; wrote L354_carrier_lagrangian_additive_window_results.json   [2418s]
rc=0
