L354 -- THE LAMBDA-TRIGGERED CARRIER UNDER THE LAGRANGIAN KERNEL-INVISIBLE COUPLING (L353): is there a window when the
carrier feels NEWTONIAN gravity only, as action = reaction requires?

WHY.  L345: under C-H/K's own (universal) coupling the carrier has no window.  L322's alternative window (f_d = 0.9,
v_k = 1300-1400 km/s) exists only under L321's "additive" coupling, in which the carrier's orbits feel the baryons' full
MOND field while its own field is unboosted.  L353 (N2) shows that law has no action (the response matrix is asymmetric;
momentum balance fails by ~r/r_M), and builds the Lagrangian kernel-invisible coupling: the kernel reads baryons only,
the carrier's field is Newtonian and unboosted, and the carrier FEELS only the Newtonian field of all matter.  This lane
re-runs the carrier's z = 0 gates with that force law.

THE ONE CHANGE (L321's machinery loaded unedited, as L345 does):
  * the carrier's orbits -- its pre-decay Jeans dispersion and its daughters' post-decay binding and phase mixing -- use
    g_carrier = g_N,b + g_N,c  (Newtonian, no MOND boost, no external-field rule);
  * the observables are what baryons feel: galaxies' g_obs and X-COP's hydrostatic M_dyn from g = nu(|g_N,b|_eff/a0) g_N,b
    + g_N,c (L321's additive observable, which IS the Lagrangian construction's metric field).
  Everything else is L321/L345's: X-COP's 12 clusters, the three galaxy hosts and their 0.06-dex RAR gate, L319's S_8
  solver, L340's kernel nu_mono, both footings, L322's pre-declared thresholds (strict: |M_dyn/M_HSE - 1| <= 0.2 and
  S_8 >= 0.767; alternative: after X-COP's measured 6% non-thermal support and S_8 >= 0.748).

  *** MUTATE=1: carrier orbits and observables under C-H/K's universal coupling (L345's case); W1 must flip ***

  L321 machinery loaded (12 X-COP clusters, reference A2319); kernel nu_mono; carrier orbits 'universal', observables 'universal'
  S_8 (L319 solver): f_d 0.8: 800:0.815, 1000:0.803, 1200:0.788, 1400:0.773, 1600:0.757, 2000:0.724, 2500:0.685; f_d 0.9: 800:0.808, 1000:0.792, 1200:0.774, 1400:0.755, 1600:0.735, 2000:0.695, 2500:0.647; f_d 0.95: 800:0.802, 1000:0.783, 1200:0.762, 1400:0.740, 1600:0.717, 2000:0.672, 2500:0.618   [653s]

==============================================================================================================
C1  CONTROL: L321's (non-Lagrangian) additive orbits give L322/L345's alternative window (f_d 0.8-0.9, v_k ~1300-1500)
==============================================================================================================
    (skipped under MUTATE)

==============================================================================================================
C2  RETENTION UNDER THE NEWTONIAN FORCE LAW vs L321's ADDITIVE ORBITS (canonical, f_d = 0.9)
==============================================================================================================
    v_k 1000: cluster retained fraction newtonian 0.817 vs additive 0.909;  Milky Way (30 kpc) 0.031 vs 0.074
    v_k 1500: cluster retained fraction newtonian 0.533 vs additive 0.766;  Milky Way (30 kpc) 0.031 vs 0.074
    v_k 2000: cluster retained fraction newtonian 0.253 vs additive 0.573;  Milky Way (30 kpc) 0.031 vs 0.074
  [PASS] C2 (documentary) the Newtonian force law retains less carrier than L321's additive orbits, in clusters and galaxies
         measured: 1000: cl 0.82/0.91, MW 0.03/0.07; 1500: cl 0.53/0.77, MW 0.03/0.07; 2000: cl 0.25/0.57, MW 0.03/0.07

==============================================================================================================
W1  THE WINDOW with carrier orbits 'universal' and observables 'universal' (both footings, f_d 0.8-0.95, v_k 800-2500)
==============================================================================================================
    canonical f_d 0.80: 800:1.71  1000:1.69  1200:1.66  1400:1.62  1600:1.57  2000:1.47  2500:1.30   [X-COP NT-corrected median; 1194s]
    canonical f_d 0.90: 800:1.71  1000:1.69  1200:1.65  1400:1.61  1600:1.55  2000:1.42  2500:1.23   [X-COP NT-corrected median; 1403s]
    canonical f_d 0.95: 800:1.70  1000:1.68  1200:1.64  1400:1.60  1600:1.54  2000:1.40  2500:1.20   [X-COP NT-corrected median; 1607s]
    alt       f_d 0.80: 800:1.83  1000:1.80  1200:1.78  1400:1.74  1600:1.69  2000:1.58  2500:1.43   [X-COP NT-corrected median; 1794s]
    alt       f_d 0.90: 800:1.82  1000:1.79  1200:1.77  1400:1.73  1600:1.67  2000:1.54  2500:1.36   [X-COP NT-corrected median; 1937s]
    alt       f_d 0.95: 800:1.82  1000:1.80  1200:1.75  1400:1.72  1600:1.66  2000:1.52  2500:1.32   [X-COP NT-corrected median; 2089s]
    strict window: none;  alternative window: none
  [FAIL] W1 under the Lagrangian kernel-invisible coupling the Lambda-triggered carrier HAS a window (X-COP, S_8 and galaxies together, under at least one pre-declared threshold set)
         measured: strict none; alt none
         reading:  the two live fronts are compatible through L353's construction if this passes

==============================================================================================================
VERDICT
==============================================================================================================
  With the carrier's orbits under the force law that action = reaction requires (Newtonian, L353) and the observables
  from the construction's metric field, the Lambda-triggered carrier's z = 0 window is: strict none;
  alternative none.  Time 2089 s.

  1/2 checks pass; load-bearing failures: 1; wrote L354_carrier_lagrangian_additive_window_results_MUTATE.json   [2089s]
rc=1
