repo <repo>; sources read at 53f374ae2 ; current head 95bc0a8a4 ; corpus files 1242 ; paragraphs 299184
tex read from 53f374ae2 sha256 cfafe712560b95fb
claims: 140  flag counts: {'CAVEAT': 148, 'SCOPE': 15, 'VERB': 13, 'NUM': 26, 'ARITH': 6, 'LANE': 13, 'CITE': 4, 'NOSRC': 1, 'CLASS': 21}  claims with any flag: 98
ARITH relations: 24  failing: [('R12', 'Unruh sigma'), ('R17', 'BBN gap / quoted error = 2.60 (>= 3 needed for "excluded" if the error is 1 sigma)'), ('R18', 'band 2.28-4.60 sigma vs stated 2.3-3.7'), ('R20', 'abstract 0.33-0.34 vs row None')]
   R01 OK   total 25 = no-gos 22 + 2 + 1
   R02 OK   table rows 25, no-go 22, no mechanism 2, realisable 1 vs prose 25/22/2/1
   R03 OK   sum 54 vs 54
   R04 OK   cumulative steps [('47', '219'), ('62', '281'), ('50', '331')]
   R05 OK   verifier 331, abstract 331, last step 331
   R06 OK   B kill line >= 1 + 3 x 0.028: 1.084
   R07 OK   bare-law kill line "<=" and below the floor: 1.077
   R08 OK   cap (floor-1)/sigma_sys = 8.05
   R09 OK   N3sigma 4367 vs 4,300
   R10 OK   KM z 3.77
   R11 OK   fractions 0.068 0.104
   R12 FAIL Unruh sigma
   R13 OK   1/2 inside both
   R14 OK   Gamma tau x needed rates
   R15 OK   R*^2 Lambda = 8 pi and a0 = c^2/(2R*) give kappa = 1/2
   R16 OK   32 pi = 2^2 x 8 pi; rational 4
   R17 FAIL BBN gap / quoted error = 2.60 (>= 3 needed for "excluded" if the error is 1 sigma)
   R18 FAIL band 2.28-4.60 sigma vs stated 2.3-3.7
   R19 OK   abstract 3.5--3.9 vs section 5 3.5 to 3.9
   R20 FAIL abstract 0.33-0.34 vs row None
   R21 OK   Gap 2 upper 22.5 vs S6 22.5
   R22 OK   both of 40
   R23 OK   latch n 0.791 0.791 0.791
   R24 OK   abstract -1376.8 vs S1 -1376.8
no classification table yet
