CFG106  MUTATE=True  spec sha256 0c59086f9788f453

== C1-C4 closed-form checks of the Jeans/anisotropy solver ==
  [PASS] C1 point mass: s_r^2 = GM/((gamma+1-2beta) r) at 4 (gamma,beta)   (max rel err 6.7e-05)
  [PASS] C2 flat curve: s_r^2 = v^2/(gamma-2beta), s_los^2 = v^2 (gamma-beta(gamma-1))/(gamma(gamma-2beta))   (1.4e-05, 7.2e-06)
  [PASS] C3 point-mass s_los(R) from Gamma-function closed form   (max rel err 1.3e-05)
  [PASS] C4 beta=0 constant s_r => s_los = s_r; projection denominator = Gamma closed form   (max rel err 5.1e-11)

== sample ==
  GC RVs parsed (h50 key) 3440; galaxies in dispersion sample 19; JAM sample 16: NGC1023, NGC2768, NGC3377, NGC3607, NGC4278, NGC4365, NGC4374, NGC4459, NGC4473, NGC4486, NGC4494, NGC4526, NGC4649, NGC4697, NGC5846, NGC7457
  [PASS] S1 sample = 27 galaxies / 3440 GC RVs / 19 dispersion galaxies / 16 with JAM
  published gamma_i: 1023:2.89, 2768:2.75, 3377:3.20, 3607:2.63, 4278:2.91, 4365:2.56, 4374:2.56, 4459:2.89, 4473:2.91, 4486:2.49, 4494:2.87, 4526:2.72, 4649:2.50, 4697:2.79, 5846:2.59, 7457:3.43  | range 2.49-3.43, mean 2.792

== calibrating masses (JAM, Hernquist-fraction variant, SLUGGS masses) ==
  rule roots present: canonical 16/16, alt 16/16  (1s)
  MUTATE canonical: weakest law cell (delta,beta)=(-0.4, 0.5), z=0.586, D=+0.01256 dex removed (bins x 0.97150)
  MUTATE alt: weakest law cell (delta,beta)=(-0.4, 0.5), z=0.076, D=+0.00163 dex removed (bins x 0.99626)

== MAIN: the 5 x 5 box (JAM-calibrated masses, N=16) ==  [MUTATE]

 law z, canonical:
  delta\beta    -0.50   -0.25    0.00    0.25    0.50
  -0.4         2.417   2.134   1.724   1.090   0.000
  -0.2         2.772   2.627   2.416   2.085   1.508
  +0.0         3.124   3.098   3.054   2.973   2.806
  +0.2         3.470   3.548   3.647   3.775   3.941
  +0.4         3.809   3.977   4.200   4.505   4.947
 law mean offset (dex), canonical:
  delta\beta    -0.50   -0.25    0.00    0.25    0.50
  -0.4         0.056   0.049   0.039   0.024   0.000
  -0.2         0.065   0.061   0.055   0.046   0.033
  +0.0         0.073   0.072   0.070   0.066   0.061
  +0.2         0.081   0.082   0.083   0.085   0.087
  +0.4         0.089   0.092   0.096   0.102   0.110

 law err (dex), canonical:
  delta\beta    -0.50   -0.25    0.00    0.25    0.50
  -0.4         0.023   0.023   0.023   0.022   0.021
  -0.2         0.023   0.023   0.023   0.022   0.022
  +0.0         0.023   0.023   0.023   0.022   0.022
  +0.2         0.023   0.023   0.023   0.022   0.022
  +0.4         0.023   0.023   0.023   0.023   0.022


 rule z, canonical:
  delta\beta    -0.50   -0.25    0.00    0.25    0.50
  -0.4         0.153  -0.404  -1.120  -2.037  -3.175
  -0.2         0.754   0.378  -0.116  -0.767  -1.611
  +0.0         1.340   1.129   0.843   0.453  -0.080
  +0.2         1.905   1.843   1.751   1.610   1.396
  +0.4         2.448   2.521   2.605   2.699   2.799
 rule mean offset (dex), canonical:
  delta\beta    -0.50   -0.25    0.00    0.25    0.50
  -0.4         0.003  -0.007  -0.021  -0.039  -0.068
  -0.2         0.013   0.007  -0.002  -0.014  -0.033
  +0.0         0.023   0.020   0.015   0.008  -0.002
  +0.2         0.033   0.032   0.031   0.029   0.027
  +0.4         0.043   0.044   0.046   0.048   0.052

 rule err (dex), canonical:
  delta\beta    -0.50   -0.25    0.00    0.25    0.50
  -0.4         0.018   0.018   0.018   0.019   0.021
  -0.2         0.018   0.018   0.018   0.019   0.020
  +0.0         0.017   0.018   0.018   0.018   0.020
  +0.2         0.017   0.018   0.018   0.018   0.019
  +0.4         0.017   0.017   0.018   0.018   0.019


 law z, alt:
  delta\beta    -0.50   -0.25    0.00    0.25    0.50
  -0.4         2.515   2.217   1.789   1.127  -0.000
  -0.2         2.882   2.725   2.498   2.144   1.534
  +0.0         3.245   3.209   3.152   3.051   2.855
  +0.2         3.601   3.671   3.758   3.870   4.011
  +0.4         3.949   4.110   4.323   4.615   5.037
 law mean offset (dex), alt:
  delta\beta    -0.50   -0.25    0.00    0.25    0.50
  -0.4         0.058   0.051   0.040   0.025  -0.000
  -0.2         0.067   0.062   0.056   0.047   0.033
  +0.0         0.075   0.074   0.071   0.068   0.062
  +0.2         0.084   0.085   0.085   0.086   0.088
  +0.4         0.092   0.095   0.099   0.104   0.111

 law err (dex), alt:
  delta\beta    -0.50   -0.25    0.00    0.25    0.50
  -0.4         0.023   0.023   0.022   0.022   0.021
  -0.2         0.023   0.023   0.022   0.022   0.022
  +0.0         0.023   0.023   0.023   0.022   0.022
  +0.2         0.023   0.023   0.023   0.022   0.022
  +0.4         0.023   0.023   0.023   0.022   0.022


 rule z, alt:
  delta\beta    -0.50   -0.25    0.00    0.25    0.50
  -0.4         0.852   0.298  -0.436  -1.417  -2.696
  -0.2         1.442   1.079   0.588  -0.088  -1.012
  +0.0         2.013   1.821   1.552   1.167   0.606
  +0.2         2.561   2.521   2.454   2.339   2.138
  +0.4         3.087   3.182   3.295   3.426   3.570
 rule mean offset (dex), alt:
  delta\beta    -0.50   -0.25    0.00    0.25    0.50
  -0.4         0.015   0.005  -0.008  -0.026  -0.055
  -0.2         0.025   0.019   0.010  -0.002  -0.020
  +0.0         0.035   0.032   0.027   0.021   0.011
  +0.2         0.045   0.044   0.043   0.042   0.039
  +0.4         0.054   0.056   0.058   0.060   0.065

 rule err (dex), alt:
  delta\beta    -0.50   -0.25    0.00    0.25    0.50
  -0.4         0.018   0.018   0.018   0.019   0.020
  -0.2         0.018   0.018   0.018   0.018   0.019
  +0.0         0.018   0.018   0.018   0.018   0.019
  +0.2         0.018   0.018   0.018   0.018   0.018
  +0.4         0.018   0.018   0.018   0.018   0.018

  R3-count canonical: law z>2 in 21/25 cells; rule |z|<2 in 18/25; law smallest at (delta,beta)=(-0.4, 0.5): +0.0000 +- 0.0214 dex, z=0.000
     law cells below 2 sigma: (-0.4,+0.00):1.72, (-0.4,+0.25):1.09, (-0.4,+0.50):0.00, (-0.2,+0.50):1.51
     rule cells |z|>=2: (-0.4,+0.25):-2.04, (-0.4,+0.50):-3.18, (+0.4,-0.50):+2.45, (+0.4,-0.25):+2.52, (+0.4,+0.00):+2.60, (+0.4,+0.25):+2.70, (+0.4,+0.50):+2.80
  R3-count alt: law z>2 in 21/25 cells; rule |z|<2 in 13/25; law smallest at (delta,beta)=(-0.4, 0.5): -0.0000 +- 0.0214 dex, z=-0.000
     law cells below 2 sigma: (-0.4,+0.00):1.79, (-0.4,+0.25):1.13, (-0.4,+0.50):-0.00, (-0.2,+0.50):1.53
     rule cells |z|>=2: (-0.4,+0.50):-2.70, (+0.0,-0.50):+2.01, (+0.2,-0.50):+2.56, (+0.2,-0.25):+2.52, (+0.2,+0.00):+2.45, (+0.2,+0.25):+2.34, (+0.2,+0.50):+2.14, (+0.4,-0.50):+3.09, (+0.4,-0.25):+3.18, (+0.4,+0.00):+3.30, (+0.4,+0.25):+3.43, (+0.4,+0.50):+3.57
  H1_CFG114 (law > 2 sigma in EVERY cell, both footings): FALSE (reported only)

== gates ==
  G0 values: can law +0.08445 +- 0.02431 z=3.473 N=16; can rule +0.03311 +- 0.01771 z=1.869 N=16; alt law +0.08644 +- 0.02414 z=3.581 N=16; alt rule +0.04503 +- 0.01792 z=2.513 N=16
  [FAIL] G0 baseline gamma=3, beta=0 reproduces CFG55/CFG76 (law +0.0970 3.99s, rule +0.0456 2.58s; alt 3.65/2.6)
  [FAIL] G1 published gamma_i, beta=0 (CFG111 cell): law +0.082 z 3.60/3.22, rule +0.028 z 1.55/1.64   (law +0.0695 z 3.054/3.152; rule +0.0150 z 0.843/1.552)
  [FAIL] G2 beta row at published slopes (CFG113): law/rule z, both footings, and law means   (max |dz| 0.720, max |d mean| 0.0129)
  [FAIL] G3 [HEADLINE] law z>2 in 23/25 canonical and 21/25 alt; rule |z|<2 in 13/25 on each footing   (got 21, 21, 18, 13)
  [FAIL] G4 corner (delta -0.4, beta +0.5): law +0.013 +- 0.022 z 0.59 (alt 0.08); rule z -2.59   (law +0.0000 +- 0.0214 z 0.000; alt z -0.000; rule z -3.175)
  [FAIL] G5 canonical law z table (25 cells, +-0.02) and the four alt cells below 2 sigma   (max |dz| canonical 0.590; alt below-2 cells [((-0.4, 0.0), 1.7887974733775223), ((-0.4, 0.25), 1.1272187719918811), ((-0.4, 0.5), -8.933340955914557e-16), ((-0.2, 0.5), 1.533875818323921)])
  [FAIL] G6 rule |z|>=2 exactly in the 10 steep-slope cells, (0,-0.5) and the corner, both footings   (canonical extra [(-0.4, 0.25)] missing [(0.0, -0.5), (0.2, -0.5), (0.2, -0.25), (0.2, 0.0), (0.2, 0.25), (0.2, 0.5)]; alt extra [] missing [])
  building resolution-doubled masses (C5) ...
  [PASS] C5 doubling the radial grid (8000) and GL nodes (48) moves every box mean by < 1e-5 dex   (max 3.6e-06)
  [FAIL] C6 (0,0) cell equals G1's numbers and the beta row at published slopes is monotone

== R2 corner variants ==
  canonical: corner law, JAM masses z=+0.00; SLUGGS pop masses law z=-0.78 rule z=-4.28 (CFG114 README: -0.24 canonical law); no centrals (N=12) law z=-1.11 rule z=-2.37 (README -0.58); ddof=0 law z=+0.00; Hernquist-fraction calibration law z=-0.42 rule z=-3.38
     cells law z>2: SLUGGS masses 10/25, Hernquist-fraction 19/25 ; rule |z|<2: SLUGGS masses 18/25, Hernquist 22/25 ; published-cell law z: SLUGGS masses 1.92, Hernquist 2.73
  alt: corner law, JAM masses z=-0.00; SLUGGS pop masses law z=-1.03 rule z=-4.20 (CFG114 README: -0.24 canonical law); no centrals (N=12) law z=-1.10 rule z=-2.14 (README -0.58); ddof=0 law z=-0.00; Hernquist-fraction calibration law z=-0.41 rule z=-3.09
     cells law z>2: SLUGGS masses 10/25, Hernquist-fraction 19/25 ; rule |z|<2: SLUGGS masses 19/25, Hernquist 18/25 ; published-cell law z: SLUGGS masses 1.77, Hernquist 2.83
  (MUTATE: R3-R8 skipped)
  MUTATE failing checks: G3 [HEADLINE] law z>2 in 23/25 canonical and 21/25 alt; rule |z|<2 in 13/25 on each footing; G4 corner (delta -0.4, beta +0.5): law +0.013 +- 0.022 z 0.59 (alt 0.08); rule z -2.59; G5 canonical law z table (25 cells, +-0.02) and the four alt cells below 2 sigma

elapsed 3s
FAILED CHECKS (8): G0 baseline gamma=3, beta=0 reproduces CFG55/CFG76 (law +0.0970 3.99s, rule +0.0456 2.58s; alt 3.65/2.6); G1 published gamma_i, beta=0 (CFG111 cell): law +0.082 z 3.60/3.22, rule +0.028 z 1.55/1.64; G2 beta row at published slopes (CFG113): law/rule z, both footings, and law means; G3 [HEADLINE] law z>2 in 23/25 canonical and 21/25 alt; rule |z|<2 in 13/25 on each footing; G4 corner (delta -0.4, beta +0.5): law +0.013 +- 0.022 z 0.59 (alt 0.08); rule z -2.59; G5 canonical law z table (25 cells, +-0.02) and the four alt cells below 2 sigma; G6 rule |z|>=2 exactly in the 10 steep-slope cells, (0,-0.5) and the corner, both footings; C6 (0,0) cell equals G1's numbers and the beta row at published slopes is monotone
