
======================================================================================================================
CFG121 C  (footing second, a0 = 769.29 in H0^2 Mpc; N = 512; MUTATE='')
======================================================================================================================

======================================================================================================================
I  integrity: LCDM reference growth vs analytic (matter+Lambda+radiation), and convergence N -> 2N, rtol -> rtol/100
======================================================================================================================
  [PASS] I1 reference (Q = 0) growth D(z=10)/D(z=100)
         solver 9.0217; Meszaros matter+radiation analytic 9.0244 (Lambda suppression at z = 10 is O(1e-3))
  [PASS] I2 convergence V_B (Q=3.0, k=2, A=1e-3, cold)
         N 512->1024: 1.26e-06; rtol 1e-8 -> 1e-10: 4.77e-10 (line 1e-2)
  [PASS] I2 convergence V_U (Q=3.0, k=2, A=1e-3, cold)
         N 512->1024: 6.92e-11; rtol 1e-8 -> 1e-10: 1.99e-10 (line 1e-2)

======================================================================================================================
C1  growth at z = 10 (z_i = 100): worst |D_model/D_LCDM - 1| over baryons, medium, total matter; 4 k, 3 amplitudes, 2 dipole ICs; line 0.05
======================================================================================================================
  V_U central (Q = 1, kappa_I = 1): worst deviation inf  (collapsed runs: 6/24)
      k=  0.5: A=1e-04,cold: b 1.3116 D 1.3116 tot 1.3116 (0.312); A=1e-04,eq: b 10.9587 D 10.9587 tot 10.9587 (9.96); A=1e-03,cold: b 1.3116 D 1.3116 tot 1.3116 (0.312); A=1e-03,eq: b 4.1189 D 4.1189 tot 4.1189 (3.12); A=1e-02,cold: b 1.3114 D 1.3114 tot 1.3114 (0.311); A=1e-02,eq: COLLAPSED z=10.6 (inf)
      k=  2.0: A=1e-04,cold: b 1.3116 D 1.3116 tot 1.3116 (0.312); A=1e-04,eq: b 20.9787 D 20.9787 tot 20.9787 (20); A=1e-03,cold: b 1.3116 D 1.3116 tot 1.3116 (0.312); A=1e-03,eq: b 7.2785 D 7.2785 tot 7.2785 (6.28); A=1e-02,cold: b 1.3117 D 1.3117 tot 1.3117 (0.312); A=1e-02,eq: COLLAPSED z=18.2 (inf)
      k= 10.0: A=1e-04,cold: b 1.3116 D 1.3116 tot 1.3116 (0.312); A=1e-04,eq: b 45.7560 D 45.7560 tot 45.7560 (44.8); A=1e-03,cold: b 1.3116 D 1.3116 tot 1.3116 (0.312); A=1e-03,eq: COLLAPSED z=13.1 (inf); A=1e-02,cold: b 1.3118 D 1.3118 tot 1.3118 (0.312); A=1e-02,eq: COLLAPSED z=32.0 (inf)
      k= 30.0: A=1e-04,cold: b 1.3116 D 1.3116 tot 1.3116 (0.312); A=1e-04,eq: b 78.5708 D 78.5708 tot 78.5708 (77.6); A=1e-03,cold: b 1.3116 D 1.3116 tot 1.3116 (0.312); A=1e-03,eq: COLLAPSED z=20.5 (inf); A=1e-02,cold: b 1.3118 D 1.3118 tot 1.3118 (0.312); A=1e-02,eq: COLLAPSED z=43.1 (inf)
  >> C1_V_U_central: FAIL -- worst deviation inf vs 0.05 (Q = 1, kappa_I = 1)
  V_U star    (Q = 138.7, kappa_I = 1): worst deviation inf  (collapsed runs: 24/24)
      k=  0.5: A=1e-04,cold: COLLAPSED z=26.5 (inf); A=1e-04,eq: COLLAPSED z=27.7 (inf); A=1e-03,cold: COLLAPSED z=29.4 (inf); A=1e-03,eq: COLLAPSED z=30.0 (inf); A=1e-02,cold: COLLAPSED z=33.5 (inf); A=1e-02,eq: COLLAPSED z=34.1 (inf)
      k=  2.0: A=1e-04,cold: COLLAPSED z=34.1 (inf); A=1e-04,eq: COLLAPSED z=36.9 (inf); A=1e-03,cold: COLLAPSED z=38.5 (inf); A=1e-03,eq: COLLAPSED z=40.0 (inf); A=1e-02,cold: COLLAPSED z=43.8 (inf); A=1e-02,eq: COLLAPSED z=44.7 (inf)
      k= 10.0: A=1e-04,cold: COLLAPSED z=41.0 (inf); A=1e-04,eq: COLLAPSED z=47.0 (inf); A=1e-03,cold: COLLAPSED z=47.3 (inf); A=1e-03,eq: COLLAPSED z=51.0 (inf); A=1e-02,cold: COLLAPSED z=54.5 (inf); A=1e-02,eq: COLLAPSED z=56.3 (inf)
      k= 30.0: A=1e-04,cold: COLLAPSED z=44.1 (inf); A=1e-04,eq: COLLAPSED z=52.7 (inf); A=1e-03,cold: COLLAPSED z=51.5 (inf); A=1e-03,eq: COLLAPSED z=57.3 (inf); A=1e-02,cold: COLLAPSED z=59.9 (inf); A=1e-02,eq: COLLAPSED z=63.1 (inf)
  >> C1_V_U_star: FAIL -- worst deviation inf vs 0.05 (Q = 138.7, kappa_I = 1)
  V_B central (Q = 1, kappa_I = 1): worst deviation inf  (collapsed runs: 1/24)
      k=  0.5: A=1e-04,cold: b 1.0411 D 1.0013 tot 1.0076 (0.0411); A=1e-04,eq: b 3.1680 D 1.2711 tot 1.5695 (2.17); A=1e-03,cold: b 1.0411 D 1.0013 tot 1.0076 (0.0411); A=1e-03,eq: b 1.6904 D 1.0841 tot 1.1795 (0.69); A=1e-02,cold: b 1.0411 D 1.0013 tot 1.0076 (0.0411); A=1e-02,eq: b 1.2246 D 1.0251 tot 1.0565 (0.225)
      k=  2.0: A=1e-04,cold: b 1.0411 D 1.0013 tot 1.0076 (0.0411); A=1e-04,eq: b 5.3295 D 1.5447 tot 2.1401 (4.33); A=1e-03,cold: b 1.0411 D 1.0013 tot 1.0076 (0.0411); A=1e-03,eq: b 2.3736 D 1.1706 tot 1.3598 (1.37); A=1e-02,cold: b 1.0411 D 1.0013 tot 1.0076 (0.0411); A=1e-02,eq: b 1.4395 D 1.0524 tot 1.1133 (0.44)
      k= 10.0: A=1e-04,cold: b 1.0411 D 1.0013 tot 1.0076 (0.0411); A=1e-04,eq: b 10.6732 D 2.2211 tot 3.5507 (9.67); A=1e-03,cold: b 1.0411 D 1.0013 tot 1.0076 (0.0411); A=1e-03,eq: b 4.0632 D 1.3845 tot 1.8058 (3.06); A=1e-02,cold: b 1.0411 D 1.0013 tot 1.0076 (0.0411); A=1e-02,eq: b 1.9730 D 1.1200 tot 1.2541 (0.973)
      k= 30.0: A=1e-04,cold: b 1.0411 D 1.0013 tot 1.0076 (0.0411); A=1e-04,eq: b 17.7498 D 3.1169 tot 5.4187 (16.7); A=1e-03,cold: b 1.0411 D 1.0013 tot 1.0076 (0.0411); A=1e-03,eq: b 6.3009 D 1.6677 tot 2.3965 (5.3); A=1e-02,cold: b 1.0411 D 1.0013 tot 1.0076 (0.0411); A=1e-02,eq: COLLAPSED z=16.3 (inf)
  >> C1_V_B_central: FAIL -- worst deviation inf vs 0.05 (Q = 1, kappa_I = 1)
  V_B star    (Q = 9.677, kappa_I = 0.667): worst deviation inf  (collapsed runs: 6/24)
      k=  0.5: A=1e-04,cold: b 8.8770 D 1.2124 tot 2.4181 (7.88); A=1e-04,eq: b 16.5316 D 1.5702 tot 3.9237 (15.5); A=1e-03,cold: b 6.4598 D 1.1729 tot 2.0045 (5.46); A=1e-03,eq: b 7.3505 D 1.2368 tot 2.1985 (6.35); A=1e-02,cold: b 2.8495 D 1.0762 tot 1.3552 (1.85); A=1e-02,eq: COLLAPSED z=11.7 (inf)
      k=  2.0: A=1e-04,cold: b 9.2005 D 1.2168 tot 2.4727 (8.2); A=1e-04,eq: b 27.7297 D 2.0199 tot 6.0641 (26.7); A=1e-03,cold: b 8.3087 D 1.2042 tot 2.3217 (7.31); A=1e-03,eq: b 12.0423 D 1.3992 tot 3.0734 (11); A=1e-02,cold: b 4.7984 D 1.1360 tot 1.7121 (3.8); A=1e-02,eq: COLLAPSED z=14.5 (inf)
      k= 10.0: A=1e-04,cold: b 9.2919 D 1.2181 tot 2.4881 (8.29); A=1e-04,eq: b 54.5328 D 3.1190 tot 11.2065 (53.5); A=1e-03,cold: b 9.0885 D 1.2153 tot 2.4538 (8.09); A=1e-03,eq: COLLAPSED z=10.7 (inf); A=1e-02,cold: b 7.5129 D 1.1915 tot 2.1858 (6.51); A=1e-02,eq: COLLAPSED z=19.5 (inf)
      k= 30.0: A=1e-04,cold: b 9.3073 D 1.2183 tot 2.4907 (8.31); A=1e-04,eq: b 89.7930 D 4.5711 tot 17.9768 (88.8); A=1e-03,cold: b 9.2373 D 1.2173 tot 2.4789 (8.24); A=1e-03,eq: COLLAPSED z=13.7 (inf); A=1e-02,cold: b 8.5457 D 1.2075 tot 2.3619 (7.55); A=1e-02,eq: COLLAPSED z=24.6 (inf)
  >> C1_V_B_star: FAIL -- worst deviation inf vs 0.05 (Q = 9.677, kappa_I = 0.667)
  >> G2_V_U: FAIL -- both parameter sets must pass: central worst inf, star worst inf
  >> G2_V_B: FAIL -- both parameter sets must pass: central worst inf, star worst inf

======================================================================================================================
C3  regime map: omega^2/H^2 = 1.5 Oc a^-3 (Q^2/kappa_I)/(h' H^2) with g_N from the LCDM linear field (V_B: baryon-only field)
======================================================================================================================
  z=   50 k= 2.0 A=1e-04 V_U central: g/a0 = 1.56e-04, h' = 39, omega^2/H^2 = 0.0319  (free-dipole)
  z=   50 k= 2.0 A=1e-04 V_U star   : g/a0 = 1.56e-04, h' = 39, omega^2/H^2 = 614  (adiabatic)
  z=   50 k= 2.0 A=1e-04 V_B central: g/a0 = 2.46e-05, h' = 99.9, omega^2/H^2 = 0.0125  (free-dipole)
  z=   50 k= 2.0 A=1e-04 V_B star   : g/a0 = 2.46e-05, h' = 99.9, omega^2/H^2 = 1.75  (adiabatic)
  z=   50 k= 2.0 A=1e-02 V_U central: g/a0 = 1.56e-02, h' = 3.09, omega^2/H^2 = 0.402  (free-dipole)
  z=   50 k= 2.0 A=1e-02 V_U star   : g/a0 = 1.56e-02, h' = 3.09, omega^2/H^2 = 7.74e+03  (adiabatic)
  z=   50 k= 2.0 A=1e-02 V_B central: g/a0 = 2.46e-03, h' = 9.13, omega^2/H^2 = 0.136  (free-dipole)
  z=   50 k= 2.0 A=1e-02 V_B star   : g/a0 = 2.46e-03, h' = 9.13, omega^2/H^2 = 19.2  (adiabatic)
  z=   50 k=30.0 A=1e-04 V_U central: g/a0 = 1.04e-05, h' = 154, omega^2/H^2 = 0.00809  (free-dipole)
  z=   50 k=30.0 A=1e-04 V_U star   : g/a0 = 1.04e-05, h' = 154, omega^2/H^2 = 156  (adiabatic)
  z=   50 k=30.0 A=1e-04 V_B central: g/a0 = 1.64e-06, h' = 390, omega^2/H^2 = 0.0032  (free-dipole)
  z=   50 k=30.0 A=1e-04 V_B star   : g/a0 = 1.64e-06, h' = 390, omega^2/H^2 = 0.449  (free-dipole)
  z=   50 k=30.0 A=1e-02 V_U central: g/a0 = 1.04e-03, h' = 14.5, omega^2/H^2 = 0.0858  (free-dipole)
  z=   50 k=30.0 A=1e-02 V_U star   : g/a0 = 1.04e-03, h' = 14.5, omega^2/H^2 = 1.65e+03  (adiabatic)
  z=   50 k=30.0 A=1e-02 V_B central: g/a0 = 1.64e-04, h' = 38.1, omega^2/H^2 = 0.0327  (free-dipole)
  z=   50 k=30.0 A=1e-02 V_B star   : g/a0 = 1.64e-04, h' = 38.1, omega^2/H^2 = 4.59  (adiabatic)
  z=   10 k= 2.0 A=1e-04 V_U central: g/a0 = 3.34e-05, h' = 85.5, omega^2/H^2 = 0.0147  (free-dipole)
  z=   10 k= 2.0 A=1e-04 V_U star   : g/a0 = 3.34e-05, h' = 85.5, omega^2/H^2 = 283  (adiabatic)
  z=   10 k= 2.0 A=1e-04 V_B central: g/a0 = 5.25e-06, h' = 217, omega^2/H^2 = 0.00579  (free-dipole)
  z=   10 k= 2.0 A=1e-04 V_B star   : g/a0 = 5.25e-06, h' = 217, omega^2/H^2 = 0.813  (free-dipole)
  z=   10 k= 2.0 A=1e-02 V_U central: g/a0 = 3.34e-03, h' = 7.69, omega^2/H^2 = 0.163  (free-dipole)
  z=   10 k= 2.0 A=1e-02 V_U star   : g/a0 = 3.34e-03, h' = 7.69, omega^2/H^2 = 3.15e+03  (adiabatic)
  z=   10 k= 2.0 A=1e-02 V_B central: g/a0 = 5.25e-04, h' = 20.8, omega^2/H^2 = 0.0604  (free-dipole)
  z=   10 k= 2.0 A=1e-02 V_B star   : g/a0 = 5.25e-04, h' = 20.8, omega^2/H^2 = 8.48  (adiabatic)
  z=   10 k=30.0 A=1e-04 V_U central: g/a0 = 2.23e-06, h' = 334, omega^2/H^2 = 0.00377  (free-dipole)
  z=   10 k=30.0 A=1e-04 V_U star   : g/a0 = 2.23e-06, h' = 334, omega^2/H^2 = 72.5  (adiabatic)
  z=   10 k=30.0 A=1e-04 V_B central: g/a0 = 3.50e-07, h' = 844, omega^2/H^2 = 0.00149  (free-dipole)
  z=   10 k=30.0 A=1e-04 V_B star   : g/a0 = 3.50e-07, h' = 844, omega^2/H^2 = 0.209  (free-dipole)
  z=   10 k=30.0 A=1e-02 V_U central: g/a0 = 2.23e-04, h' = 32.5, omega^2/H^2 = 0.0387  (free-dipole)
  z=   10 k=30.0 A=1e-02 V_U star   : g/a0 = 2.23e-04, h' = 32.5, omega^2/H^2 = 744  (adiabatic)
  z=   10 k=30.0 A=1e-02 V_B central: g/a0 = 3.50e-05, h' = 83.5, omega^2/H^2 = 0.0151  (free-dipole)
  z=   10 k=30.0 A=1e-02 V_B star   : g/a0 = 3.50e-05, h' = 83.5, omega^2/H^2 = 2.12  (adiabatic)

======================================================================================================================
C2  CMB screen at z = 1100 (z_i = 5000, radiation in H, baryons treated as pressureless: an effective-fluid screen, not a Boltzmann code)
======================================================================================================================
  V_U central (Q = 1, kappa_I = 1): worst max(|delta_pol/delta_D|, |D/D_LCDM-1|) = 0.4587
       k=0.01,A=1e-05,cold: delta_pol/delta_D = +2.465e-01, D-growth dev 4.01e-02
       k=0.01,A=1e-05,eq: delta_pol/delta_D = +2.516e-01, D-growth dev 4.53e-02
       k=0.01,A=1e-04,cold: delta_pol/delta_D = +5.618e-02, D-growth dev 1.28e-02
       k=0.01,A=1e-04,eq: delta_pol/delta_D = +5.532e-02, D-growth dev 1.29e-02
       k=0.01,A=1e-03,cold: delta_pol/delta_D = +3.164e-02, D-growth dev 9.39e-03
       k=0.01,A=1e-03,eq: delta_pol/delta_D = +3.153e-02, D-growth dev 9.40e-03
  >> C2_V_U_central: FAIL -- |delta_eff/delta_D - 1| and medium growth <= 0.05 needed; worst 0.4587
  V_U star    (Q = 138.7, kappa_I = 1): worst max(|delta_pol/delta_D|, |D/D_LCDM-1|) = 4.326
       k=0.01,A=1e-05,cold: delta_pol/delta_D = +3.012e-01, D-growth dev 5.26e-02
       k=0.01,A=1e-05,eq: delta_pol/delta_D = +3.010e-01, D-growth dev 5.44e-02
       k=0.01,A=1e-04,cold: delta_pol/delta_D = +4.814e-02, D-growth dev 1.41e-02
       k=0.01,A=1e-04,eq: delta_pol/delta_D = +5.148e-02, D-growth dev 1.41e-02
       k=0.01,A=1e-03,cold: delta_pol/delta_D = +2.521e-02, D-growth dev 1.01e-02
       k=0.01,A=1e-03,eq: delta_pol/delta_D = +2.526e-02, D-growth dev 1.01e-02
  >> C2_V_U_star: FAIL -- |delta_eff/delta_D - 1| and medium growth <= 0.05 needed; worst 4.326
  >> C2_V_U: FAIL -- both parameter sets; c_eff^2 half of the line: the polarisation sector has no gradient term so the medium is pressureless (c_eff^2 = 0 by construction, a DEFINITION made at phase 2, not a computed sound speed; k = 1e-3 /Mpc is super-horizon at z = 1100 and is NOT evaluated)
  V_B central (Q = 1, kappa_I = 1): worst max(|delta_pol/delta_D|, |D/D_LCDM-1|) = 0.1572
       k=0.01,A=1e-05,cold: delta_pol/delta_D = +7.114e-02, D-growth dev 7.61e-05
       k=0.01,A=1e-05,eq: delta_pol/delta_D = +7.029e-02, D-growth dev 2.67e-04
       k=0.01,A=1e-04,cold: delta_pol/delta_D = +2.887e-02, D-growth dev 5.74e-05
       k=0.01,A=1e-04,eq: delta_pol/delta_D = +2.987e-02, D-growth dev 7.30e-05
       k=0.01,A=1e-03,cold: delta_pol/delta_D = +7.336e-03, D-growth dev 2.94e-05
       k=0.01,A=1e-03,eq: delta_pol/delta_D = +7.240e-03, D-growth dev 3.00e-05
  >> C2_V_B_central: FAIL -- |delta_eff/delta_D - 1| and medium growth <= 0.05 needed; worst 0.1572
  V_B star    (Q = 9.677, kappa_I = 0.667): worst max(|delta_pol/delta_D|, |D/D_LCDM-1|) = 3.714
       k=0.01,A=1e-05,cold: delta_pol/delta_D = +2.247e-01, D-growth dev 5.00e-04
       k=0.01,A=1e-05,eq: delta_pol/delta_D = +2.233e-01, D-growth dev 5.93e-04
       k=0.01,A=1e-04,cold: delta_pol/delta_D = +3.277e-02, D-growth dev 8.69e-05
       k=0.01,A=1e-04,eq: delta_pol/delta_D = +3.337e-02, D-growth dev 9.07e-05
       k=0.01,A=1e-03,cold: delta_pol/delta_D = +6.816e-03, D-growth dev 3.58e-05
       k=0.01,A=1e-03,eq: delta_pol/delta_D = +6.845e-03, D-growth dev 3.59e-05
  >> C2_V_B_star: FAIL -- |delta_eff/delta_D - 1| and medium growth <= 0.05 needed; worst 3.714
  >> C2_V_B: FAIL -- both parameter sets; c_eff^2 half of the line: the polarisation sector has no gradient term so the medium is pressureless (c_eff^2 = 0 by construction, a DEFINITION made at phase 2, not a computed sound speed; k = 1e-3 /Mpc is super-horizon at z = 1100 and is NOT evaluated)

  NOTE: C2 covers k = 0.01, 0.1, 1 /Mpc only (the frozen k = 1e-3 is super-horizon for a sub-horizon Newtonian solver: UNDECIDED there).

  integrity failures: 0   (651 s)   exit 0
