[PASS] NG-K:K1_F_prime_is_mu  F(y) = y + int_y^inf (1-mu): F' = mu, F - y -> 0
[PASS] NG-K:K1b_F0_is_offset  F(0) = int_0^inf (1-mu) dy = 2 for mu = 1 - exp(-x) (lane K: 2)
[PASS] NG-K:K2_sharp_and_exp  sharp 0.33333333, exponential 2.0
[PASS] NG-K:K2b_milgrom_mu_n_closed_form  (n, quadrature, -(2/n)G(3/n)G(-2/n)/G(1/n)): [(3, '1.0', '1.0'), (4, '0.59907', '0.59907'), (6, '0.431185', '0.431185'), (10, '0.366098', '0.366098')] (lane K: 1, 0.599, 0.431, 0.366)
[PASS] NG-K:K2c_OR_family  c(N) = 2N^2/((N-1)(N-2)): N=3 -> 9, N=5 -> 4.1667; N = 2 diverges (log)
    value NG-K:RAR_fraction_below_x100 = 0.9904491471307088028641853438735420422398
    value NG-K:RAR_fraction_below_x3 = 0.116023772381230275764613220772888263406
    value NG-K:RAR_fraction_below_x10 = 0.4204295310357895190252825196356849741946
    value NG-K:RAR_fraction_below_x30 = 0.8103356445024668021395323434646669255137
    value NG-K:RAR_fraction_below_x100 = 0.9904491471307088028641853438735420422398
[PASS] NG-K:K2e_accumulation_fractions  RAR c accumulated below x = 3, 10, 30, 100: ['0.116', '0.42', '0.81', '0.99'] (Gamma-tail estimate at 100: 0.9897); lane K README:50 says 4%, 25%, 66%, 97% -- DISCREPANT, see compare step
[PASS] NG-K:K2d_RAR_by_inversion  c_RAR (inverted mu) = 25.975757609067; 4 pi^4/15 = 25.975757609067 (lane K: 25.976)
    value NG-K:c_RAR = 25.97575760906731659525051478953107596777
[PASS] NG-K:K3_Nstar  (N-1)(N-2) = 1/(4 pi): N* = 2.0740884, kappa* = 1/N* = 0.48214, G rho/a0^2 = N*^2 = 4.3018
    value NG-K:Nstar = 2.074088383043889565069387223399255934699
    value NG-K:kappa_star = 0.4821395308778599458974995548707051829932
[PASS] NG-K:K3b_reading_algebra  G rho_off/s^2 = c(N)/(8 pi N^2) = 1/(4 pi (N-1)(N-2)); setting it to 1 gives (N-1)(N-2) = 1/(4pi)
[PASS] NG-K:K4_AQUAL_equals_QUMOND  OR N=3: c_AQUAL = 9.0, c_QUMOND = int 2(x-y) dy = 9.0: the offset is formulation-independent (boundary term (x-y)^2 vanishes)
[PASS] NG-K:K5_w_off  w_off = -1 + (2/3) dln a0/dln(1+z): the offset reading forces flat a0(z) iff w = -1
    value NG-K:graft_max_delta_mu_1_60 = 0.0024205281394421114
[PASS] NG-K:K6_tail_graft  graft 1-mu = A x^-p beyond x = 10: p* = 2.10161 gives c = 32 pi; max shift of g_obs on x in [1,60] = 1.03e-03 dex (|Delta mu| 2.42e-03) (lane K: p = 2.10, <= 1.2e-3 dex on SPARC points)
    value NG-K:graft_pstar_XJ10 = 2.101610899488922156268836237317399082285
[PASS] NG-K:K7_susy_breaking_dS_exists  Polonyi (N=1 sugra, W = phi + beta, K = |phi|^2), beta = 2 - sqrt3 - 0.02: local minimum at phi = 0.7169-7.8e-09i, V = 1.154e-01 > 0, |DW| = 1.692: K's 'SUSY vacua have V <= 0' (README:13, :78) covers SUSY-PRESERVING vacua only
[PASS] NG-K:K7b_susy_preserving_nonpositive  at DW = 0, V = -3 e^K |W|^2 <= 0 (K's row reproduced for its actual class)
[PASS] NG-K:K8_BoseEinstein_nu_gives_pi3_over_30g3  (g, beta, W_v): [(1, 0.5, '1.0335426'), (1, 1.0, '1.0335426'), (1, 2.0, '1.0335426'), (2, 0.5, '0.12919282'), (2, 1.0, '0.12919282'), (2, 2.0, '0.12919282'), (3, 0.5, '0.038279354'), (3, 1.0, '0.038279354'), (3, 2.0, '0.038279354')]; W_v = pi^3/(30 g^3) for every scale: a thermal (Bose) nu cannot give W_v = 4 (needs g = pi/120^(1/3))
[PASS] NG-K:K9_lower_bound_one_third  min c over 2000 random mu with mu' <= 1: 0.3379 >= 1/3
== NG-K: 16/16 checks pass
