CFG229 -- the PRE-FLIGHT (Q1): can the class-M sample separate FLAT from a0 ~ H(z) (or from the PROXY) at the class-M gas band plus a stated stellar band?
BLIND TO THE VELOCITIES BY CONSTRUCTION: reads only cfg229_inputs_static.csv (z, radii, stellar and gas masses, velocity ERRORS, inclinations); never opens the kinematics file (control C8 proves it).
Compilation; calibration-limited; not a detection.  LambdaCDM has no a0: the proxy is an effective-a0 PROXY.  kappa = 1/2 FITTED.  No sentence says the data favour a law.
Frozen criteria: FROZEN_CRITERIA.md here (5c131c037).
MUTATE = none

static inputs: 7 galaxies ['ALPAKA15', 'ALPAKA18', 'ALPAKA19', 'ALPAKA20', 'ALPAKA22', 'SINS_BX610', 'ALESS_122.1']; columns read: 32; the kinematics file is never opened

CONTROLS ON THE DISC FORCE
  [PASS] C3 Freeman's peak V^2 = 0.3872 G M/R_d to 0.003: 0.38705
  [PASS] C3 far field g -> GM/r^2 at r = 500 R_d to 1e-4: ratio 1.000006
  [PASS] C4 independent Hankel-transform disc force agrees with the Bessel closed form at the seven (R, R_d) (H12): max relative difference 4.19e-07

PRE-FLIGHT (mocks on the ACTUAL galaxies; sigma_int = 0.15 dex declared; 1,000 mocks per (set, truth), seed 229; descriptive of THIS sample, never a statement about a real galaxy)

  set            n     SD   signal H(z) [mock | noise-free]   signal PROXY [mock | noise-free]    S_outer  S_gas   S_star  S_inner  S_half   flat vs H(z): outer / gas-only / inner      flat vs PROXY: outer / gas-only / inner
  ALL7          7  0.108   0.028 | 0.024                   0.008 | 0.010               0.170   0.063   0.122   0.072    0.159    no / no / no                          no / no / no
  ALPAKA15      1  0.193   0.000 | 0.005                   0.003 | 0.002               0.264   0.021   0.252   0.076    0.256    no / no / no                          no / no / no
  ALPAKA18      1  0.479   0.088 | 0.014                   0.080 | 0.006               0.131   0.079   0.061   0.043    0.124    no / no / no                          no / no / no
  ALPAKA19      1  0.190   0.019 | 0.024                   0.005 | 0.010               0.170   0.063   0.122   0.057    0.159    no / no / no                          no / no / no
  ALPAKA20      1  0.248   0.009 | 0.028                   0.007 | 0.012               0.271   0.014   0.263   0.096    0.263    no / no / no                          no / no / no
  ALPAKA22      1  0.353   0.021 | 0.007                   0.025 | 0.003               0.158   0.070   0.101   0.057    0.148    no / no / no                          no / no / no
  SINS_BX610    1  0.233   0.048 | 0.048                   0.020 | 0.020               0.176   0.057   0.133   0.098    0.163    no / no / no                          no / no / no
  ALESS_122.1   1  0.184   0.076 | 0.090                   0.024 | 0.038               0.137   0.065   0.083   0.072    0.127    no / no / no                          no / no / no
  ALPAKA5       5  0.137   0.013 | 0.014                   0.003 | 0.006               0.170   0.063   0.122   0.057    0.159    no / no / no                          no / no / no
  BX610+ALESS   2  0.144   0.066 | 0.069                   0.025 | 0.029               0.156   0.061   0.108   0.085    0.145    no / no / no                          no / no / no

  second statistic, robust to a common baryon offset: within-set OLS slope of delta_FLAT against log10(y), y = g_bar/a0 (sets with n >= 3)
    ALL7: SD 0.178; signal H(z) 0.083, PROXY 0.054; systematic (outer corners) 0.040; rule: flat vs H(z) no, vs PROXY no
    ALPAKA5: SD 0.348; signal H(z) 0.063, PROXY 0.049; systematic (outer corners) 0.037; rule: flat vs H(z) no, vs PROXY no

MARGINALISED RUN (20,000 mocks per truth; one common tau_g ~ U(-0.093, +0.093) and one common tau_* ~ U(-0.30, +0.30) per mock move the TRUE baryons; flat vs H(z) separable if the 5th percentile of the H(z)-true set-medians of delta_FLAT exceeds the 95th percentile of the FLAT-true ones)
  ALL7         [gas+stars] H(z)-true 5th pct -0.189 (95th +0.253), FLAT-true 95th pct +0.225 (5th -0.224): flat vs H(z) not separable; PROXY-true 5th pct -0.208: flat vs proxy not separable
  ALL7         [gas only ] H(z)-true 5th pct -0.158 (95th +0.207), FLAT-true 95th pct +0.176 (5th -0.191): flat vs H(z) not separable; PROXY-true 5th pct -0.176: flat vs proxy not separable
  ALPAKA5      [gas+stars] H(z)-true 5th pct -0.256 (95th +0.279), FLAT-true 95th pct +0.265 (5th -0.274): flat vs H(z) not separable; PROXY-true 5th pct -0.267: flat vs proxy not separable
  ALPAKA5      [gas only ] H(z)-true 5th pct -0.221 (95th +0.228), FLAT-true 95th pct +0.213 (5th -0.236): flat vs H(z) not separable; PROXY-true 5th pct -0.229: flat vs proxy not separable
  BX610+ALESS  [gas+stars] H(z)-true 5th pct -0.200 (95th +0.326), FLAT-true 95th pct +0.261 (5th -0.271): flat vs H(z) not separable; PROXY-true 5th pct -0.241: flat vs proxy not separable
  BX610+ALESS  [gas only ] H(z)-true 5th pct -0.193 (95th +0.308), FLAT-true 95th pct +0.241 (5th -0.263): flat vs H(z) not separable; PROXY-true 5th pct -0.234: flat vs proxy not separable
  ALESS_122.1  [gas+stars] H(z)-true 5th pct -0.230 (95th +0.394), FLAT-true 95th pct +0.308 (5th -0.322): flat vs H(z) not separable; PROXY-true 5th pct -0.284: flat vs proxy not separable
  ALESS_122.1  [gas only ] H(z)-true 5th pct -0.228 (95th +0.383), FLAT-true 95th pct +0.295 (5th -0.319): flat vs H(z) not separable; PROXY-true 5th pct -0.280: flat vs proxy not separable

PER GALAXY (noise-free at the nominal baryons; total error budget from the mocks)
  galaxy        y = g_bar/a0   d(flat vs H(z))   d(flat vs proxy)   SD of delta_FLAT (truth FLAT)   S_outer (alone)   |d_Hz| / sqrt(SD^2 + S^2)
  ALPAKA15        157.18       +0.005           +0.002             0.193                      0.264             0.014
  ALPAKA18         54.47       +0.014           +0.006             0.479                      0.131             0.028
  ALPAKA19         31.56       +0.024           +0.010             0.190                      0.170             0.093
  ALPAKA20         26.16       +0.028           +0.012             0.248                      0.271             0.077
  ALPAKA22        151.24       +0.007           +0.003             0.353                      0.158             0.018
  SINS_BX610       12.11       +0.048           +0.020             0.233                      0.176             0.165
  ALESS_122.1       4.84       +0.090           +0.038             0.184                      0.137             0.391

CONTROLS
  [PASS] C5 raising the gas (+0.1 dex) or the stellar mass (+0.1 dex) lowers delta_FLAT at every galaxy: gas max -0.015, stars max -0.017
  [PASS] C6 planted-law recovery, ALL7: the set-median delta under the TRUE law is within 2 SD of 0 in >= 90% of mocks; the other laws' offsets agree with the noise-free ones to 3 SD: recovery FLAT 0.95, H(z) 0.95, PROXY 0.95; offsets vs noise-free +0.005, -0.002 (SD 0.108)
  [PASS] C6 planted-law recovery, ALPAKA5: the set-median delta under the TRUE law is within 2 SD of 0 in >= 90% of mocks; the other laws' offsets agree with the noise-free ones to 3 SD: recovery FLAT 0.95, H(z) 0.95, PROXY 0.95; offsets vs noise-free -0.001, -0.003 (SD 0.137)
  [PASS] C6 planted-law recovery, BX610+ALESS: the set-median delta under the TRUE law is within 2 SD of 0 in >= 90% of mocks; the other laws' offsets agree with the noise-free ones to 3 SD: recovery FLAT 0.96, H(z) 0.96, PROXY 0.96; offsets vs noise-free -0.003, -0.003 (SD 0.144)
  [PASS] C9 the mock SD of delta_FLAT (truth FLAT) for the galaxies without an inclination term equals the finite-difference error propagation (an independent path) to 8%: SINS_BX610 MC 0.233 vs analytic 0.233; ALESS_122.1 MC 0.184 vs analytic 0.182

Q3 (POST HOC, not frozen): the common precision d (dex) on stars and gas (random errors AND outer band both set to d) at which flat vs H(z) in ALL7 satisfies signal > S_max + 2 SD; the inherent noise floor is sigma_int, the velocity errors and the ALPAKA inclinations
    d = 0.300: signal 0.003, SD 0.130 (sigma_int-only floor ~ 0.071), S 0.295 -> not possible  (ALPAKA inclination terms omitted here: a lower bound on the noise)
    d = 0.200: signal 0.014, SD 0.103 (sigma_int-only floor ~ 0.071), S 0.197 -> not possible  (ALPAKA inclination terms omitted here: a lower bound on the noise)
    d = 0.100: signal 0.030, SD 0.086 (sigma_int-only floor ~ 0.071), S 0.098 -> not possible  (ALPAKA inclination terms omitted here: a lower bound on the noise)
    d = 0.050: signal 0.029, SD 0.079 (sigma_int-only floor ~ 0.071), S 0.049 -> not possible  (ALPAKA inclination terms omitted here: a lower bound on the noise)
    d = 0.020: signal 0.029, SD 0.078 (sigma_int-only floor ~ 0.071), S 0.020 -> not possible  (ALPAKA inclination terms omitted here: a lower bound on the noise)
    d = 0.010: signal 0.029, SD 0.078 (sigma_int-only floor ~ 0.071), S 0.010 -> not possible  (ALPAKA inclination terms omitted here: a lower bound on the noise)
    d = 0.005: signal 0.030, SD 0.079 (sigma_int-only floor ~ 0.071), S 0.005 -> not possible  (ALPAKA inclination terms omitted here: a lower bound on the noise)
    (the noise floor alone, sigma_int = 0.15 over seven galaxies, sets SD ~ 0.07, so a signal below ~0.14 cannot be separated even with perfect baryons)

  radius at which the galaxy would be in the informative regime (y = 3), nominal baryons: R*(y = 3) and the noise-free d(flat vs H(z)) there
    ALPAKA15     R*(y=3) =  12.61 kpc (8.3 x the stated radius): d(flat vs H(z)) = +0.128
    ALPAKA18     R*(y=3) =  19.70 kpc (4.0 x the stated radius): d(flat vs H(z)) = +0.138
    ALPAKA19     R*(y=3) =  11.50 kpc (3.9 x the stated radius): d(flat vs H(z)) = +0.143
    ALPAKA20     R*(y=3) =  14.57 kpc (4.2 x the stated radius): d(flat vs H(z)) = +0.144
    ALPAKA22     R*(y=3) =  11.56 kpc (8.1 x the stated radius): d(flat vs H(z)) = +0.167
    SINS_BX610   R*(y=3) =  12.55 kpc (2.8 x the stated radius): d(flat vs H(z)) = +0.128
    ALESS_122.1  R*(y=3) =  13.91 kpc (1.3 x the stated radius): d(flat vs H(z)) = +0.117
  [PASS] C8 blindness: with the kinematics file REMOVED the pre-flight runs to completion and gives the same set statistics bit for bit: child exit 0, identical True

9/9 controls pass; 3 s
