CFG229 -- the PRE-FLIGHT (Q1): can the class-M sample separate FLAT from a0 ~ H(z) (or from the PROXY) at the class-M gas band plus a stated stellar band?
BLIND TO THE VELOCITIES BY CONSTRUCTION: reads only cfg229_inputs_static.csv (z, radii, stellar and gas masses, velocity ERRORS, inclinations); never opens the kinematics file (control C8 proves it).
Compilation; calibration-limited; not a detection.  LambdaCDM has no a0: the proxy is an effective-a0 PROXY.  kappa = 1/2 FITTED.  No sentence says the data favour a law.
Frozen criteria: FROZEN_CRITERIA.md here (5c131c037).
MUTATE = 1 (truth labels FLAT and H(z) swapped in the mock generation)

static inputs: 7 galaxies ['ALPAKA15', 'ALPAKA18', 'ALPAKA19', 'ALPAKA20', 'ALPAKA22', 'SINS_BX610', 'ALESS_122.1']; columns read: 32; the kinematics file is never opened

CONTROLS ON THE DISC FORCE
  [PASS] C3 Freeman's peak V^2 = 0.3872 G M/R_d to 0.003: 0.38705
  [PASS] C3 far field g -> GM/r^2 at r = 500 R_d to 1e-4: ratio 1.000006
  [PASS] C4 independent Hankel-transform disc force agrees with the Bessel closed form at the seven (R, R_d) (H12): max relative difference 4.19e-07

PRE-FLIGHT (mocks on the ACTUAL galaxies; sigma_int = 0.15 dex declared; 1,000 mocks per (set, truth), seed 229; descriptive of THIS sample, never a statement about a real galaxy)

  set            n     SD   signal H(z) [mock | noise-free]   signal PROXY [mock | noise-free]    S_outer  S_gas   S_star  S_inner  S_half   flat vs H(z): outer / gas-only / inner      flat vs PROXY: outer / gas-only / inner
  ALL7          7  0.110   0.008 | 0.000                   0.008 | 0.010               0.199   0.082   0.134   0.079    0.173    no / no / no                          no / no / no
  ALPAKA15      1  0.193   0.005 | 0.000                   0.003 | 0.002               0.260   0.022   0.248   0.079    0.256    no / no / no                          no / no / no
  ALPAKA18      1  0.479   0.074 | 0.000                   0.080 | 0.006               0.131   0.090   0.048   0.054    0.124    no / no / no                          no / no / no
  ALPAKA19      1  0.190   0.005 | 0.000                   0.005 | 0.010               0.172   0.082   0.101   0.077    0.159    no / no / no                          no / no / no
  ALPAKA20      1  0.248   0.020 | 0.000                   0.007 | 0.012               0.284   0.040   0.263   0.122    0.263    no / no / no                          no / no / no
  ALPAKA22      1  0.353   0.028 | 0.000                   0.025 | 0.003               0.151   0.073   0.094   0.060    0.148    no / no / no                          no / no / no
  SINS_BX610    1  0.233   0.000 | 0.000                   0.020 | 0.020               0.199   0.100   0.134   0.130    0.163    no / no / no                          no / no / no
  ALESS_122.1   1  0.184   0.013 | 0.000                   0.024 | 0.038               0.206   0.150   0.138   0.148    0.127    no / no / no                          no / no / no
  ALPAKA5       5  0.136   0.004 | 0.000                   0.003 | 0.006               0.172   0.073   0.101   0.077    0.161    no / no / no                          no / no / no
  BX610+ALESS   2  0.144   0.003 | 0.000                   0.025 | 0.029               0.203   0.125   0.136   0.139    0.145    no / no / no                          no / no / no

  second statistic, robust to a common baryon offset: within-set OLS slope of delta_FLAT against log10(y), y = g_bar/a0 (sets with n >= 3)
    ALL7: SD 0.177; signal H(z) 0.033, PROXY 0.054; systematic (outer corners) 0.090; rule: flat vs H(z) no, vs PROXY no
    ALPAKA5: SD 0.347; signal H(z) 0.038, PROXY 0.049; systematic (outer corners) 0.064; rule: flat vs H(z) no, vs PROXY no

MARGINALISED RUN (20,000 mocks per truth; one common tau_g ~ U(-0.093, +0.093) and one common tau_* ~ U(-0.30, +0.30) per mock move the TRUE baryons; flat vs H(z) separable if the 5th percentile of the H(z)-true set-medians of delta_FLAT exceeds the 95th percentile of the FLAT-true ones)
  ALL7         [gas+stars] H(z)-true 5th pct -0.224 (95th +0.225), FLAT-true 95th pct +0.253 (5th -0.189): flat vs H(z) not separable; PROXY-true 5th pct -0.208: flat vs proxy not separable
  ALL7         [gas only ] H(z)-true 5th pct -0.191 (95th +0.176), FLAT-true 95th pct +0.207 (5th -0.158): flat vs H(z) not separable; PROXY-true 5th pct -0.176: flat vs proxy not separable
  ALPAKA5      [gas+stars] H(z)-true 5th pct -0.274 (95th +0.265), FLAT-true 95th pct +0.279 (5th -0.256): flat vs H(z) not separable; PROXY-true 5th pct -0.267: flat vs proxy not separable
  ALPAKA5      [gas only ] H(z)-true 5th pct -0.236 (95th +0.213), FLAT-true 95th pct +0.228 (5th -0.221): flat vs H(z) not separable; PROXY-true 5th pct -0.229: flat vs proxy not separable
  BX610+ALESS  [gas+stars] H(z)-true 5th pct -0.271 (95th +0.261), FLAT-true 95th pct +0.326 (5th -0.200): flat vs H(z) not separable; PROXY-true 5th pct -0.241: flat vs proxy not separable
  BX610+ALESS  [gas only ] H(z)-true 5th pct -0.263 (95th +0.241), FLAT-true 95th pct +0.308 (5th -0.193): flat vs H(z) not separable; PROXY-true 5th pct -0.234: flat vs proxy not separable
  ALESS_122.1  [gas+stars] H(z)-true 5th pct -0.322 (95th +0.308), FLAT-true 95th pct +0.394 (5th -0.230): flat vs H(z) not separable; PROXY-true 5th pct -0.284: flat vs proxy not separable
  ALESS_122.1  [gas only ] H(z)-true 5th pct -0.319 (95th +0.295), FLAT-true 95th pct +0.383 (5th -0.228): flat vs H(z) not separable; PROXY-true 5th pct -0.280: flat vs proxy not separable

PER GALAXY (noise-free at the nominal baryons; total error budget from the mocks)
  galaxy        y = g_bar/a0   d(flat vs H(z))   d(flat vs proxy)   SD of delta_FLAT (truth FLAT)   S_outer (alone)   |d_Hz| / sqrt(SD^2 + S^2)
  ALPAKA15        157.18       +0.000           +0.002             0.193                      0.260             0.000
  ALPAKA18         54.47       +0.000           +0.006             0.479                      0.131             0.000
  ALPAKA19         31.56       +0.000           +0.010             0.190                      0.172             0.000
  ALPAKA20         26.16       +0.000           +0.012             0.248                      0.284             0.000
  ALPAKA22        151.24       +0.000           +0.003             0.353                      0.151             0.000
  SINS_BX610       12.11       +0.000           +0.020             0.233                      0.199             0.000
  ALESS_122.1       4.84       +0.000           +0.038             0.184                      0.206             0.000

CONTROLS
  [FAIL] C5 raising the gas (+0.1 dex) or the stellar mass (+0.1 dex) lowers delta_FLAT at every galaxy: gas max +0.020, stars max +0.067
  [PASS] C6 planted-law recovery, ALL7: the set-median delta under the TRUE law is within 2 SD of 0 in >= 90% of mocks; the other laws' offsets agree with the noise-free ones to 3 SD: recovery FLAT 0.95, H(z) 0.94, PROXY 0.95; offsets vs noise-free -0.008, -0.002 (SD 0.110)
  [PASS] C6 planted-law recovery, ALPAKA5: the set-median delta under the TRUE law is within 2 SD of 0 in >= 90% of mocks; the other laws' offsets agree with the noise-free ones to 3 SD: recovery FLAT 0.96, H(z) 0.95, PROXY 0.95; offsets vs noise-free -0.004, -0.003 (SD 0.136)
  [PASS] C6 planted-law recovery, BX610+ALESS: the set-median delta under the TRUE law is within 2 SD of 0 in >= 90% of mocks; the other laws' offsets agree with the noise-free ones to 3 SD: recovery FLAT 0.93, H(z) 0.93, PROXY 0.96; offsets vs noise-free -0.003, -0.003 (SD 0.144)
  [PASS] C9 the mock SD of delta_FLAT (truth FLAT) for the galaxies without an inclination term equals the finite-difference error propagation (an independent path) to 8%: SINS_BX610 MC 0.233 vs analytic 0.233; ALESS_122.1 MC 0.184 vs analytic 0.182

Q3 (POST HOC, not frozen): the common precision d (dex) on stars and gas (random errors AND outer band both set to d) at which flat vs H(z) in ALL7 satisfies signal > S_max + 2 SD; the inherent noise floor is sigma_int, the velocity errors and the ALPAKA inclinations
    d = 0.300: signal 0.035, SD 0.131 (sigma_int-only floor ~ 0.071), S 0.315 -> not possible  (ALPAKA inclination terms omitted here: a lower bound on the noise)
    d = 0.200: signal 0.019, SD 0.104 (sigma_int-only floor ~ 0.071), S 0.219 -> not possible  (ALPAKA inclination terms omitted here: a lower bound on the noise)
    d = 0.100: signal 0.005, SD 0.084 (sigma_int-only floor ~ 0.071), S 0.121 -> not possible  (ALPAKA inclination terms omitted here: a lower bound on the noise)
    d = 0.050: signal 0.002, SD 0.078 (sigma_int-only floor ~ 0.071), S 0.073 -> not possible  (ALPAKA inclination terms omitted here: a lower bound on the noise)
    d = 0.020: signal 0.004, SD 0.078 (sigma_int-only floor ~ 0.071), S 0.043 -> not possible  (ALPAKA inclination terms omitted here: a lower bound on the noise)
    d = 0.010: signal 0.003, SD 0.078 (sigma_int-only floor ~ 0.071), S 0.034 -> not possible  (ALPAKA inclination terms omitted here: a lower bound on the noise)
    d = 0.005: signal 0.005, SD 0.078 (sigma_int-only floor ~ 0.071), S 0.029 -> not possible  (ALPAKA inclination terms omitted here: a lower bound on the noise)
    (the noise floor alone, sigma_int = 0.15 over seven galaxies, sets SD ~ 0.07, so a signal below ~0.14 cannot be separated even with perfect baryons)

  radius at which the galaxy would be in the informative regime (y = 3), nominal baryons: R*(y = 3) and the noise-free d(flat vs H(z)) there
    ALPAKA15     R*(y=3) =  12.61 kpc (8.3 x the stated radius): d(flat vs H(z)) = +0.128
    ALPAKA18     R*(y=3) =  19.70 kpc (4.0 x the stated radius): d(flat vs H(z)) = +0.138
    ALPAKA19     R*(y=3) =  11.50 kpc (3.9 x the stated radius): d(flat vs H(z)) = +0.143
    ALPAKA20     R*(y=3) =  14.57 kpc (4.2 x the stated radius): d(flat vs H(z)) = +0.144
    ALPAKA22     R*(y=3) =  11.56 kpc (8.1 x the stated radius): d(flat vs H(z)) = +0.167
    SINS_BX610   R*(y=3) =  12.55 kpc (2.8 x the stated radius): d(flat vs H(z)) = +0.128
    ALESS_122.1  R*(y=3) =  13.91 kpc (1.3 x the stated radius): d(flat vs H(z)) = +0.117
  [PASS] C8 blindness: with the kinematics file REMOVED the pre-flight runs to completion and gives the same set statistics bit for bit: child exit 1, identical True

8/9 controls pass; 3 s
