==============================================================================
DOOR H1 -- kappa_GR LOCALIZATION (absorbing Saio+24's ceiling configurations)
==============================================================================

[A] Absorption with provenance
    S24: GR linear ADIABATIC radial pulsations; M_inst = 8e4 Msun (0.05 Msun/yr)
         -> ~1e6 Msun (1000 Msun/yr); SH24: fundamental radial mode, homologous
  [PASS] absorbed M_inst bracket = [8e4, 1e6] Msun (Saio+24 abstract values)  (provenance: arXiv:2406.18040 abstract)

[B] The kappa_GR structure band implied by the literature's own M_inst spread
    M_inst[Msun]   q=0.4        q=1.0        q=2.0     Gamma_1-4/3 (q=0.4)
    1e4.90        4.843e-03   3.100e-04  3.875e-05   1.208e-08
    1e5.11        1.439e-03   9.209e-05  1.151e-05   4.574e-09
    1e5.48        1.779e-04   1.138e-05  1.423e-06   8.589e-10
    1e6.00        8.768e-06   5.611e-07  7.014e-08   7.730e-11
  [PASS] kappa_req(M_inst) monotone declining (larger ceiling <=> smaller kappa_GR)  (4.84e-03 -> 8.77e-06)
  [PASS] the kappa_GR band spans ~500x across the Saio+24 accretion histories  (552x)
  [PASS] H1 DELIVERABLE: kappa_GR(band) = 9e-6 .. 5e-3 (q=0.4) / 7e-8 .. 4e-4 (q=2) -- 2-3 dex BELOW the homogeneous-star O(1) value  ([8.8e-06, 4.8e-03] (q=0.4))
    -> the 1PN-operator framework door must reproduce a STRUCTURE-SUPPRESSED kappa_GR
       inside this band for the n=3-class SMS fundamental mode, or the ceiling moves.

[C] Over-determination: LF cutoff + Saio ceiling + the Eddington dial
    Gamma forced by (L_cut = 1e45.5, M_max):
    M_max[Msun]   Gamma_req
       8e+04    316.2
       3e+05     84.3
       1e+06     25.3
       3e+06      8.4
  [PASS] Gamma_req(1e6) = 25 <= 50 < Gamma_req(3e5) = 84: only the HIGH-accretion channel closes with the paper's dial
  [PASS] FALSIFIER MAP: any Gamma-free mass bound M_f >= 3e5 Msun on a cutoff-luminosity LRD forces Gamma >= 84, 1.7x ABOVE the paper's assumed dial  (the dial is over-determined by (LF cutoff, ceiling, Gamma-free mass))

[D] What this does to the framework door
    - The ceiling's binding driver is now LOCALIZED: the global adiabatic fundamental
      radial mode (Saio+24's own method, homologous per Shibata+24), with an EFFECTIVE
      kappa_GR that is structure-suppressed by 2-3 dex vs the homogeneous star and varies
      ~500x across accretion histories.
    - FRAMEWORK TEST: the framework's metric sector, reducing to GR at 1PN, must yield
      the same structure-suppressed kappa_GR. A DIFFERENT structure dependence shifts
      M_inst(accurate accretion) and hence the LRD LF cutoff interpretation -- discrete
      falsifier. The operator lane (1PN pulsation eigenproblem on shell models) is the
      successor computation; the band above is its target interval.

<BHSTAR-H1> COMPLETE: 6/6 checks PASS.
