==============================================================================
WAVE S -- CLOSING ARGUMENT: THE U-ROUTE IS VOIDED BY THE RECOMBINATION PIN
==============================================================================

[S1] The opacity ratio (atomic physics)
    sigma_ion(n=2, threshold)/sigma_es = 9.47e+06
  [PASS] the opacity ratio ~ 1e7 (the H I photoionization vs Thomson)  (9.47e+06)

[S2] The void theorem: optically thick to ionizing photons by >= 6 dex
    f_neutral = 0.5 (the Saha midpoint): tau_ion/tau_es >= 4.7e+06
    f_neutral = 0.001 (even 0.1% neutral): tau_ion/tau_es >= 9.5e+03
  [PASS] tau_ion/tau_es >= 1e3 even at f_n = 1e-3 -- ionizing-opaque (tau_ion >= 3e3 at the  (9.5e+03 x tau_es ~ 0.3-1 at the photosphere)
    => the central ionizing flux does NOT propagate: U = Q/(4 pi r^2 n c) is
    VOID inside the envelope. The fitted U = -3 is a LOCAL state (the slab's
    own thermodynamics), NOT a distance indicator. The U-route radius is
    withdrawn as inapplicable to the optically-thick recombination-pinned
    envelope -- the envelope whose existence the recombination pin REQUIRES.

[S3] The Saha front temperature at the fitted density (a bonus derivation)
    T = 4000 K, n_H = 1e10 cm^-3: x(ionized) = 0.001
    T = 4500 K, n_H = 1e10 cm^-3: x(ionized) = 0.007
    T = 5000 K, n_H = 1e10 cm^-3: x(ionized) = 0.040
    the Saha midpoint (x = 0.5) at n = 1e10: T_front = 6037 K
    honest read: the Saha front lands in the paper's EXPECTED pin band
    (5000-6000 K, Owocki16) and near the published warm-layer T (7000-8000 K);
  [PASS] the Saha front lands in the expected pin band (5000-6000 K)  (T_front = 6037 K)
    the observed CONTINUUM T_eff (4200-4800 K) sits 1.2-1.4x below -- the very
    tension the paper itself names (expected 5000-6000 vs observed 4200-4800);
    the warm Balmer layer (T ~ 7000-8000 K, published) brackets the front from
    above. Two fronts, both published: the neutral continuum photosphere and
    the warm n=2 layer. No new tension introduced; the paper's own is retained.

[S4] THE CLOSED VERDICT
    FOR the coincidence (all model-independent):
      the wind kinematics: r_launch = 72 au no-CAK, the CAK band brackets r*
      the Saha front: T_eff = 4200-4800 K at the fitted density (S3)
      the identity: g_B/a0 = (r*/r_B)^2 exact (I07), invariance (I03)
    WITHDRAWN: the U-route disfavoring (voided by S1-S2 -- an optically-thin
    formula applied to an envelope that the pin requires to be ionizing-opaque
    by >= 6 dex)
    OPEN: the direct layer radius (reverberation/lensing/RT) -- the referee,
    not the prosecutor. The falsifier stands sharp (I07).
  [PASS] the verdict: no evidence AGAINST the coincidence survives the audit  (CONSISTENT (all applicable tests) -- the direct radius is the referee)

<BHSTAR-S1> COMPLETE: 4/4 checks PASS.
