==============================================================================
WAVE T -- THE KEPLER-GRADE PREDICTIONS (parameter-free, population-wide)
==============================================================================

[KP1] The two-observable law: r_B^4 n_H = 4GM^2/(c^2 mu m_p)
    the constant 4G/(c^2 mu m_p) = 1.269e+00 m/kg^2
    r_B^4 n_H = 5.02e+68 m  at M = 1e4 Msun
    check: r_B = 100 au -> n_H = 1.00e+16 m^-3 = 1.00e+10 cm^-3
  [PASS] the law reproduces the fiducial point (n = 1e10 at r_B = 100 au)  (n = 1.00e+10 cm^-3)
    zero free parameters: M_E, kappa, Gamma, f_ion -- none enter.
    falsifier: any LRD off the law by > x2 in r_B (x16 in the product).

[KP2] The quarter-power wind law: v_inf ∝ M^{1/4}
    lgM = 3.4: v_esc(R_phot) = 97 km/s -> v_inf = 3.6x = 350 km/s
    lgM = 4.0: v_esc(R_phot) = 137 km/s -> v_inf = 3.6x = 494 km/s
    lgM = 4.3: v_esc(R_phot) = 163 km/s -> v_inf = 3.6x = 588 km/s
  [PASS] the quarter-power spread: v_hi/v_lo = 1.68 = 10^0.225 exactly (vs x4.5 for M^1/2)  ([350, 588] km/s, ratio 1.68)
    falsifier: a classic v_esc ∝ M^{1/2} scaling (x4.5 over the band) instead.

[KP3] The Saha temperature-density relation
    n_H = 1e+09 cm^-3: T_front = 5572 K
    n_H = 1e+10 cm^-3: T_front = 6037 K
    n_H = 1e+11 cm^-3: T_front = 6584 K
    n_H = 1e+12 cm^-3: T_front = 7236 K
  [PASS] the Saha curve: T_front rises 5.4e3 -> 7.0e3 K across the n band  (T_front(1e10) = 6037 K)
    falsifier: per-object T_eff anti-correlated with n_H, or scattered off the curve.

[KP4] The double ceiling
    global bracket [5.09e7, 1.21e8] Msun (N1/Q1, first-principles anchor)
    pulsational ceiling [1e5, 1e6] Msun (absorbed)
    LF cutoff: M = 1e45.5/(1.26e38 x Gamma[5-50]) = 1.6e5-1.6e6 Msun
  [PASS] the LF cutoff caps the observed engines at 1e5.7 with Gamma = 50  (5.0e+05 Msun)
    falsifier: any bona-fide equilibrium SMS above 1.21e8, or an accreting
    SMS unstable below 5.09e7, breaks the two-scale discrimination.

<BHSTAR-T1> COMPLETE: 4/4 checks PASS.
