
====================================================================================================
C1. Milgrom 1999 derives the framework's EXACT LAW, with a coefficient
====================================================================================================
  framework law   g_obs^2 = g_bar^2 + a0 g_bar, solved for g_bar:
      g_bar = -a_0/2 + sqrt(a_0**2 + 4*g_obs**2)/2
  Milgrom 1999 Eq (8)-(9)   2 pi (T - T_Lambda) = a muhat(a/a0),
      muhat(x) = sqrt(1 + (2x)^-2) - (2x)^-1 :
      a muhat = -a_0/2 + sqrt(a_0**2 + 4*g_obs**2)/2
  [OK] the two are IDENTICAL (sympy difference exactly 0) -- with g_bar <-> 2 pi Delta T. The framework's law IS Milgrom 1999 Eq (8)-(9), not merely the same interpolating kernel

  AND MILGROM FIXES THE COEFFICIENT: his Eq (8) states a0 = 2 (Lambda/3)^(1/2) = 2 c H_Lambda.
  source                                    coefficient    a0 (m/s^2)   x in use
  Milgrom 1999 Eq(8-9)  DERIVED            2 c H_Lambda    1.0837e-09      11.58
  Milgrom 1999 Eq(10-11) DERIVED             c H_Lambda    5.4185e-10       5.79
  Pikhitsa 2010 DERIVED                           2 c H    1.0837e-09      11.58
  Klinkhamer-Kopp 2011 DERIVED                2 c H_deS    1.0837e-09      11.58
  Milgrom 2020 EMPIRICAL                 c H_Lambda/2pi    8.6238e-11       0.92
  THIS FRAMEWORK                           c H_Lambda/Z    9.3603e-11       1.00
  [OK] Milgrom's DERIVED coefficient is 11.578x = exactly 2Z times the value in use -- so the dS-Unruh argument does NOT leave the coefficient open; it predicts one, and that prediction misses the measured a0 by about an order of magnitude
  CONSEQUENCE FOR THE CREDIT LINE. 'nu(y)=sqrt(1+1/y) is identical to Milgrom 1999 Eq 9' is
  true but understates it. The correct line is: the LAW and its dS-Unruh DERIVATION are
  Milgrom 1999; the framework's contribution is a RE-NORMALISATION of the coefficient to fit
  data (kappa = 1/2 in place of his 2), plus the modified-inertia completion.

====================================================================================================
C2. Theorem 8 / the four-family no-go is a REDISCOVERY -- Milgrom 2022 got there
====================================================================================================
  Milgrom 2022, PRD 106, 064060 (arXiv:2208.07073) writes modified-inertia models directly in
  Fourier space, m a_hat(omega) I[{r_hat}, omega, a0] = F_hat(omega), and states that the
  algebraic MOND relation g mu(g/a0) = g_N holds ONLY for single-frequency (circular)
  trajectories. That is the same content as the frequency-vs-acceleration obstruction I
  derived today, obtained four years earlier.
  He also notes such theories 'are not necessarily governed by an action' -- i.e. he DROPPED
  the action requirement rather than proving a no-go, which is a different (and weaker)
  posture than the one I took.
  STATUS OF MY RESULT: honestly obtained, independently derived, NOT novel. Theorem 8 was
  never published to Zenodo (the v2 paper carries Theorems 1-5 and Props 6-7 only), so no
  published novelty claim needs withdrawing -- only the git record needs the credit.
  [OK] C2 recorded: prior art credited, and the publication exposure checked (none)

====================================================================================================
C3. *** THE FOUR-FAMILY NO-GO IS WRONG AS STATED -- the law IS variational on circles ***
====================================================================================================
  Dimensional closure forces the reduced circular-orbit kinetic Lagrangian to
      <L_K>/m = V^2 f(u),   u = A/a0   (on a circle Omega^2 R = Omega V = V^2/R, so every
      candidate argument coincides), and varying at fixed Omega gives
      A mu(A/a0) = g_N   with   mu(u) = 2f(u) + u f'(u) = (1/u) d/du[u^2 f(u)].
  CLOSED FORM: f(u) = (2*u*sqrt(4*u**2 + 1) - 4*u + asinh(2*u))/(8*u**2)
  (1/u) d/du[u^2 f] = (sqrt(4*u**2 + 1) - 1)/(2*u)
  mu_fw(u)          = (sqrt(4*u**2 + 1) - 1)/(2*u)
  [OK] the round trip returns mu_fw EXACTLY (sympy difference 0) -- so a nonlocal, NON-QUADRATIC action reproduces the framework's exact law on circular orbits
  limits: f(u -> oo) = 1/2 (Newtonian, expects 1/2);  f/u -> 1/3 as u -> 0 (deep MOND, expects 1/3)
  [OK] both limits are correct, so f interpolates between Newton and deep MOND as required

  WHAT THIS INVALIDATES, precisely. Committed script mi_family4_variational_nogo_2026.py:
   * S4 claimed Milgrom's class 'deliver[s] the LIMITS but not the exact interpolating law'.
     WRONG -- it delivers the exact law on circles. This is Milgrom's own virial result
     (astro-ph/0510117): circular orbits give an exact mu(g/a0) g = g_N with mu fixed by the
     action's values on circles.
   * S4 attributed Milgrom 1994 to 'class 4b', the velocity-BILINEAR family. WRONG -- his
     class is NON-QUADRATIC in the trajectory, which is exactly why it works.
   * The S3 general statement 'no action with a fixed kernel reproduces the law for all
     potentials' must be NARROWED to actions QUADRATIC in the trajectory (plus, via Families
     1-3, local non-quadratic ones). As written it over-reaches.
  AND MY 4b DIAGNOSIS WAS SHALLOWER THAN THE TRUTH: 4b fails on DIMENSIONS before
  frequency-vs-acceleration is reached -- [Omega] = 1/T and [a0] = L/T^2 admit no nontrivial
  dimensionless combination, so any nonconstant Qtilde(Omega) smuggles in a constant that is
  not a0. The 19.7x spread I reported is a SYMPTOM of that units failure, not the cause.

====================================================================================================
WHAT SURVIVES, AND WHAT THE CORRECTED POSITION IS
====================================================================================================
  SURVIVES UNTOUCHED:
   * Theorem 8 for the PUBLISHED action: on circular orbits its operator sits on K's branch
     cut where |K| = 1, so it is amplitude-free and cannot give the law. That is a statement
     about that specific action and it stands.
   * Theorems 1-5 and Propositions 6-7 of the published paper (DOI 10.5281/zenodo.21708842).
     None of them depends on the four-family claim.
  CORRECTED POSITION:
   * The law IS variational, in a nonlocal non-quadratic class -- Milgrom's class -- at least
     on the circular-orbit slice where the rotation-curve evidence lives.
   * SCOPE, and it is the honest limit: f(u) pins the functional only on the two-parameter
     family of circles. Infinitely many Galilei-invariant nonlocal extensions share that
     slice and none is written down. That is Milgrom's own stated status: 'we do not have a
     MI theory for MOND at the level of satisfaction achieved for MG formulations.'
   * So 'the law is a phenomenological postulate with no variational home' is TOO STRONG.
     The correct statement: the law has a variational home on circles in a class that is
     not uniquely determined, and the published action is not a member of it.
  THE ONE CONCRETE NEXT CALCULATION, from the brief: construct an explicit Galilei-invariant
  nonlocal non-quadratic functional whose circular reduction is this f(u), then compute its
  prediction for NON-circular motion -- vertical oscillations perpendicular to a disk, where
  MI and MG are known to part company. Archival data, and the only place the inertia label
  still earns its keep.
  [OK] the corrected position is stated with its scope rather than as a fresh claim
====================================================================================================
