CFG162 -- KURVS a0(z) as a function of the outer pressure-support strength: the crossing point, and where the published
prescriptions sit.

Frozen criteria: CFG162_FROZEN_CRITERIA.md (9f098e8a8).  This lane removes the which-calibration choice but adds a placement choice;
the decisive quantities remain the outer pressure support at 2-4.5 R_e and the total cold gas.
  axis        V_c^2 = V_obs^2 + s alpha_K21(x) sigma^2 (CFG160's functions), s in [0, 4].  KURVS with CFG141's sigma_out; SPARC anchor, same s.
  output 1    the decision cell (mu 0.67, delta 0, canonical): Delta'_flat(s), Delta'_H(s); s_mid (flat = -rival), s_f2 (flat = +2 sigma),
              s_h2 (rival = -2 sigma) by root-finding; bootstrap (2000, seed 162) and gas-bracket ranges; full-grid verdict counts.
  output 2    the gas axis at s = 1: Delta'(mu), mu in [0.25, 4]; break-evens by root-finding; only the molecular prior marked.
  placement   s_eq: Delta'_flat(s x K21) = Delta'_flat(prescription) at the decision cell, for none, K21, Price+2022 (n = 1:
              alpha = y K1(y)/K0(y)), Dalcanton & Stilp 2010 (alpha = 0.92 R/R_d), fixed height (P3), self-gravitating (P2).
  C1 (CFG160 rows), C2 (Price alpha), C3 (CFG141's P2 cell); R0 power; H1 [HEADLINE; MUTATE must change it]: s_mid exists in [0, 4].
MUTATE=1: every KURVS v_last x 10^0.3 (inherited from CFG140's exec'd prefix) -- no s_mid in [0, 4], H1 must FAIL (rc = 1).
kappa = 1/2 and Omega_c h^2 stay fitted.  Nothing here says the data favour either model, or that the theory is closed.

======================================================================================================================
C1 / C2 / C3  CONTROLS
======================================================================================================================
  [PASS] C1 CONTROL: at s = 0.6, 1.0, 1.4 the curve reproduces CFG160's committed decision-cell rows (3-decimal print)
         s 0.6: flat +0.0580 (+0.0580), rival -0.0917 (-0.0917); s 1.0: flat +0.1441 (+0.1441), rival -0.0060 (-0.0060); s 1.4: flat +0.2107 (+0.2107), rival +0.0601 (+0.0601)
  [FAIL] C2 CONTROL: Price alpha(y) = y K1/K0 matches y + 1/2 + O(1/y) at y = 50 (next order to 1e-3) and the numerical -dlnK0/dlny (1e-8)
         alpha(50) = 50.497548; y + 1/2 + 3/(8y) = 50.507500; numerical 50.49754850
  [PASS] C3 CONTROL: the P2 prescription in the placement code reproduces CFG141's committed P2 decision cell (1e-12)
         flat +0.389889 (+0.389889); rival +0.237153 (+0.237153)

======================================================================================================================
R0  POWER at the decision cell: (Delta'_flat - Delta'_H) / sigma
======================================================================================================================
  [PASS] (reported) R0 (reported) POWER: separation of the two readings over the larger error, at s = 0, 1, 2, 4
         s 0: 2.47 sigma, s 1: 3.39 sigma, s 2: 3.07 sigma, s 4: 2.55 sigma

======================================================================================================================
OUTPUT 1  the decision cell (mu 0.67, delta 0, canonical): curves and crossing points
======================================================================================================================
  s 0.00: D'_flat -0.130 +- 0.057 (-2.3 sigma);  D'_H -0.279 +- 0.060 (-4.6 sigma);  neither
  s 0.50: D'_flat +0.032 +- 0.046 (+0.7 sigma);  D'_H -0.118 +- 0.047 (-2.5 sigma);  lean flat
  s 0.60: D'_flat +0.058 +- 0.045 (+1.3 sigma);  D'_H -0.092 +- 0.046 (-2.0 sigma);  both within 2 sigma
  s 0.70: D'_flat +0.082 +- 0.044 (+1.9 sigma);  D'_H -0.068 +- 0.045 (-1.5 sigma);  both within 2 sigma
  s 0.80: D'_flat +0.104 +- 0.044 (+2.4 sigma);  D'_H -0.046 +- 0.045 (-1.0 sigma);  lean rival
  s 1.00: D'_flat +0.144 +- 0.044 (+3.3 sigma);  D'_H -0.006 +- 0.044 (-0.1 sigma);  lean rival
  s 1.40: D'_flat +0.211 +- 0.046 (+4.6 sigma);  D'_H +0.060 +- 0.045 (+1.3 sigma);  lean rival
  s 2.00: D'_flat +0.290 +- 0.049 (+5.9 sigma);  D'_H +0.138 +- 0.048 (+2.9 sigma);  neither
  s 3.00: D'_flat +0.390 +- 0.055 (+7.1 sigma);  D'_H +0.238 +- 0.054 (+4.4 sigma);  neither
  s 4.00: D'_flat +0.468 +- 0.060 (+7.8 sigma);  D'_H +0.316 +- 0.058 (+5.4 sigma);  neither
  crossings (root-found): s_mid = 0.6693 (flat preferred below, rival above); s_f2 = 0.7257 (flat disfavoured above); s_h2 = 0.5993 (rival disfavoured below)
  bootstrap (2000 resamplings of the ten discs, seed 162, SPARC fixed): s_mid 16-84% = [0.509, 0.853]; 2000/2000 resamples have a crossing in [0, 4]
  gas bracket mu 0.25: s_mid 0.444, s_f2 0.498, s_h2 0.366
  gas bracket mu 0.67: s_mid 0.669, s_f2 0.726, s_h2 0.599
  gas bracket mu 1.5: s_mid 1.108, s_f2 1.206, s_h2 1.021
  gas bracket mu 4.0: s_mid 2.387, s_f2 2.841, s_h2 2.099
  alt footing: s_mid 0.662, s_f2 0.709, s_h2 0.599
  [PASS] H1 [HEADLINE] the preference crossing s_mid exists in [0, 4] at the decision cell
         s_mid = 0.6693; bootstrap [0.509, 0.853]; gas bracket mu 0.25: 0.444, mu 0.67: 0.669, mu 1.5: 1.108, mu 4.0: 2.387

======================================================================================================================
full-grid verdicts against s (24 cells: 4 mu x 3 delta x 2 footings)
======================================================================================================================
  s 0.00: lean flat 8, lean rival 0, both within 2 sigma 0, neither 16
  s 0.25: lean flat 14, lean rival 0, both within 2 sigma 0, neither 10
  s 0.50: lean flat 10, lean rival 4, both within 2 sigma 4, neither 6
  s 0.75: lean flat 6, lean rival 10, both within 2 sigma 2, neither 6
  s 1.00: lean flat 6, lean rival 14, both within 2 sigma 0, neither 4
  s 1.25: lean flat 4, lean rival 12, both within 2 sigma 2, neither 6
  s 1.50: lean flat 6, lean rival 10, both within 2 sigma 0, neither 8
  s 1.75: lean flat 6, lean rival 8, both within 2 sigma 0, neither 10
  s 2.00: lean flat 4, lean rival 6, both within 2 sigma 2, neither 12
  s 2.25: lean flat 2, lean rival 5, both within 2 sigma 3, neither 14
  s 2.50: lean flat 0, lean rival 4, both within 2 sigma 4, neither 16
  s 2.75: lean flat 0, lean rival 3, both within 2 sigma 3, neither 18
  s 3.00: lean flat 0, lean rival 4, both within 2 sigma 2, neither 18
  s 3.25: lean flat 0, lean rival 4, both within 2 sigma 2, neither 18
  s 3.50: lean flat 0, lean rival 6, both within 2 sigma 0, neither 18
  s 3.75: lean flat 0, lean rival 6, both within 2 sigma 0, neither 18
  s 4.00: lean flat 0, lean rival 6, both within 2 sigma 0, neither 18

======================================================================================================================
PLACEMENT  published prescriptions on the s-axis (rule frozen before any placement number)
======================================================================================================================
  none (P0)               : s_eq  0.00;  own cell: flat -0.130 (-2.3 sigma), rival -0.279 (-4.6 sigma): neither;  break-even gas: flat nan, rival nan
  Kretschmer+2021         : s_eq  1.00;  own cell: flat +0.144 (+3.3 sigma), rival -0.006 (-0.1 sigma): lean rival;  break-even gas: flat 2.11, rival 0.62
  Price+2022 (n = 1)      : s_eq  1.69;  own cell: flat +0.251 (+4.7 sigma), rival +0.100 (+1.9 sigma): lean rival;  break-even gas: flat 3.73, rival 1.67
  Dalcanton & Stilp 2010  : s_eq  1.42;  own cell: flat +0.214 (+4.1 sigma), rival +0.063 (+1.2 sigma): lean rival;  break-even gas: flat 3.10, rival 1.26
  fixed height (P3)       : s_eq  1.62;  own cell: flat +0.242 (+3.5 sigma), rival +0.090 (+1.3 sigma): lean rival;  break-even gas: flat 3.56, rival 1.56
  self-gravitating (P2)   : s_eq  3.00;  own cell: flat +0.390 (+6.0 sigma), rival +0.237 (+3.7 sigma): neither;  break-even gas: flat nan, rival 3.83
  Kretschmer+2021's stated 40% scatter: s in [0.6, 1.4].
  placed published prescriptions (excluding 'none') lie above s_mid = 0.669

======================================================================================================================
OUTPUT 2  the gas axis at s = 1 (delta 0, canonical)
======================================================================================================================
  break-even total gas at s = 1: flat mu_f = 2.109, rival mu_h = 0.621.  Molecular prior marked: mu_mol = 0.67 (the paper's 40%), range 0.67-1.5 (molecular fractions 0.4-0.6); HI unmarked (unmeasured)
  wrote CFG162_pressure_gas_axes.png

    READING (declared): a map, not a verdict: at the decision cell flat a0 is preferred for outer pressure support below s_mid = 0.67 x Kretschmer's alpha (bootstrap [0.51, 0.85]) and the rival above it; the placed prescriptions lie above s_mid; at s = 1 the break-even gas is flat 2.11, rival 0.62

  4/5 checks pass; load-bearing failures: 1   (32 s)
