CFG164 -- a measured gas prior for the KURVS discs from PHIBSS (Tacconi et al. 2013), and the decision-cell verdict marginalised over it.

Frozen criteria: CFG164_FROZEN_CRITERIA.md (9a1d4bc9d), committed before any PHIBSS gas value was examined.
  clean       51 rows: no CO upper limit, not fgas-inconsistent, finite Mmol/M*/z_CO, primary component.
  primary     the 17 rows with z_CO in [1.0, 1.7] and log M* in [9.5, 10.8]; each KURVS disc draws mu_mol uniformly from them.
  variant M   OLS log mu = a + b (log M* - 10.5) on the 38 clean z < 1.7 rows, plus the residual scatter (extrapolated below 10.40).
  variant Z   primary x [(1 + z_i)/(1 + z_CO,j)]^2.5 (a declared exponent).  Coherent per draw: Mmol ln 1.5, M* ln 1.3.
  brackets    alpha_CO ULIRG-like (x 0.8/4.36); HI h in {0, 0.5, 1}: mu = mu_mol (1 + h).  4000 draws per prior, seed 164.
  P1 windows (rival 0.6-1.7, flat 2.1-3.7) for the sample median mu; P2 the decision-cell verdict (CFG160's map) at s = 1.00, 1.42,
  1.62, 1.69, 3.00 x K21; P3 KURVS-15's dust limit (1.90 nominal, 3.79 x2) against its prior; X = the spread across priors.
MUTATE=1: every PHIBSS mu x 4 -> P(lean rival | s = 1) < 0.32.  MUTATE=2: x 0.25 -> P(lean flat | s = 1) < 0.05.  Exit 0 when they behave.
kappa = 1/2 and Omega_c h^2 stay fitted.  Nothing here says the data favour either model, or that the theory is closed.
  [PASS] C2 CONTROL: the clean count is 51 and the matched count 17 (38 clean rows at z < 1.7)
         clean 51, matched 17, z<1.7 38
  [PASS] C3 CONTROL: fgas_recomputed = Mmol/(Mmol + M*) on the clean rows
         max |difference| 0.0e+00
  [PASS] C1 CONTROL: with every disc at mu = 0.67 the per-disc pipeline reproduces CFG160's decision cell (4 decimals)
         D'_flat +0.1441 (+0.1441), D'_H -0.0060 (-0.0060)
  variant M fit on 38 rows: log mu = +0.626 -0.219 (log M* - 10.5), residual scatter 0.277 dex; KURVS discs below log M* 10.40: 8 of 10 (extrapolated)
  [PASS] (reported) R0 (reported) POWER: the 16-84% width of the sample-median mu under the primary prior against the 0.53-dex break-even separation at s = 1
         median mu 4.05 (16-84%: 2.39-6.78), width 0.45 dex

  [primary, h 0] sample-median mu: 4.05 (16-84% 2.39-6.78); windows (median mu): below 0.6 0.00, rival 0.05, between 0.06, flat 0.33, above 3.7 0.57; per-disc rival 0.11, flat 0.28
      s 1.00 (Kretschmer     ): lean flat 0.42, lean rival 0.01, both within 2 sigma 0.02, neither 0.55;  D'_flat/sigma -2.2 [-4.2, -0.4], D'_H/sigma -4.8 [-6.7, -3.2]
      s 1.42 (Dalcanton&Stilp): lean flat 0.54, lean rival 0.04, both within 2 sigma 0.15, neither 0.26;  D'_flat/sigma -0.9 [-2.9, +0.9], D'_H/sigma -3.4 [-5.4, -1.8]
      s 1.62 (fixed height   ): lean flat 0.49, lean rival 0.09, both within 2 sigma 0.22, neither 0.20;  D'_flat/sigma -0.4 [-2.3, +1.5], D'_H/sigma -2.8 [-4.7, -1.2]
      s 1.69 (Price n=1      ): lean flat 0.47, lean rival 0.11, both within 2 sigma 0.24, neither 0.18;  D'_flat/sigma -0.2 [-2.2, +1.6], D'_H/sigma -2.6 [-4.5, -1.0]
      s 3.00 (self-grav      ): lean flat 0.13, lean rival 0.42, both within 2 sigma 0.37, neither 0.09;  D'_flat/sigma +2.0 [+0.2, +3.9], D'_H/sigma -0.1 [-1.8, +1.5]
      KURVS-15: prior median mu 3.98; P(mu > 1.90) = 0.85; P(mu > 3.79) = 0.54
  [PASS] MUTATE=1 [pinned control]: with every PHIBSS mu x 4, P(lean rival | s = 1) < 0.32
         0.01

  5/5 checks pass; load-bearing failures: 0   (0 s)
