CFG161 -- a consistency check of CFG160's P4: the KURVS - KROSS differential under Kretschmer et al.'s pressure support.

Frozen criteria: CFG161_FROZEN_CRITERIA.md (507725b7b). DISCLOSURE: the file was written before, and committed unchanged after, the
orchestrator relayed CFG165's result for this question; the criteria are blind, the outcome is not.
  D           Delta_flat(KURVS) - Delta_flat(KROSS), pooled, mu 0.67, delta 0, canonical, no anchor (CFG140's R3 definition).
  D_flat = 0; D_H = [Delta_flat - Delta_H]_KURVS - [Delta_flat - Delta_H]_KROSS (exact, through the pipeline); CFG140's +0.083 reported.
  rule        lands on flat / lands on the rival / consistent with both / P4 manufactures evolution (2 sigma_D).
  C1 CONTROL  CFG140's committed R3 differentials (P0, P1) reproduce (3-decimal print).  C2 CONTROL  CFG160's decision cell reproduces.
  H1 [HEADLINE; MUTATE must change it] P4 does not manufacture evolution: D within 2 sigma_D of at least one prediction.
MUTATE=1: every KURVS v_last x 10^0.3 (inherited from CFG140's exec'd prefix) -- H1 must FAIL (rc = 1).
kappa = 1/2 and Omega_c h^2 stay fitted.  Nothing here says the data favour either model, or that the theory is closed.

  *** MUTATE=1: every KURVS v_last x 10^0.3 (g_obs x 4) -- H1 must FAIL ***

======================================================================================================================
C1 / C2  CONTROLS
======================================================================================================================
  [PASS] C1 CONTROL: CFG140's committed R3 differentials reproduce (3-decimal print)  [against CFG140's MUTATE output]
         committed {'P0': (0.617, 0.058), 'P1': (0.542, 0.052)}; mine {'P0': (0.617, 0.058), 'P1': (0.542, 0.052)}
  [PASS] C2 CONTROL: the copied P4 functions reproduce CFG160's committed decision cell  [MUTATE]
         D'_flat +0.5519 (CFG160 +0.5519); D'_H +0.4025 (CFG160 +0.4025)

======================================================================================================================
R0  POWER (before the differential is printed)
======================================================================================================================
  [PASS] (reported) R0 (reported) POWER: sigma_D, the rival's predicted differential D_H and |D_H| / sigma_D under P4
         sigma_D 0.051; D_H +0.072 (CFG140's deep-regime approximation +0.083); |D_H|/sigma_D 1.41

======================================================================================================================
H1  the P4 differential and the frozen decision rule
======================================================================================================================
  P4: D = +0.556 +- 0.051; flat predicts 0 (+11.0 sigma away), the rival predicts +0.072 (+9.6 sigma away): P4 manufactures evolution
  [FAIL] H1 [HEADLINE] P4 does not manufacture evolution: D within 2 sigma_D of at least one prediction  [MUTATE: v x 2]
         D +0.556 +- 0.051, D_H +0.072: P4 manufactures evolution

======================================================================================================================
R1  the differential under every prescription (mu 0.67, delta 0, canonical, unanchored)
======================================================================================================================
  P0 (none)                 : D +0.617 +- 0.058; D_H +0.069; P4 manufactures evolution
  P1 (sigma0 on KURVS)      : D +0.542 +- 0.052; D_H +0.077; P4 manufactures evolution
  P2 (sigma_out on KURVS)   : D +0.560 +- 0.048; D_H +0.075; P4 manufactures evolution
  P3 (fixed height)         : D +0.577 +- 0.052; D_H +0.073; P4 manufactures evolution
  P4 (Kretschmer, primary)  : D +0.556 +- 0.051; D_H +0.072; P4 manufactures evolution

======================================================================================================================
R2  the P4 band and the KURVS sigma0 variant
======================================================================================================================
  P4 alpha x 0.6    : D +0.571 +- 0.054; D_H +0.071; P4 manufactures evolution
  P4 alpha x 1.4    : D +0.547 +- 0.048; D_H +0.072; P4 manufactures evolution
  P4, KURVS sigma0  : D +0.545 +- 0.052; D_H +0.073; P4 manufactures evolution

======================================================================================================================
R3  the two samples' own pooled Delta under P4 (unanchored)
======================================================================================================================
  KURVS: Delta_flat +0.649 +- 0.048, Delta_H +0.499;  KROSS (N 390): Delta_flat +0.092 +- 0.015, Delta_H +0.015

    READING (declared): P4 manufactures an evolution neither reading predicts: this counts against P4 (and so against CFG160's lean), not against either law

  3/4 checks pass; load-bearing failures: 1   (0 s)
