CFG113 -- DOES GC ORBITAL ANISOTROPY RESCUE THE LAW'S SLUGGS DEFICIT?  CFG111's JAM-calibrated SLUGGS test (published per-galaxy GC
density slopes gamma_i, isotropic orbits) with a constant orbital anisotropy beta for the GC tracer.

Criteria frozen and committed before any number: campaign_fresh_gravity/CFG113_FROZEN_CRITERIA.md (8ef01b411).
  bracket  constant beta in {-0.5, -0.25, 0, +0.25, +0.5} for every galaxy (spans the measured early-type GC-system anisotropies: NGC 5846
           red ~0.4 / blue ~0.15 outside ~3 R_e, Napolitano+2014; NGC 1407 metal-rich radial / metal-poor tangential, Wasserman+2018; M87 red
           tangential / blue ~isotropic, Li+2020); beta = 0 is the control (= CFG111); +0.75 / +0.9 reported beyond the bracket.
  machinery CFG111's per-galaxy pipeline (CFG55 exec'd read-only): published gamma_i, CFG55's JAM-calibrated masses (independent of the GC
           orbits), CFG55's 16; beta enters only h50's sigma_r2 / sigma_los (which already take a constant beta).  beta(r) is not tested.
PRE-DECLARED (from the frozen file)
  C1  CONTROL  beta = 0 reproduces CFG111's committed per-galaxy offsets (law and rule, both footings) to 1e-9.
  C2  CONTROL  flat-v_c potential, power-law tracer: sigma_r2 / sigma_los reproduce sigma_los^2 / v_c^2 = (g - b(g-1)) / (g (g - 2b)) to 0.3%
               at R = 5 kpc for gamma in {2.5, 3.43}, beta in {-0.5, +0.5}.
  H1  [HEADLINE; MUTATE must fail] with the published gamma_i the law's JAM-calibrated SLUGGS deficit exceeds 2 sigma at EVERY beta in the
               bracket, both footings (the minimum over the bracket is tested).
  R1-R6 (reported): law and rule at every beta; per-galaxy null beta; the global null beta; gamma = 3 at beta = +-0.5; SLUGGS population
               masses at beta = +-0.5; the four centrals excluded at beta = +0.5.
  R7  (POST HOC, added after the first run; reported only) the law's mean at beta = 0.5 / 0.9 / 0.99 on an extended radial grid,
               bounding the solver's grid-edge bias near beta = 1.  Every other line of both logs is unchanged apart from timing.
MUTATE=1: on each footing every galaxy's observed outer dispersions x 10^(-D), D = the law's mean offset at (gamma_i, beta = +0.5) from the
  unmodified data -- the deficit removed, the scatter kept; H1 must FAIL (rc = 1).

  *** MUTATE=1: observed outer dispersions x 10^(-D) (the law's mean deficit at beta = +0.5 removed) -- H1 must FAIL ***

======================================================================================================================
C1 / C2  CONTROLS
======================================================================================================================
  [PASS] C1 CONTROL: beta = 0 reproduces CFG111's committed per-galaxy offsets (law and rule, both footings) to 1e-9
         max |d offset| 0.0e+00 (64 offsets)
  [PASS] C2 CONTROL: flat-v_c potential, power-law tracer: h50's sigma_r2 / sigma_los reproduce the analytic sigma_los^2 / v_c^2 to 0.3% (R = 5 kpc)
         worst 2.3e-04; g 2.5 b -0.5: 0.37150 vs 0.37143; g 2.5 b +0.5: 0.46663 vs 0.46667; g 3.43 b -0.5: 0.30577 vs 0.30569; g 3.43 b +0.5: 0.26577 vs 0.26575
    MUTATE canonical: D = +0.0738 dex removed from every galaxy's observed outer dispersions
    MUTATE alt: D = +0.0636 dex removed from every galaxy's observed outer dispersions

======================================================================================================================
H1  THE LAW'S DEFICIT ACROSS THE DECLARED ANISOTROPY BRACKET (published gamma_i)
======================================================================================================================
    canonical: beta -0.50 law +0.0119 (+0.51); beta -0.25 law +0.0104 (+0.45); beta +0.00 law +0.0083 (+0.36); beta +0.25 law +0.0051 (+0.23); beta +0.50 law +0.0000 (+0.00)
    alt: beta -0.50 law +0.0134 (+0.58); beta -0.25 law +0.0116 (+0.51); beta +0.00 law +0.0092 (+0.41); beta +0.25 law +0.0057 (+0.26); beta +0.50 law +0.0000 (+0.00)
  [FAIL] H1 [HEADLINE] WITH THE PUBLISHED SLOPES THE LAW'S DEFICIT EXCEEDS 2 SIGMA AT EVERY BETA IN THE BRACKET, both footings  [MUTATE: deficit removed]
         canonical: minimum +0.00 sigma at beta +0.50 (+0.0000 +- 0.0218); alt: minimum +0.00 sigma at beta +0.50 (+0.0000 +- 0.0217)  [beta = 0 (CFG111): +3.60 / +3.22 sigma]

======================================================================================================================
REPORTED ROWS
======================================================================================================================
  [PASS] (reported) R1 (reported) the law and the rule at every beta (canonical | alt; sigma = mean / error)
         beta -0.50: law +0.0119 (+0.51) | +0.58, rule -0.0379 (-2.17) | -1.52; beta -0.25: law +0.0104 (+0.45) | +0.51, rule -0.0414 (-2.36) | -1.72; beta +0.00: law +0.0083 (+0.36) | +0.41, rule -0.0462 (-2.60) | -1.97; beta +0.25: law +0.0051 (+0.23) | +0.26, rule -0.0529 (-2.88) | -2.29; beta +0.50: law +0.0000 (+0.00) | +0.00, rule -0.0628 (-3.20) | -2.68; beta +0.75: law -0.0097 (-0.45) | -0.49, rule -0.0785 (-3.51) | -3.12; beta +0.90: law -0.0204 (-0.94) | -1.01, rule -0.0927 (-3.66) | -3.36
  [PASS] (reported) R2 (reported) per galaxy (canonical): the constant beta in [-1, 0.99] that nulls the law's offset (nan = none), beside gamma_i
         1023 +nan (gamma 2.89, offset at 0 +0.019); 2768 +nan (gamma 2.75, offset at 0 -0.096); 3377 -0.25 (gamma 3.20, offset at 0 +0.004); 3607 +nan (gamma 2.63, offset at 0 -0.072); 4278 +nan (gamma 2.91, offset at 0 +0.050); 4365 +0.97 (gamma 2.56, offset at 0 +0.100); 4374 +0.94 (gamma 2.56, offset at 0 +0.093); 4459 +nan (gamma 2.89, offset at 0 -0.105); 4473 +nan (gamma 2.91, offset at 0 -0.019); 4486 +nan (gamma 2.49, offset at 0 +0.163); 4494 +nan (gamma 2.87, offset at 0 -0.186); 4526 +nan (gamma 2.72, offset at 0 -0.016); 4649 +0.36 (gamma 2.50, offset at 0 +0.015); 4697 +0.34 (gamma 2.79, offset at 0 +0.005); 5846 +nan (gamma 2.59, offset at 0 +0.109); 7457 +nan (gamma 3.43, offset at 0 +0.069)  [NGC 5846 measured: red ~0.4, blue ~0.15 outside ~3 R_e]
  [PASS] (reported) R3 (reported) the one constant beta in [-1, 0.99] that nulls the law's mean offset (nan = none)
         canonical: +0.500 (mean at beta 0.99: -0.0302); alt: +0.500 (mean at beta 0.99: -0.0322)
  [PASS] (reported) R4 (reported) gamma = 3 for every galaxy (CFG55's baseline), canonical: the law and the rule at beta = -0.5 / 0 / +0.5
         beta -0.5: law +0.0205 (+0.84), rule -0.0268 (-1.51); beta +0.0: law +0.0232 (+0.95), rule -0.0282 (-1.59); beta +0.5: law +0.0280 (+1.16), rule -0.0307 (-1.71)
  [PASS] (reported) R5 (reported) SLUGGS's population masses, published gamma_i, canonical: the law and the rule at beta = -0.5 / +0.5
         beta -0.5: law -0.0080 (-0.30), rule -0.0782 (-4.17); beta +0.5: law -0.0190 (-0.77), rule -0.1040 (-4.52)
  [PASS] (reported) R6 (reported) the four group/cluster centrals excluded, beta = +0.5, canonical
         N = 12: law -0.0302 (-1.33 sigma); rule -0.0666 (-2.58 sigma)
  [PASS] (reported) R7 (post hoc, reported only; added after the first run) the law's mean offset at beta = 0.5 / 0.9 / 0.99 on an extended radial grid (to 3e6 kpc, 1600 points), bounding the solver's grid-edge bias near beta = 1
         canonical: beta 0.5: -0.0000 (standard grid +0.0000), beta 0.9: -0.0213 (standard grid -0.0204), beta 0.99: -0.0327 (standard grid -0.0302); alt: beta 0.5: -0.0000 (standard grid +0.0000), beta 0.9: -0.0228 (standard grid -0.0219), beta 0.99: -0.0348 (standard grid -0.0322)

    READING (declared): radially biased GC orbits inside the measured range bring the law's deficit below 2 sigma: the SLUGGS failure is degenerate with the GC orbits

  9/10 checks pass; load-bearing failures: 1   (27 s)
