CFG29 -- THE BINARY AUDIT OF THE ULTRA-FAINT FAILURE: can unresolved binary stars make the offset CFG28 left standing (+0.30-0.33
dex, 3.5-3.8 sigma), or is it beyond what binaries can do?

WHY.  CFG28 found the ultra-faint offset robust to our analysis, to tides and to measurement noise; binaries were the one escape.
Two published results bound what binaries can do, and both are used here as fixed inputs, not fitted:
  (a) single-epoch data: Monte Carlo populations of unresolved binaries are "unlikely to produce dispersions much in excess of
      ~4.5 km/s", even from a near-zero intrinsic dispersion (McConnachie & Cote 2010, ApJL);
  (b) multi-epoch data: with a 10-year baseline the residual binary bias reaches ~10-120% for systems whose true dispersion is below
      ~1 km/s, and is smaller for hotter systems (Ou et al. 2026, arXiv:2609.19407).
So binaries are strongest where the true dispersion is smallest.  Where the framework predicts a larger dispersion, and wherever
the measured dispersion exceeds the single-epoch ceiling, binaries cannot close a factor-2 gap.  The data (the committed LVD table;
the reference for each dispersion, ref_vlos, is carried) and FG001's estimator are CFG28's, exec'd read-only.

PRE-DECLARED (before this script's first run)
  C1  CONTROL  CFG28's committed Kaplan-Meier medians (+0.325 / +0.304 dex) reproduced.
  H1  [HEADLINE; MUTATE must fail] where binaries are weak -- the ultra-faints whose framework-predicted dispersion is >= 1.5 km/s --
      the median offset (Kaplan-Meier with the upper limits) is > 0.2 dex and > 3 sigma with CFG28's systematic floor, both footings.
  H2  at least one ultra-faint beyond 80 kpc (negligible tides) has a measured dispersion above the single-epoch binary ceiling
      (4.5 km/s) by more than 2 sigma: a system binaries cannot explain even in principle.
  R1  (reported) the offset for predicted dispersion >= 2 km/s and < 1.5 km/s; per system, the binary floor the framework would
      need, sqrt(sigma_obs^2 - sigma_pred^2), against the caps (a) and (b); the dispersion references.
  READING: H1 PASS -> the offset persists where binaries are weakest, so binaries do not explain the failure; H1 FAIL -> the
  offset lives in the coldest systems, where binaries are strongest, and the failure is not established.
MUTATE=1: every dispersion and limit is halved (CFG28's control) -- H1 must FAIL (rc = 1).

  *** MUTATE=1: every dispersion and limit halved -- H1 must FAIL ***

======================================================================================================================
C1  CONTROL: CFG28's Kaplan-Meier medians
======================================================================================================================
  [PASS] C1 CONTROL: CFG28's committed Kaplan-Meier medians reproduced
         max |d| 0.0e+00

======================================================================================================================
H1  WHERE BINARIES ARE WEAKEST: the ultra-faints the framework predicts at >= 1.5 km/s
======================================================================================================================
    canonical: pred >= 1.5: +0.012 +- 0.031 (19 + 2 limits) -> 0.1 sigma; pred >= 2.0: -0.072 +- 0.146 (5 + 0 limits) -> -0.4 sigma; pred < 1.5: +0.174 +- 0.082 (12 + 7 limits) -> 1.5 sigma
    alt      : pred >= 1.5: -0.008 +- 0.031 (19 + 2 limits) -> -0.1 sigma; pred >= 2.0: -0.006 +- 0.122 (7 + 1 limits) -> -0.0 sigma; pred < 1.5: +0.154 +- 0.082 (12 + 7 limits) -> 1.4 sigma
  [FAIL] H1 [HEADLINE] where binaries are weakest (framework-predicted dispersion >= 1.5 km/s) the median offset is > 0.2 dex and > 3 sigma with CFG28's floor, both footings  [MUTATE: dispersions halved]
         canonical: +0.012 dex, 0.1 sigma; alt: -0.008 dex, -0.1 sigma

======================================================================================================================
H2  BEYOND THE SINGLE-EPOCH BINARY CEILING (4.5 km/s, McConnachie & Cote 2010), FAR FROM THE MILKY WAY
======================================================================================================================
    Ursa Major I       D  101.9 kpc  sigma  3.58 +- 0.56  predicted 1.92  binary floor needed 3.02 km/s  (above 4.5 km/s by -1.6 sigma)  [Geha2026ApJ...999..140G]
    Eridanus IV        D   76.2 kpc  sigma  3.05 +- 0.53  predicted 1.34  binary floor needed 2.74 km/s  (above 4.5 km/s by -2.8 sigma)  [Heiger2024ApJ...961..234H]
    Ursa Major II      D   40.8 kpc  sigma  3.15 +- 0.50  predicted 1.63  binary floor needed 2.69 km/s  (above 4.5 km/s by -2.7 sigma)  [Geha2026ApJ...999..140G]
    Carina III         D   25.0 kpc  sigma  2.80 +- 1.60  predicted 1.03  binary floor needed 2.60 km/s  (above 4.5 km/s by -1.1 sigma)  [Li2018ApJ...857..145L]
    Columba I          D  187.3 kpc  sigma  2.98 +- 1.15  predicted 1.55  binary floor needed 2.55 km/s  (above 4.5 km/s by -1.3 sigma)  [Geha2026ApJ...999..140G]
    Willman 1          D   42.7 kpc  sigma  2.35 +- 0.70  predicted 1.06  binary floor needed 2.10 km/s  (above 4.5 km/s by -3.1 sigma)  [Chiu2026ApJ..1002...55C]
    Horologium I       D   38.2 kpc  sigma  2.45 +- 0.92  predicted 1.29  binary floor needed 2.08 km/s  (above 4.5 km/s by -2.2 sigma)  [Koposov2015ApJ...811...62K]
    Segue 1            D   27.8 kpc  sigma  1.99 +- 0.46  predicted 0.80  binary floor needed 1.82 km/s  (above 4.5 km/s by -5.5 sigma)  [Geha2026ApJ...999..140G]
    Tucana IV          D   44.5 kpc  sigma  2.15 +- 0.68  predicted 1.17  binary floor needed 1.80 km/s  (above 4.5 km/s by -3.5 sigma)  [Simon2020ApJ...892..137S]
    Canes Venatici II  D  160.6 kpc  sigma  2.64 +- 0.55  predicted 1.95  binary floor needed 1.78 km/s  (above 4.5 km/s by -3.4 sigma)  [Geha2026ApJ...999..140G]
    Aquarius II        D  105.1 kpc  sigma  2.35 +- 0.75  predicted 1.61  binary floor needed 1.72 km/s  (above 4.5 km/s by -2.9 sigma)  [Bruce2023ApJ...950..167B]
    Eridanus II        D  371.6 kpc  sigma  3.45 +- 0.53  predicted 3.05  binary floor needed 1.61 km/s  (above 4.5 km/s by -2.0 sigma)  [Li2017ApJ...838....8L]
    Pictor II          D   11.8 kpc  sigma  1.75 +- 0.50  predicted 1.09  binary floor needed 1.37 km/s  (above 4.5 km/s by -5.5 sigma)  [Pace2025OJAp....8E.112P]
    Reticulum II       D   22.2 kpc  sigma  1.80 +- 0.42  predicted 1.21  binary floor needed 1.34 km/s  (above 4.5 km/s by -6.4 sigma)  [Walker2015ApJ...808..108W]
    Tucana II          D   52.5 kpc  sigma  1.90 +- 0.45  predicted 1.39  binary floor needed 1.29 km/s  (above 4.5 km/s by -5.8 sigma)  [Chiti2023AJ....165...55C]
    Pisces II          D  181.9 kpc  sigma  1.86 +- 0.83  predicted 1.58  binary floor needed 0.98 km/s  (above 4.5 km/s by -3.2 sigma)  [Geha2026ApJ...999..140G]
    Pegasus IV         D   89.1 kpc  sigma  1.67 +- 0.51  predicted 1.58  binary floor needed 0.53 km/s  (above 4.5 km/s by -5.5 sigma)  [Geha2026ApJ...999..140G]
    Centaurus I        D  114.1 kpc  sigma  2.10 +- 0.28  predicted 2.03  binary floor needed 0.53 km/s  (above 4.5 km/s by -8.7 sigma)  [Heiger2024ApJ...961..234H]
    Coma Berenices     D   43.5 kpc  sigma  1.67 +- 0.26  predicted 1.59  binary floor needed 0.50 km/s  (above 4.5 km/s by -10.9 sigma)  [Geha2026ApJ...999..140G]
    Leo VI             D  113.7 kpc  sigma  1.43 +- 0.72  predicted 1.34  binary floor needed 0.50 km/s  (above 4.5 km/s by -4.3 sigma)  [Tan2025ApJ...979..176T]
    Leo V              D  169.8 kpc  sigma  1.69 +- 0.69  predicted 1.64  binary floor needed 0.40 km/s  (above 4.5 km/s by -4.1 sigma)  [Geha2026ApJ...999..140G]
    Carina II          D   18.6 kpc  sigma  1.70 +- 0.50  predicted 1.69  binary floor needed 0.18 km/s  (above 4.5 km/s by -5.6 sigma)  [Li2018ApJ...857..145L]
    Bootes I           D   64.0 kpc  sigma  2.00 +- 0.17  predicted 2.36  binary floor needed 0.00 km/s  (above 4.5 km/s by -14.3 sigma)  [Sandford2026ApJ...998...47S]
    Bootes II          D   39.5 kpc  sigma  0.96 +- 0.34  predicted 1.16  binary floor needed 0.00 km/s  (above 4.5 km/s by -10.3 sigma)  [Geha2026ApJ...999..140G]
    Bootes III         D   47.5 kpc  sigma  0.84 +- 0.47  predicted 2.25  binary floor needed 0.00 km/s  (above 4.5 km/s by -7.8 sigma)  [Li2026arXiv260707803L]
    Grus I             D  122.7 kpc  sigma  1.25 +- 0.53  predicted 1.52  binary floor needed 0.00 km/s  (above 4.5 km/s by -6.2 sigma)  [Chiti2022ApJ...939...41C]
    Hercules           D  125.0 kpc  sigma  1.12 +- 0.32  predicted 2.25  binary floor needed 0.00 km/s  (above 4.5 km/s by -10.5 sigma)  [Geha2026ApJ...999..140G]
    Hydrus I           D   23.9 kpc  sigma  1.35 +- 0.23  predicted 1.75  binary floor needed 0.00 km/s  (above 4.5 km/s by -13.4 sigma)  [Koposov2018MNRAS.479.5343K]
    Leo IV             D  151.9 kpc  sigma  1.65 +- 0.39  predicted 1.84  binary floor needed 0.00 km/s  (above 4.5 km/s by -7.4 sigma)  [Geha2026ApJ...999..140G]
    Pegasus III        D  212.8 kpc  sigma  1.38 +- 0.54  predicted 1.54  binary floor needed 0.00 km/s  (above 4.5 km/s by -5.8 sigma)  [Geha2026ApJ...999..140G]
    Tucana V           D   51.8 kpc  sigma  0.60 +- 0.38  predicted 0.76  binary floor needed 0.00 km/s  (above 4.5 km/s by -10.4 sigma)  [Hansen2024ApJ...968...21H]
  [FAIL] H2 at least one ultra-faint beyond 80 kpc has a dispersion above the single-epoch binary ceiling (4.5 km/s) by > 2 sigma
         none

    binary floor the framework needs (canonical): median 0.98 km/s; 7 of 31 systems need more than 2.0 km/s (about the most a 10-yr multi-epoch baseline leaves for a true dispersion near 1 km/s, Ou et al. 2026)
    READING (declared): the offset lives in the coldest systems, where binaries are strongest: the failure is not established
  [PASS] (reported) R1 (reported) the per-system binary floors and the references
         median floor 0.98 km/s; beyond the ceiling: 0

  2/4 checks pass; load-bearing failures: 2   (0 s)
