CFG35 -- THE COLD-MATTER RULE, DERIVED FROM B's OWN CONSERVATION LAW, and tested where it can be tested without circularity.

THE DERIVATION.  T4: B's dark component is a pressureless cold fluid with a conserved amount, behaving as CDM wherever the law is off
-- so before turnaround it collapses with the baryons in the cosmic ratio, into ΛCDM's collapsed regions.  Baryonic feedback is a
pressure force on gas; it cannot push a pressureless fluid.  So a bound system's cold mass is fixed at collapse,
M_c = (1 - f_b) M_coll with f_b = Omega_b/Omega_m, and does not follow the baryons feedback later removes.  T5's cosmic share,
written as (Omega_c/Omega_b) x (today's baryons), is therefore only a FLOOR (CFG34: groups lost ~40% of their baryons inside R500 and
fall short exactly by that, rho = -0.96).  T5's identity says the cold fluid first IS the law's phantom; conservation says whatever
is left over stays as collapse debris, which the law does not use and which therefore keeps the collapse (CDM) profile.  Hence the
CONSERVATION FORM of T5:
      dark(<r) = M_ph(<r) + f_ex (1 - f_b) M_NFW(<r; M_coll),     f_ex = max(0, 1 - M_ph,edge / [(1 - f_b) M_coll]),
M_ph the law's phantom from TODAY's baryons (nu_mono, monopole), M_ph,edge its mass inside B's edge r_e = x_e r_ta (CFG7's r_ta_law),
M_NFW the collapse profile (Dutton & Maccio 2014 c(M), 200c; h48's committed function).  No new constant: M_coll is history.

WHAT MAKES A TEST NON-CIRCULAR.  M_coll must come from something other than the mass being predicted.  For single galaxies it can: the
stellar-to-halo relation (Moster+13; h48's committed halo_mass), which B inherits because its pre-turnaround dynamics are ΛCDM's.
For groups and clusters every available collapse estimate here uses the hydrostatic mass itself, so they are not scored.

PRE-DECLARED (before this script's first run)
  C1  CONTROL  CFG32's committed per-galaxy offsets under the law (Kroupa) reproduced (7 X-ray ellipticals, both footings).
  H1  [declared headline; see below] THE CONSERVATION FORM FIXES THE X-RAY ELLIPTICALS: with M_coll from the stellar-to-halo relation and
      x_e = 0.40 (the middle of B's window), the mean per-galaxy offset lies within 2 sigma of zero with CFG32's error model (galaxy-to-
      galaxy error; IMF and radial-range floor re-run), both footings.
  H2  ...WITHOUT DISTURBING THE SPIRALS: over SPARC (175 galaxies; M_* = 0.61 L_3.6, CFG4's nu_mono fit, + 1.33 M_HI), the leftover is
      zero (f_ex = 0) in at least 90% of galaxies, and where it is not, the mass it adds at the HI radius raises v_c by less than 0.03
      dex in every galaxy (canonical, x_e = 0.40).
  R1-R3 (reported): both ends of the edge window (x_e = 0.31, 0.48); the law's offsets beside (CFG32); per-galaxy f_ex and M_coll.
  READING (declared): H1 and H2 PASS -> the conservation form, derived from T4, closes the ellipticals without touching the spirals,
  and replaces T5's "today's baryons" as B's rule.  H1 FAIL -> conservation alone does not supply the ellipticals' extended mass.
  H2 FAIL -> the rule that helps the ellipticals breaks the spirals: B cannot take it as it stands.
ADDED AFTER THE FIRST MUTATE RUN, BEFORE THE MAIN RUN (disclosed): the MUTATE control passed H1, so H1 has no bite (the law alone sits
  at 1.7 sigma, inside 2); H1 is kept and reported as uninformative, and H1b (better than 1 sigma) is the headline.  The same run exposed
  a bug: the Salpeter variant fed Salpeter masses to the SHMR, which is calibrated on Kroupa/Chabrier-like masses; M_coll now always
  comes from the Kroupa mass.
MUTATE=1: every collapse mass divided by 10 -- H1b must FAIL (rc = 1).

  *** MUTATE=1: every collapse mass divided by 10 -- H1b must FAIL ***

======================================================================================================================
C1  CONTROL: CFG32's committed per-galaxy offsets under the law
======================================================================================================================
  [PASS] C1 CONTROL: CFG32's committed per-galaxy offsets (the law, Kroupa) reproduced
         max |d| 1.1e-16 dex

======================================================================================================================
H1  THE CONSERVATION FORM ON THE SEVEN X-RAY ELLIPTICALS (M_coll from the stellar-to-halo relation)
======================================================================================================================
    canonical: per-galaxy NGC720 +0.57 (f_ex 0.00, M_coll 3.0e+11), NGC1407 +0.22 (f_ex 0.19, M_coll 2.4e+13), NGC4125 +0.04 (f_ex 0.00, M_coll 6.1e+12), NGC4261 +0.03 (f_ex 0.00, M_coll 1.6e+13), NGC4472 +0.34 (f_ex 0.00, M_coll 1.3e+13), NGC4649 +0.55 (f_ex 0.00, M_coll 1.4e+13), NGC6482 +0.11 (f_ex 0.17, M_coll 2.3e+13)
               mean +0.267 +- 0.155 -> +1.72 sigma (law alone +0.280); edge window x_e = 0.31 / 0.48: +0.240 / +0.279
    alt      : per-galaxy NGC720 +0.54 (f_ex 0.00, M_coll 3.0e+11), NGC1407 +0.23 (f_ex 0.06, M_coll 2.4e+13), NGC4125 +0.02 (f_ex 0.00, M_coll 6.1e+12), NGC4261 +0.01 (f_ex 0.00, M_coll 1.6e+13), NGC4472 +0.31 (f_ex 0.00, M_coll 1.3e+13), NGC4649 +0.53 (f_ex 0.00, M_coll 1.4e+13), NGC6482 +0.12 (f_ex 0.04, M_coll 2.3e+13)
               mean +0.250 +- 0.158 -> +1.58 sigma (law alone +0.254); edge window x_e = 0.31 / 0.48: +0.233 / +0.254
  [PASS] H1 [HEADLINE] THE CONSERVATION FORM FIXES THE X-RAY ELLIPTICALS: mean per-galaxy offset within 2 sigma of zero (CFG32's error model), both footings, x_e = 0.40  [MUTATE: collapse masses / 10]
         canonical: +0.267 +- 0.155 (+1.72 sigma; the law alone +0.280); alt: +0.250 +- 0.158 (+1.58 sigma; the law alone +0.254)
  [FAIL] H1b [HEADLINE, declared after the first MUTATE run showed H1 has no bite -- the law alone already sits at 1.7 sigma -- and before the main run] THE CONSERVATION FORM FITS THE ELLIPTICALS AT BETTER THAN 1 SIGMA (CFG32's error model), both footings  [MUTATE: collapse masses / 10]
         canonical: +1.72 sigma (the law alone: +1.81 with this lane's error); alt: +1.58 sigma (the law alone: +1.61 with this lane's error)

======================================================================================================================
H2  THE SPIRALS: does the leftover touch SPARC?
======================================================================================================================
  [PASS] H2 ...WITHOUT DISTURBING THE SPIRALS: f_ex = 0 in >= 90% of SPARC, and the added mass at the HI radius raises v_c by < 0.03 dex in every galaxy (canonical, x_e = 0.40)
         171 galaxies; f_ex = 0 in 100%; max d log v at R_HI +0.000 dex; largest: CamB (log M_* 7.7, f_ex 0.00, +0.000), DDO064 (log M_* 8.0, f_ex 0.00, +0.000), DDO154 (log M_* 7.5, f_ex 0.00, +0.000), DDO161 (log M_* 8.5, f_ex 0.00, +0.000), DDO168 (log M_* 8.1, f_ex 0.00, +0.000)
  [PASS] (reported) R1 (reported) the edge window's ends and the law beside
         canonical: x_e 0.31 +0.240, 0.40 +0.267, 0.48 +0.279; law +0.280; alt: x_e 0.31 +0.233, 0.40 +0.250, 0.48 +0.254; law +0.254

    READING (declared): the conservation form, derived from T4, closes the ellipticals without touching the spirals, and replaces T5's 'today's baryons'

  4/5 checks pass; load-bearing failures: 1   (3 s)
