CFG58 -- READINGS (L) AND (S) OF B's COLD-MASS RULE, scored on FIVE POPULATIONS NOT YET SCORED UNDER THE RULE.

WHY.  CFG45 scored four pre-declared readings of B's cold-mass rule on the ultra-faints, the classical satellites, SPARC, UGC 2487, the four Di Teodoro S0,
SLUGGS, the X-ray ellipticals and the Ogle super spirals.  No reading passed all seven gates; the sum (S) was best and failed only the classical satellites
(M31 LVD -2.67 sigma, MW classical -1.8 / -1.9 sigma).  This harness asks the same question of populations the rule has NOT met: where else does the sum add
mass the data do not want (it BREAKS the population), where does it leave the bare law alone (it SPARES it), and where does it help?

THE READINGS (declared; ONLY these two; NO new reading; same definitions as CFG45, same machinery exec'd read-only):
  (L) the bare law (control): g = nu_mono(g_N / a0) g_N, g_N the lane's Newtonian field of the (infall) baryons, isolated.
  (S) the sum as committed (CFG35): g = L + f_ex (1 - f_b) G M_NFW(<r; M_c) / r^2,  f_ex = max(0, 1 - M_phantom,edge / [(1 - f_b) M_c]), the edge at x_e = 0.40
      of r_ta (CFG7's r_ta_law at a = 1, both footings' own a0, nu_mono); Dutton-Maccio NFW; f_b = Omega_b/Omega_m of CFG35.
  Collapse mass M_c for every population below: the Moster+2013 stellar-to-halo relation of CFG35 (h48's halo_mass) at the object's STELLAR mass -- the same
  treatment CFG42 gave the satellites.  THE CLAMP (declared): that function is clamped at M_c = 1e9 Msun for M_* <~ 1.6e4 Msun (its grid floor).  It is NOT reached
  by the Coma UDGs (log M_* 7.70-8.59), DF2/DF4, the tidal dwarfs, or the SPARC galaxies; it IS reached by the faintest Local-Volume dwarfs of the statistic-C
  sample (counted in the output).  Both footings (canonical 9.3603e-11, alt 1.1312e-10 m/s^2) everywhere unless stated.  Signs: offset = obs - pred, positive
  = the data sit above the prediction.  'sigma' below = the offset divided by the lane's total error.

THE POPULATIONS, THE STATISTICS (each lane's estimator and error model kept; the lane's data / machinery exec'd read-only) AND THE ACCEPTANCE (declared):
  (a) COMA ULTRA-DIFFUSE GALAXIES -- CFG31 (11 UDGs; L23's data; g_obs = 3 sigma^2 / r_1/2, g_bar = G (M_b/2) / r_1/2^2; the infall gas-to-star ratio drawn per
      galaxy from its 5 nearest members of CFG18's calibration set, non-detections as zero, 2000 realisations, seed 31).  Statistic: the inverse-variance
      weighted mean of log10(g_obs/g_pred) in dex of acceleration.  Error = sqrt(stat^2 + CFG31's recomputed isolated-law floor^2 + realisation spread^2),
      for (S) plus a COLLAPSE-MASS floor: half the range of the (S) mean offset when every M_c is set to x0.1 / x1 / x10 (declared here; CFG31 had no collapse mass).
      (S) adds g_extra at r_1/2 with M_c = Moster(M_* of the UDG), M_b including that realisation's infall gas in f_ex.
      ACCEPT: |offset| < 2 sigma, both footings.  (L) must reproduce CFG31's committed H1 (+0.234 / +0.195 dex, 1.3 / 1.1 sigma).
  (b) NGC 1052-DF2 AND DF4 -- CFG7 / FG001 H6 (class E: formed embedded, no cold component).  TWO treatments, both declared:
      T-E (as FG001 declares, and as the lane scores): no collapse mass exists, so (L) = (S) = the Newtonian prediction, f_ex = 0 by declaration; the lane's
          statistic z_N at 20 Mpc for the central measurements (DF2 Danieli+19, DF4 van Dokkum+19).  ACCEPT: z_N <= 2 for both.  S == L here is a TAUTOLOGY, and is
          reported as such.
      T-B (blind, diagnostic): the readings applied as CFG45 applies them to ANY object, with M_c = Moster(M_* = 2 L_V): (L) = the bare isolated law, (S) = L + the
          added mass, sigma_pred by CFG42's / FG001's estimator (sigma^2 = g r / 3 at r = 4/3 r_half, half the baryons enclosed); the lane's signed z at 20 Mpc.
          ACCEPT (for 'the rule spares it by itself'): |log sigma_S - log sigma_L| < 0.03 dex; the z of L and S are reported.
  (c) THE TIDAL DWARF GALAXIES -- CFG7 / FG041 (the six Lelli+2015 TDGs around NGC 5291 / 7252 / 4694; NOT Milky Way / M31 dwarfs), class E.  T-E: (L) = (S) =
      Newton, statistic chi^2 (6 dof) <= 12.6 (the lane's own kill test), f_ex = 0 by declaration.  T-B (blind): (L) = the bare isolated law (nu_mono, no host
      field), (S) = L + the added mass at R_out with M_c = Moster(M_*), V by the lane's errors (M_bar, R_out propagated).  ACCEPT (spared by the rule itself): the
      largest per-object |log V_S - log V_L| < 0.03 dex (the user's criterion for tidal dwarfs); chi^2 of L and S reported against 12.6.
  (d) THE LOCAL VOLUME DWARFS.  (d1) 'statistic C' (FG001 gate G8 / XR27 Part B / k_contrarian_dwarfefe): the partial slope of log sigma on log(g_e/a0) in the
      quadratic (M_*, r_h) design, N = 92, committed regressor (true external field of the larger host), bootstrap error of the observed (4000, seed 7).  The
      prediction is the same design applied to the model's own log sigma with NO external field (class A / T: isolated): sigma^2 = (2/9) g r_h, g = L or S at r_h
      (KD's estimator; (S) adds the NFW term at r_h; M_c = Moster(2 L_V)).  Signed z = (obs - pred)/err; err for (S) adds the collapse floor (half range of the
      predicted slope over M_c x0.1 / x1 / x10).  ACCEPT: |z| < 2 both footings.  (FG001's G8 takes pred = 0 -> 1.71 sigma; here pred is the computed leakage.)
      (d2) the isolated LV FIELD dwarfs (FG001's `fld`, class T -- the rule DOES apply to them; h43's -0.044 / -0.062 dex): median log10(sigma_obs/sigma_pred), CFG42's
      / CFG45's error model (1.2533 std/sqrt n, Upsilon_V 1 to 4 floor, collapse-mass floor variants 1e8..1e10 for M_* < 1e5 only).  ACCEPT: |median| < 2 sigma, both footings.
  (e) SPARC LOW-SURFACE-BRIGHTNESS galaxies.  THE CUT (declared before the first run): over the SPARC master-table rows with M_* = 0.61 L_3.6 > 0 and R_HI > 0 (the
      rows CFG45's P3 uses), LSB = central disk surface brightness SBdisk (the table's column 'SBdisk', L_sun/pc^2 at 3.6 micron) BELOW the sample median.  Statistic:
      CFG36 / CFG45 P3 exactly (M_* = 0.61 L_3.6, M_gas = 1.33 M_HI, point mass at R_HI, M_c = Moster for log M_* < 10 (CFG42 H4) and the Mandelbaum+2016 blue (T >= 1) /
      red (T <= 0) M_200c relation for log M_* >= 10 (CFG36 H2)): d log v = 0.5 log10(g_S / g_L) at R_HI, and f_ex.
      ACCEPT (E1, the CFG45 A3 / CFG42 H4 criterion): d log v < 0.03 dex in >= 90% of the LSB galaxies, both footings.  REPORTED: (E2) CFG36's strict clause (f_ex = 0 in
      >= 90% AND max d log v < 0.03); (E3) the DATA offset log10(V_flat / v_pred(R_HI)) of the LSB galaxies with V_flat > 0, median, error = sqrt((1.2533 std/sqrt n)^2
      + (0.25 x 0.2)^2) (the UGC 2487 lane's M_* term), |median| < 2 sigma; the HSB complement, for contrast.

WHICH POPULATION IS 'BROKEN' / 'SPARED' (declared classification, by the population's gate above): BREAKS = L passes and S fails; FIXES = L fails and S passes; SPARES
  = both pass and the change of the population's statistic < 0.03 dex; MOVES = both pass and the change > 0.03 dex; BOTH FAIL = neither passes.  The change is in dex of
  the population's own observable: (a) |mean_S - mean_L| / 2 (acceleration -> dispersion); (d2) |median_S - median_L| in log sigma; (e) the median of d log v over the
  LSB galaxies; (b), (c): T-E 0 by declaration, T-B the largest |log ratio| of the predicted sigma / V.  (d1) is a slope: reported as Delta slope.

CONTROLS
  C1  CONTROL  (L) reproduces the committed numbers: CFG31 H1 (mean and total error, both footings), CFG7 H6's z_N (15 rows) and CFG7 FG041's chi^2_Newton and
               chi^2_iso (nu_mono), XR27's observed statistic C (obs and err, both footings), FG001's committed isolated field-dwarf medians, and CFG45's SPARC P3
               numbers for (S) when the LSB cut is removed -- all to 1e-6 (statistic C's observed to 1e-9).
  C2  CONTROL  (S) is a strict addition: with every M_c set to ~0 (f_ex = 0) the (S) prediction equals (L) for the UDGs, the TDGs and the LV dwarfs; the added acceleration is
               >= 0; the edge phantom computed here equals CFG35's.
  C3  CONTROL  (MUTATE=1: every collapse mass divided by 100): (S) must equal (L) -- every population's change < 0.01 dex (Delta slope < 0.01) -- because f_ex -> 0.
  H1  [HEADLINE; MUTATE must fail] the sum changes at least one scored population by > 0.05 dex (in the units of the classification above; T-E rows count 0).
  H2  (reported) the table and the classification.
MUTATE=1: collapse masses / 100 for every S evaluation -- H1 must FAIL (rc = 1).
ADDED AFTER THE FIRST MAIN RUN, BEFORE ANY INTERPRETATION (disclosed): control C1 FAILED on XR27's statistic-C observed slope, alt footing (4.8e-9 against a tolerance of 1e-9): the
  campaign footing C.A0_SI is FP0's ROUNDED pair, XR27 used FP0's exact values.  C1 is kept as a FAIL (tolerance unchanged); a reported diagnostic C1b (exact footing, CFG4's A0) was
  added and C1's detail now lists every comparison over tolerance.  No reading, statistic, gate or threshold changed.
  ALSO ADDED after the first main run, before interpretation (all REPORTED, none gates): R1 the field-dwarf (S) median in units of (L)'s total error (because (S) shrinks the scatter of the
  13 dwarfs from 0.124 to 0.077 dex and so its own error); R2 the baryonic mass above which (S) switches itself off (f_ex = 0), against each population's baryonic masses; and the
  statistic-C row is labelled 'slope population' in the classification instead of carrying a dex change of 0.
Nothing here says the theory is closed; a population the sum passes is a population it has not yet failed, and a failure is a valid result.

======================================================================================================================
C1  CONTROLS: (L) against the committed numbers
======================================================================================================================
  [FAIL] C1 CONTROL: (L) reproduces CFG31 H1, CFG7 H6 (15 rows), FG041's chi^2, XR27's statistic-C observed, FG001's field-dwarf median; the SPARC (S) numbers reproduce CFG45's P3 (LSB cut removed)
         36 comparisons; worst deviation XR27 stat C obs alt: 4.8e-09 (tolerance 1e-09); over tolerance: XR27 stat C obs canonical 4.5e-09; XR27 stat C err canonical 2.2e-09; XR27 stat C obs alt 4.8e-09; XR27 stat C err alt 2.3e-09
  [PASS] (reported) C1b (reported diagnostic, added after the first run) statistic C's observed slope with FP0's EXACT footing (CFG4's A0) reproduces XR27's committed to 1e-12
         max |d| 0.0e+00; with the rounded campaign footing the deviation is at the 1e-9..1e-8 level (against an error of 0.047)

======================================================================================================================
C2  CONTROLS: (S) is a strict addition; the edge phantom equals CFG35's; the clamp
======================================================================================================================
  [PASS] C2 CONTROL: with every M_c ~ 0 (f_ex = 0) the (S) prediction equals (L) for the UDGs, TDGs, LV dwarfs and field dwarfs; the added mass is >= 0; the edge phantom equals CFG35's
         max |S - L| at M_c ~ 0: UDG 0.0e+00, TDG 0.0e+00, LV stat C 0.0e+00, LV field dwarfs 0.0e+00; edge phantom 0.0e+00; min NFW mass 1.47e+06
    the Moster clamp (M_c = 1e9 for M_* < 1.6e4): smallest log M_* by population {'UDG': 7.70035752782266, 'TDG': 7.477121254719663, 'LV stat-C': 2.673029995663981, 'field': 5.425029995663982, 'SPARC': 6.864511081058392}; LV statistic-C dwarfs at the clamp: 23 of 92

======================================================================================================================
THE TABLE: offsets in sigma, (L) | (S), canonical | alt  (positive = data above the prediction)
======================================================================================================================
    population (statistic)                                       L               S   f_ex (S)             change L->S
    (a) Coma UDGs, weighted mean [sigma]               +1.33|+1.11     +0.69|+0.61   median 0.00/0.00      0.000 dex sigma
        mean [dex acc] canonical, +- total        +0.234+-0.176 +0.234+-0.340   (S without the collapse floor: +1.33|+1.11 sigma; floor 0.291)
    (b) DF2 T-E (Newton; S==L by declaration) [z_N]           +0.01           +0.01   0 (declared)          0 (tautology)
        DF2 T-B blind: bare law | sum [sigma]          -3.28|-3.44     -3.28|-3.44   f_ex 0.00/0.00           0.000 dex
    (b) DF4 T-E (Newton; S==L by declaration) [z_N]           +0.78           +0.78   0 (declared)          0 (tautology)
        DF4 T-B blind: bare law | sum [sigma]          -1.51|-1.55     -1.51|-1.55   f_ex 0.00/0.00           0.000 dex
    (c) tidal dwarfs T-E: chi^2 Newton (6 dof)                1.09            1.09   0 (declared)          0 (tautology)
        T-B blind: chi^2 bare law | sum (can|alt)      131.3|151.9     131.3|151.9   f_ex med 0.00/0.00   max 0.000 dex
    (d1) LV dwarfs, statistic C [sigma]                +1.41|+1.42     +1.02|+1.13   f_ex>0 in 81/92       d slope 0.0134
        obs +- err | pred L | pred S (canonical)  +0.0800+-0.0467   L +0.0144   S +0.0278 (S without collapse floor: +1.12|+1.21 sigma)
    (d2) LV field dwarfs, median [sigma]               -0.60|-0.85     -3.47|-2.70   median 0.21/0.09      0.061 dex
        median [dex] canonical, +- total          -0.044+-0.074 -0.105+-0.030   (n = 13)
    (e) SPARC LSB (n=85) <0.03 dex                            100%       100%|100%   f_ex=0 100%|100%   median 0.000 max 0.000 dex
        data offset log(Vflat/v_pred) [sigma]          -0.16|-0.48     -0.16|-0.48   (n=53; median -0.009 -> -0.009 dex, canonical)
    (e) SPARC LSB dwarf (M*<1e10) (n=78) <0.03 dex            100%       100%|100%   f_ex=0 100%|100%   median 0.000 max 0.000 dex
        data offset log(Vflat/v_pred) [sigma]          +0.02|-0.34     +0.02|-0.34   (n=47; median +0.001 -> +0.001 dex, canonical)
    (e) SPARC LSB massive (M*>=1e10) (n=7) <0.03 dex            100%       100%|100%   f_ex=0 100%|100%   median 0.000 max 0.000 dex
        data offset log(Vflat/v_pred) [sigma]          -0.37|-0.68     -0.37|-0.68   (n=6; median -0.019 -> -0.019 dex, canonical)
    (e) SPARC HSB (complement) (n=86) <0.03 dex               100%         99%|99%   f_ex=0 99%|99%   median 0.000 max 0.139 dex
        data offset log(Vflat/v_pred) [sigma]          +0.24|-0.10     +0.22|-0.12   (n=80; median +0.012 -> +0.011 dex, canonical)
    LSB cut: SBdisk < median 313.9 L_sun/pc^2 over 171 galaxies; LSB n = 85; worst LSB (S, canonical): [('CamB', 0.0, 0.0, 7.66), ('DDO064', 0.0, 0.0, 7.98), ('DDO154', 0.0, 0.0, 7.51)]

======================================================================================================================
ACCEPTANCE AND CLASSIFICATION (declared): which populations the sum breaks or spares
======================================================================================================================
    population                   L gate   S gate  change [dex]   verdict
    a UDGs                         pass     pass         0.000   SPARES
    b DF2/DF4 (T-E)                pass     pass         0.000   SPARES
    c TDGs (T-E)                   pass     pass         0.000   SPARES
    d1 LV stat C                   pass     pass           n/a   BOTH PASS  (slope population: Delta slope 0.0134 (obs err 0.0467))
    d2 LV field dwarfs             pass     FAIL         0.061   BREAKS
    e SPARC LSB                    pass     pass         0.000   SPARES
    -- T-B (blind application to the class-E objects; diagnostic; 'spared by the rule itself' = |change| < 0.03 dex) --
    b DF2/DF4 T-B                  FAIL     FAIL         0.000   BOTH FAIL  (spared by the rule itself: True)
    c TDGs T-B                     FAIL     FAIL         0.000   BOTH FAIL  (spared by the rule itself: True)
    (e) reported: E2 (CFG36 strict: f_ex = 0 in >= 90% AND max < 0.03) pass; E3 (data offset |median| < 2 sigma) L pass, S pass
  [PASS] (reported) R1 (reported, added after the first run) the field-dwarf (S) median in units of (L)'s total error (S shrinks the scatter, hence its own error)
         canonical: S median -0.105 dex, own error 0.030 -> -3.47 sigma; in L's error 0.074 -> -1.43 sigma; std of offsets L 0.124 -> S 0.077; alt: S median -0.093 dex, own error 0.035 -> -2.70 sigma; in L's error 0.073 -> -1.27 sigma; std of offsets L 0.124 -> S 0.084
  [PASS] (reported) R2 (reported, added after the first run) the baryonic mass above which (S) switches itself off (f_ex = 0: the law's edge phantom exceeds the cold budget (1 - f_b) M_c), against each population's M_b
         M_b(f_ex -> 0) = canonical|M*=1.0Mb 5.52e+07, canonical|M*=0.5Mb 2.26e+07, alt|M*=1.0Mb 3.58e+07, alt|M*=0.5Mb 1.47e+07; population M_b [min / median / fraction above the canonical M*=M_b/2 switch-off]: Coma UDGs (with infall gas) 7.7e+07/1.4e+08/1.00; DF2/DF4 2.0e+08/2.1e+08/1.00; tidal dwarfs (M_bar) 1.4e+08/7.6e+08/1.00; LV statistic-C dwarfs 4.7e+02/4.9e+05/0.14; LV field dwarfs 8.0e+05/1.4e+07/0.38; SPARC LSB 5.0e+07/2.4e+09/1.00
  [PASS] H1 [HEADLINE] THE SUM HAS BITE ON THE NEW POPULATIONS: it changes at least one scored population by > 0.05 dex (dex of sigma / v; T-E rows count 0)
         a UDGs: 0.000; d2 LV field dwarfs: 0.061; e SPARC LSB (median dlogv): 0.000; b DF2/DF4 (T-E): 0.000; c TDGs (T-E): 0.000
  [PASS] (reported) C3 CONTROL (MUTATE run only): with every collapse mass / 100, (S) equals (L): every change < 0.01 dex (Delta slope < 0.01)
         a UDGs: 0.0000; d2 LV field dwarfs: 0.0615; e SPARC LSB (median dlogv): 0.0000; b DF2/DF4 (T-E): 0.0000; c TDGs (T-E): 0.0000; b DF2/DF4 T-B: 0.0000; c TDGs T-B: 0.0000; e SPARC LSB max dlogv: 0.0000; d1 stat C |d slope|: 0.0134
  [PASS] (reported) H2 (reported) the classification
         a UDGs: SPARES; b DF2/DF4 (T-E): SPARES; c TDGs (T-E): SPARES; d1 LV stat C: BOTH PASS; d2 LV field dwarfs: BREAKS; e SPARC LSB: SPARES | T-B: b DF2/DF4 T-B: BOTH FAIL (spared by the rule itself: True); c TDGs T-B: BOTH FAIL (spared by the rule itself: True)

  7/8 checks pass; load-bearing failures: 1   (6 s)
