
================ N512_s360_can_MUTATE: 7641 resolved hosts; dx 0.391 Mpc/h; catchment q mass-weighted 0.175, max 0.526; shell-only variant overdraw (q_sh > 1) 0.142 of catchment mass
  log M_ta [13.2,13.4) n 2661 (median 13.23); x_edge 0.192 (analytic 0.191); q per host median 0.000; analytic engine rule q 0.591
     cold depletion depth in the shell r_edge..r_ta: 0.071 (outer-shell-only variant 0.061); at 1-2 r_ta (neighbour catchments) 0.062
     depletion profile vs r/r_ta [0.05 0.35 0.65 0.95 1.25 1.55 1.85 2.15 2.45 2.75]: [0.076 0.083 0.075 0.068 0.063 0.059 0.059 0.065 0.065 0.065]
     3D effective density TA(+e-comp) - S0 [units of mean]: [-0.016  0.021  0.014  0.037  0.01   0.012 -0.005  0.011  0.009  0.009] +- [0.067 0.04  0.028 0.026 0.013 0.011 0.013 0.011 0.01  0.009]; bins below -2 sigma at r/r_ta = []
     Delta Sigma [h Msun/pc^2] vs R/r_ta [0.15 0.45 0.75 1.05 1.35 1.65 1.95 2.25 2.55 2.85]
       S0 control          : [-0.109 -0.031  0.001 -0.016  0.017 -0.    -0.042 -0.074 -0.075 -0.073]
       drawdown (-comp)    : [-0.955  0.001  0.004  0.002 -0.008 -0.006 -0.007  0.002  0.01   0.015] +- [0.041 0.008 0.008 0.01  0.011 0.011 0.011 0.009 0.011 0.011]   (mean fraction of S0 over 0.3-1 r_ta: +2.722)
       shell-only variant  : [-0.978  0.006 -0.002 -0.007 -0.    -0.002 -0.01  -0.003  0.002  0.004]
       TA total - S0       : [-0.005  0.015 -0.006  0.011  0.002 -0.018 -0.003 -0.007 -0.008  0.016] +- [0.078 0.028 0.017 0.019 0.024 0.022 0.023 0.015 0.017 0.017]
       no-drawdown - S0    : [ 0.951  0.014 -0.009  0.008  0.01  -0.012  0.004 -0.009 -0.018  0.001]
       particles TA - S0   : [-0.004  0.008 -0.009  0.014  0.01  -0.01   0.014 -0.002 -0.013 -0.006] +- [0.063 0.025 0.014 0.015 0.019 0.02  0.019 0.012 0.014 0.014]
  log M_ta [13.4,13.7) n 1787 (median 13.53); x_edge 0.215 (analytic 0.215); q per host median 0.000; analytic engine rule q 0.563
     cold depletion depth in the shell r_edge..r_ta: 0.080 (outer-shell-only variant 0.073); at 1-2 r_ta (neighbour catchments) 0.057
     depletion profile vs r/r_ta [0.05 0.35 0.65 0.95 1.25 1.55 1.85 2.15 2.45 2.75]: [0.085 0.079 0.086 0.078 0.062 0.055 0.054 0.057 0.061 0.059]
     3D effective density TA(+e-comp) - S0 [units of mean]: [ 0.058  0.018 -0.033 -0.003  0.     0.005  0.007  0.007  0.003  0.011] +- [0.035 0.021 0.025 0.017 0.012 0.011 0.008 0.008 0.007 0.006]; bins below -2 sigma at r/r_ta = []
     Delta Sigma [h Msun/pc^2] vs R/r_ta [0.15 0.45 0.75 1.05 1.35 1.65 1.95 2.25 2.55 2.85]
       S0 control          : [ 0.027  0.041  0.017 -0.002 -0.122 -0.123 -0.109 -0.006 -0.056  0.024]
       drawdown (-comp)    : [ 0.002  0.003 -0.009  0.003  0.028  0.031  0.033  0.015  0.019  0.005] +- [0.002 0.007 0.011 0.012 0.012 0.012 0.011 0.012 0.011 0.012]   (mean fraction of S0 over 0.3-1 r_ta: -0.094)
       shell-only variant  : [-0.001  0.002  0.    -0.001 -0.003 -0.001  0.001 -0.009 -0.005 -0.001]
       TA total - S0       : [-0.011 -0.035 -0.024 -0.044 -0.005  0.031 -0.008 -0.009 -0.    -0.017] +- [0.01  0.021 0.022 0.022 0.021 0.02  0.019 0.02  0.015 0.017]
       no-drawdown - S0    : [-0.013 -0.037 -0.016 -0.047 -0.034 -0.001 -0.042 -0.024 -0.02  -0.022]
       particles TA - S0   : [-0.012 -0.031 -0.001 -0.023 -0.004  0.014 -0.017 -0.006 -0.003 -0.019] +- [0.009 0.02  0.018 0.019 0.016 0.017 0.015 0.015 0.013 0.014]
  log M_ta [13.7,14.2) n 1947 (median 13.83); x_edge 0.242 (analytic 0.241); q per host median 0.000; analytic engine rule q 0.534
     cold depletion depth in the shell r_edge..r_ta: 0.081 (outer-shell-only variant 0.068); at 1-2 r_ta (neighbour catchments) 0.064
     depletion profile vs r/r_ta [0.05 0.35 0.65 0.95 1.25 1.55 1.85 2.15 2.45 2.75]: [0.064 0.094 0.085 0.071 0.064 0.063 0.064 0.07  0.076 0.077]
     3D effective density TA(+e-comp) - S0 [units of mean]: [ 0.008 -0.003 -0.02   0.005  0.003  0.007  0.008  0.005 -0.003 -0.004] +- [0.098 0.043 0.017 0.011 0.007 0.008 0.007 0.006 0.007 0.005]; bins below -2 sigma at r/r_ta = []
     Delta Sigma [h Msun/pc^2] vs R/r_ta [0.15 0.45 0.75 1.05 1.35 1.65 1.95 2.25 2.55 2.85]
       S0 control          : [ 0.012 -0.018 -0.055 -0.049 -0.031  0.031  0.054  0.056  0.028  0.049]
       drawdown (-comp)    : [ 0.001 -0.004 -0.002 -0.004  0.007 -0.007 -0.013 -0.017 -0.009 -0.008] +- [0.002 0.01  0.011 0.012 0.012 0.012 0.012 0.01  0.011 0.01 ]   (mean fraction of S0 over 0.3-1 r_ta: +0.167)
       shell-only variant  : [-0.    -0.004 -0.006 -0.005  0.007  0.01   0.004  0.002  0.001 -0.002]
       TA total - S0       : [-0.01   0.028  0.003  0.009  0.019 -0.018  0.006  0.007  0.016  0.006] +- [0.01  0.023 0.021 0.024 0.02  0.017 0.016 0.014 0.012 0.012]
       no-drawdown - S0    : [-0.011  0.032  0.005  0.013  0.012 -0.011  0.018  0.023  0.025  0.014]
       particles TA - S0   : [-0.015  0.031  0.006  0.005 -0.007 -0.019  0.007  0.001  0.009  0.005] +- [0.009 0.021 0.017 0.019 0.014 0.013 0.011 0.011 0.009 0.009]
  log M_ta [14.2,16.0) n 1246 (median 14.74); x_edge 0.343 (analytic 0.342); q per host median 0.000; analytic engine rule q 0.445
     cold depletion depth in the shell r_edge..r_ta: 0.052 (outer-shell-only variant 0.054); at 1-2 r_ta (neighbour catchments) 0.056
     depletion profile vs r/r_ta [0.05 0.35 0.65 0.95 1.25 1.55 1.85 2.15 2.45 2.75]: [0.054 0.053 0.05  0.055 0.056 0.057 0.055 0.057 0.056 0.059]
     3D effective density TA(+e-comp) - S0 [units of mean]: [-0.096  0.006 -0.003 -0.005 -0.005 -0.001 -0.003  0.001  0.002 -0.004] +- [0.12  0.018 0.009 0.006 0.005 0.004 0.004 0.004 0.002 0.003]; bins below -2 sigma at r/r_ta = [2.65]
     Delta Sigma [h Msun/pc^2] vs R/r_ta [0.15 0.45 0.75 1.05 1.35 1.65 1.95 2.25 2.55 2.85]
       S0 control          : [ 0.02  -0.02   0.053  0.018 -0.044 -0.042 -0.067  0.003 -0.051 -0.088]
       drawdown (-comp)    : [ 0.004  0.004 -0.012 -0.01   0.003  0.006  0.005 -0.012  0.007  0.016] +- [0.005 0.013 0.012 0.012 0.011 0.012 0.012 0.012 0.011 0.01 ]   (mean fraction of S0 over 0.3-1 r_ta: -0.276)
       shell-only variant  : [ 0.002 -0.003 -0.008 -0.009 -0.002 -0.005  0.005  0.003 -0.003 -0.   ]
       TA total - S0       : [ 0.008 -0.002 -0.016 -0.008  0.035  0.013  0.003  0.     0.     0.002] +- [0.015 0.023 0.018 0.015 0.014 0.013 0.012 0.01  0.012 0.01 ]
       no-drawdown - S0    : [ 0.004 -0.006 -0.004  0.002  0.033  0.007 -0.001  0.012 -0.007 -0.013]
       particles TA - S0   : [ 0.    -0.009 -0.007 -0.002  0.03   0.013  0.01   0.014 -0.003 -0.002] +- [0.014 0.016 0.013 0.011 0.011 0.009 0.009 0.008 0.008 0.008]

================ N256_s359_can_MUTATE: 3794 resolved hosts; dx 0.781 Mpc/h; catchment q mass-weighted 0.102, max 0.302; shell-only variant overdraw (q_sh > 1) 0.014 of catchment mass
  log M_ta [13.2,13.4) n 1278 (median 13.25); x_edge 0.193 (analytic 0.193); q per host median 0.000; analytic engine rule q 0.589
     cold depletion depth in the shell r_edge..r_ta: 0.021 (outer-shell-only variant 0.028); at 1-2 r_ta (neighbour catchments) 0.033
     depletion profile vs r/r_ta [0.05 0.35 0.65 0.95 1.25 1.55 1.85 2.15 2.45 2.75]: [0.032 0.    0.031 0.033 0.    0.035 0.038 0.039 0.037 0.033]
     3D effective density TA(+e-comp) - S0 [units of mean]: [ 0.076  0.    -0.009  0.005  0.    -0.008 -0.009 -0.012 -0.014 -0.002] +- [0.085 0.    0.02  0.019 0.    0.008 0.007 0.01  0.01  0.011]; bins below -2 sigma at r/r_ta = [2.85]
     Delta Sigma [h Msun/pc^2] vs R/r_ta [0.15 0.45 0.75 1.05 1.35 1.65 1.95 2.25 2.55 2.85]
       S0 control          : [-0.182 -0.01  -0.129 -0.044 -0.075 -0.094  0.095 -0.075 -0.065 -0.075]
       drawdown (-comp)    : [-0.52  -0.001 -0.511 -0.002  0.008 -0.507 -0.018 -0.509 -0.51   0.015] +- [0.028 0.002 0.021 0.006 0.009 0.016 0.009 0.014 0.014 0.008]   (mean fraction of S0 over 0.3-1 r_ta: +2.242)
       shell-only variant  : [-0.518 -0.001 -0.514  0.001  0.009 -0.517 -0.011 -0.518 -0.517  0.003]
       TA total - S0       : [ 0.037  0.004  0.027  0.014  0.028  0.002 -0.012 -0.008 -0.006 -0.007] +- [0.041 0.007 0.019 0.012 0.018 0.01  0.022 0.008 0.007 0.015]
       no-drawdown - S0    : [ 0.557  0.005  0.539  0.016  0.021  0.508  0.006  0.501  0.504 -0.022]
       particles TA - S0   : [ 0.039  0.003  0.03   0.011  0.008  0.003  0.019 -0.003 -0.001 -0.017] +- [0.029 0.005 0.014 0.008 0.014 0.007 0.016 0.003 0.003 0.011]
       particles TA - NOCOMP run: [-0.015  0.006 -0.034 -0.023 -0.032 -0.002  0.003 -0.001  0.001  0.009]
  log M_ta [13.4,13.7) n  870 (median 13.48); x_edge 0.211 (analytic 0.211); q per host median 0.000; analytic engine rule q 0.568
     cold depletion depth in the shell r_edge..r_ta: 0.024 (outer-shell-only variant 0.025); at 1-2 r_ta (neighbour catchments) 0.039
     depletion profile vs r/r_ta [0.05 0.35 0.65 0.95 1.25 1.55 1.85 2.15 2.45 2.75]: [0.018 0.    0.    0.034 0.043 0.039 0.039 0.041 0.037 0.028]
     3D effective density TA(+e-comp) - S0 [units of mean]: [-0.015  0.     0.     0.007  0.011 -0.002  0.004 -0.013 -0.006  0.008] +- [0.009 0.    0.    0.01  0.011 0.011 0.009 0.016 0.007 0.005]; bins below -2 sigma at r/r_ta = []
     Delta Sigma [h Msun/pc^2] vs R/r_ta [0.15 0.45 0.75 1.05 1.35 1.65 1.95 2.25 2.55 2.85]
       S0 control          : [-0.134  0.009 -0.222 -0.165 -0.112  0.003 -0.096  0.099  0.139  0.065]
       drawdown (-comp)    : [-0.493 -0.001 -0.486 -0.49  -0.493  0.002 -0.493 -0.009 -0.012 -0.004] +- [0.027 0.002 0.023 0.021 0.02  0.009 0.018 0.008 0.009 0.01 ]   (mean fraction of S0 over 0.3-1 r_ta: +1.121)
       shell-only variant  : [-0.502 -0.002 -0.493 -0.492 -0.49  -0.008 -0.49  -0.009 -0.011 -0.003]
       TA total - S0       : [ 0.061  0.009  0.021  0.001 -0.007  0.009 -0.002 -0.026 -0.016  0.002] +- [0.046 0.007 0.023 0.016 0.012 0.015 0.009 0.015 0.017 0.013]
       no-drawdown - S0    : [ 0.554  0.009  0.508  0.491  0.486  0.007  0.491 -0.016 -0.005  0.006]
       particles TA - S0   : [ 0.043  0.004  0.02   0.009  0.002  0.013 -0.002 -0.017 -0.02  -0.004] +- [0.031 0.005 0.018 0.012 0.007 0.012 0.005 0.013 0.013 0.01 ]
       particles TA - NOCOMP run: [-0.    -0.    -0.001  0.027  0.018  0.017  0.009  0.001  0.021 -0.001]
  log M_ta [13.7,14.2) n 1315 (median 13.71); x_edge 0.231 (analytic 0.231); q per host median 0.000; analytic engine rule q 0.546
     cold depletion depth in the shell r_edge..r_ta: 0.035 (outer-shell-only variant 0.043); at 1-2 r_ta (neighbour catchments) 0.042
     depletion profile vs r/r_ta [0.05 0.35 0.65 0.95 1.25 1.55 1.85 2.15 2.45 2.75]: [0.028 0.025 0.042 0.037 0.043 0.042 0.044 0.041 0.039 0.039]
     3D effective density TA(+e-comp) - S0 [units of mean]: [-0.025 -0.021 -0.028 -0.004  0.005  0.016 -0.004  0.005  0.001  0.007] +- [0.008 0.007 0.011 0.012 0.009 0.007 0.005 0.006 0.005 0.004]; bins below -2 sigma at r/r_ta = [0.05, 0.35, 0.65]
     Delta Sigma [h Msun/pc^2] vs R/r_ta [0.15 0.45 0.75 1.05 1.35 1.65 1.95 2.25 2.55 2.85]
       S0 control          : [ 0.201  0.042  0.115  0.075 -0.034  0.113  0.072  0.068 -0.012  0.044]
       drawdown (-comp)    : [-0.524 -0.006 -0.174 -0.002 -0.159 -0.268 -0.005 -0.007 -0.254 -0.008] +- [0.025 0.005 0.013 0.006 0.014 0.013 0.007 0.007 0.012 0.006]   (mean fraction of S0 over 0.3-1 r_ta: -6.010)
       shell-only variant  : [-0.524 -0.001 -0.171 -0.006 -0.158 -0.264 -0.002 -0.006 -0.259 -0.   ]
       TA total - S0       : [-0.037 -0.01  -0.02  -0.014  0.008 -0.004  0.016  0.013  0.005 -0.013] +- [0.043 0.015 0.012 0.012 0.018 0.01  0.012 0.012 0.009 0.008]
       no-drawdown - S0    : [ 0.487 -0.003  0.154 -0.013  0.167  0.264  0.021  0.02   0.259 -0.005]
       particles TA - S0   : [-0.017 -0.005 -0.011 -0.013 -0.001 -0.005  0.006  0.009 -0.002 -0.009] +- [0.031 0.01  0.009 0.01  0.014 0.007 0.01  0.009 0.006 0.007]
       particles TA - NOCOMP run: [ 0.042  0.004  0.013  0.005 -0.026 -0.005 -0.02  -0.015  0.     0.005]
  log M_ta [14.2,16.0) n  331 (median 14.64); x_edge 0.330 (analytic 0.330); q per host median 0.000; analytic engine rule q 0.455
     cold depletion depth in the shell r_edge..r_ta: 0.042 (outer-shell-only variant 0.056); at 1-2 r_ta (neighbour catchments) 0.039
     depletion profile vs r/r_ta [0.05 0.35 0.65 0.95 1.25 1.55 1.85 2.15 2.45 2.75]: [0.025 0.049 0.047 0.038 0.04  0.038 0.04  0.038 0.043 0.037]
     3D effective density TA(+e-comp) - S0 [units of mean]: [ 0.043 -0.009  0.    -0.006 -0.009 -0.    -0.002 -0.001 -0.007 -0.002] +- [0.052 0.024 0.009 0.006 0.006 0.004 0.006 0.005 0.003 0.003]; bins below -2 sigma at r/r_ta = [0.55, 2.45]
     Delta Sigma [h Msun/pc^2] vs R/r_ta [0.15 0.45 0.75 1.05 1.35 1.65 1.95 2.25 2.55 2.85]
       S0 control          : [ 0.003 -0.044 -0.074  0.17   0.027  0.059  0.008 -0.02  -0.004 -0.044]
       drawdown (-comp)    : [ 0.001 -0.001  0.    -0.02  -0.001 -0.016 -0.017 -0.009 -0.     0.003] +- [0.003 0.014 0.015 0.012 0.014 0.013 0.013 0.012 0.011 0.011]   (mean fraction of S0 over 0.3-1 r_ta: +0.041)
       shell-only variant  : [-0.007  0.002  0.01   0.005 -0.006 -0.005  0.001 -0.    -0.004 -0.004]
       TA total - S0       : [ 0.008 -0.002  0.029 -0.036  0.018  0.005 -0.004 -0.002  0.004  0.008] +- [0.012 0.038 0.023 0.018 0.018 0.015 0.014 0.013 0.012 0.013]
       no-drawdown - S0    : [ 0.007 -0.001  0.029 -0.016  0.019  0.021  0.013  0.007  0.005  0.005]
       particles TA - S0   : [ 0.006  0.007  0.011 -0.017  0.002  0.007  0.013  0.002 -0.01   0.011] +- [0.007 0.024 0.017 0.013 0.014 0.01  0.011 0.01  0.009 0.009]
       particles TA - NOCOMP run: [-0.002  0.052 -0.009 -0.007 -0.033 -0.008  0.012 -0.01   0.012  0.001]

== MUTATE (shuffled centres): drawdown amplitude over 0.3-1 r_ta, random / halo-centred
  N512_s360_can 13.2-13.4: centred -0.4036, shuffled -0.1355 h Msun/pc^2 -> ratio +0.336 (NOT killed)
  N512_s360_can 13.4-13.7: centred -0.3299, shuffled -0.0005 h Msun/pc^2 -> ratio +0.002 (killed)
  N512_s360_can 13.7-14.2: centred -0.5090, shuffled -0.0037 h Msun/pc^2 -> ratio +0.007 (killed)
  N512_s360_can 14.2-16.0: centred -1.5835, shuffled -0.0050 h Msun/pc^2 -> ratio +0.003 (killed)
  N256_s359_can 13.2-13.4: centred -0.7507, shuffled -0.2954 h Msun/pc^2 -> ratio +0.393 (NOT killed)
  N256_s359_can 13.4-13.7: centred -0.6707, shuffled -0.2090 h Msun/pc^2 -> ratio +0.312 (NOT killed)
  N256_s359_can 13.7-14.2: centred -0.4634, shuffled -0.1228 h Msun/pc^2 -> ratio +0.265 (NOT killed)
  N256_s359_can 14.2-16.0: centred -0.7918, shuffled -0.0011 h Msun/pc^2 -> ratio +0.001 (killed)
MUTATE: shuffled centres kill the drawdown signal (|ratio| < 0.1 in every bin): FAIL
