  [PASS] C1 normalisation: 1e8 h^-1 Msun at T 1.98e4 K, mu 0.6, z 9 (Omega ratio 1): 1.0000e+08 h^-1 Msun
CFG343: T_vir = 1e+04 K; 31 of 31 CFG317 UFDs matched; median M_b 8.571e+03 Msun

  z_f 6: M_cool = 5.588e+07 Msun; median log R_cool = 3.010 (R = 1024); classicals median log R_cool = 0.87
    nfw canonical: UFD offset at that R = +0.216 dex (z +1.03); log R_need 3.65 -> short by x4.4
    nfw alt      : UFD offset at that R = +0.230 dex (z +1.07); log R_need 3.64 -> short by x4.3
    sis canonical: UFD offset at that R = +0.277 dex (z +1.13); log R_need 3.72 -> short by x5.2
    sis alt      : UFD offset at that R = +0.276 dex (z +1.19); log R_need 3.74 -> short by x5.4

  z_f 8: M_cool = 3.833e+07 Msun; median log R_cool = 2.847 (R = 703); classicals median log R_cool = 0.70
    nfw canonical: UFD offset at that R = +0.322 dex (z +1.56); log R_need 3.65 -> short by x6.4
    nfw alt      : UFD offset at that R = +0.302 dex (z +1.62); log R_need 3.64 -> short by x6.2
    sis canonical: UFD offset at that R = +0.322 dex (z +1.57); log R_need 3.72 -> short by x7.5
    sis alt      : UFD offset at that R = +0.302 dex (z +1.59); log R_need 3.74 -> short by x7.8

  z_f 10: M_cool = 2.837e+07 Msun; median log R_cool = 2.716 (R = 520); classicals median log R_cool = 0.57
    nfw canonical: UFD offset at that R = +0.322 dex (z +1.74); log R_need 3.65 -> short by x8.6
    nfw alt      : UFD offset at that R = +0.302 dex (z +1.71); log R_need 3.64 -> short by x8.4
    sis canonical: UFD offset at that R = +0.322 dex (z +1.81); log R_need 3.72 -> short by x10.2
    sis alt      : UFD offset at that R = +0.304 dex (z +1.81); log R_need 3.74 -> short by x10.6
  [FAIL] C2 classical dwarfs: R_cool = 1 (no change), median log R_cool <= 0: 0.7047284656094251

VERDICT: RESOLVES

1/2 checks pass
