<repo> = <repo> | <scratch> = <scratch> | DATA = CORRECTED ( data_assembly/rc100_provenance/rc100_table3_six_fields_paper_values.csv )
seed 234, N 4000; sigma_M (RC41 median) 0.120; sigma_V 0.0212 dex; G1: log10 mu = -0.450 + +0.283 z
observed slopes -0.0304 -0.0915; observed robust SD of delta_flat 0.1115
calibrated intrinsic scatter of log D: 0.0955 dex (declared calibration; alt 0.10 reported)
c=0.25 t=-0.30: flat-truth slopes -0.020/-0.076 (sd 0.010) P(flat<=obs) 0.142 | rival-truth -0.013/-0.069 P(flat<=obs) 0.111 | LR gauss 0.53 box 0.67 | floored rows/mock 68.0/41.9
c=0.25 t=-0.15: flat-truth slopes -0.015/-0.070 (sd 0.010) P(flat<=obs) 0.050 | rival-truth -0.002/-0.058 P(flat<=obs) 0.022 | LR gauss 0.32 box 0.42 | floored rows/mock 68.0/41.2
c=0.25 t=+0.00: flat-truth slopes -0.010/-0.065 (sd 0.009) P(flat<=obs) 0.014 | rival-truth +0.009/-0.046 P(flat<=obs) 0.002 | LR gauss 0.12 box 0.19 | floored rows/mock 67.6/40.1
c=0.25 t=+0.15: flat-truth slopes -0.004/-0.059 (sd 0.010) P(flat<=obs) 0.003 | rival-truth +0.023/-0.033 P(flat<=obs) 0.000 | LR gauss 0.03 box 0.04 | floored rows/mock 66.3/38.5
c=0.25 t=+0.30: flat-truth slopes +0.003/-0.051 (sd 0.010) P(flat<=obs) 0.001 | rival-truth +0.040/-0.017 P(flat<=obs) 0.000 | LR gauss 0.00 box 0.01 | floored rows/mock 63.9/36.4
c= 0.5 t=-0.30: flat-truth slopes -0.038/-0.095 (sd 0.013) P(flat<=obs) 0.694 | rival-truth -0.023/-0.079 P(flat<=obs) 0.330 | LR gauss 0.94 box 0.79 | floored rows/mock 54.2/28.3
c= 0.5 t=-0.15: flat-truth slopes -0.024/-0.080 (sd 0.013) P(flat<=obs) 0.300 | rival-truth +0.002/-0.056 P(flat<=obs) 0.033 | LR gauss 0.22 box 0.27 | floored rows/mock 53.4/27.1
c= 0.5 t=+0.00: flat-truth slopes -0.010/-0.066 (sd 0.012) P(flat<=obs) 0.053 | rival-truth +0.029/-0.031 P(flat<=obs) 0.000 | LR gauss 0.01 box 0.03 | floored rows/mock 51.6/25.7
c= 0.5 t=+0.15: flat-truth slopes +0.007/-0.049 (sd 0.013) P(flat<=obs) 0.002 | rival-truth +0.059/-0.003 P(flat<=obs) 0.000 | LR gauss 0.00 box 0.00 | floored rows/mock 48.2/24.2
c= 0.5 t=+0.30: flat-truth slopes +0.028/-0.029 (sd 0.015) P(flat<=obs) 0.000 | rival-truth +0.095/+0.027 P(flat<=obs) 0.000 | LR gauss 0.00 box 0.10 | floored rows/mock 44.6/23.0
c= 1.0 t=-0.30: flat-truth slopes -0.074/-0.127 (sd 0.018) P(flat<=obs) 0.993 | rival-truth -0.035/-0.094 P(flat<=obs) 0.588 | LR gauss 53.14 box 6.15 | floored rows/mock 31.4/12.1
c= 1.0 t=-0.15: flat-truth slopes -0.037/-0.093 (sd 0.018) P(flat<=obs) 0.642 | rival-truth +0.015/-0.049 P(flat<=obs) 0.019 | LR gauss 0.31 box 0.19 | floored rows/mock 28.1/10.8
c= 1.0 t=+0.00: flat-truth slopes +0.002/-0.057 (sd 0.019) P(flat<=obs) 0.044 | rival-truth +0.066/-0.004 P(flat<=obs) 0.000 | LR gauss 0.00 box 0.00 | floored rows/mock 24.8/10.1
c= 1.0 t=+0.15: flat-truth slopes +0.047/-0.016 (sd 0.019) P(flat<=obs) 0.000 | rival-truth +0.120/+0.044 P(flat<=obs) 0.000 | LR gauss 0.00 box 0.17 | floored rows/mock 22.3/10.2
c= 1.0 t=+0.30: flat-truth slopes +0.097/+0.027 (sd 0.020) P(flat<=obs) 0.000 | rival-truth +0.173/+0.091 P(flat<=obs) 0.000 | LR gauss 0.00 box 1.00 | floored rows/mock 21.3/11.0
c= 2.0 t=-0.30: flat-truth slopes -0.104/-0.158 (sd 0.022) P(flat<=obs) 1.000 | rival-truth -0.039/-0.105 P(flat<=obs) 0.637 | LR gauss 74.92 box 59.18 | floored rows/mock 8.7/2.1
c= 2.0 t=-0.15: flat-truth slopes -0.036/-0.097 (sd 0.023) P(flat<=obs) 0.589 | rival-truth +0.033/-0.041 P(flat<=obs) 0.003 | LR gauss 0.00 box 0.06 | floored rows/mock 5.7/1.5
c= 2.0 t=+0.00: flat-truth slopes +0.037/-0.032 (sd 0.023) P(flat<=obs) 0.002 | rival-truth +0.104/+0.024 P(flat<=obs) 0.000 | LR gauss 0.00 box 0.01 | floored rows/mock 4.6/1.7
c= 2.0 t=+0.15: flat-truth slopes +0.109/+0.032 (sd 0.023) P(flat<=obs) 0.000 | rival-truth +0.174/+0.087 P(flat<=obs) 0.000 | LR gauss 0.00 box 1.00 | floored rows/mock 5.1/2.4
c= 2.0 t=+0.30: flat-truth slopes +0.178/+0.093 (sd 0.022) P(flat<=obs) 0.000 | rival-truth +0.242/+0.149 P(flat<=obs) 0.000 | LR gauss 0.00 box 1.00 | floored rows/mock 6.6/3.5
c= 4.0 t=-0.30: flat-truth slopes -0.103/-0.167 (sd 0.023) P(flat<=obs) 0.999 | rival-truth -0.035/-0.110 P(flat<=obs) 0.583 | LR gauss 0.04 box 55.61 | floored rows/mock 0.6/0.1
c= 4.0 t=-0.15: flat-truth slopes -0.018/-0.090 (sd 0.024) P(flat<=obs) 0.294 | rival-truth +0.047/-0.034 P(flat<=obs) 0.000 | LR gauss 0.00 box 0.01 | floored rows/mock 0.2/0.0
c= 4.0 t=+0.00: flat-truth slopes +0.067/-0.013 (sd 0.023) P(flat<=obs) 0.000 | rival-truth +0.128/+0.040 P(flat<=obs) 0.000 | LR gauss 0.00 box 0.20 | floored rows/mock 0.2/0.1
c= 4.0 t=+0.15: flat-truth slopes +0.150/+0.062 (sd 0.023) P(flat<=obs) 0.000 | rival-truth +0.208/+0.114 P(flat<=obs) 0.000 | LR gauss 0.00 box 1.00 | floored rows/mock 0.4/0.2
c= 4.0 t=+0.30: flat-truth slopes +0.230/+0.136 (sd 0.022) P(flat<=obs) 0.000 | rival-truth +0.285/+0.184 P(flat<=obs) 0.000 | LR gauss 0.00 box 1.00 | floored rows/mock 1.0/0.5
grid time 85.9 s

c=1,t=0: P(flat-truth flat slope <= -0.030) = 0.044; P(rival-truth ...) = 0.0000; rule 'deficit slope unremarkable in a flat world' (>=0.03 and rival <0.003): SUPPORTED
plausible-band LR (rival over flat; gauss, box): {'c0.5/t-0.15': (0.22, 0.27), 'c0.5/t0.0': (0.01, 0.03), 'c0.5/t0.15': (0.0, 0.0), 'c1.0/t-0.15': (0.31, 0.19), 'c1.0/t0.0': (0.0, 0.0), 'c1.0/t0.15': (0.0, 0.17), 'c2.0/t-0.15': (0.0, 0.06), 'c2.0/t0.0': (0.0, 0.01), 'c2.0/t0.15': (0.0, 1.0)}
max plausible-band Gaussian LR = 0.31; frozen fail line: any cell with LR >= 1/3 -> headline 'rival disfavoured' holds
cells with LR >= 1/3: 0/9
rival-truth mock median flat slope crosses the observed value at t = {0.25: None, 0.5: None, 1.0: -0.28530310160510786, 2.0: -0.2834221582317485, 4.0: -0.29206298494846433} (inside plausible band |t|<=0.15 and c in [0.5,2]? {0.25: False, 0.5: False, 1.0: False, 2.0: False, 4.0: False} )
variant sig_int_0.10 (c=1,t=0): flat-truth mean slopes +0.002/-0.057 P(flat<=obs) 0.044; rival-truth +0.067/-0.003 P 0.000
variant sigM_0.20 (c=1,t=0): flat-truth mean slopes +0.004/-0.055 P(flat<=obs) 0.051; rival-truth +0.062/-0.007 P 0.001
variant no_floor (c=1,t=0): flat-truth mean slopes +0.002/-0.057 P(flat<=obs) 0.041; rival-truth +0.067/-0.003 P 0.000

POST-FREEZE (labelled): total baryon-mass tilt tau_total (dex over the z range; assumed/true = 10^(tau dz)) in the two worlds, c=1 otherwise
  tau_total 0.00: rival-truth mean slopes +0.067/-0.003 (obs -0.030/-0.091) box-frac 0.000; flat-truth mean +0.002/-0.056 box-frac 0.197; LR(rival/flat) 0.00
  tau_total 0.15: rival-truth mean slopes +0.012/-0.052 (obs -0.030/-0.091) box-frac 0.140; flat-truth mean -0.040/-0.096 box-frac 0.615; LR(rival/flat) 0.37
  tau_total 0.20: rival-truth mean slopes -0.005/-0.067 (obs -0.030/-0.091) box-frac 0.374; flat-truth mean -0.054/-0.110 box-frac 0.399; LR(rival/flat) 3.27
  tau_total 0.26: rival-truth mean slopes -0.028/-0.088 (obs -0.030/-0.091) box-frac 0.608; flat-truth mean -0.070/-0.124 box-frac 0.143; LR(rival/flat) 30.46
  tau_total 0.33: rival-truth mean slopes -0.052/-0.110 (obs -0.030/-0.091) box-frac 0.430; flat-truth mean -0.087/-0.140 box-frac 0.021; LR(rival/flat) 317.04

POST-FREEZE (labelled): marginal LR (rival over flat) with tau_total ~ N(0, s_tau) shared by both worlds
  prior sd 0.05 dex: marginal LR(rival/flat) = 0.009
  prior sd 0.10 dex: marginal LR(rival/flat) = 0.16
  prior sd 0.20 dex: marginal LR(rival/flat) = 0.748
  prior sd 0.40 dex: marginal LR(rival/flat) = 1.23
  best-fit tau_total (max likelihood over the grid): flat world 0.09999999999999987 ; rival world 0.24999999999999983 ; max L rival/flat = 1.664124135948311
done
