CFG124 G1 -- can any term of the mimetic action make the dust follow CFG44's target?  (frozen: CFG124_FROZEN_CRITERIA.md, e8b9fbcdf)
Everything is dimensionless: s = r/r_M, m_b(s) = M_b(<r)/M, mu(s) = M_c(<r)/M, time in t0 = sqrt(r_M/a0), so a0 and G drop out (the
result is footing-independent and mass-independent for the two declared profiles: point mass and the exponential sphere with
h = 0.5 r_M, which is CFG44's h = 2 kpc at 1e10 Msun rescaled with r_M; the choice h = 0.5 r_M is declared here).
Target (CFG44):  C = rho r u = a0 M_b(<r)/4pi  <=>  d mu/d s = s m_b/(m_b + mu)  (P2 point mass: m_b + mu = sqrt(1+s^2)).
Checks: G1.0 control; G1.1 steady flows (Bernoulli + continuity; generous per-profile optimisation of the free constants);
G1.2 persistence (Lagrangian shells, pre-crossing, Newtonian, class-independent flow, T0.3); G1.3 the pressureless-static identity;
G1.4 reductions of the E couplings.  MUTATE a: dust receives f_ext = g_tot (hand-supplied support);  c: designed sink source;
b, 1: as declared (b unused here).


==============================================================================================================
G1.0  CONTROL (never counted as a pass): prescribing the target as initial data reproduces it; and the dimensionless target equals CFG44's committed target_fields
==============================================================================================================
  [PASS] G1.0a  Cm(x) := C_44 at t0 gives C/C_44 = 1 to numerical differentiation error (initial data reproduces the target by choice: NOT a mechanism)
         measured: max |ratio-1| = {'point': 5.34651023498256e-06, 'expsphere': 7.072497334226213e-06}
  [PASS] G1.0b  the dimensionless exponential-sphere target equals CFG44's Bcommon.target_fields (M = 1e10, h = 0.5 r_M) [imported read-only]
         measured: max |mu_mine/mu_CFG44 - 1| = 2.70e-11

==============================================================================================================
G1.1  stationary irrotational single-stream flows: rho v r^2 = Mdot(r) = A + B r^3 (B: the uniform source of class B), Bernoulli with Phi_tot (dust self-gravity included)
==============================================================================================================
  dimensionless ODE: d mu/ds = mdot(s)/sqrt(2 Psi), d Psi/ds = -(m_b + mu)/s^2, mdot = a + b s^3, Psi(s0) = m_b(s0) e^w / s0 (e^w = 1: parabolic free fall)
  ratio C_flow/C_44 = mdot (m_b + mu)/(m_b s sqrt(2 Psi));  pass: sup |ratio - 1| <= 0.10 on 61 log points of s in [0.1, 30]
  point      class A (a,w)  : best sup|ratio-1| = 0.683 at (log10 a, w, b) = [-0.08797  0.02137  0.     ]
             LSODA re-evaluation of that optimum: sup|ratio-1| = 0.683 (RK4 search value 0.683)
             ratio at s = 0.1, 0.3, 1, 3, 10, 30: [1.683 0.89  0.457 0.323 0.379 1.683]
  point      class B (a,b,w): best sup|ratio-1| = 0.674 at (log10 a, w, b) = [-9.191e-02  2.054e-02 -3.000e-05]
             LSODA re-evaluation of that optimum: sup|ratio-1| = 0.674 (RK4 search value 0.674)
             ratio at s = 0.1, 0.3, 1, 3, 10, 30: [1.674 0.889 0.46  0.331 0.392 0.326]
  expsphere  class A (a,w)  : best sup|ratio-1| = 0.979 at (log10 a, w, b) = [-1.13935  9.2721   0.     ]
             LSODA re-evaluation of that optimum: sup|ratio-1| = 0.979 (RK4 search value 0.979)
             ratio at s = 0.1, 0.3, 1, 3, 10, 30: [1.979 0.24  0.06  0.028 0.021 0.125]
  expsphere  class B (a,b,w): best sup|ratio-1| = 0.979 at (log10 a, w, b) = [-1.13935  9.2721   0.     ]
             LSODA re-evaluation of that optimum: sup|ratio-1| = 0.979 (RK4 search value 0.979)
             ratio at s = 0.1, 0.3, 1, 3, 10, 30: [1.979 0.24  0.06  0.028 0.021 0.125]
  [PASS] G1.1-A  class A (no source): NO steady flow (a, w free, per profile, generous) lands within 10% of C_44 over x in [0.1, 30]
         measured: best sup|ratio-1| over profiles = 0.683 (point 0.683, exp sphere 0.979)
  [PASS] G1.1-B  class B (uniform source, a, b, w free, generous): still NO steady flow within 10%
         measured: best sup|ratio-1| = 0.674 (point 0.674, exp sphere 0.979)
  the frozen screening statement compared free fall (w = 0) with the target: check its numbers
  target log-slope d ln rho/d ln r at x = 0.1, 1, 30 = [-1.01  -1.5   -1.999] ; parabolic free-fall slope tends to -3/2 (r^-1/2 velocity); large-w (v = const) flow tends to -2

==============================================================================================================
G1.2  persistence of the prescribed target (v = 0 at t0): Lagrangian shells, Newtonian, pre-crossing; the flow is class-independent (T0.3a)
==============================================================================================================
  each shell i has Lagrangian mass coordinate mu_in,i = mu_T(s0_i) and falls radially; ordering holds until the inner shell reaches the centre (radial fall from rest),
  so the first shell crossing at x is bracketed by T_ff(s0_i) <= t_cross,i <= T_ff(s0_{i+1}); the class-C source (beta = -gamma) does not move the shells (only the density along them).
  [PASS] G1.2-ctrl  the numerical fall-time quadrature reproduces the analytic Kepler radial-fall time for the point mass to 1%
         measured: relative errors at s0 = 0.1, 1, 10: [7.e-05 7.e-05 7.e-05]
  T_ff (Gyr) over x in [0.3, 30] and count of shells whose fall time exceeds 10 Gyr (= no crossing before 10 Gyr possible):
    canonical M=1e+09 point     t0 = 0.0201 Gyr; T_ff(x in [0.3,30]) = 0.004 ... 0.66 Gyr; shells with T_ff >= 10 Gyr: 0 of 164
    canonical M=1e+09 expsphere t0 = 0.0201 Gyr; T_ff(x in [0.3,30]) = 0.019 ... 0.66 Gyr; shells with T_ff >= 10 Gyr: 0 of 164
    canonical M=1e+10 point     t0 = 0.0357 Gyr; T_ff(x in [0.3,30]) = 0.007 ... 1.17 Gyr; shells with T_ff >= 10 Gyr: 0 of 164
    canonical M=1e+10 expsphere t0 = 0.0357 Gyr; T_ff(x in [0.3,30]) = 0.034 ... 1.17 Gyr; shells with T_ff >= 10 Gyr: 0 of 164
    canonical M=1e+11 point     t0 = 0.0636 Gyr; T_ff(x in [0.3,30]) = 0.012 ... 2.08 Gyr; shells with T_ff >= 10 Gyr: 0 of 164
    canonical M=1e+11 expsphere t0 = 0.0636 Gyr; T_ff(x in [0.3,30]) = 0.061 ... 2.08 Gyr; shells with T_ff >= 10 Gyr: 0 of 164
    canonical M=1e+12 point     t0 = 0.1130 Gyr; T_ff(x in [0.3,30]) = 0.021 ... 3.69 Gyr; shells with T_ff >= 10 Gyr: 0 of 164
    canonical M=1e+12 expsphere t0 = 0.1130 Gyr; T_ff(x in [0.3,30]) = 0.109 ... 3.69 Gyr; shells with T_ff >= 10 Gyr: 0 of 164
    alt       M=1e+09 point     t0 = 0.0174 Gyr; T_ff(x in [0.3,30]) = 0.003 ... 0.57 Gyr; shells with T_ff >= 10 Gyr: 0 of 164
    alt       M=1e+09 expsphere t0 = 0.0174 Gyr; T_ff(x in [0.3,30]) = 0.017 ... 0.57 Gyr; shells with T_ff >= 10 Gyr: 0 of 164
    alt       M=1e+10 point     t0 = 0.0310 Gyr; T_ff(x in [0.3,30]) = 0.006 ... 1.01 Gyr; shells with T_ff >= 10 Gyr: 0 of 164
    alt       M=1e+10 expsphere t0 = 0.0310 Gyr; T_ff(x in [0.3,30]) = 0.030 ... 1.01 Gyr; shells with T_ff >= 10 Gyr: 0 of 164
    alt       M=1e+11 point     t0 = 0.0551 Gyr; T_ff(x in [0.3,30]) = 0.010 ... 1.80 Gyr; shells with T_ff >= 10 Gyr: 0 of 164
    alt       M=1e+11 expsphere t0 = 0.0551 Gyr; T_ff(x in [0.3,30]) = 0.053 ... 1.80 Gyr; shells with T_ff >= 10 Gyr: 0 of 164
    alt       M=1e+12 point     t0 = 0.0981 Gyr; T_ff(x in [0.3,30]) = 0.018 ... 3.20 Gyr; shells with T_ff >= 10 Gyr: 0 of 164
    alt       M=1e+12 expsphere t0 = 0.0981 Gyr; T_ff(x in [0.3,30]) = 0.094 ... 3.20 Gyr; shells with T_ff >= 10 Gyr: 0 of 164
  largest T_ff over all masses, profiles, footings and x <= 30: 3.69 Gyr (so the crossing at every scored x is before 10 Gyr)
  [FAIL] G1.2a (MUTATE a)  [claim of the main run] no scored shell keeps its target profile for 10 Gyr; with the hand-supplied f_ext = g_tot the shells are exactly static (infinite T_ff)
         measured: with f_ext = g_tot: net acceleration of a shell at rest = g_tot - g_tot = 0 -> T_ff = inf for all 2624 shells
  point-mass Kepler drift at t = 0.3 T_ff(x=1) = 0.280 t0: for the shells with x0 in [1, 40], C(r,t)/C_44 - 1 ranges -0.03 ... -0.00 (median -0.00)
  POST-HOC: C(r,t)/C_44 - 1 for the shell at x0 = 1, 3, 10, 30 at t = 0.3 T_ff(x0): [-0.025 -0.004  0.001  0.001] ; at t = 0.7 T_ff(x0): [-0.078  0.02   0.045  0.048] ; at t = 0.95 T_ff(x0): [0.197 0.408 0.466 0.472]
  [FAIL] G1.2b  even before any crossing the prescribed profile drifts by more than 10% within 0.3 of the free-fall time at x = 1 (point mass, Kepler)
         measured: median |C/C_44 - 1| over shells x0 in [1,40] = 0.00; max 0.03
  class C (gamma): the only effect on eps is the source beta grad^2(theta), beta = -gamma (T0.5); relative to the advection eps*theta it is of order gt c^2/(2 v^2) with v the local circular speed
    G2-allowed gt ~ 4e-10                                        gt/(2 vc^2/c^2) = 3.11e-03
    G1-scale gt ~ 2 sigma^2/c^2 = V_f^2/c^2 (M=1e10: V_f = 76 km/s) gt/(2 vc^2/c^2) = 5.00e-01

==============================================================================================================
G1.3  pressureless-static identity: p_eff = 0 => the target is static iff f_ext = g_tot (outward) at every r
==============================================================================================================
  exponential sphere: g_tot(target)/g_law(P2) over x in [0.1, 30]: min 0.800, max 0.999 (reported)
  [PASS] G1.3a  point mass: f_ext/g_law = g_tot(target)/g_law(P2) = 1 identically (P2: g = sqrt(g_N^2 + a0 g_N) IS the target's g_tot)
         measured: max |f_ext/g_law - 1| = 4.4e-16
  [FAIL] G1.3b  with no external force the resting target dust accelerates inward at a_res = g_tot (order g_law) at every x; a static state needs f_ext = g_tot
         measured: a_res/g_law: point mass min 1.000 max 1.000
  corollary (structural): f_ext = g_tot(total) cancels the dust's gravity inside bound systems; in the linear regime at z >~ 10 the dust must feel gravity (G2). The coupling therefore has to switch: Gap 1's owner switch.

==============================================================================================================
G1.4  reductions of the class E couplings (cited results are NOT re-run)
==============================================================================================================
  [PASS] G1.4a  E1 (constraint g^{mu nu} phi_mu phi_nu = -F(rho_b), F = 1 + 2f): the dust's weak-field HJ potential is Phi + f, i.e. an EXTRA LOCAL force -grad f(rho_b)  [-> CFG44 B3 far-shell theorem and reciprocity class]
         measured: linearised branches: [Phi + f, -Phi - f - 2]
  [PASS] G1.4b  E1 locality: two baryon systems with IDENTICAL rho_b(r) (and all its derivatives) for r > 0.3 kpc but different interior mass need forces on the dust that differ by > 10%: no local F(rho_b) serves both (consistent with CFG44 B3)
         measured: g_tot(B)/g_tot(A) at r = 3, 4, 6, 10 kpc = [2.427 1.859 1.476 1.294]
  [PASS] G1.4c  E2 (a force proportional to the baryon field, f = beta g_N with a constant beta): needs g_tot/g_N = sqrt(1+x^2) = 1.005 ... 30 over x in [0.1, 30]; no constant beta lands within 10% [CFG44 B2 fixed-kernel exclusion]
         measured: max/min of g_tot/g_N = 29.9
  E3 (enclosed-mass functional): CFG48 G4 / CFG70 / CFG72 results are cited: reaction 0.06-22 g_law, energy 23-318 x the baryon orbital energy, stability of the coupled operator open/fragile. Not re-run here.
  E4 (local source V(phi, rho_b)): the source is a local function of rho_b(r): the far-shell argument of G1.4b applies; the mass budget also fails: the dust needed at x = 30 is M_c = 29 M_b.
  [PASS] G1.4d  E4 baryon-to-dust conversion cannot supply the target: M_c/M_b = sqrt(1+x^2) - 1 reaches 29 at x = 30 (baryons cannot be converted into 29 times their own mass); a vacuum-to-dust transfer is door 8
         measured: M_c/M_b(x=30) = 29.0
  [FAIL] G1-MUTATE(a)  [control] with f_ext = g_tot supplied by hand, G1.2/G1.3 flip to PASS: shells at rest stay at rest
         measured: a_net = g_tot - f_ext = 0

  10/14 checks pass; load-bearing failures: 4   (321 s)   MUTATE='a'
