cfg179_s2_merge_numbers  mode = main  (kappa = 1/2 FITTED; P2 nu = sqrt(1 + 1/y); footings canonical 9.3603e-11, alt 1.1312e-10 m/s^2)
external-field scale = 1.0  (merging rivers: the host field acts)

==============================================================================================================
T   HOW MUCH OF A SYSTEM'S OWN BOOST SURVIVES INSIDE A LARGER RIVER  (x_merge / x_isolated, x = g_int/a0)
==============================================================================================================
  canonical SPARC median env field (CFG8 V4/V5 med e_env)        g_ext/a0 = 0.0479:  b=0.01: 1D 0.633 / E7 0.723  b=0.1: 1D 0.868 / E7 0.913  b=1: 1D 0.968 / E7 0.988  b=10: 1D 0.996 / E7 1.000
  canonical Coma UDG, beta-model at 1.13 Mpc (L23: 0.845 a0)     g_ext/a0 = 0.8451:  b=0.01: 1D 0.115 / E7 0.149  b=0.1: 1D 0.345 / E7 0.434  b=1: 1D 0.759 / E7 0.868  b=10: 1D 0.965 / E7 0.995
  canonical wide binary / the Sun in the Milky Way (1.778e-10)   g_ext/a0 = 1.8995:  b=0.01: 1D 0.103 / E7 0.120  b=0.1: 1D 0.311 / E7 0.360  b=1: 1D 0.723 / E7 0.806  b=10: 1D 0.959 / E7 0.991
  alt       SPARC median env field (CFG8 V4/V5 med e_env)        g_ext/a0 = 0.0435:  b=0.01: 1D 0.659 / E7 0.744  b=0.1: 1D 0.879 / E7 0.921  b=1: 1D 0.971 / E7 0.989  b=10: 1D 0.996 / E7 1.000
  alt       Coma UDG, beta-model at 1.13 Mpc (L23: 0.845 a0)     g_ext/a0 = 0.6993:  b=0.01: 1D 0.122 / E7 0.161  b=0.1: 1D 0.361 / E7 0.461  b=1: 1D 0.772 / E7 0.883  b=10: 1D 0.968 / E7 0.996
  alt       wide binary / the Sun in the Milky Way (1.778e-10)   g_ext/a0 = 1.5718:  b=0.01: 1D 0.104 / E7 0.124  b=0.1: 1D 0.315 / E7 0.373  b=1: 1D 0.728 / E7 0.819  b=10: 1D 0.960 / E7 0.992
  reading: deep inside a strong host river (g_ext ~ a0) a faint system keeps only a fraction of its own MOND boost;
  at b >> 1 both are ~1 (Newtonian).  The E7 form quenches less than the 1-D form at small g_ext (susceptibility 0.71x).

==============================================================================================================
M5  CHAE'S EXTERNAL-FIELD SIGNAL (gate 1.15): does the fitted e track the environment with amplitude 0 or 1?
==============================================================================================================
  C1 canonical (V4): N = 94 (CFG8 94); intercept +0.0024 (CFG8 +0.0024), slope +0.7105 +- 0.2370 (CFG8 +0.7105 +- 0.2370), Spearman +0.017 (CFG8 +0.017), median e_env 0.0479; max deviation 2.2e-16
  canonical env=mean  : A = +0.760 +- 0.161 (formal 0.048; chi2/dof 11.34);  ownership A=0 at +4.72 sigma, 1-D merge A=1 at -1.49 sigma, E7 bracket [0.46,0.71] at 0.31 sigma  -> SUPPORTS THE MERGE EFE  (median e_env 0.0479)
  canonical env=maxclu: A = +0.452 +- 0.095 (formal 0.028; chi2/dof 11.32);  ownership A=0 at +4.74 sigma, 1-D merge A=1 at -5.76 sigma, E7 bracket [0.46,0.71] at 0.09 sigma  -> SUPPORTS THE MERGE EFE  (median e_env 0.0805)
  canonical env=noclu : A = +1.277 +- 0.272 (formal 0.081; chi2/dof 11.37);  ownership A=0 at +4.69 sigma, 1-D merge A=1 at +1.02 sigma, E7 bracket [0.46,0.71] at 2.08 sigma  -> SUPPORTS THE MERGE EFE  (median e_env 0.0282)
  canonical M5-R [POST HOC, added after the first run]:
      (a) free intercept (the tracking test), chi2-inflated: intercept +0.0024, slope +0.711 +- 0.803 (chi2/dof 11.5) -> A=0 at +0.89, A=1 at -0.36 sigma -> NON-DIAGNOSTIC
      (b) zero intercept without NGC 5055 and NGC 5033 (N = 92): A = +0.392 +- 0.181 -> A=0 at +2.16, A=1 at -3.36, E7 at 0.38 sigma -> SUPPORTS THE MERGE EFE
      (c) zero intercept, equal weights, bootstrap error: A = +0.254 +- 0.289 -> A=0 at +0.88, A=1 at -2.58, E7 at 0.71 sigma -> NON-DIAGNOSTIC
      (d) low-acceleration galaxies (x0 < -10.3, N = 76), ratio of medians, bootstrap: A = +0.674 +- 0.244 -> A=0 at +2.76, A=1 at -1.33, E7 at 0.00 sigma -> SUPPORTS THE MERGE EFE
  C1 alt (V5): N = 94 (CFG8 94); intercept +0.0124 (CFG8 +0.0124), slope +0.5962 +- 0.2413 (CFG8 +0.5962 +- 0.2413), Spearman +0.031 (CFG8 +0.031), median e_env 0.0435; max deviation 3.9e-16
  alt       env=mean  : A = +0.875 +- 0.149 (formal 0.050; chi2/dof 9.00);  ownership A=0 at +5.87 sigma, 1-D merge A=1 at -0.84 sigma, E7 bracket [0.46,0.71] at 1.11 sigma  -> SUPPORTS THE MERGE EFE  (median e_env 0.0435)
  alt       env=maxclu: A = +0.520 +- 0.088 (formal 0.029; chi2/dof 8.97);  ownership A=0 at +5.90 sigma, 1-D merge A=1 at -5.44 sigma, E7 bracket [0.46,0.71] at 0.00 sigma  -> SUPPORTS THE MERGE EFE  (median e_env 0.0732)
  alt       env=noclu : A = +1.471 +- 0.252 (formal 0.084; chi2/dof 9.03);  ownership A=0 at +5.83 sigma, 1-D merge A=1 at +1.87 sigma, E7 bracket [0.46,0.71] at 3.02 sigma  -> SUPPORTS THE MERGE EFE  (median e_env 0.0256)
  alt       M5-R [POST HOC, added after the first run]:
      (a) free intercept (the tracking test), chi2-inflated: intercept +0.0124, slope +0.596 +- 0.727 (chi2/dof 9.1) -> A=0 at +0.82, A=1 at -0.56 sigma -> NON-DIAGNOSTIC
      (b) zero intercept without NGC 5055 and NGC 5033 (N = 92): A = +0.563 +- 0.165 -> A=0 at +3.40, A=1 at -2.64, E7 at 0.00 sigma -> SUPPORTS THE MERGE EFE
      (c) zero intercept, equal weights, bootstrap error: A = +0.689 +- 0.293 -> A=0 at +2.35, A=1 at -1.06, E7 at 0.00 sigma -> SUPPORTS THE MERGE EFE
      (d) low-acceleration galaxies (x0 < -10.3, N = 76), ratio of medians, bootstrap: A = +0.989 +- 0.242 -> A=0 at +4.08, A=1 at -0.05, E7 at 1.15 sigma -> SUPPORTS THE MERGE EFE
  [PASS] C1 CONTROL: CFG8's V4 and V5 environmental fits (N, intercept, slope and their errors, Spearman rho, median e_env) reproduced to 1e-3 from its committed per-galaxy fits
         see the C1 rows above
  [PASS] (reported) M5 (reported) Chae, geometric-mean field: the declared reading rule's class on both footings
         canonical: SUPPORTS THE MERGE EFE; alt: SUPPORTS THE MERGE EFE.  Carried beside it (committed, CFG8 H2): no rank correlation, Spearman p 0.87 / 0.76, and the weighted slope rests on a few precise galaxies (NGC 5055, NGC 5033)
  committed beside it: B's zero is 1.7 sigma (P2 canonical) / 2.7 sigma (P2 alt) from Chae's refit medians (CFG8 H1);
  low-acceleration median fitted e = +0.021 +- 0.012 (canonical) / +0.032 +- 0.012 (alt) against median e_env 0.048 / 0.044.

==============================================================================================================
M6  THE COMA UDGs (gate 1.16) under a merging river: the E7 merge offset (stars only)
==============================================================================================================
  [PASS] C2 CONTROL: L23's isolated stars-only offset reproduced (its nu_RAR, a0 = 9.3619e-11, its estimator and weights)
         N = 11; offset +0.3965 dex (L23 +0.3965)
  canonical g_ext = 0.427 x 9.3619e-11 (g_ext/a0 = 0.427): E7 +1.164 dex (5.0 sigma) | P2 1-D +1.300 (5.5) | P2 isotropic EFE-dominated +1.119 (4.8)
  canonical g_ext = 0.653 x 9.3619e-11 (g_ext/a0 = 0.653): E7 +1.262 dex (5.4 sigma) | P2 1-D +1.385 (5.9) | P2 isotropic EFE-dominated +1.236 (5.3)
  canonical g_ext = 0.845 x 9.3619e-11 (g_ext/a0 = 0.845): E7 +1.309 dex (5.6 sigma) | P2 1-D +1.420 (6.0) | P2 isotropic EFE-dominated +1.292 (5.5)
  canonical g_ext = 1.059 x 9.3619e-11 (g_ext/a0 = 1.059): E7 +1.343 dex (5.7 sigma) | P2 1-D +1.441 (6.1) | P2 isotropic EFE-dominated +1.332 (5.7)
  canonical isolated P2, stars only (no merge): +0.413 dex (1.8 sigma at the EFE reading's 0.235)
  alt       g_ext = 0.427 x 9.3619e-11 (g_ext/a0 = 0.353): E7 +1.110 dex (4.7 sigma) | P2 1-D +1.250 (5.3) | P2 isotropic EFE-dominated +1.057 (4.5)
  alt       g_ext = 0.653 x 9.3619e-11 (g_ext/a0 = 0.540): E7 +1.221 dex (5.2 sigma) | P2 1-D +1.351 (5.8) | P2 isotropic EFE-dominated +1.188 (5.1)
  alt       g_ext = 0.845 x 9.3619e-11 (g_ext/a0 = 0.699): E7 +1.275 dex (5.4 sigma) | P2 1-D +1.395 (5.9) | P2 isotropic EFE-dominated +1.252 (5.3)
  alt       g_ext = 1.059 x 9.3619e-11 (g_ext/a0 = 0.876): E7 +1.315 dex (5.6 sigma) | P2 1-D +1.423 (6.1) | P2 isotropic EFE-dominated +1.299 (5.5)
  alt       isolated P2, stars only (no merge): +0.373 dex (1.6 sigma at the EFE reading's 0.235)
  [PASS] M6 [HEADLINE] the E7 merging river FAILS the Coma UDGs: its stars-only offset at the beta-model field (0.845 a0, 1.13 Mpc) exceeds 2 sigma of the 0.235-dex total error on both footings
         canonical +1.309 dex = 5.6 sigma; alt +1.275 dex = 5.4 sigma.  Committed beside it: L23 EFE rival +1.159 / +1.112 (4.9 / 4.7 sigma); CFG31 B (ownership + infall gas) +0.234 / +0.195 (1.3 / 1.1 sigma); first infall 2.7 sigma (L23)

==============================================================================================================
M7  GAIA DR4 WIDE BINARIES (gate 4.06): what a merging river predicts
==============================================================================================================
  canonical g_ext primary 1.778e-10        : z_e = 1.4642; point-field gamma: P2 perp 1.1390, par 1.0169, isotropic 1.0998; E7 1.0970
  canonical g_ext alt convention 2.078e-10 : z_e = 1.7756; point-field gamma: P2 perp 1.1182, par 1.0124, isotropic 1.0841; E7 1.0825
  alt       g_ext primary 1.778e-10        : z_e = 1.1494; point-field gamma: P2 perp 1.1694, par 1.0244, isotropic 1.1231; E7 1.1180
  alt       g_ext alt convention 2.078e-10 : z_e = 1.4038; point-field gamma: P2 perp 1.1439, par 1.0180, isotropic 1.1036; E7 1.1004
  [PASS] C3 CONTROL: the P2 inversion of g_ext = 1.778e-10 gives the prereg's y_extN = 1.4647 (canonical) / 1.1513 (alt) and sqrt(nu) = 1.1389 (the prereg's framework-as-MG point field)
         canonical z_e 1.4642, sqrt(nu) 1.1390; alt z_e 1.1494
  committed  Arm A: merge, P2 as modified gravity, full nonlinear solve (canonical)        : 1.1614 - 1.1814  -> distance of gamma-hat = 1.000 from it: 5.8 - 6.5 sigma_tot
  committed  Arm A (alt)                                                                   : 1.1917 - 1.2267  -> distance of gamma-hat = 1.000 from it: 6.8 - 8.1 sigma_tot
  committed  MI merge, Theorem-B quadrature, alpha = 1 (Amendment 2, canonical/primary)    : 1.0799  -> distance of gamma-hat = 1.000 from it: 2.9 sigma_tot
  committed  Arm C: no merge (ownership) -- B's rule                                       : 1.0000  -> distance of gamma-hat = 1.000 from it: 0.0 sigma_tot
  reading: every merging-river composition predicts a boost (gamma > 1); only the no-merge rule (Arm C) predicts 1.000.
  A Newtonian DR4 kills the MG merge (>= 5.8 sigma_tot) and disfavours the MI merge (2.9 sigma_tot); the point-field
  estimates above are the external-dominated limits, not the registered estimator, and are never scored.

==============================================================================================================
M8  THE SOLAR SYSTEM INSIDE THE GALAXY'S RIVER (G5)
==============================================================================================================
  canonical: P2 alpha = 1 tail a0/2 = 4.680e-11 m/s^2 = 1279 x the Earth 2-sigma bound (not merge-specific); r_M(Sun) = 7960 AU; the external-field quadrupole scale a0/r_M = 7.86e-26 s^-2 = 15.1 x the Q2 ceiling
  alt      : P2 alpha = 1 tail a0/2 = 5.656e-11 m/s^2 = 1545 x the Earth 2-sigma bound (not merge-specific); r_M(Sun) = 7240 AU; the external-field quadrupole scale a0/r_M = 1.04e-25 s^-2 = 20.1 x the Q2 ceiling
  [PASS] C4 CONTROL: the alpha = 1 monopole liability reproduced (canonical a0/2 over 3.66e-14 = 1278-1279)
         1278.7
  committed (GATES 4.01, not recomputed): the strict law's external-field quadrupole is 4.0-5.7 x the Q2 ceiling, i.e. the
  quadrupole coefficient is ~0.3-0.4 of a0/r_M; ownership (no merge) leaves only the host tide 1.6-2.6e-31 s^-2.

==============================================================================================================
M9  THE COMMITTED POPULATION SCORECARD (CFG7 H0): merging rivers = 'the law with the external field'
==============================================================================================================
  canonical TOTAL: FG001 passes 9/14, the rival 6/14
  alt       TOTAL: FG001 passes 9/14, the rival 6/14
  [PASS] (reported) M9 (reported) CFG7's H0 lines read from the committed .out: ownership 9/14, the external-field (merge) reading 6/14, both footings
         canonical TOTAL: FG001 passes 9/14, the rival 6/14; alt       TOTAL: FG001 passes 9/14, the rival 6/14

==============================================================================================================
VERDICT (Q-merge numbers)
==============================================================================================================
  Chae: SUPPORTS THE MERGE EFE (canonical) / SUPPORTS THE MERGE EFE (alt);  Coma: the E7 merge is 5.6 / 5.4 sigma (FAIL);  DR4: merge predicts gamma > 1 (Arm A, or MI 1.08), no-merge 1.000;
  Solar System: the merge's quadrupole is the strict law's 4.0-5.7x (G5 FAIL unless screened).  Scorecard 6/14 vs 9/14.

7/7 checks pass; load-bearing failures: 0   (0.3 s, mode main)
