CFG453 T15 deficit units  MUTATE=True

canonical footing (a0 9.3603e-11)
  D1 identity x_T15 = 5.364 x_A + (nu-1): max |err| 3.6e-15;  median nu at R500: groups 7.618, clusters 3.940
  measured f_b = M_b/M_tot (b=0 / 0.3): clusters 0.163/0.114, groups 0.084/0.059;  T15's implied f_obs = 1/(1+x_A): clusters 0.709, groups 0.559
  x_A (def A, cosmic-share units): clusters 0.4135/0.9054  groups 0.787/1.760
  x_T15 = (M_tot-M_b)/M_b:          clusters 5.118/7.739  groups 10.845/15.922
  D2 (i) T15 conventions: S/M_b groups 5.375 clusters 4.341;  M_cold/M_b clusters -0.801/-0.309  groups -0.717/+0.256
       lambda_max clusters [0.0085, 0.0200] groups [0.0135, 0.0338]  (inf = no ceiling: the deficit exceeds the whole kernel supply);  V4 gap 1.40x WEAKENED;  V5 frozen nonempty False, verbatim nonempty False
  D2 (ii) per-object S: S/M_b groups 6.618 clusters 2.940;  M_cold/M_b clusters -0.335/+0.111  groups -1.023/-0.092
       lambda_max clusters [0.0129, 0.0314] groups [0.0108, 0.0264]  (inf = no ceiling: the deficit exceeds the whole kernel supply);  V4 gap 0.89x BREAKS;  V5 frozen nonempty False, verbatim nonempty True
  ledger b=0 clusters: law phantom 2.94 M_b + beyond-law 2.22 M_b = dark 5.12 M_b  vs one cosmic cold share 5.364 M_b  (ratio 0.95)
  ledger b=0 groups: law phantom 6.62 M_b + beyond-law 4.22 M_b = dark 10.85 M_b  vs one cosmic cold share 5.364 M_b  (ratio 2.02)

alt footing (a0 1.1312e-10)
  D1 identity x_T15 = 5.364 x_A + (nu-1): max |err| 3.6e-15;  median nu at R500: groups 8.322, clusters 4.277
  measured f_b = M_b/M_tot (b=0 / 0.3): clusters 0.163/0.114, groups 0.084/0.059;  T15's implied f_obs = 1/(1+x_A): clusters 0.709, groups 0.559
  x_A (def A, cosmic-share units): clusters 0.3507/0.8426  groups 0.649/1.622
  x_T15 = (M_tot-M_b)/M_b:          clusters 5.118/7.739  groups 10.845/15.922
  D2 (i) T15 conventions: S/M_b groups 5.956 clusters 4.819;  M_cold/M_b clusters -0.997/-0.505  groups -1.017/-0.044
       lambda_max clusters [0.0064, 0.0164] groups [0.0098, 0.0271]  (inf = no ceiling: the deficit exceeds the whole kernel supply);  V4 gap 1.71x STANDS;  V5 frozen nonempty False, verbatim nonempty True
  D2 (ii) per-object S: S/M_b groups 7.323 clusters 3.277;  M_cold/M_b clusters -0.483/-0.020  groups -1.402/-0.390
       lambda_max clusters [0.0097, 0.0254] groups [0.0079, 0.0214]  (inf = no ceiling: the deficit exceeds the whole kernel supply);  V4 gap 1.10x WEAKENED;  V5 frozen nonempty False, verbatim nonempty True
  ledger b=0 clusters: law phantom 3.28 M_b + beyond-law 1.88 M_b = dark 5.12 M_b  vs one cosmic cold share 5.364 M_b  (ratio 0.95)
  ledger b=0 groups: law phantom 7.32 M_b + beyond-law 3.48 M_b = dark 10.85 M_b  vs one cosmic cold share 5.364 M_b  (ratio 2.02)

D1 mismatch CONFIRMED;  HEADLINE: mismatch real, overdraft survives it
checks: {"C1_cfg451_rows": true, "C2_cfg450_xA": true, "D1_identity_1e-9": true, "MUTATE_misread_returns_negative": true}
<LANE> COMPLETE: all checks PASS
