a0 = 1.2000e-10  (lambda = 1 -> f = 1 everywhere, as CFG429)
  groups_b0                                      S 6.15  committed -5.36  on T15 definition +4.70
  groups_b03                                     S 6.15  committed -4.39  on T15 definition +9.77
  clusters_b0                                    S 4.98  committed -4.57  on T15 definition +0.14
  clusters_b03                                   S 4.98  committed -4.07  on T15 definition +2.76
  MW30_V188 as committed (x at 1e11, S at 7e10)  x 1.46  S 2.85  M_cold/M_b -1.39
  MW30_V200 as committed (x at 1e11, S at 7e10)  x 1.79  S 2.85  M_cold/M_b -1.06
  MW30_V188 consistent M_b 7e10                  x 2.52  S 2.85  M_cold/M_b -0.33
  MW30_V200 consistent M_b 7e10                  x 2.99  S 2.85  M_cold/M_b +0.13
  MW30_V188 consistent M_b 1e11                  x 1.46  S 2.31  M_cold/M_b -0.85
  MW30_V200 consistent M_b 1e11                  x 1.79  S 2.31  M_cold/M_b -0.52
  -> groups/clusters on T15's definition: 4/4 rows FEASIBLE at lambda = 1; CFG429's all-rows-negative rule gives NOT EXCLUDED
a0 = 9.3603e-11  (lambda = 1 -> f = 1 everywhere, as CFG429)
  groups_b0                                      S 5.38  committed -4.59  on T15 definition +5.47
  groups_b03                                     S 5.38  committed -3.62  on T15 definition +10.55
  clusters_b0                                    S 4.34  committed -3.93  on T15 definition +0.78
  clusters_b03                                   S 4.34  committed -3.43  on T15 definition +3.40
  MW30_V188 as committed (x at 1e11, S at 7e10)  x 1.46  S 2.47  M_cold/M_b -1.00
  MW30_V200 as committed (x at 1e11, S at 7e10)  x 1.79  S 2.47  M_cold/M_b -0.68
  MW30_V188 consistent M_b 7e10                  x 2.52  S 2.47  M_cold/M_b +0.05
  MW30_V200 consistent M_b 7e10                  x 2.99  S 2.47  M_cold/M_b +0.52
  MW30_V188 consistent M_b 1e11                  x 1.46  S 1.99  M_cold/M_b -0.53
  MW30_V200 consistent M_b 1e11                  x 1.79  S 1.99  M_cold/M_b -0.20
  -> groups/clusters on T15's definition: 4/4 rows FEASIBLE at lambda = 1; CFG429's all-rows-negative rule gives NOT EXCLUDED
a0 = 1.1312e-10  (lambda = 1 -> f = 1 everywhere, as CFG429)
  groups_b0                                      S 5.96  committed -5.17  on T15 definition +4.89
  groups_b03                                     S 5.96  committed -4.20  on T15 definition +9.97
  clusters_b0                                    S 4.82  committed -4.41  on T15 definition +0.30
  clusters_b03                                   S 4.82  committed -3.91  on T15 definition +2.92
  MW30_V188 as committed (x at 1e11, S at 7e10)  x 1.46  S 2.76  M_cold/M_b -1.29
  MW30_V200 as committed (x at 1e11, S at 7e10)  x 1.79  S 2.76  M_cold/M_b -0.97
  MW30_V188 consistent M_b 7e10                  x 2.52  S 2.76  M_cold/M_b -0.23
  MW30_V200 consistent M_b 7e10                  x 2.99  S 2.76  M_cold/M_b +0.23
  MW30_V188 consistent M_b 1e11                  x 1.46  S 2.23  M_cold/M_b -0.77
  MW30_V200 consistent M_b 1e11                  x 1.79  S 2.23  M_cold/M_b -0.44
  -> groups/clusters on T15's definition: 4/4 rows FEASIBLE at lambda = 1; CFG429's all-rows-negative rule gives NOT EXCLUDED
