CFG593 verdict -- FROZEN_CRITERIA.md. kappa = 1/2 FITTED; footings never pooled; cold energy mass required; not theory closed.
DIAGNOSTIC, data-driven: an allowed profile is what the data require, NOT a framework derivation.
controls: shear {'K1': {'canonical': {'cen': 6.661338147750939e-16, 'emg': 8.881784197001252e-16}, 'alt': {'cen': 6.661338147750939e-16, 'emg': 8.881784197001252e-16}}, 'K1_pass': True, 'K2': 0.0, 'K2_pass': True, 'K5': 3.9007147852222946e-16, 'K5_pass': 1.0}; KiDS K3i 2.3e-15 K3ii {'A|canonical': -0.003812737812673106, 'A|alt': -0.002516437064386423, 'B|canonical': -0.003736140750781658, 'B|alt': -0.003347461476380431} K3iii 0.0e+00; side {'K4': {'canonical': 0.0, 'alt': 0.0}, 'K4_pass': True, 'KMW': 0.0, 'KMW_pass': True}
all load-bearing controls pass: True

===================== footing canonical =====================
  [PRIMARY                     ] shear-allowed 122, KiDS-allowed   0, side-allowed 389, of 574;  overlap (a)&(b) 0; with (c) 0 -> NO OVERLAP; closest point x_e 0.2 f 0.0 y 1: Zmax 2.75 (need < 2), max chi2 49.43 (need < 30.58), groups Z -2.48, MW False
  [baryons to r_ta (shear)     ] shear-allowed  61, KiDS-allowed   0, side-allowed 389, of 574;  overlap (a)&(b) 0; with (c) 0 -> NO OVERLAP; closest point x_e 0.1 f 0.0 y 1: Zmax 2.30 (need < 2), max chi2 49.43 (need < 30.58), groups Z -2.48, MW False
  [KiDS lane convention        ] shear-allowed 122, KiDS-allowed   0, side-allowed 389, of 574;  overlap (a)&(b) 0; with (c) 0 -> NO OVERLAP; closest point x_e 0.7 f 1.0 y 0: Zmax 1.34 (need < 2), max chi2 54.07 (need < 30.58), groups Z +1.52, MW True
  [full feedback band 7.3-8.3  ] shear-allowed 188, KiDS-allowed   0, side-allowed 389, of 574;  overlap (a)&(b) 0; with (c) 0 -> NO OVERLAP; closest point x_e 0.2 f 0.0 y 1: Zmax 0.83 (need < 2), max chi2 49.43 (need < 30.58), groups Z -2.48, MW False
  [groups lane convention      ] shear-allowed 122, KiDS-allowed   0, side-allowed   7, of 574;  overlap (a)&(b) 0; with (c) 0 -> NO OVERLAP; closest point x_e 0.2 f 0.0 y 1: Zmax 2.75 (need < 2), max chi2 49.43 (need < 30.58), groups Z +12.33, MW False
  VERDICT [canonical]: NO OVERLAP
  shear-allowed: x_e 0.25-1.0, f 0.0-1.0, y [0, 1, 3, 10];  KiDS-allowed: none;  side-allowed: x_e 0.1-1.0, f 0.0-1.0, y [0, 1, 3, 10]
  best KiDS fit inside the shear-allowed region: x_e 0.3 f 0.0 y 1: max chi2 49.43 (p 1.5e-05)
  record rule CFG556/541 census edge      : shear Zmax 14.36 (excluded); KiDS chi2 A 45.57 B 54.10 (excluded) -> predicts the overlap: False
  record rule emergent edge               : shear Zmax 2.27 (excluded); KiDS chi2 A 45.17 B 54.04 (excluded) -> predicts the overlap: False
  record rule CFG557 finite-age supply    : shear Zmax 11.01 (excluded); KiDS chi2 A 59.13 B 66.04 (excluded) -> predicts the overlap: False
  record rule CFG559 kinetic PRIMARY      : shear Zmax 7.52 (excluded); KiDS chi2 A 57.77 B 63.97 (excluded) -> predicts the overlap: False
  record rule CFG559 kinetic full supply  : shear Zmax 11.60 (excluded); KiDS chi2 A 43.32 B 50.87 (excluded) -> predicts the overlap: False
  record rule CFG542 dissipative principle: switch is an INPUT -> no profile prediction

===================== footing alt =====================
  [PRIMARY                     ] shear-allowed 115, KiDS-allowed   0, side-allowed 395, of 574;  overlap (a)&(b) 0; with (c) 0 -> NO OVERLAP; closest point x_e 0.85 f 1.0 y 0: Zmax 0.76 (need < 2), max chi2 41.99 (need < 30.58), groups Z +1.07, MW True
  [baryons to r_ta (shear)     ] shear-allowed 157, KiDS-allowed   0, side-allowed 395, of 574;  overlap (a)&(b) 0; with (c) 0 -> NO OVERLAP; closest point x_e 0.4 f 1.0 y 0: Zmax 2.04 (need < 2), max chi2 41.99 (need < 30.58), groups Z +1.14, MW True
  [KiDS lane convention        ] shear-allowed 115, KiDS-allowed   0, side-allowed 395, of 574;  overlap (a)&(b) 0; with (c) 0 -> NO OVERLAP; closest point x_e 0.85 f 1.0 y 0: Zmax 0.76 (need < 2), max chi2 42.41 (need < 30.58), groups Z +1.07, MW True
  [full feedback band 7.3-8.3  ] shear-allowed 171, KiDS-allowed   0, side-allowed 395, of 574;  overlap (a)&(b) 0; with (c) 0 -> NO OVERLAP; closest point x_e 0.7 f 1.0 y 0: Zmax 1.83 (need < 2), max chi2 41.99 (need < 30.58), groups Z +1.07, MW True
  [groups lane convention      ] shear-allowed 115, KiDS-allowed   0, side-allowed  22, of 574;  overlap (a)&(b) 0; with (c) 0 -> NO OVERLAP; closest point x_e 0.85 f 1.0 y 0: Zmax 0.76 (need < 2), max chi2 41.99 (need < 30.58), groups Z +1.20, MW True
  VERDICT [alt]: NO OVERLAP
  shear-allowed: x_e 0.3-1.0, f 0.0-1.0, y [0, 1, 3, 10];  KiDS-allowed: none;  side-allowed: x_e 0.1-1.0, f 0.0-1.0, y [0, 1, 3, 10]
  best KiDS fit inside the shear-allowed region: x_e 0.85 f 1.0 y 0: max chi2 41.99 (p 2.3e-04)
  record rule CFG556/541 census edge      : shear Zmax 19.34 (excluded); KiDS chi2 A 35.84 B 42.44 (excluded) -> predicts the overlap: False
  record rule emergent edge               : shear Zmax 0.41 (allowed); KiDS chi2 A 35.01 B 41.99 (excluded) -> predicts the overlap: False
  record rule CFG557 finite-age supply    : shear Zmax 14.38 (excluded); KiDS chi2 A 50.44 B 55.50 (excluded) -> predicts the overlap: False
  record rule CFG559 kinetic PRIMARY      : shear Zmax 10.73 (excluded); KiDS chi2 A 48.80 B 53.61 (excluded) -> predicts the overlap: False
  record rule CFG559 kinetic full supply  : shear Zmax 15.95 (excluded); KiDS chi2 A 34.49 B 40.04 (excluded) -> predicts the overlap: False
  record rule CFG542 dissipative principle: switch is an INPUT -> no profile prediction
