CFG239 c1 mechanism | repo <repo> | DR3 = code-path test only (Amdt 7(e)) | MUTATE = 0
guard ok: builder 46452daf1f2e pipeline 7c884e0e0a4c
array U: 10230 pairs; uncovered correlation id entries (zero-filled): 14

[C1a] dummy-RNG stamp trace on a 50-pair slice
  calls: 1272 (expect 6 x 212 = 1272); first trial: [('standard_normal', (50, 3)), ('standard_normal', (50, 3)), ('random', (50,)), ('choice', (50,)), ('standard_normal', (50,)), ('standard_normal', (50,))]
  call order/shapes as read from the source: True
  remove first pair: slots with identical stamp 0/62328 = 0.00000; pairs with >=1 changed slot 49/49
  remove middle pair: slots with identical stamp 25/62328 = 0.00040; pairs with >=1 changed slot 49/49
  remove last pair: slots with identical stamp 49/62328 = 0.00079; pairs with >=1 changed slot 49/49
  reverse the 50 pairs: identical-stamp slots 0/63600 = 0.00000 (palindromic centre only)

[C1b] real stream (seed SEED), one-pair removal / reversal / permutation
  predicted (independent re-draw): median 0.0464, p90 0.1132
  slice2000 remove first : bit-identical 0.000%  median |rel| 0.0484  p90 0.1327
  slice2000 remove middle: bit-identical 0.000%  median |rel| 0.0522  p90 0.1327
  slice2000 remove last  : bit-identical 0.000%  median |rel| 0.0521  p90 0.1380
  slice2000 reversed     : bit-identical 0.000%  median 0.0495  p90 0.1331
  slice2000 permuted     : bit-identical 0.050%  median 0.0518  p90 0.1326
  full      remove first : bit-identical 0.000%  median |rel| 0.0508  p90 0.1314
  full      remove middle: bit-identical 0.000%  median |rel| 0.0502  p90 0.1325
  full      remove last  : bit-identical 0.000%  median |rel| 0.0515  p90 0.1330
  full      reversed     : bit-identical 0.000%  median 0.0514  p90 0.1350
  full      permuted     : bit-identical 0.000%  median 0.0512  p90 0.1322

[C1c] removal change vs a different global seed (SEED+1) on the full array
  seed change: median 0.0510 p90 0.1346; removal: median 0.0502 p90 0.1325; KS D=0.0098 p=0.708

[C1d] final-pair flips caused by removing ONE pair (same seed) vs by a seed change
  remove first : one-way flips 141, reverse 130
  remove middle: one-way flips 160, reverse 137
  remove last  : one-way flips 167, reverse 143
  seed SEED+1 (no removal): one-way 148, reverse 133; final counts 6210 / 6195

[C1e] per-pair stream (SeedSequence([G, id1, id2])): removal / permutation / global seed
  per-pair MC on the full array: 1 s
  pairs whose sigma_vt changed: removal first/middle/last [0, 0, 0] permutation 0 (expect 0 everywhere)
  one-way flips vs a different GLOBAL seed (k=1..6): per-pair [147, 139, 148, 132, 137, 149] mean 142.0; sequential [148, 137, 136, 155, 140, 145] mean 143.5

[C1f] determinism: same seed/array, thread settings
  in-process twice bit-identical: True
  child hashes: {'default': '3d52261c5a59', 'threads1': '3d52261c5a59', 'omp8': '3d52261c5a59'} | in-process 3d52261c5a59
  bit-identical across threads/processes: True

ASSERTIONS
  [PASS] C1a order
  [PASS] C1b >=99.9% changed (all removals, reverse, permute; slice and full)
  [PASS] C1b median within 10% of 0.0465 (full, middle)
  [PASS] C1c KS p>=0.05
  [PASS] C1d one-pair removal flips ~ seed-change level (>=100)
  [PASS] C1e per-pair removal/permutation changed == 0
  [PASS] C1e global-seed flips persist (per-pair mean >= 100)
  [PASS] C1f determinism
guard after run ok
