================================================================================================
EXACT EXPONENTIAL-MU INVERSE AND TWELVE SCOPED OBSERVATIONAL CHANNELS
================================================================================================

[1] Action-kernel identities
  G(y) = y**2 + (2*y + 2)*exp(-y) - 2
  G'(y)/(2y)-mu(y) = 0
  lambda_parallel = (y + exp(y) - 1)*exp(-y)
  d lambda_parallel/dy = (2 - y)*exp(-y)
  deep G = 2*y**3/3 - y**4/4 + y**5/15 + O(y**6)
  [PASS] the exact primitive differentiates to mu
  [PASS] lambda_parallel is positive by its two analytic branches

[2] Implicit inverse versus historical Route A
  x= 0.01 y_exact=0.102575054322 nu_exact=10.2575054 nu_RA=10.5083319 RA/exact-1=+2.445%
  x=  0.1 y_exact=0.343759819817 nu_exact=3.4375982 nu_RA=3.68858616 RA/exact-1=+7.301%
  x=    1 y_exact=1.3499764854 nu_exact=1.34997649 nu_RA=1.58197671 RA/exact-1=+17.186%
  x=   10 y_exact=10.0004538139 nu_exact=1.00004538 nu_RA=1.04420018 RA/exact-1=+4.415%
  [PASS] the numerical inverse closes x=y*mu(y) (max relative residual=2.220e-16)
  [PASS] Route A is detectably different near the transition (max bias=17.19%)

[3] Controlled asymptotic calculations
  y(x) = sqrt(x) + 0.25 x + 0.07291666666666667 x^(3/2) + ...
  [PASS] derived deep inverse matches the exact solve
  [PASS] Newtonian recovery has the derived exponential leading correction ((y-x)/(x exp(-x))=0.999999969)

[4] Executable identities behind the bankable channels
  d ln y/d ln r = (m - 2)/(L + 1)
  kappa^2/Omega^2 = (3*L + 1)/(L + 1)
  anisotropic Green shape = 1/sqrt(x_coordinate**2 + y_coordinate**2 + z_coordinate**2/(L_e + 1))
  Q2 from q_zz = 3*a0*q_zz/(2*r_M)
  finite deep deflection = 4*v_sq*atan(Z/b)/c**2
  [PASS] slope, epicycle, EFE Green, quadrupole, deflection and redshift identities close

[5] Twelve observable channels and their dependencies
   1. Exact circular acceleration relation [exact-kernel]
      x=y(1-exp(-y)); g=a0*y(x)
      observable: Resolved rotation curves / radial-acceleration relation
      scope: Spherical AQUAL; circular MI only if the same map is separately postulated
      depends on channels: base
   2. Point-mass radial slope [conditional-AQUAL]
      d ln g/d ln r=-2/(1+L); d ln v_c/d ln r=(L-1)/(2(1+L))
      observable: Multi-radius exterior rotation/dynamical slopes
      scope: Exterior point-mass spherical AQUAL with L=y/(exp(y)-1)
      depends on channels: (1,)
   3. Epicycle and apsidal precession [conditional-AQUAL]
      kappa^2/Omega^2=3-2/(1+L); Delta_varpi=2pi(Omega/kappa-1)
      observable: Near-circular test-particle apsidal precession
      scope: Exterior point mass, isolated central AQUAL potential; not comparable-mass or EFE dominated
      depends on channels: (2,)
   4. Deep isolated pressure virial [conditional-AQUAL]
      <v^2>_M=(2/3)sqrt(GMa0)[1-Sum_i(m_i/M)^(3/2)]; sigma_los^4=(4/81)GMa0[1-Sum_i(m_i/M)^(3/2)]^2
      observable: Globular clusters and isolated pressure-supported systems
      scope: Deep, isolated, equilibrated, globally sampled, spherical and nonrotating; continuum coefficient drops the finite-mass term
      depends on channels: base
   5. Resolved Jeans profile [conditional-AQUAL]
      sigma_r^2=[n f_beta]^-1 int_r^inf n(s)f_beta(s)g(s)ds; f_beta=exp[int 2 beta dr/r]
      observable: Proper-motion plus line-of-sight dispersion profiles
      scope: Generic spherical Jeans pipeline supplied with AQUAL g, boundary condition, measured tracer density and anisotropy
      depends on channels: (1,)
   6. Local constitutive response anisotropy [conditional-AQUAL]
      partial_i[(lambda_perp Pperp_ij+lambda_parallel n_i n_j)partial_j deltaPhi]=4piG delta rho
      observable: Radial/transverse baryonic bumps, vertical/planar force, lensing shape
      scope: Linear response of exact AQUAL about y>0; lensing requires a separate metric completion
      depends on channels: base
   7. External-field anisotropic Green function [conditional-AQUAL]
      phi=-GM/[mu_e sqrt(1+L_e)]*(R_perp^2+z^2/(1+L_e))^(-1/2)
      observable: Orientation-binned binaries, satellites, or lensing quadrupoles
      scope: Uniform y_e>0 AQUAL field with internal field much smaller than external; derived from rail 6
      depends on channels: (6,)
   8. External-field ending radius and escape law [conditional-AQUAL]
      r_EFE~sqrt(GMa0)/g_e; v_esc^2=2sqrt(GMa0)[ln(r_EFE/r)+C(theta;y_e)]
      observable: Outer escape speeds and the radius where lensing steepens
      scope: Asymptotic matching estimate inside the EFE radius; C and escape surface need the outer BVP; lensing is additional
      depends on channels: (1, 7)
   9. Solar external-field quadrupole [conditional-AQUAL]
      Q_ij=Q2(e_i e_j-delta_ij/3); |Q2|=(3/2)(a0/r_M)|q| for q=Q_zz r_M/a0
      observable: Cassini ranging and planetary ephemerides
      scope: Full nonlinear nonspherical BVP; AQUAL and QUMOND q are distinct and must be solved separately; not derived from the linear-response channel
      depends on channels: base
  10. Pair-minus-sum non-superposition [conditional-no-slip]
      Delta gamma_t[rho1,rho2]=gamma_t[rho1+rho2]-gamma_t[rho1]-gamma_t[rho2] is generically not identically zero
      observable: Pair-versus-isolated weak lensing
      scope: Proposed nonlinear functional; amplitude/sign require the full nonlinear operator, profiles, separation, environment, projection and a metric completion; not derived from the linear-response channel
      depends on channels: base
  11. No-slip lensing/dynamics equality [conditional-no-slip]
      g_lens=-grad(Phi+Psi)/2=-grad Phi=g_dyn; alpha_deep(b;R)=4sqrt(GMa0)c^-2 atan(sqrt(R^2-b^2)/b) -> 2pi sqrt(GMa0)/c^2
      observable: Joint lensing and orbital dynamics
      scope: Physical metric with Phi=Psi; 2pi is the b/R->0 limit before the EFE/outer transition
      depends on channels: (1,)
  12. Metric gravitational-redshift profile [conditional-physical-lapse]
      z_1to2=[Phi(r2)-Phi(r1)]/c^2=sqrt(GMa0)c^-2 ln(r2/r1); c z=DeltaPhi/c
      observable: Stacked satellite/galaxy gravitational redshifts
      scope: Both radii exterior to baryons and inside the deep pre-EFE region; AQUAL Phi must be the minimally coupled physical lapse; no slip not required
      depends on channels: (1,)
  [PASS] the ledger contains exactly twelve scoped channels (count=12)
  [PASS] the channels have distinct observable keys
  [PASS] the dependency graph is explicit and acyclic
  [PASS] no kernel rail is mislabeled as a closed relativistic action result

[SCOPE]
  Exact-kernel rows follow from x=y(1-exp(-y)).
  Conditional-AQUAL rows additionally assume the nonlinear modified-gravity field equation.
  Conditional-no-slip rows also require a relativistic physical metric with Phi=Psi.
  These are twelve observational channels, not twelve mathematically independent laws.
  None of these labels substitutes for a full action/Dirac/PPN/stability certificate.

Checks completed: 11/11
