==========================================================================================================================
V1.  TRANSCRIPTION.  Rebuild g05's four clusters from the on-disk Baumgardt catalogue, not its literal tuple.
==========================================================================================================================
  Baumgardt parameter rows parsed: 157
  cluster       Dsun     Rgc      V   rh_l    my dex   g05 dex     diff    my x_i  g05 x_i
  Pal 4       101.39  104.05  14.23  15.88    -0.874    -0.874  -0.0003    0.0611   0.0610
  Pal 14       73.58   68.55  14.13  27.63    -1.306    -1.306  +0.0003    0.0127   0.0130
  Pal 3        94.84   98.17  14.56  20.16    -0.844    -0.844  -0.0005    0.0267   0.0270
  NGC 2419     88.47   95.93  10.56  19.76    -0.211    -0.211  -0.0003    1.0774   1.0800
  [PASS] V1 the four hard-coded clusters are faithful transcriptions of the on-disk Baumgardt catalogue: rebuilding them from the file reproduces every residual to a thousandth of a dex.  There is no data-entry error to find, so the attack has to be on the inference and on the choice of inputs, not on the arithmetic   (worst residual difference 0.0005 dex; worst fractional x_i difference 2.4 per cent, which is g05's own rounding of x_i to three decimals in its printed table)

==========================================================================================================================
V2.  THE DISPERSIONS.  Two of g05's four are outputs of a NEWTONIAN N-BODY FIT.  The MEASURED profiles are on disk.
==========================================================================================================================
  g05's four dispersions come from three different kinds of source, and it says so:
     Pal 4      sigma = 0.87 km/s   Frank et al. 2012, 23 members (LITERATURE)
     Pal 14     sigma = 0.38 km/s   Jordi et al. 2009, 16-17 members (LITERATURE)
     Pal 3      sigma = 0.80 km/s   Baumgardt sigma0 column = NEWTONIAN N-BODY MODEL
     NGC 2419   sigma = 5.10 km/s   Baumgardt sigma0 column = NEWTONIAN N-BODY MODEL
  
  The 'sigma0' column of the Baumgardt PARAMETER table is the central dispersion of his fitted N-body model,
  and those models are NEWTONIAN.  My brief names this failure mode explicitly: a quantity derived under the
  theory being tested cannot be used at face value to test a competitor.  But the repository also holds
  baumgardt_gc_veldisp_profiles.tsv, whose own header reads: 'MEASURED velocity dispersion profiles ... These
  are the DATA, not model curves.'  Type RV rows are line-of-sight dispersions from the member velocities.
  The Wolf et al. 2010 estimator wants the dispersion at the half-light radius, so take the RV profile there.
  clusters with at least one MEASURED (type RV) dispersion bin: 152
  
  cluster     R_e (as)                 RV bins (R arcsec: N, sigma)  sigma(R_e)  g05 sigma   ratio
  Pal 4           32.3                                 27: 23, 0.88        0.88       0.87    1.01
  Pal 14          77.5                                 77: 16, 0.71        0.71       0.38    1.87
  Pal 3           43.8                                 24: 22, 1.70        1.70       0.80    2.12
  NGC 2419        46.1   38: 62, 5.51; 100: 62, 2.63; 214: 59, 1.64        4.77       5.10    0.94
  
  Recomputing the four residuals with the MEASURED dispersion at R_e, everything else identical to g05:
  cluster      g05 dex  measured dex    change
  Pal 4         -0.874        -0.864    +0.010
  Pal 14        -1.306        -0.763    +0.543
  Pal 3         -0.844        -0.190    +0.655
  NGC 2419      -0.211        -0.269    -0.058
  [FAIL] V2 (THE ATTACK LANDS, AND IT IS THE ONE THAT MATTERS) g05's four dispersions are a MIXTURE of literature values and two entries from the sigma0 column of the Baumgardt parameter table, which is a fitted NEWTONIAN N-body model's central dispersion.  Replacing all four with the MEASURED dispersion at the half-light radius, from the measured-profile file already sitting in this repository, moves the median by more than half a dex.  Pal 3 alone moves by +0.65 dex: its measured dispersion is 1.70 km/s from 22 stars where g05 used the model's 0.80.  Pal 14 moves by +0.53: Baumgardt's compilation of the SAME stars Jordi et al. measured gives 0.71, not 0.38.  A headline number that halves when you swap a model output for the measurement it was fitted to is not a measured number   (g05 median -0.859 dex -> measured-dispersion median -0.516 dex, a shift of +0.343.  Per cluster: Pal 4 -0.874->-0.864, Pal 14 -1.306->-0.763, Pal 3 -0.844->-0.190, NGC 2419 -0.211->-0.269)

==========================================================================================================================
V3.  SAMPLE SELECTION.  Four clusters chosen by hand out of 157 that are sitting on disk.
==========================================================================================================================
  PRE-STATED, ANSWER-BLIND CRITERIA, fixed before any residual was computed:
     (i)   a MEASURED (type RV) dispersion profile with at least 15 member velocities in total;
     (ii)  x_e = G M_MW,bar / R_GC^2 / a_0 < 1, so the external field does not quench the kernel to Newton and
           the object can actually test something;
     (iii) x_i inside the SAME 0.01 <= x_i <= 1.2 band g05 used to define its dwarf-spheroidal comparison set.
  No cut on R_GC, on how famous the cluster is, or on which way the residual points.
  
  L_V is taken as M_dyn / (M/L_V) from the catalogue, which recovers Baumgardt's own DEREDDENED luminosity
  exactly and removes extinction as an error source (a first pass of this audit set A_V = 0 and produced
  nonsense for reddened bulge clusters -- e.g. Liller 1 at 57 Msun -- which is why that route was abandoned).
  
  ALL catalogue clusters meeting the criteria: N = 20
  cluster           N_RV  bins    R_GC      x_i     x_e  sig(Re)   M(Ups=2)  M/L_dyn      dex
  Pal 14              16     1    68.5   0.0123   0.019     0.71   2.25e+04     1.70   -0.750  <- in g05
  Pal 5               39     2    17.3   0.0162   0.300     1.22   1.61e+04     1.66   +0.229
  Crater              33     1   147.0   0.0205   0.004     1.96   1.88e+04     1.29   +0.001
  Pal 3               22     1    98.2   0.0263   0.009     1.70   2.55e+04     1.45   -0.186  <- in g05
  Pyxis               43     2    38.6   0.0385   0.060     1.09   2.67e+04     2.41   -0.439
  Pal 4               23     1   104.0   0.0628   0.008     0.88   3.78e+04     0.81   -0.871  <- in g05
  Pal 12              24     1    15.3   0.0832   0.383     0.88   9.90e+03     1.25   -0.269
  Arp 2               49     2    21.4   0.0850   0.195     1.46   4.10e+04     1.89   -0.243
  Ter 8               73     2    20.4   0.1262   0.214     1.43   6.93e+04     2.19   -0.445
  ESO 280-SC06        18     1    13.4   0.1289   0.497     1.70   1.52e+04     5.29   +0.153
  NGC 5053            55     2    18.0   0.1584   0.276     1.39   5.81e+04     2.16   -0.445
  Ter 7               45     2    16.9   0.2324   0.315     0.67   2.23e+04     2.00   -0.925
  NGC 7492            25     2    23.6   0.2787   0.161     1.17   3.86e+04     1.02   -0.667
  Rup 106             31     2    18.0   0.3555   0.275     1.46   4.93e+04     1.38   -0.521
  NGC 5466            68     2    16.5   0.3818   0.329     1.37   8.31e+04     1.35   -0.687
  IC 4499             68     2    15.8   0.5402   0.360     2.35   1.36e+05     2.21   -0.368
  NGC 6101            71     2    10.4   0.6341   0.833     2.21   1.39e+05     2.50   -0.377
  NGC 2419           183     3    95.9   1.0436   0.010     4.77   9.73e+05     1.61   -0.259  <- in g05
  NGC 288            549     7    12.2   1.0645   0.599     2.73   8.67e+04     2.22   -0.204
  NGC 6426            33     1    14.4   1.1158   0.428     1.98   7.20e+04     2.03   -0.457
  [PASS] V3 (THE SELECTION ATTACK DOES NOT LAND, AND I RECORD THAT IT DOES NOT) I expected g05's four to be the extreme tail of their own population -- they are, after all, exactly the four the MOND literature has flagged for twenty years (Baumgardt et al. 2005, ApJ 634, 1093; Ibata et al. 2011, ApJ 738, 186; Sanders 2012, MNRAS 419, L6).  They are not.  Expanding to every catalogue cluster meeting answer-blind criteria, on measured dispersions, 17 of 20 are still negative and the sixteen clusters g05 did NOT use sit within a tenth of a dex of the four it did.  The class-level statement is real; only the -0.859 magnitude is not, and that is V2's doing, not selection   (N = 20 clusters, 17 negative (85 per cent), median -0.408 dex, range -0.925 to +0.229.  g05's four inside this pool: median -0.505; the 16 it did not use: median -0.408; difference -0.097 dex)

==========================================================================================================================
V4.  THE MASS-TO-LIGHT DECOMPOSITION.  How much of the residual is the kernel and how much is Upsilon_V = 2?
==========================================================================================================================
  g_obs/g_pred = [g_obs / g_Newt(Ups_V L)] x [1/boost].  The first bracket is a purely NEWTONIAN statement --
  log10 of the dynamical-to-assumed-photometric mass ratio -- and says nothing about this framework.  Only the
  second is the kernel's prediction.  If the first carried most of the residual, the claim would be about M/L.
  cluster      g05 dex  log10 boost  Newt part  M/L needed  Baumgardt M/L_V
  Pal 4         -0.874        0.658     -0.216        1.22             0.81
  Pal 14        -1.306        0.812     -0.494        0.64             1.70
  Pal 3         -0.844        0.812     -0.033        1.86             1.45
  NGC 2419      -0.211        0.190     -0.021        1.90             1.61
  [PASS] V4 (THE ATTACK DOES NOT LAND) I expected the assumed Upsilon_V = 2 to be carrying most of the cluster deficit, because these mass-segregated outer-halo clusters have low dynamical M/L.  It is not: the Newtonian M/L part is a small minority of the residual and the kernel's own boost carries the great majority of it.  This attack fails and I record that it fails -- to the extent the clusters ARE below the kernel, it is the kernel doing it   (median Newtonian M/L part -0.124 dex against median kernel-boost part +0.735 dex, i.e. the M/L assumption is 14 per cent of the quoted -0.859.  Upsilon_V these clusters would need under Newton: Pal 4 1.22, Pal 14 0.64, Pal 3 1.86, NGC 2419 1.90)
  
  The Upsilon_V scan, on g05's own dispersions, since Upsilon_V is the only free knob on the cluster side:
   Upsilon_V      Pal 4     Pal 14      Pal 3   NGC 2419    median
         0.8     -0.648     -0.912     -0.577     +0.059    -0.612
         1.0     -0.704     -1.008     -0.652     -0.004    -0.678
         1.5     -0.804     -1.183     -0.769     -0.123    -0.786
         2.0     -0.874     -1.306     -0.844     -0.211    -0.859
         3.0     -0.975     -1.474     -0.946     -0.341    -0.960
  [FAIL] V4b g05's own Upsilon_V = 1 caveat is an ASSERTED number where a computed one belongs, and it is wrong -- though wrong AGAINST g05's own point.  g05 shifted the median by log10(2) = 0.301, which is the NEWTONIAN response to halving the mass; three of its four clusters are in the modified regime where the response is smaller.  The correctly recomputed Upsilon_V = 1 median is more negative than g05 claims, not less   (g05 asserts -0.558 at Upsilon_V = 1; recomputed it is -0.678.  Full scan: Ups=0.8: -0.612, Ups=1.0: -0.678, Ups=1.5: -0.786, Ups=2.0: -0.859, Ups=3.0: -0.960)

==========================================================================================================================
V5.  IS THE 'MATCH' A MATCH?  The dwarf-spheroidal comparison set, rebuilt, and the overlap tested.
==========================================================================================================================
  dwarf spheroidals with 0.01 <= x_i <= 1.2 (g05's comparison set): N = 12, median +0.114 dex   [g05 quotes N = 12, +0.114 -- reproduced]
  dwarf                  class           x_i        M_b  r_1/2 pc  residual
  Tucana                 isolated     0.0113   1.12e+06     271.5    +0.117
  Phoenix                isolated     0.0119   1.67e+06     322.7    +0.383
  Antlia B               isolated     0.0138   1.82e+06     314.3    +0.231
  Andromeda VI           m31          0.0148   5.62e+06     532.2    +0.422
  Andromeda VII          m31          0.0156   2.24e+07    1033.5    +0.111
  Leo II                 classical    0.0206   1.07e+06     196.9    +0.289
  Sculptor               classical    0.0291   3.47e+06     297.6    +0.217
  Fornax                 classical    0.0337   3.89e+07     927.1    -0.087
  UGC 4879               isolated     0.0668   1.45e+07     402.0    -0.091
  Leo I                  classical    0.0728   9.12e+06     305.5    -0.021
  NGC 147                m31          0.2746   7.24e+08    1401.7    -0.550
  NGC 185                m31          0.5158   2.95e+08     653.0    -0.041
  
     x_i       clusters 0.0439 (0.0127-1.0774)   dwarfs 0.0249 (0.0113-0.5158)   median ratio 0.57
     M_b/Msun  clusters 3.13e+04   dwarfs 7.37e+06   2.37 dex apart
     r_1/2/pc  clusters 27   dwarfs 362   1.13 dex apart
  [PASS] V5a the acceleration match is a real match and not a slogan: the two classes' x_i distributions overlap, their medians sit within a factor 2, and three of the four clusters lie inside the dwarfs' own x_i range   (cluster x_i 0.0127-1.0774 against dwarf x_i 0.0113-0.5158; median ratio 0.57; 3 of 4 clusters inside the dwarf range)
  
     exact permutation over all C(16,4) = 1820 label assignments:
        on g05's dispersions:      separation -0.973 dex, p = 0.0033
        on MEASURED dispersions:   separation -0.630 dex, p = 0.0099
  [PASS] V5b (THE SIGN SURVIVES THE DISPERSION SWAP, EVEN THOUGH THE SIZE DOES NOT) with the measured dispersions the separation shrinks by more than half a dex, but the clusters still sit below the dwarfs and the exact permutation test still rejects at the two-sigma level.  So the DIRECTION of g05's S5 survives V2 even though its magnitude does not   (g05 dispersions: -0.973 dex, p = 0.0033.  Measured dispersions: -0.630 dex, p = 0.0099 over 1820 exact assignments)

==========================================================================================================================
V6.  THE DISCRIMINANT.  Is it DARK-MATTER CONTENT, or one of several perfectly degenerate labels?
==========================================================================================================================
  The claim is not merely 'clusters sit below'.  It is that the SIGN is predicted by DARK-MATTER CONTENT rather
  than by support type.  For that to be a discriminant, dark-matter content must be identified against every
  other variable that separates the two classes.  It is not.
     baryonic mass: 2.37 dex apart, 0 of 12 dwarfs overlapping the cluster range
     physical size: 1.13 dex apart, 0 of 12 dwarfs overlapping the cluster range
  [FAIL] V6a (THE ATTACK LANDS) at matched internal acceleration the two classes are ALSO separated by more than two decades in baryonic mass and more than one in physical size, with ZERO overlap in either.  'Dark-matter content', 'baryonic mass' and 'physical size' are three names for the same partition of these sixteen objects.  A two-class comparison cannot tell them apart, so naming dark matter as THE predictor is a choice and not a measurement -- a kernel that failed as a function of system size or of baryonic mass, which would be a framework LIABILITY rather than a vindication of dark matter, fits this data exactly as well   (baryonic-mass separation 2.37 dex with 0/12 overlap; size separation 1.13 dex with 0/12 overlap.  Two classes, three degenerate candidate predictors, no power to separate them)
  
  And the dark-matter variable is not independent on the dwarf side: a dwarf's dark-matter content is measured
  as M_dyn/M_bar with M_dyn = 3 sigma^2 r_1/2 / G -- the SAME sigma and r_1/2 that build the residual.
  [FAIL] V6b (THE ATTACK LANDS) inside the dwarf sample the residual and the dark-matter fraction are two monotone functions of one number: M_dyn is built from the very sigma and r_1/2 that build the residual.  They correlate at r = 0.95 BY CONSTRUCTION, not by physics.  'Dark-matter content predicts the residual' is therefore near-tautological wherever dark-matter content is inferred dynamically.  The only non-circular half of the claim is the cluster side, where 'no dark matter' is a structure-formation statement rather than a dynamical inference   (log10(M_dyn/M_bar) against residual on the 12 matched dwarfs: r = +0.946, slope +0.535 dex per dex)

==========================================================================================================================
V7.  BOTH FOOTINGS, AND THE MUTATION CONTROLS.
==========================================================================================================================
     canonical  a_0=9.36e-11:  clusters(g05 sigma) -0.859   clusters(measured sigma) -0.516   dwarfs +0.114 (N=12)
     alt        a_0=1.13e-10:  clusters(g05 sigma) -0.896   clusters(measured sigma) -0.547   dwarfs -0.007 (N=11)
  [PASS] V7 both a_0 footings tell the same story, in both directions: g05's headline is footing-independent, and so is the fact that it halves when the measured dispersions replace the model ones.  a_0 is not the issue here   (canonical: g05 -0.859, measured -0.516, dwarfs +0.114; alt: g05 -0.896, measured -0.547, dwarfs -0.007)
  [PASS] M1 MUTATION CONTROL: with the kernel switched off the cluster residual must reduce EXACTLY to the Newtonian dynamical-to-photometric mass ratio computed independently, so V4's decomposition is arithmetic and not a story   (max discrepancy 1.665e-16 dex)
  [PASS] M2 MUTATION CONTROL on the data: inflating every observed dispersion by sqrt(10) must move every residual by exactly +1.000 dex and nothing else in the pipeline may respond   (shifts +1.000000000, +1.000000000, +1.000000000, +1.000000000)
  [PASS] M3 MUTATION CONTROL on the claim: if the clusters sat ON the kernel instead of below it, the same exact permutation test must stop rejecting.  It does, so V5b is testing the data and not the machinery   (clusters forced to 0.000 dex: separation -0.114 dex, exact p = 0.3764, against p = 0.0099 for the measured-dispersion data and p = 0.0033 for g05's)

==========================================================================================================================
VERDICT ON THE CLAIM
==========================================================================================================================
  THE DIRECTION SURVIVES.  THE NUMBER DOES NOT, AND NEITHER DOES THE WORD 'DARK MATTER'.

  WHAT SURVIVED EVERY ATTACK I COULD MOUNT:
   * The four clusters are faithful to the on-disk catalogue: worst residual difference 0.0005 dex (V1).
   * The acceleration match is real -- three of four clusters lie inside the dwarfs' own x_i range (V5a).
   * Even after every correction below, the clusters still sit BELOW the dwarfs at matched x_i, -0.630 dex,
     exact permutation p = 0.0099 (V5b), on both a_0 footings (V7).
   * The deficit is NOT a stellar mass-to-light artefact.  I expected it to be and it is not: the Newtonian M/L
     part is -0.124 dex against a kernel-boost part of +0.735 dex (V4).  That attack failed.
   * It is NOT a cherry-pick either, and I expected it to be.  Every one of the 20 catalogue clusters meeting
     answer-blind criteria on measured dispersions: 17 of 20 negative, class median -0.408 dex, and the
     16 clusters g05 did not use sit at -0.408 against -0.505 for the four it did (V3).  That attack failed too.
  So the FIRST sentence of the claim -- 'support type does not predict the sign of the residual' -- STANDS, and
  it stands at the CLASS level, not just on four objects: -0.41 dex on 20 clusters against +0.11 on 12 dwarfs.

  WHAT DID NOT SURVIVE:
   1. THE NUMBER.  -0.859 dex is not the measurement.  Two of g05's four dispersions are taken from the sigma0
      column of the Baumgardt PARAMETER table, which is the central dispersion of a fitted NEWTONIAN N-body
      model -- a quantity derived under the theory being tested.  The MEASURED profiles are in this repository
      (baumgardt_gc_veldisp_profiles.tsv, header: 'These are the DATA, not model curves').  Using the measured
      dispersion at each cluster's half-light radius the median goes -0.859 -> -0.516 dex.  Pal 3 moves
      +0.655 dex on its own: measured 1.70 km/s from 22 stars where g05 used the model's 0.80.
      Pal 14 moves +0.543: Baumgardt's compilation of the SAME stars Jordi et al. measured gives 0.71,
      not 0.38.  g05's own weakest-link statement flagged the Pal 14 discrepancy and then used the small value
      anyway; it did not flag that Pal 3's number is a model output at all.
   2. THE MAGNITUDE AGAIN, INDEPENDENTLY.  The full answer-blind class of 20 clusters gives -0.408 dex, not
      -0.859.  Two independent routes -- swapping the model dispersions for measured ones on g05's own four, and
      expanding to the whole class -- both land near -0.4 to -0.5 dex.  '-0.859' should be retired (V2, V3).
   3. THE DISCRIMINANT IS NOT IDENTIFIED.  At matched x_i the classes are also 2.37 dex apart in baryonic mass
      (0/12 overlap) and 1.13 dex apart in size (0/12 overlap).  'Dark-matter content', 'baryonic mass'
      and 'physical size' name the SAME partition of these sixteen objects.  A kernel that fails as a function
      of size or mass -- a framework liability, NOT a vindication of dark matter -- predicts this data equally
      well.  Two classes cannot separate three degenerate labels (V6a).
   4. AND ON THE DWARF SIDE THE DARK-MATTER VARIABLE IS CIRCULAR.  M_dyn = 3 sigma^2 r_1/2 / G is built from the
      same sigma and r_1/2 as the residual: r = +0.946 by construction (V6b).  Only the cluster side's 'no dark
      matter' is an independent statement, so the claim rests on one non-circular half.
   5. A SMALL ONE, AGAINST g05'S OWN INTEREST.  Its Upsilon_V = 1 caveat, -0.558 dex, is asserted by adding
      log10(2) -- the NEWTONIAN response -- when three of four clusters are in the modified regime.  Recomputed
      it is -0.678 dex (V4b).

  WHAT MAY BE QUOTED AFTER THIS FILE:
   * 'Globular clusters, equally pressure-supported, sit BELOW the framework's kernel where dwarf spheroidals at
     the same internal acceleration sit above it -- -0.63 dex on g05's four with measured dispersions (exact
     permutation p = 0.01), and -0.41 dex on the full answer-blind class of 20.  Support type does
     not predict the sign of the residual.'
   * That MOND over-predicts outer-halo cluster dispersions is long known (Baumgardt et al. 2005; Ibata et al.
     2011; Sanders 2012); nothing here is new except the branch-free prescription.
  NOT: '-0.859 dex' or 'median -0.859'.  It is inflated by two model dispersions; both independent routes give
  about -0.41 to -0.52 dex.
  NOT: '...dark-matter content does.'  That is one of at least three degenerate readings of a two-class
  comparison, and the dark-matter variable is not independently measured on the side carrying the weight.

RESULT: 13 checks, 4 FAIL -> ["V2 (THE ATTACK LANDS, AND IT IS THE ONE THAT MATTERS) g05's four dispersions are a MIXTURE of literature values and two entries from the sigma0 column of the Baumgardt parameter table, which is a fitted NEWTONIAN N-body model's central dispersion.  Replacing all four with the MEASURED dispersion at the half-light radius, from the measured-profile file already sitting in this repository, moves the median by more than half a dex.  Pal 3 alone moves by +0.65 dex: its measured dispersion is 1.70 km/s from 22 stars where g05 used the model's 0.80.  Pal 14 moves by +0.53: Baumgardt's compilation of the SAME stars Jordi et al. measured gives 0.71, not 0.38.  A headline number that halves when you swap a model output for the measurement it was fitted to is not a measured number", "V4b g05's own Upsilon_V = 1 caveat is an ASSERTED number where a computed one belongs, and it is wrong -- though wrong AGAINST g05's own point.  g05 shifted the median by log10(2) = 0.301, which is the NEWTONIAN response to halving the mass; three of its four clusters are in the modified regime where the response is smaller.  The correctly recomputed Upsilon_V = 1 median is more negative than g05 claims, not less", "V6a (THE ATTACK LANDS) at matched internal acceleration the two classes are ALSO separated by more than two decades in baryonic mass and more than one in physical size, with ZERO overlap in either.  'Dark-matter content', 'baryonic mass' and 'physical size' are three names for the same partition of these sixteen objects.  A two-class comparison cannot tell them apart, so naming dark matter as THE predictor is a choice and not a measurement -- a kernel that failed as a function of system size or of baryonic mass, which would be a framework LIABILITY rather than a vindication of dark matter, fits this data exactly as well", "V6b (THE ATTACK LANDS) inside the dwarf sample the residual and the dark-matter fraction are two monotone functions of one number: M_dyn is built from the very sigma and r_1/2 that build the residual.  They correlate at r = 0.95 BY CONSTRUCTION, not by physics.  'Dark-matter content predicts the residual' is therefore near-tautological wherever dark-matter content is inferred dynamically.  The only non-circular half of the claim is the cluster side, where 'no dark matter' is a structure-formation statement rather than a dynamical inference"]   rc=1
