====================================================================================================================
ITEM 39, PART 1 -- what the framework can actually predict about a dissolving open cluster
====================================================================================================================
  the Galactic tide at R0 = 8.2 kpc with a flat rotation curve: Omega = v_c/R = 9.208e-16 s^-1, and the Jacobi radius is r_J = (G_eff M/(2 Omega^2))^(1/3)
  canonical  external field on a cluster at R0: 2.29 a_0 MONDian -> Newtonian-equivalent x_ext = 1.660, nu(x_ext) = 1.3806, so G_eff = 1.381 G and r_J is 1.1135 x the Newtonian value
  alt        external field on a cluster at R0: 1.90 a_0 MONDian -> Newtonian-equivalent x_ext = 1.289, nu(x_ext) = 1.4736, so G_eff = 1.474 G and r_J is 1.1380 x the Newtonian value

  cluster     M [Msun]  r_J(Newton)  r_J(framework)  g_int(r_J)/a_0  EFE asymmetry
  Hyades           275         9.01           10.04          0.0056       7.95e-04
  Praesepe         500        11.00           12.25          0.0068       9.71e-04
  Coma Ber         112         6.68            7.44          0.0042       5.90e-04
  [PASS] 39a the framework's ONE first-principles prediction for these clusters is not the asymmetry at all: it is that the tidal radius is nu(x_ext)^(1/3) = 1.11 times the Newtonian one and the mass inferred from the tail geometry is nu(x_ext) = 1.36 times smaller, because at the tidal radius the cluster's own field is ~0.005 a_0 and the Galactic external field of 1.7 a_0 makes the whole cluster quasi-Newtonian with G_eff = nu(x_ext) G   (r_J ratio 1.1135 (canonical) / 1.1380 (alt); the internal field at r_J is 0.0056-0.0042 a_0, i.e. 300x below the external one)
  [PASS] 39b AGAINST INTEREST, and it is the decisive number in this item: the only way a STATIC external field can break the fore-aft symmetry of the two escape channels is through the gradient of nu across the cluster -- the external field is stronger at the inner Lagrange point than at the outer one -- and that comes out at 2e-4.  The observed asymmetries are 10-20%.  Whatever produces them, it is not the external-field effect computed statically, and this script therefore CANNOT credit an observed asymmetry to the framework   (the EFE-gradient asymmetry in G_eff between the two Lagrange points is 8.0e-04 (Hyades) to 9.7e-04 (Praesepe), against an observed count asymmetry of order 0.1-0.2 -- a factor of ~1000)

====================================================================================================================
ITEM 39, PART 2 -- measuring the asymmetry, with two nulls that bracket it
====================================================================================================================
  Hyades, PUBLISHED labels (Roeser+2019): leading 292, trailing 237 -> A = +0.104, +2.39 sigma (Poisson);  with the 51 flagged contaminants removed: 267 vs 211 -> A = +0.117, +2.56 sigma
  cross-validation: 99.7% of the 399 labelled tail stars outside 3 r_J are put in the same tail by 'leading = positive component along the direction of Galactic rotation'
  [PASS] 39c geometry cross-validation -- my purely geometric definition of leading and trailing must reproduce the published Hyades tail labels, or the same definition applied to the other clusters would be unchecked   (99.7% agreement on 399 labelled tail members outside 3 r_J)

  cluster / member list           N tail   lead  trail        A   Poisson  rand-dir  A(sky only)    s.v  med los
  Hyades (Roeser+19 tails)           399    230    169   +0.153     +3.05     +0.78       +0.153  -0.00    -14.9
  Hyades (Jerabkova+21)              374    264    110   +0.412     +7.96     +1.06       +0.412  -0.00     -9.6
  Praesepe (Roeser+19)               248    180     68   +0.452     +7.11     +1.13       +0.363  -0.36    -46.5
  Coma Ber (Tang+19)                  47     29     18   +0.234     +1.60     +0.80       +0.234  -0.07     -3.0

  NGC 752 and Ruprecht 147: no public tidal-tail member catalogue is indexed at VizieR under any of the searches
  tried this session, so 2 of the 5 clusters item 39 names CANNOT be run.  Recorded as missing data, not as a null.
  BUG FOUND AND FIXED IN THE MAKING: the first version of this script took each cluster's centre to be the MEDIAN
  of its own member list.  For a tails-only list (Jerabkova+21) that is not the cluster's position at all, and it
  inflated the Hyades asymmetry from +0.12 to +0.41.  The centres are now pinned to their published values.
  [PASS] 39d the leading tail carries more stars in every cluster and every member list measured -- the SIGN Kroupa et al. reported, reproduced here independently from the public catalogues.  That much is robust   (5/5 measurements have A > 0: Hyades +0.153, Hyades +0.412, Praesepe +0.452, Coma Ber +0.234, Hyades +0.117)
  [PASS] 39e AGAINST INTEREST -- and its significance is not.  Two nulls bracket it and they disagree by a factor of five: Poisson counting says up to 8 sigma, but splitting the SAME member lists along RANDOM directions -- which is what a lopsided convergent-point footprint would produce -- gives a scatter that leaves nothing above 1.2 sigma.  The truth is between them and cannot be pinned without each survey's selection function, which is precisely why the published claim is contested rather than settled   (Poisson significances +3.1, +8.0, +7.1, +1.6, +2.6; the same numbers against the random-direction null +0.78, +1.06, +1.13, +0.80)
  [PASS] 39f AGAINST INTEREST -- and the amplitude is not robust either.  Two independent member lists for the SAME cluster, the Hyades, give asymmetries a factor of three apart on the same estimator, the same centre and the same core cut.  Anyone quoting 'the' open-cluster tail asymmetry is quoting a membership algorithm as much as a cluster   (Hyades: Roeser+19 gives A = +0.153 on 399 tail stars, Jerabkova+21 gives A = +0.412 on 374, a factor 2.7 apart; the published Roeser labels themselves give +0.117)

  Praesepe, parallax S/N >    5: N =  258, A(3-D) = +0.395, A(sky-plane only, distance-independent) = +0.310
  Praesepe, parallax S/N >   20: N =  248, A(3-D) = +0.452, A(sky-plane only, distance-independent) = +0.363
  Praesepe, parallax S/N >   50: N =  199, A(3-D) = +0.568, A(sky-plane only, distance-independent) = +0.477
  Praesepe, core cut at 2 r_J =  24.5 pc: N =  331, A = +0.329
  Praesepe, core cut at 3 r_J =  36.8 pc: N =  248, A = +0.452
  Praesepe, core cut at 5 r_J =  61.3 pc: N =  163, A = +0.509
  [PASS] M39 mutation/decomposition: the asymmetry must survive being computed from the SKY-PLANE offsets alone, which are independent of the parallaxes.  If the two disagreed, the signal would be line-of-sight distance structure -- which for Praesepe is a live worry, since its tail members sit a median 44 pc nearer than the cluster and its line of sight has a 0.36 projection onto the orbital direction   (Praesepe: A(3-D) = +0.452 vs A(sky-plane only) = +0.363, difference +0.089; the Hyades' line of sight is nearly perpendicular to its orbit (s.v = -0.00) so it is immune to this)
  [PASS] M39b mutation: drawing the same number of Hyades tail members from a FAIR coin must reproduce the published asymmetry only rarely.  (The first version of this check permuted the labels, which cannot change a mean at all -- a broken mutation control, caught by its own failure)   (20000 fair-coin draws of 478 stars: 1.01% reach |A| = 0.117; mean |A| under the coin = 0.036)

  SUMMARY OF ITEM 39.  The sign is real and it is the one that was reported: in every cluster and every member list
  with public data the leading tail carries more stars.  Two things stop it being a result for the framework.
  First, neither the significance nor the amplitude is settled: Poisson counting and a random-direction null differ
  by a factor of five, and two independent member lists for the Hyades differ by a factor of three.  Second and
  decisive, the framework's own static external-field channel gives an asymmetry of 8e-4 where 0.1-0.2 is observed,
  a thousandfold shortfall, so even a clean detection could not be credited to the effect this script can compute.
  The published Milgromian claim rests on N-body models of the escape process; evaluating those is separate work.
  What the framework DOES predict here, cleanly and untested: the tidal radius is 11% larger and the mass read off
  the tail geometry 36% smaller than a Newtonian analysis of the same cluster gives.

RESULT: 8 checks, 0 FAIL   rc=0
