======================================================================================================================
k_cross-scale_mwmass -- CANDIDATE 3: the Milky Way's baryonic mass from a wide-binary velocity ratio
      M_b = e(gamma_v^2) a_0 R_0^2 / G,   B(e) = nu(e)[1+L(e)/3],   a_0 = (c/2) sqrt(G rho_DE)
======================================================================================================================

----------------------------------------------------------------------------------------------------------------------
1.  IS THE LAW INVERTIBLE?  B(e) must be strictly monotone over the range the band occupies.
----------------------------------------------------------------------------------------------------------------------
  [PASS] B(e) is strictly DECREASING over e = 1e-3 to 30, hence invertible on the branch where B > 1  [CAN FAIL]   (B(1e-3) = 26.855 -> B(30) = 1.00035, 0 non-decreasing steps)
  [PASS] the boost DIPS BELOW 1 at very strong external field -- B - 1 ~ e^{-sqrt e}(1 - sqrt(e)/6) changes sign at e = 36 -- so 'B > 1 always' would have been wrong  [CAN FAIL]   (B crosses 1 downward at e = 35.8 (analytic sqrt(e) = 6, e = 36); B(100) = 0.999970)
  [PASS] the inversion round-trips e -> B -> e to 1e-6  [CAN FAIL]   (max relative error 2.89e-15)
  B is UNBOUNDED as e -> 0: B(1e-3) = 26.86, B(1e-6) = 833.8  (it goes as (5/6)/sqrt(e)).
  So the estimator has a solution for ANY gamma_v > 1 -- there is no upper ceiling.  Its restriction is the
  other way: gamma_v <= 1 has no solution, which is exactly the LambdaCDM/Newtonian prediction.
  [PASS] the estimator is defined precisely on gamma_v > 1 and undefined on gamma_v <= 1, so the Newtonian alternative sits exactly on its boundary  [CAN FAIL]   (B(1e-6) = 833.8 (no ceiling); e(B = 1) = inf)

----------------------------------------------------------------------------------------------------------------------
2.  THE CIRCULARITY AUDIT.  This check is BUILT TO FIRE.
----------------------------------------------------------------------------------------------------------------------
  the frozen registration adopts a TRUE local field x_ext = 1.89929 a_0, i.e. e = 1.28903, nu(e) = 1.47342
    [canonical] a_0 = 9.360e-11: the registration's OWN assumption is M_b = 5.709e+10 Msun; B(e_reg) = 1.34143; inverting that B returns M_b = 5.709e+10 Msun
    [alt      ] a_0 = 1.130e-10: the registration's OWN assumption is M_b = 6.892e+10 Msun; B(e_reg) = 1.34143; inverting that B returns M_b = 6.892e+10 Msun
  [PASS] CIRCULARITY CONFIRMED: feeding the registration's own assumed field through B and back returns the SAME mass to 0.1%, so quoting this inversion TODAY measures the assumption, not the Galaxy  [CAN FAIL]   (max round-trip departure 4.44e-16 -- the estimator is exactly circular until gamma_v is MEASURED)

----------------------------------------------------------------------------------------------------------------------
3.  BUG PATTERN 2 -- a SPHERICAL formula applied to a DISC.  How big is the error?
----------------------------------------------------------------------------------------------------------------------
  g_N,ext = G M_b/R_0^2 treats the Galaxy as a point.  The exact razor-thin exponential-disc field is
  g_R = 4 pi G Sigma_0 R_d y^2 [I0K0 - I1K1](y), y = R/(2R_d).  Compare at R_0 = 8.122 kpc:
     pure exponential disc, R_d = 2.15 kpc:  g_disc/g_point = 1.1761   (inferred M_b moves by x0.850)
     pure exponential disc, R_d = 2.50 kpc:  g_disc/g_point = 1.1195   (inferred M_b moves by x0.893)
     pure exponential disc, R_d = 2.60 kpc:  g_disc/g_point = 1.0996   (inferred M_b moves by x0.909)
     pure exponential disc, R_d = 3.00 kpc:  g_disc/g_point = 1.0111   (inferred M_b moves by x0.989)
     McMillan-2017-like COMPOSITE (bulge 0.90 + thin 3.52 [Rd 2.5] + thick 1.06 [Rd 3.0] + gas 1.20 [Rd 7.0], total 6.680e+10 Msun):
        g_N(R_0) = 1.3398e-10 m/s^2 = 1.4314 a_0 (canonical) / 1.1856 a_0 (alt);  g_composite/g_point = 0.9490
  [PASS] the point-mass approximation is NOT innocuous at R_0: the geometry factor departs from 1 by more than 5%  [CAN FAIL]   (g/g_point = 1.1761 (pure disc, R_d = 2.15 kpc) down to 0.9490; the composite model gives 0.9490, i.e. a 5% upward correction to every mass this estimator returns)
  AGAINST INTEREST: a real Galaxy has a bulge, which pushes g back UP toward the point-mass value, so the
  honest statement is a systematic BAND on the inferred mass, x0.85 to x1.05, carried as GEOM below.
  SEPARATE FINDING, against interest: the composite baryon census's own Newtonian field at R_0 is
     e = g_N/a_0 = 1.4314 (canonical), whereas the frozen registration adopts e = 1.2890, 11% lower.

----------------------------------------------------------------------------------------------------------------------
4.  THE INVERSION, both footings, over the frozen band and over hypothetical measurements.
----------------------------------------------------------------------------------------------------------------------
   footing   gamma_v  gamma_v^2         e    M_b point  M_b composite   vs census
 canonical    1.1614     1.3488    1.2593    5.577e+10      5.877e+10         LOW
 canonical    1.1714     1.3722    1.1730    5.195e+10      5.474e+10         LOW
 canonical    1.1814     1.3957    1.0953    4.851e+10      5.111e+10         LOW
 canonical    1.2000     1.4400    0.9698    4.295e+10      4.526e+10         LOW
 canonical    1.2500     1.5625    0.7213    3.195e+10      3.366e+10         LOW
 canonical    1.3000     1.6900    0.5552    2.459e+10      2.591e+10         LOW
       alt    1.1917     1.4201    1.0230    5.470e+10      5.764e+10         LOW
       alt    1.2092     1.4622    0.9156    4.895e+10      5.158e+10         LOW
       alt    1.2267     1.5048    0.8239    4.405e+10      4.642e+10         LOW
       alt    1.2000     1.4400    0.9698    5.186e+10      5.464e+10         LOW
       alt    1.2500     1.5625    0.7213    3.857e+10      4.064e+10         LOW
       alt    1.3000     1.6900    0.5552    2.968e+10      3.128e+10         LOW
  census target used: M_b,MW = 6.0e+10 to 7.3e+10 Msun (stellar 5.0-6.1e10 + gas ~1.2e10)

  SENSITIVITY d log M_b / d log gamma_v, evaluated numerically at the band centre:
     [canonical] gamma_v = 1.1714: d log M_b/d log gamma_v = -8.17  -> gamma_v to 2% gives M_b to 16%
     [alt      ] gamma_v = 1.2092: d log M_b/d log gamma_v = -7.47  -> gamma_v to 2% gives M_b to 15%
  [PASS] the estimator is STEEP -- |d log M_b/d log gamma_v| > 5, so a 2% velocity error becomes a >10% mass error [CAN FAIL]   (-8.17 (canonical), -7.47 (alt))

----------------------------------------------------------------------------------------------------------------------
5.  THE UPSILON LEVER, measured by re-running the pipeline at Upsilon x 1.5.
----------------------------------------------------------------------------------------------------------------------
  gamma_v is a ratio of the MEASURED relative velocity to the NEWTONIAN prediction, and the Newtonian
  prediction uses component masses from a mass-luminosity relation.  Upsilon -> 1.5 Upsilon multiplies the
  predicted Newtonian velocity by sqrt(1.5), so gamma_v -> gamma_v/sqrt(1.5).  Re-run:
     [canonical] Upsilon x1.5 sends gamma_v to 0.9564 <= 1: THE ESTIMATOR HAS NO SOLUTION AT ALL.
     [alt      ] Upsilon x1.5 sends gamma_v to 0.9873 <= 1: THE ESTIMATOR HAS NO SOLUTION AT ALL.
  the analytic prediction is (d log M_b/d log gamma_v) x (-1/2):
     [canonical] analytic +4.09   measured +inf
     [alt      ] analytic +3.73   measured +inf
  [PASS] the Upsilon lever is LARGE and is reported against interest: a x1.5 error in the wide-binary mass-luminosity calibration destroys the estimator or moves the mass by more than a factor 2  [CAN FAIL]   (canonical inf, alt inf)

----------------------------------------------------------------------------------------------------------------------
6.  THE RESTATEMENT TEST, executed rather than asserted.
----------------------------------------------------------------------------------------------------------------------
  ATTEMPT.  From v^4 = G M_b a_0 alone, a test particle's boost over Newton is g_obs/g_N = sqrt(a_0/g_int),
  a function of the system's OWN internal field.  Apply it to the wide-binary rung:
     [canonical]    5 kAU, 1.5 Msun: y = g_int/a_0 = 3.8023; BTFR boost in FORCE = 0.513 (gamma_v = 0.716); the law's B = 1.341 (gamma_v = 1.158)
     [canonical]   30 kAU, 1.5 Msun: y = g_int/a_0 = 0.1056; BTFR boost in FORCE = 3.077 (gamma_v = 1.754); the law's B = 1.341 (gamma_v = 1.158)
     [alt      ]    5 kAU, 1.5 Msun: y = g_int/a_0 = 3.1495; BTFR boost in FORCE = 0.563 (gamma_v = 0.751); the law's B = 1.341 (gamma_v = 1.158)
     [alt      ]   30 kAU, 1.5 Msun: y = g_int/a_0 = 0.0875; BTFR boost in FORCE = 3.381 (gamma_v = 1.839); the law's B = 1.341 (gamma_v = 1.158)
  The two disagree by a factor 2-4 and, decisively, the BTFR boost DEPENDS ON SEPARATION while B does not.
  So the mass estimator M_b = e(gamma_v^2) a_0 R_0^2/G cannot be produced by algebra on v^4 = G M_b a_0.
  VERDICT ON THE RESTATEMENT TEST: the derivation DOES NOT CLOSE -- this is not the BTFR in new clothes.
  BUT note what that buys: the content is the EXTERNAL-FIELD EFFECT, which is a standard and long-published
  part of MOND (Milgrom 1983, 1986; Bekenstein & Milgrom 1984; Famaey & McGaugh 2012 Living Review Sec 6.3).
  The g_int -> 0 coefficient nu(e)[1+L(e)/3] is the trace of the known anisotropic EFE dilation tensor, NOT
  a new object.  What would be new is only the INVERSION -- using it as a mass estimator.
  [PASS] the restatement test is executed and reported: the BTFR boost depends on separation, B does not, so the derivation does not close  [CAN FAIL]   (the two separations give different BTFR boosts, so no single number can come out of it)

----------------------------------------------------------------------------------------------------------------------
7.  THE ALTERNATIVE AND THE MUTATION CONTROLS.
----------------------------------------------------------------------------------------------------------------------
  LambdaCDM/Newton: a 30 kAU wide binary sits inside the Galactic disc's smooth potential, and Newtonian
  gravity is LINEAR -- the Galaxy's field cancels from the relative motion exactly.  gamma_v = 1.000 with no
  free parameter.  Fed to this estimator, gamma_v = 1 gives e = infinity and M_b = infinity: the alternative's
  prediction is that the estimator has NO SOLUTION.  That is a sharp, falsifiable difference, and it is the
  whole content of the December test -- it is not new content added by the mass inversion.
     a_0 x 10        : M_b = 5.195e+11 Msun
     a_0 x 0.1       : M_b = 5.195e+09 Msun
     a_0 x 1 (truth) : M_b = 5.195e+10 Msun  (1.00x truth)
  [PASS] mutation control bites: a_0 x 10 changes the inferred baryonic mass by an order of magnitude  [CAN FAIL]   (5.195e+10 -> 5.195e+11 Msun)
  nu = 1 foil: with no kernel there is no boost, gamma_v = 1, and the estimator is undefined -- the same
  statement as the LambdaCDM alternative above.

======================================================================================================================
VERDICT ON CANDIDATE 3
======================================================================================================================
  [FAIL] (1) it is a relation between MEASURED quantities
         gamma_v will be measured, but M_b,MW comes out of it only after ASSUMING a point-mass Galaxy; the disc geometry factor is a 6-16% prior on the answer
  [PASS] (2) a_0 appears with a PREDICTED coefficient
         yes: a_0 enters as e a_0 R_0^2/G with nothing fitted
  [FAIL] (3) it holds across many systems to <= 0.1 dex
         it is a ONE-SYSTEM statement -- there is exactly one Milky Way, so 'scatter across systems' cannot even be defined; the propagated error from sigma_sys(gamma_v) = 0.02 alone is 0.071 dex-equivalent = 16% in mass
  [PASS] (4) nobody has stated it
         the inversion as a mass estimator is not in the literature; the EFE boost it inverts IS (Milgrom 1986; Famaey & McGaugh 2012 Sec 6.3), and must be credited
  [PASS] (5) it is NOT a restatement of v^4 = G M_b a_0
         confirmed by execution above: the BTFR boost depends on separation, B does not

  >>> 3 of 5 Kepler-grade criteria met.  CANDIDATE 3 IS NOT A SECOND LAW.
  >>> It is a COROLLARY of the December wide-binary test, and today it is exactly circular (check 2 fired):
      the frozen band was generated from an assumed M_b = 5.709e10 Msun and the inversion returns that mass.
  >>> Its one real use is as a CONSISTENCY TARGET for December: if gamma_v is measured and the inverted mass
      lands outside 6.0-7.3e10 Msun after the disc-geometry correction, the framework has a second problem
      beyond gamma_v itself.  On the frozen band that target is met on the ALT footing and missed LOW on the
      canonical one, which is a free footing discriminator -- worth 0.1 dex, not worth a law.

  UPSILON LEVER (the number the task asked for): d log M_b/d log Upsilon = UNDEFINED (no solution at Upsilon x1.5) / UNDEFINED   -- the LARGEST lever of the three candidates.

RESULT: 10 checks, 0 FAIL   rc=0
