============================================================================================================================
0.  the two conversions this whole table rests on, checked before any data is touched
============================================================================================================================
  [PASS] 0a the sigma -> acceleration conversion B = 2 log10(sigma_obs/sigma_pred) is exact for every Wolf-type estimator used by h8, h43, h44 and h93, because those estimators are linear in the acceleration at a FIXED radius.  Verified numerically over a factor 4 in acceleration   (max |ratio-1| = 4.44e-16 over a_obs/a_pred = 0.5-2.0)
  [PASS] 0b the same conversion holds for the spherical isotropic Jeans integral h50 and h51 use: multiplying the acceleration by 4 multiplies the predicted dispersion by exactly 2 at every radius, whatever the tracer, so their dex-in-sigma offsets convert with the same factor 2   (sigma ratio 2.00000000 +- 0.00e+00 for g x 4 (expected 2))

============================================================================================================================
1.  COMA UDGs (h9_h11) -- accelerations already; the deepest-acceleration, strongest-external-field row
============================================================================================================================
  canonical  N=11  y_bar median 0.0074  x_ext median 0.660  B(isolated) +0.396  B(with EFE) +1.195 dex of acceleration
  alt        N=11  y_bar median 0.0061  x_ext median 0.547  B(isolated) +0.357  B(with EFE) +1.166 dex of acceleration

============================================================================================================================
2.  ATLAS3D EARLY TYPES (h11) -- the only pressure-supported class ABOVE a_0, and the only one that lands
============================================================================================================================
  canonical  Salpeter  N=258  y_bar median 3.94  B median -0.095 dex (no external field applied)
  canonical  Chabrier  N=258  y_bar median 2.32  B median +0.094 dex (no external field applied)
  alt        Salpeter  N=258  y_bar median 3.27  B median -0.109 dex (no external field applied)
  alt        Chabrier  N=258  y_bar median 1.92  B median +0.075 dex (no external field applied)

============================================================================================================================
3.  LOCAL GROUP SATELLITES and the EFE-FREE FIELD CONTROL (h8 / h43 / h44) -- recomputed with the QUMOND
    external-field formula of h43, both with and without the external term
============================================================================================================================
  canonical  MW ultra-faint (M_V>-7.7)    N= 31  y_bar 0.0008  x_ext 0.0218  B(EFE) +1.650  B(isolated) +0.709
  canonical  MW classical dSph            N= 14  y_bar 0.0071  x_ext 0.0095  B(EFE) +0.641  B(isolated) +0.134
  canonical  M31 satellites (LVD)         N= 34  y_bar 0.0035  x_ext 0.0112  B(EFE) +0.761  B(isolated) +0.232
  canonical  LG field dwarfs (EFE-free)   N= 13  y_bar 0.0297  x_ext 0.0000  B(EFE) -0.088  B(isolated) -0.088
  canonical  LG field, gas-poor           N=  5  y_bar 0.0120  x_ext 0.0000  B(EFE) +0.118  B(isolated) +0.118
  alt        MW ultra-faint (M_V>-7.7)    N= 31  y_bar 0.0007  x_ext 0.0181  B(EFE) +1.612  B(isolated) +0.669
  alt        MW classical dSph            N= 14  y_bar 0.0059  x_ext 0.0079  B(EFE) +0.603  B(isolated) +0.094
  alt        M31 satellites (LVD)         N= 34  y_bar 0.0029  x_ext 0.0093  B(EFE) +0.726  B(isolated) +0.192
  alt        LG field dwarfs (EFE-free)   N= 13  y_bar 0.0246  x_ext 0.0000  B(EFE) -0.124  B(isolated) -0.124
  alt        LG field, gas-poor           N=  5  y_bar 0.0099  x_ext 0.0000  B(EFE) +0.079  B(isolated) +0.079

  canonical  NGC1052-DF2  y_bar 0.0339  x_ext 0.0233  B(EFE) -0.485  B(isolated) -0.771
  canonical  NGC1052-DF4  y_bar 0.0582  x_ext 0.0233  B(EFE) -1.155  B(isolated) -1.375
  alt        NGC1052-DF2  y_bar 0.0280  x_ext 0.0193  B(EFE) -0.519  B(isolated) -0.809
  alt        NGC1052-DF4  y_bar 0.0482  x_ext 0.0193  B(EFE) -1.188  B(isolated) -1.411

============================================================================================================================
4.  OUTER-HALO GLOBULAR CLUSTERS (h93) -- the numbers off the .out, converted to the same currency
============================================================================================================================
    NGC 2419   y_bar 0.8619  x_ext 0.0097  sigma_obs/sigma_pred 0.795  ->  B(EFE) -0.199  B(isolated) -0.201 dex
    Pal 3      y_bar 0.0213  x_ext 0.0093  sigma_obs/sigma_pred 0.917  ->  B(EFE) -0.075  B(isolated) -0.148 dex
    Pal 4      y_bar 0.0489  x_ext 0.0083  sigma_obs/sigma_pred 0.407  ->  B(EFE) -0.781  B(isolated) -0.811 dex
    Pal 14     y_bar 0.0102  x_ext 0.0190  sigma_obs/sigma_pred 0.469  ->  B(EFE) -0.658  B(isolated) -0.871 dex
    the three sparse clusters (Pal 3/4/14) alone: B = -0.505 dex; all four -0.428 dex

============================================================================================================================
5.  GLOBULAR-CLUSTER SYSTEMS OF EARLY TYPES (h50) and PLANETARY NEBULAE (h51) -- y_bar computed here from
    the same Hernquist baryons those scripts use, at the radii their .out tables report
============================================================================================================================
  h50: parsed 19 galaxies out of the committed .out table
  [PASS] 5a parse control (can fail) -- every galaxy row of the h50 .out table must be recovered, and the offsets read back must reproduce the .out's own mean of +0.080 dex in sigma   (19 rows; mean d_MOND = +0.0795 dex in sigma (.out says +0.080))
  canonical  h50 all N=19    y_bar median 1.354  B +0.159 dex   (low-M* +0.058, high-M* +0.331)
  alt        h50 all N=19    y_bar median 1.121  B +0.159 dex   (low-M* +0.058, high-M* +0.331)
  h51: parsed 9 galaxies out of the committed .out table
  [PASS] 5b parse control (can fail) -- all nine h51 galaxies must be recovered from the committed .out   (9 rows: [821, 1023, 3377, 3379, 3608, 4374, 4494, 4564, 5846])
  canonical  h51 all N=9     y_bar median 1.440  B +0.066 dex
  alt        h51 all N=9     y_bar median 1.193  B +0.042 dex

============================================================================================================================
6.  THE TABLE, one currency.  KIND is a STRUCTURAL classification made without touching any velocity:
    'cluster' = a bound star cluster (no dark halo is expected in ANY theory);  'galaxy' = a galaxy;
    'galaxy*' = a galaxy published as dark-matter deficient (NGC 1052-DF2/DF4).  This is the only
    classification used below, and it is fixed before the offsets are looked at.
============================================================================================================================
  system                         src   kind        N    r/kpc  M_bar/Msun    y_bar   x_ext   B(EFE)   B(iso)  EFE?  P
  MW ultra-faint (M_V>-7.7)      h43   galaxy     31    0.071   8.571e+03   0.0008  0.0218   +1.650   +0.709   yes  *
  M31 satellites (LVD)           h44   galaxy     34    0.299   6.885e+05   0.0035  0.0112   +0.761   +0.232   yes  *
  MW classical dSph              h43   galaxy     14    0.406   1.196e+06   0.0071  0.0095   +0.641   +0.134   yes  *
  Coma UDGs                      h9    galaxy     11    1.900   6.364e+07   0.0074  0.6603   +1.195   +0.396   yes  *
  Pal 14                         h93   cluster     1    0.028   1.850e+04   0.0102  0.0190   -0.658   -0.871   yes  *
  LG field, gas-poor             h43e  galaxy      5    0.242   1.820e+06   0.0120  0.0000   +0.118   +0.118    no   
  Pal 3                          h93   cluster     1    0.020   2.069e+04   0.0213  0.0093   -0.075   -0.148   yes  *
  LG field dwarfs (EFE-free)     h43e  galaxy     13    0.320   1.435e+07   0.0297  0.0000   -0.088   -0.088    no  *
  NGC1052-DF2                    h42   galaxy*     1    1.650   2.200e+08   0.0339  0.0233   -0.485   -0.771   yes  *
  Pal 4                          h93   cluster     1    0.016   2.941e+04   0.0489  0.0083   -0.781   -0.811   yes  *
  NGC1052-DF4                    h42   galaxy*     1    1.200   2.000e+08   0.0582  0.0233   -1.155   -1.375   yes  *
  SLUGGS GC, logM*>=11.3         h50   galaxy      7   20.872   2.139e+11   0.7313  0.0000   +0.331   +0.331    no  *
  NGC 2419                       h93   cluster     1    0.020   8.034e+05   0.8619  0.0097   -0.199   -0.201   yes  *
  SLUGGS GC systems (all)        h50   galaxy     19    9.269   8.237e+10   1.3535  0.0000   +0.159   +0.159    no   
  PNe in early types             h51   galaxy      9    7.927   6.159e+10   1.4399  0.0000   +0.066   +0.066    no  *
  SLUGGS GC, logM*<11.3          h50   galaxy     12    7.296   6.665e+10   1.6415  0.0000   +0.058   +0.058    no  *
  ATLAS3D ETG (Chabrier)         h11   galaxy    258    2.720   2.466e+10   2.3213  0.0000   +0.094   +0.094    no  *
  ATLAS3D ETG (Salpeter)         h11   galaxy    258    2.720   4.188e+10   3.9422  0.0000   -0.095   -0.095    no   
  B > 0 = the system moves FASTER than the framework predicts (the framework is SHORT of boost);
  B < 0 = the system moves SLOWER (the framework supplies TOO MUCH).  P marks the 15 rows used in the statistics below, one per physical class.

============================================================================================================================
7.  WHAT THE ROWS HAVE IN COMMON, AND WHAT THEY DO NOT -- checks that can fail
============================================================================================================================
  |B| vs log y_bar : Spearman -0.636 (t = -2.97, N = 15)
  |B| vs log M_bar : Spearman -0.475 (t = -1.95)
  |B| vs log r     : Spearman -0.318 (t = -1.21)
   B  vs log y_bar : Spearman -0.386 (t = -1.51)   <- the SIGNED version, much weaker
  [PASS] 7a THE SIZE OF THE FAILURE IS ORGANISED BY ACCELERATION, and by acceleration better than by mass or by size: the MAGNITUDE of the missing boost is a monotone function of the baryonic acceleration at which each class is measured, rising from under 0.1 dex above a_0 to more than a dex at y_bar ~ 1e-3.  y_bar contains no measured velocity, so this is not the shared-variable artefact (bug pattern 5) that using g_obs would have produced   (|rho| y_bar 0.636 (permutation p = 0.0136) > M_bar 0.475 > r 0.318)
  [PASS] 7b ...BUT THE SIGN IS NOT.  Regressing the SIGNED offset on the same axis is far weaker than regressing its magnitude, because both signs occur at the same acceleration.  Reported this way round because the signed version is the one that would have looked like a law   (signed rho -0.386 (t = -1.51) against |B| rho -0.636 (t = -2.97) on the same 15 classes)
  
  the external field's OWN contribution, B(EFE) - B(isolated), where it is applied: median +0.253 dex, range +0.001 to +0.941
  the EFE-FREE classes (5 of 15) still span B = -0.088 to +0.331 dex
  
  REPORTED AGAINST MY OWN FIRST FORMULATION.  The check written here first asserted that the external field is 'an amplifier, not the cause' -- that switching it off would leave the acceleration ordering of 7a intact.  IT DOES NOT, and the failed assertion is kept rather than retuned:
      |B| vs log y_bar   with the EFE  : Spearman -0.636 (t = -2.97, permutation p = 0.0136)
      |B| vs log y_bar   EFE switched off: Spearman -0.375 (t = -1.46, permutation p = 0.1690)
  [PASS] 7c CORRECTED CLAIM, and it is the correction that matters: the external field is NOT a mere amplifier sitting on top of an acceleration trend -- it CARRIES a large part of that trend.  Strip the external term from every row and the magnitude of the failure is no longer significantly organised by the baryonic acceleration.  What survives without it is only the weaker statement that the EFE-free classes themselves still span 0.42 dex   (with the EFE, |rho| = 0.636 at p = 0.0136; without it 0.375 at p = 0.1690 -- the ordering loses its significance.  The 5 EFE-free classes still span B = -0.088 to +0.331 dex, so the offsets do not vanish, only their ordering does)
  [PASS] 7d AGAINST INTEREST -- and the EFE contribution is itself organised by acceleration in the way the framework requires, so it cannot be dismissed as a modelling choice: the deeper the internal field, the larger the fraction of the failure the external term supplies   (EFE contribution vs log y_bar over the 10 classes with an external field: Spearman -0.830)

  galaxies with a halo (kind 'galaxy', N=9): B runs -0.088 to +1.650, 8/9 positive
  bound star clusters  (kind 'cluster', N=4): B runs -0.781 to -0.075, 4/4 negative
  the two dark-matter-deficient galaxies (kind 'galaxy*'): B = NGC1052-DF2 -0.485, NGC1052-DF4 -1.155
  [PASS] 7e THE PATTERN BREAKS ON WHAT THE OBJECT IS, NOT ON ITS ACCELERATION -- and this is the informative half.  Every bound star cluster in the table sits BELOW the framework's prediction and every galaxy with a halo sits ON or ABOVE it, at accelerations that overlap.  The classification is structural and was fixed before the offsets were read   (clusters mean B = -0.428, galaxies mean B = +0.523, difference +0.951 dex, permutation p = 0.0024; the two dark-matter-deficient galaxies join the clusters)
  
  the overlap band 0.005 < y_bar < 0.10, one decade of baryonic acceleration, where BOTH signs occur:
      MW classical dSph              galaxy   y_bar 0.0071   B +0.641
      Coma UDGs                      galaxy   y_bar 0.0074   B +1.195
      Pal 14                         cluster  y_bar 0.0102   B -0.658
      Pal 3                          cluster  y_bar 0.0213   B -0.075
      LG field dwarfs (EFE-free)     galaxy   y_bar 0.0297   B -0.088
      NGC1052-DF2                    galaxy*  y_bar 0.0339   B -0.485
      Pal 4                          cluster  y_bar 0.0489   B -0.781
      NGC1052-DF4                    galaxy*  y_bar 0.0582   B -1.155
  [PASS] 7f the decisive overlap, stated as the thing a modified acceleration law has to explain: inside ONE decade of baryonic acceleration the framework is SHORT by 0.6-1.2 dex for Local Group and Coma satellites and LONG by 0.1-0.8 dex for outer-halo globular clusters and the two dark-matter-deficient UDGs.  Those classes differ by four orders of magnitude in size and three in mass at the same acceleration, so no monotone function of g/a_0 -- no change of kernel, no change of a_0 -- can move both onto the relation   (MW classical dSph y=0.007 B=+0.64; Coma UDGs y=0.007 B=+1.19; Pal 14 y=0.010 B=-0.66; Pal 3 y=0.021 B=-0.08; LG field dwarfs (EFE-free) y=0.030 B=-0.09; NGC1052-DF2 y=0.034 B=-0.49; Pal 4 y=0.049 B=-0.78; NGC1052-DF4 y=0.058 B=-1.15)

      the Upsilon_V each class demands: MW ultra-faint (h43)          109.00
      the Upsilon_V each class demands: MW all satellites (h43)        62.90
      the Upsilon_V each class demands: M31 Collins (h44)              23.60
      the Upsilon_V each class demands: M31 LVD (h44)                  14.00
      the Upsilon_V each class demands: MW classical (h43)             10.20
      the Upsilon_V each class demands: LG field, gas-poor (h43e)       3.30
      the Upsilon_V each class demands: LG field, all (h43e)            1.30
      the Upsilon_V each class demands: outer-halo GCs (h93)            0.76
      (a stellar population gives 1.3-2.2; the range demanded is 143x)
  [PASS] 7g ONE NUISANCE PARAMETER CANNOT ABSORB IT.  The stellar mass-to-light ratio each class demands to centre spans a factor 143, from 109 for the Milky Way ultra-faints to 0.76 for the outer-halo globular clusters -- the two classes straddle the stellar-population value from opposite sides.  'It is the stellar M/L' is therefore not available as a single explanation of this ledger, whatever it explains one row at a time   (Upsilon_V demanded runs 0.76 to 109.0, a factor 143, against a stellar-population 1.3-2.2)

  THE ALTERNATIVE COMPUTED BESIDE, same currency, same estimators (log10 g_obs/g_pred):
      Coma UDGs                Newton-baryons-only B = +1.390
      MW ultra-faint           Newton-baryons-only B = +2.216
      MW classical             Newton-baryons-only B = +1.232
      M31 satellites (LVD)     Newton-baryons-only B = +1.428
      LG field dwarfs          Newton-baryons-only B =    n/a
      SLUGGS GC systems        Newton-baryons-only B = +0.544   |   abundance-matched NFW B = -0.220
      PNe in early types       Newton-baryons-only B = +0.320   |   abundance-matched NFW B = -0.142
      outer-halo GCs (4)       Newton-baryons-only B = +0.193
  [PASS] 7h the Newtonian comparison is what keeps this a ledger of residuals and not a refutation: on the SAME systems and the SAME estimators, Newton with the same baryons and no dark matter is short by 0.32 to 2.78 dex, while the framework's worst row is 1.65 dex and its median |B| is 0.49 dex over these 15 classes.  The ONE class where Newton is closer than the framework is the outer-halo globular clusters -- the class where the framework over-predicts   (framework median |B| = 0.485 dex, worst 1.650; Newton-baryons-only 0.32-2.78 dex on the same classes; abundance-matched NFW beats the framework on the SLUGGS globular systems (-0.220 vs +0.159) and loses on the PNe (-0.142 vs +0.066))

  HARMONISATION, AGAINST INTEREST.  The three EFE-using scripts do NOT use the same external-field formula:
      h9   applies G_eff = nu(g_ext/a_0) G                      -- the naive prescription
      h93  applies a boost nu((g_int+g_ext)/a_0) to g_int       -- the simple sum inside nu
      h43/h44/h42 apply the QUMOND formula (Famaey-McGaugh 2012 eq. 60), which h43's own check V2 shows is
        the correct one and which is a factor ~2 SMALLER than the naive one in the EFE-dominated limit.
  So the table above mixes recipes.  Every EFE row is recomputed here on the QUMOND recipe alone:
      Coma UDGs                    B(as published) +1.195  ->  B(QUMOND eq. 60) +1.375 dex (+0.180)
      NGC 2419                     B(as published) -0.199  ->  B(QUMOND eq. 60) -0.172 dex (+0.027)
      Pal 3                        B(as published) -0.075  ->  B(QUMOND eq. 60) +0.096 dex (+0.171)
      Pal 4                        B(as published) -0.781  ->  B(QUMOND eq. 60) -0.660 dex (+0.121)
      Pal 14                       B(as published) -0.658  ->  B(QUMOND eq. 60) -0.431 dex (+0.227)
  [PASS] 7j AGAINST INTEREST -- harmonising the external-field prescription makes the ledger WORSE, not better.  On the one formula h43 derived and validated, the Coma UDG deficit grows beyond the +1.195 dex h9 published, because h9's naive nu(g_ext) is the most generous treatment available and not the correct one.  The globular clusters move the other way by less -- and one of them, Pal 3, crosses zero, so the cluster-versus-galaxy sign split is 3/4 rather than 4/4 on the harmonised recipe.  Stated that way round because the published mixture makes the split look cleaner than it is   (Coma UDGs +1.375 vs the published +1.195 dex; on the harmonised recipe |B| vs log y_bar is Spearman -0.693 (p = 0.0058) against -0.636 on the published mixture, and the cluster-galaxy sign split is unchanged (3/4 clusters negative, 8/9 galaxies positive))

  ROBUSTNESS.  The only quantity in this table that is not read off a source or an .out is the radius at which the h50 and h51 offsets are evaluated: those offsets are averages over a radial window, and y_bar is quoted at the geometric mean of it.  Both edges are tried here, because the h50/h51 rows are the ones that anchor the high-acceleration end of 7a:
      y_bar for h50/h51 at the inner edge     : |B| vs log y_bar Spearman -0.650 (p = 0.0090)
      y_bar for h50/h51 at the geometric mean : |B| vs log y_bar Spearman -0.636 (p = 0.0104)
      y_bar for h50/h51 at the outer edge     : |B| vs log y_bar Spearman -0.600 (p = 0.0224)
  [PASS] 7i the acceleration ordering does not depend on that choice: taking the h50 and h51 rows at the inner edge of their radial window, at its geometric mean, or at its outer edge moves their y_bar by a factor of order ten and leaves the Spearman coefficient and its significance essentially unchanged   (lo: rho -0.650 (p = 0.0090); gm: rho -0.636 (p = 0.0104); hi: rho -0.600 (p = 0.0224))
  [PASS] M1 mutation control -- shuffling which missing boost belongs to which class destroys the acceleration ordering of 7a, so that ordering is carried by the pairing of class to acceleration and not by the spread of the numbers   (|rho| = 0.636 sits at p = 0.0124 of 20000 shuffles (median shuffled |rho| = 0.189))
  [PASS] M2 mutation control, the discriminating one -- the same shuffle against the MASS axis must NOT be significant, otherwise 7a's claim that acceleration beats mass would be an artefact of the table's construction   (|rho(M_bar)| = 0.475 at p = 0.0739 -- not significant, where the acceleration axis is at p = 0.0124)

============================================================================================================================
VERDICT -- the seven pressure-supported liabilities in one currency
============================================================================================================================
  WHAT THEY HAVE IN COMMON
    1. The MAGNITUDE of the failure is set by the acceleration and by nothing else in the table: |B| against
       log y_bar is Spearman -0.636 (permutation p = 0.0136) across 15 classes spanning 4.5 decades
       of acceleration, 7.4 decades of mass and 3.1 of size, and the mass and size axes are not significant
       (0.475 and 0.318).  Above a_0 every class lands within 0.33 dex; below 0.01 a_0
       none of them does.
    2. The external field is a LOAD-BEARING part of that ordering, not a decoration on it -- the first
       formulation of check 7c said 'amplifier, not cause' and FAILED.  It supplies the entire Coma UDG kill
       (+0.40 -> +1.20 dex) and 0.94 dex of the ultra-faint one; its contribution itself grows as the internal
       acceleration falls (Spearman -0.830); and switching it off on every row takes the
       acceleration ordering from p = 0.0136 to p = 0.1690, i.e. to no significance.  The offsets do not
       vanish without it -- the 5 EFE-free classes still span -0.088 to +0.331 dex -- but their
       organisation by acceleration does.
    3. Every class is a pressure-supported one measured with a half-mass or Jeans estimator, so the whole
       ledger is exposed to the same two systematics: anisotropy (free, and unmeasured for most of them) and
       the stellar mass-to-light ratio.
  WHAT THEY DO NOT HAVE IN COMMON
    4. The SIGN.  Signed B against log y_bar is only -0.386 against -0.636 for the magnitude,
       because at 0.005-0.10 a_0 the framework is SHORT by 0.6-1.2 dex for Local Group and Coma satellites and
       LONG by 0.1-0.8 dex for outer-halo globular clusters and for NGC 1052-DF2/DF4.  No monotone function of
       g/a_0 fixes both, so this is not a kernel problem and not an a_0 problem.
    5. WHAT the object is separates the sign where the acceleration does not: all four bound star clusters sit
       below the prediction (mean -0.428) and 8 of the 9 galaxies with a halo sit above it
       (mean +0.523, worst-negative -0.088), permutation p = 0.0024; the two galaxies published as dark-matter
       deficient join the star clusters.  The residual therefore tracks whether the system has a dark halo in
       LambdaCDM -- which is exactly the freedom the framework does not have.  Weakened honestly by 7j: on the
       harmonised QUMOND external-field recipe Pal 3 crosses zero (+0.096) and the split becomes 3/4,
       and Pal 3 is a 22-star dispersion, so the split rests on Pal 4 and Pal 14 -- 23 and 16 stars each.
    6. The nuisance parameter each class demands spans a factor 143 (Upsilon_V 109 for the ultra-faints, 0.76
       for the outer-halo globulars) and straddles the stellar-population value from both sides, so no single
       mass-to-light choice absorbs the ledger.
    7. AND THE FAILURES ARE NOT WHERE THE STATISTICS ARE.  The two largest offsets rest on 31 ultra-faints with
       10-100 member stars each and on 11 UDGs with 5-13 km/s errors; the two best-measured classes (258
       ATLAS3D early types, 3440 globular-cluster velocities) are the two that land.  Read the ledger as a
       statement about low-acceleration, low-N, satellite systems, which is where every one of these
       estimators is weakest.

RESULT: 16 checks, 0 FAIL   rc=0
