CFG217 -- the attack on CFG216: does RC100's "the rival's z-dependence is not in the data" survive gas-prior, pressure and selection
systematics?  Frozen criteria: FROZEN_CRITERIA.md here (0c2aa7da9 + addendum 04a8a927f), committed before any number.
kappa = 1/2 FITTED, NOT DERIVED.  The aim is to break CFG216's result.  Author decompositions, not a direct a0 measurement.
  RC100: 100 galaxies; z 0.61-2.52 (median 1.53)
  RC41 galaxies found in RC100 by name: 38

======================================================================================================================
CONTROLS
======================================================================================================================
  [PASS] C1 a synthetic galaxy placed exactly on each law returns delta = 0
         max 0.0e+00
  [PASS] C2 the baseline slopes, CIs, sigmas and medians reproduce CFG216's committed values to 1e-9
         max |difference| 2.8e-17

======================================================================================================================
G1 -- the gas prior and its z-dependence
======================================================================================================================
  C-recon: reconstructed log M* - SED log M* for the 38 RC41 overlaps: median -0.017, median |diff| 0.229 dex, range [-0.73, +0.55]
  [FAIL] (reported) C-recon (reported) the reconstruction of M* from M_bar under the Tacconi+18 scaling: median |Delta log M*| <= 0.15 dex
         0.229 dex -> REJECTED: G1 runs on the RC41 overlap only, with actual M* and M_gas
  G1 sample: the RC41 overlap only (n = 38), with the actual M* and M_gas
  V0 baseline                        flat: slope +0.005 [-0.057, +0.066] (z: flat-true +0.2, rival-true -1.9); rival: slope -0.056 [-0.123, +0.014] (z: flat-true -0.1, rival-true -1.6)
  V1 gas fraction fixed with z (mu_T18 at z = 1.5) flat: slope +0.096 [+0.009, +0.195] (z: flat-true +2.0, rival-true +0.6); rival: slope +0.033 [-0.056, +0.135] (z: flat-true +1.9, rival-true +0.7)
  V2 0.5 mu                          flat: slope +0.032 [-0.043, +0.109] (z: flat-true +0.8, rival-true -0.9); rival: slope -0.033 [-0.112, +0.045] (z: flat-true +0.5, rival-true -0.8)
  V3 2 mu                            flat: slope -0.030 [-0.089, +0.027] (z: flat-true -1.0, rival-true -3.2); rival: slope -0.075 [-0.135, -0.015] (z: flat-true -0.7, rival-true -2.4)
  V4 0.18 mu (alpha_CO 0.8)          flat: slope +0.056 [-0.017, +0.154] (z: flat-true +1.3, rival-true -0.3); rival: slope -0.000 [-0.086, +0.080] (z: flat-true +1.3, rival-true -0.0)
  V5 1.49 mu (alpha_CO 6.5)          flat: slope -0.011 [-0.071, +0.046] (z: flat-true -0.4, rival-true -2.6); rival: slope -0.063 [-0.126, +0.001] (z: flat-true -0.3, rival-true -1.9)

  the median baryon-mass factor (1 + mu')/(1 + mu) in the low-z / high-z halves: V0 1.00 / 1.00; V1 1.07 / 0.78; V2 0.80 / 0.72; V3 1.40 / 1.56; V4 0.67 / 0.54; V5 1.19 / 1.28
  the rival's deficit survives (CI upper < 0 and z >= 3 from 0): V0 NO; V1 NO; V2 NO; V3 NO; V4 NO; V5 NO

======================================================================================================================
G2 -- is f_DM prior-driven?  (RC41 overlap, actual SED + gas)
======================================================================================================================
  Delta_prior = log M_bar,fit - log(M* + M_gas): median -0.100 dex (n = 38); Spearman rho(delta_flat, Delta_prior) = +0.28 (p = 0.093)
  Theil-Sen slope of delta_flat on Delta_prior +0.128; z-slope of delta_flat after removing it: +0.009 [-0.044, +0.075] (n = 38)
  -> prior-driven (|rho| >= 0.3 and p < 0.05): no

======================================================================================================================
G3 -- the pressure term (V_c'^2 = V_c^2 - (3.36 - alpha) sigma0^2; g_bar fixed)
======================================================================================================================
  alpha = 3.36 (n = 100)             flat: slope -0.029 [-0.071, +0.002] (z: flat-true -1.6, rival-true -5.5); rival: slope -0.092 [-0.128, -0.055] (z: flat-true -1.7, rival-true -4.9)
  alpha = 1.68 (n = 100)             flat: slope -0.067 [-0.112, -0.028] (z: flat-true -3.2, rival-true -7.0); rival: slope -0.124 [-0.163, -0.083] (z: flat-true -2.9, rival-true -6.1)
  alpha = 0.0: 2 galaxies have V_c'^2 <= 0 (the fit's pressure term exceeds V_c^2) and are excluded from this variant
  alpha = 0.0 (n = 98)               flat: slope -0.098 [-0.140, -0.053] (z: flat-true -4.4, rival-true -8.0); rival: slope -0.149 [-0.194, -0.106] (z: flat-true -3.5, rival-true -6.4)
  the rival's deficit survives: alpha 3.36: YES; alpha 1.68: YES; alpha 0.0: YES

======================================================================================================================
G4 -- the negative flat slope in the non-RC41 galaxies (n = 62)
======================================================================================================================
  (reconstruction rejected: the non-RC41 galaxies have no actual M* and gas, so G4's gas variants cannot be formed)
  pressure alpha = 1.68                            delta_flat slope -0.093 [-0.147, -0.049]
  (pressure alpha = 0.0: 1 non-RC41 galaxies with g_obs <= 0 excluded)
  pressure alpha = 0.0                             delta_flat slope -0.132 [-0.195, -0.081]
  -> gas-scaling-sensitive (the CI contains 0 under V1): n/a

======================================================================================================================
G5 -- can a z-dependent gas mis-scaling ALONE produce the pattern?  g_bar,analysis = g_bar,true x 10^(beta log10((1 + z)/2.5))
======================================================================================================================
  [PASS] C4 machinery: the flat-truth mock at beta = 0 gives slopes (0, expected) equal to the baseline expectations to 1e-9
         +0.00e+00, -0.059574 vs -0.059574
  M1 (flat truth): the mis-scaling that reproduces the observed delta_flat slope -0.029: beta = +0.216 -> differential dlog M_bar (z 0.6 -> 2.5) = +0.074 dex; the rival's slope there -0.086 (observed -0.092)
  M2 (rival truth): best beta = +0.762 (dlog M_bar = +0.259 dex) with chi2 = 0.02 (slopes -0.031, -0.090 vs observed -0.029, -0.092); within the plausible range |dlog M_bar| <= 0.2 dex (|beta| <= 0.59): best chi2 = 3.14 at beta = +0.58; at beta = 0: chi2 = 54.9
  -> M2 produces the pattern at a plausible mis-scaling (chi2 < 2 with |dlog M_bar| <= 0.2 dex): no; the stress variant V1 (gas fraction fixed with z) corresponds to about -0.18 dex of differential M_bar

======================================================================================================================
G7 -- regress delta on log g_bar first (Theil-Sen), then the z-slope of the residuals
======================================================================================================================
  flat : slope on log g_bar -0.053 [-0.115, +0.013]; residual z-slope -0.027 [-0.060, +0.007] (expected if flat true +0.000, if rival true +0.072; z: -1.6 / -5.8)
  rival: slope on log g_bar +0.000 [-0.073, +0.080]; residual z-slope -0.092 [-0.125, -0.055] (expected if flat true -0.067, if rival true +0.000; z: -1.4 / -5.2)
  -> the rival's residual z-slope stays negative (CI upper < 0): YES

======================================================================================================================
DECISION ROWS (frozen, with addendum 1)
======================================================================================================================
  D2 gas prior: survives V2-V5 (the plausible variants): False; survives V1 (the stress variant): False
  D2 pressure: survives alpha = 1.68 and 0: True
  G4: gas-scaling-sensitive negative flat slope: None
  D3 (headline): CFG216's outcome is ATTACK-BROKEN

  NOTE (written after the numbers above were seen): the literal D3 is driven by G1 on the 38-galaxy RC41 overlap, where even V0 (the baseline)
  fails the survival rule (the deficit is not significant in that subsample: CFG216's own sensitivity (a) has the same weakness). So G1's frozen version
  cannot discriminate, and the literal ATTACK-BROKEN is a power artefact, not evidence against the deficit. The informative rows are G3, G5 and G7 and the post hoc block below.

======================================================================================================================
POST HOC (written after the frozen numbers were seen; reported only)
======================================================================================================================
  (A) G1 variants on ALL 100 galaxies with the reconstructed M*:
  V0 baseline                        flat: slope -0.029 [-0.071, +0.002] (z: flat-true -1.6, rival-true -5.5); rival: slope -0.092 [-0.128, -0.055] (z: flat-true -1.7, rival-true -4.9)
  V1 gas fraction fixed with z (mu_T18 at z = 1.5) flat: slope +0.066 [+0.027, +0.101] (z: flat-true +3.6, rival-true -0.3); rival: slope -0.003 [-0.038, +0.034] (z: flat-true +3.1, rival-true -0.2)
  V2 0.5 mu                          flat: slope +0.012 [-0.027, +0.051] (z: flat-true +0.6, rival-true -3.2); rival: slope -0.056 [-0.090, -0.017] (z: flat-true +0.2, rival-true -3.0)
  V3 2 mu                            flat: slope -0.082 [-0.123, -0.047] (z: flat-true -4.2, rival-true -8.0); rival: slope -0.132 [-0.167, -0.095] (z: flat-true -3.9, rival-true -7.1)
  V4 0.18 mu (alpha_CO 0.8)          flat: slope +0.054 [+0.014, +0.097] (z: flat-true +2.5, rival-true -0.9); rival: slope -0.019 [-0.058, +0.020] (z: flat-true +2.1, rival-true -0.9)
  V5 1.49 mu (alpha_CO 6.5)          flat: slope -0.061 [-0.100, -0.026] (z: flat-true -3.3, rival-true -7.2); rival: slope -0.113 [-0.150, -0.079] (z: flat-true -2.9, rival-true -6.2)
      the rival's deficit survives: V0 YES; V1 NO; V2 NO; V3 YES; V4 NO; V5 YES; median baryon-mass factor low-z / high-z: V0 1.00/1.00; V1 1.20/0.85; V2 0.84/0.72; V3 1.33/1.56; V4 0.73/0.54; V5 1.16/1.27
  (B) data side: g_bar x 10^(beta log10((1 + z)/2.5)) makes the rival's slope exactly 0 at beta = -0.739, i.e. a differential dlog M_bar (z 0.6 -> 2.5) of -0.251 dex; the flat slope there +0.070 (rival-true expectation +0.073)
      and makes the flat slope exactly 0 at beta = -0.215 (dlog M_bar = -0.073 dex; the rival's slope there -0.065)

  3/4 checks pass; load-bearing failures: 0   (20 s)
