CFG230 run-all; repo=<repo>
main   A_evidence_audit exit 0 (expected 0)
main   B_scaling_lemma exit 0 (expected 0)
main   C_shape_kernel exit 0 (expected 0)
main   D_reaction_energy_cold exit 0 (expected 0)
main   E_tail_bound exit 0 (expected 0)
main   F_incidence_pincers exit 0 (expected 0)
main   G_screening exit 0 (expected 0)
main   H_claims_audit exit 0 (expected 0)
MUTATE M1 in F_incidence_pincers exit 1 (frozen expectation 1) OK
MUTATE M2 in F_incidence_pincers exit 0 (frozen expectation 0) OK
MUTATE M3 in H_claims_audit exit 1 (frozen expectation 1) OK
MUTATE M4 in C_shape_kernel exit 1 (frozen expectation 1) OK
MUTATE M4 in E_tail_bound exit 1 (frozen expectation 1) OK
MUTATE M5 in B_scaling_lemma exit 1 (frozen expectation 1) OK
MUTATE M5 in E_tail_bound exit 1 (frozen expectation 1) OK
MUTATE M6 in B_scaling_lemma exit 1 (frozen expectation 1) OK
MUTATE M7 in F_incidence_pincers exit 1 (frozen expectation 1) OK
MUTATE M8 in G_screening exit 1 (frozen expectation 1) OK
MUTATE M9 in H_claims_audit exit 1 (frozen expectation 1) OK
MUTATE M9b in H_claims_audit exit 0 (frozen expectation 0) OK
run-all finished; unexpected outcomes: 0
