CFG386 self-calibration pre-flight
==============================================================================
  [PASS] C1 Planck18 D_A conversion at z = 2.2 is 8.3-8.5 kpc/arcsec: 8.468
  [PASS] C2 arctan model: V(r_t) = V_a/2 and V(1e6 r_t) -> V_a: ok

KMOS3D: 192 fits; fit-quality pass (Va < 790, eVa/Va <= 0.10): 58
  conservative r_in = PSF: g_obs(r_in)/a0 median 1.99; g_obs(rmax)/a0 median 1.49; rmax/PSF median 2.15
  inner >= 3.5 a0: 69; outer <= 0.55 a0: 50; rmax > PSF: 180
  QUALIFYING (cons_P0): 0  []
  QUALIFYING (len_P0): 0  []
  QUALIFYING (cons_P1): 0  []

KURVS (z ~ 1.5): points at 3 R_d, 6 R_d, last
  KURVS   1: inner g 0.29 a0 (r 2.0 kpc), outer g 0.08 a0 (r 10.7 kpc), errors<=10% False -> no
  KURVS   2: inner g 0.07 a0 (r 12.1 kpc), outer g 0.04 a0 (r 28.6 kpc), errors<=10% False -> no
  KURVS   3: inner g 2.17 a0 (r 7.5 kpc), outer g 0.91 a0 (r 15.0 kpc), errors<=10% True -> no
  KURVS   4: inner g 0.01 a0 (r 6.8 kpc), outer g 0.00 a0 (r 13.6 kpc), errors<=10% False -> no
  KURVS   5: inner g 0.13 a0 (r 5.7 kpc), outer g 0.09 a0 (r 12.1 kpc), errors<=10% False -> no
  KURVS   6: inner g 0.40 a0 (r 5.2 kpc), outer g 0.25 a0 (r 10.4 kpc), errors<=10% False -> no
  KURVS   7: inner g 0.47 a0 (r 8.0 kpc), outer g 0.23 a0 (r 16.1 kpc), errors<=10% True -> no
  KURVS   8: inner g 0.49 a0 (r 4.5 kpc), outer g 0.15 a0 (r 11.0 kpc), errors<=10% False -> no
  KURVS   9: inner g 0.73 a0 (r 8.9 kpc), outer g 0.40 a0 (r 17.9 kpc), errors<=10% True -> no
  KURVS  10: inner g 1.37 a0 (r 3.4 kpc), outer g 0.20 a0 (r 15.2 kpc), errors<=10% False -> no
  KURVS  11: inner g 1.89 a0 (r 10.5 kpc), outer g 1.25 a0 (r 21.1 kpc), errors<=10% True -> no
  KURVS  12: inner g 2.06 a0 (r 11.2 kpc), outer g 0.44 a0 (r 23.2 kpc), errors<=10% False -> no
  KURVS  13: inner g 0.41 a0 (r 6.1 kpc), outer g 0.25 a0 (r 12.2 kpc), errors<=10% False -> no
  KURVS  14: inner g 0.51 a0 (r 4.5 kpc), outer g 0.39 a0 (r 9.8 kpc), errors<=10% True -> no
  KURVS  15: inner g 0.63 a0 (r 6.8 kpc), outer g 0.33 a0 (r 13.6 kpc), errors<=10% True -> no
  KURVS  16: inner g 0.92 a0 (r 7.0 kpc), outer g 0.48 a0 (r 13.9 kpc), errors<=10% True -> no
  KURVS  17: inner g 0.60 a0 (r 4.3 kpc), outer g 0.51 a0 (r 9.9 kpc), errors<=10% True -> no
  KURVS  18: inner g 0.28 a0 (r 5.7 kpc), outer g 0.17 a0 (r 12.1 kpc), errors<=10% False -> no
  KURVS  19: inner g 0.42 a0 (r 3.8 kpc), outer g 0.40 a0 (r 7.9 kpc), errors<=10% False -> no
  KURVS  20: inner g 0.33 a0 (r 2.1 kpc), outer g 0.21 a0 (r 10.4 kpc), errors<=10% False -> no
  KURVS  21: inner g 0.70 a0 (r 5.0 kpc), outer g 0.58 a0 (r 12.7 kpc), errors<=10% False -> no
  KURVS  22: inner g 0.08 a0 (r 7.3 kpc), outer g 0.02 a0 (r 14.7 kpc), errors<=10% False -> no
  KURVS evaluated 22 of 22; qualifying: 0 []
  [PASS] C3 every KURVS row with an R_d was evaluated (no silent skips): 22 of 22
SINS/zC-SINF AO (CFG280): one published radius per galaxy -> 0 qualifying by construction

VERDICT (z >= 2, conservative r_in = PSF, P0): NONE ON DISK  (N = 0; lenient 0; with pressure P1 0; KURVS z~1.5 0)
Caveat: these are FIT-MODEL extrapolations to the PSF radius and rmax, not independent per-radius measurements; a qualifying disc still needs
its own per-radius extraction from the cube (and the outer pressure term).
  [PASS] T-MUT main-run marker (MUTATE a0 x10 must change the count): N 0

4/4 pass
