Session 3 T: UFD law offsets vs tidal susceptibility at pericentre (law's own MW) [MUTATE]
K2b (post-run) hand formula True
K1 True  K2 g(50)/deep 1.0918 -> False  K3 True
objects with full phase space: 31/31; missing: none
canonical peri: rho +0.07 (p 0.721); low-tau half offset +0.342, high-tau half +0.436; log tau -3.2..+1.0 -> NOT TIDAL
canonical now : rho -0.11 (p 0.560); low-tau half offset +0.434, high-tau half +0.315; log tau -3.3..-0.2 -> NOT TIDAL
alt       peri: rho +0.06 (p 0.729); low-tau half offset +0.322, high-tau half +0.415; log tau -3.2..+1.1 -> NOT TIDAL
alt       now : rho -0.11 (p 0.560); low-tau half offset +0.414, high-tau half +0.295; log tau -3.3..-0.2 -> NOT TIDAL

per object (canonical): name | r_now | r_peri | log tau_peri | offset
  Bootes III             47.7   11.7   +1.04  -0.124
  Centaurus I           114.4   21.9   -1.05  +0.315
  Segue 1                28.0   22.2   -1.37  +0.698
  Hydrus I               25.7   25.4   -1.32  +0.188
  Reticulum II           33.1   28.3   -1.40  +0.475
  Carina III             29.0   28.8   -1.83  +0.736
  Tucana V               51.8   29.2   -1.44  +0.199
  Carina II              38.3   30.2   -1.11  +0.303
  Willman 1              42.8   31.1   -1.90  +0.646
  Grus I                121.9   32.9   -0.76  +0.215
  Tucana IV              44.2   33.8   -0.68  +0.564
  Tucana II              52.6   36.5   -0.46  +0.436
  Pegasus IV             89.2   38.2   -1.79  +0.325
  Pictor II              45.5   38.5   -1.70  +0.508
  Bootes II              39.5   38.6   -1.74  +0.218
  Ursa Major II          40.8   39.5   -1.16  +0.587
  Eridanus IV            76.6   41.5   -1.46  +0.660
  Coma Berenices         43.3   43.0   -1.66  +0.322
  Bootes I               64.2   45.0   -1.11  +0.229
  Canes Venatici II     160.8   52.1   -2.02  +0.432
  Ursa Major I          102.6   61.8   -1.27  +0.571
  Hercules              124.9   64.5   -1.65  -0.000
  Leo VI                114.2   73.4   -1.58  +0.329
  Horologium I           79.7   75.6   -2.45  +0.580
  Aquarius II           105.4   92.8   -1.64  +0.466
  Leo IV                151.9  108.2   -2.07  +0.251
  Leo V                 170.2  163.7   -3.25  +0.313
  Columba I             187.1  180.8   -2.40  +0.585
  Pisces II             183.7  182.5   -2.90  +0.371
  Pegasus III           212.4  206.3   -2.66  +0.253
  Eridanus II           371.3  348.4   -3.03  +0.355
MUTATE: shuffled |rho| 0.07; main rho -0.16  (main |rho| < 0.3: MUTATE uninformative)
