CFG413 KiDS leg  MUTATE=True  x grid [0.05, 0.23, 0.3, 0.4, 0.5, 0.7, 1.0]; lenses 181477, groups 1953, f30 57265
  tables canonical: 40 s; r_ta (Mpc) group median 1.088, 10-90% 0.775-1.509
  tables alt: 81 s; r_ta (Mpc) group median 1.141, 10-90% 0.813-1.581
pair-weighted mean R [Mpc]: [2.17  1.82  1.376 1.036 0.78  0.588 0.442 0.333 0.251 0.189 0.142 0.107 0.081 0.061 0.046]
ESD data / sigma          : [ 0.978  1.207  2.181  2.843  3.453  5.304  6.259  8.043 10.802 14.318 19.489 22.518 28.054 40.079 41.471] / [0.14  0.124 0.204 0.255 0.303 0.403 0.54  0.707 1.139 1.176 1.716 1.841 3.638 4.372 5.562]

[canonical]  (typical r_ta 1.09 Mpc -> r_on per x: 0.05:0.05, 0.23:0.25, 0.3:0.33, 0.4:0.44, 0.5:0.54, 0.7:0.76, 1.0:1.09)
   x    | chi2 free  dchi2  A_2h      | chi2 A>=0  dchi2 | chi2 no-2h  dchi2
   0.05 |    64.27  +39.77      2.24 |    64.27  +39.77 |   930.49  +689.20
   0.23 |    16.88   -7.62      1.57 |    16.88   -7.62 |   444.15  +202.86
   0.30 |    13.01  -11.50      1.46 |    13.01  -11.50 |   379.18  +137.89
   0.40 |     9.73  -14.77      1.35 |     9.73  -14.77 |   325.49   +84.20
   0.50 |     8.95  -15.56      1.27 |     8.95  -15.56 |   290.07   +48.78
   0.70 |    12.65  -11.85      1.19 |    12.65  -11.85 |   257.29   +16.00
   1.00 |    24.50   +0.00      1.12 |    24.50   +0.00 |   241.29    +0.00
   x=0.05: law [2.7000e-02 4.5000e-02 7.9000e-02 1.4000e-01 2.4700e-01 4.3600e-01 7.6900e-01 1.3570e+00 2.3930e+00 4.2240e+00 7.4300e+00 1.2876e+01 2.1178e+01 2.9909e+01 3.8602e+01]
          law+2h [ 1.303  1.517  1.922  2.452  3.148  4.073  5.332  7.081  9.572 13.236 18.73  27.048 38.92  52.084 66.364]
   x=1.0: law [ 0.508  0.808  1.222  1.547  1.99   2.628  3.491  4.652  6.212  8.312 11.15  15.007 20.284 27.568 37.739]
          law+2h [ 1.146  1.544  2.144  2.704  3.441  4.447  5.774  7.516  9.803 12.82  16.803 22.097 29.16  38.662 51.628]

[alt]  (typical r_ta 1.14 Mpc -> r_on per x: 0.05:0.06, 0.23:0.26, 0.3:0.34, 0.4:0.46, 0.5:0.57, 0.7:0.80, 1.0:1.14)
   x    | chi2 free  dchi2  A_2h      | chi2 A>=0  dchi2 | chi2 no-2h  dchi2
   0.05 |    74.59  +51.14      2.18 |    74.59  +51.14 |   893.94  +713.43
   0.23 |    22.52   -0.92      1.44 |    22.52   -0.92 |   379.34  +198.83
   0.30 |    16.87   -6.58      1.31 |    16.87   -6.58 |   314.63  +134.12
   0.40 |    11.93  -11.51       1.2 |    11.93  -11.51 |   261.19   +80.68
   0.50 |     9.77  -13.67      1.12 |     9.77  -13.67 |   225.82   +45.31
   0.70 |    11.92  -11.52      1.03 |    11.92  -11.52 |   195.57   +15.06
   1.00 |    23.44   +0.00     0.953 |    23.44   +0.00 |   180.51    +0.00
   x=0.05: law [3.1000e-02 5.2000e-02 9.1000e-02 1.6000e-01 2.8300e-01 4.9800e-01 8.7900e-01 1.5510e+00 2.7360e+00 4.8280e+00 8.4810e+00 1.4624e+01 2.3630e+01 3.2284e+01 4.1811e+01]
          law+2h [ 1.272  1.484  1.883  2.409  3.104  4.036  5.316  7.118  9.718 13.593 19.471 28.407 40.886 53.851 68.812]
   x=1.0: law [ 0.582  0.917  1.345  1.682  2.182  2.884  3.833  5.106  6.814  9.112 12.213 16.419 22.157 30.054 41.035]
          law+2h [ 1.125  1.544  2.13   2.667  3.417  4.433  5.776  7.543  9.871 12.95  17.025 22.453 29.713 39.497 52.857]
  [PASS] K1 x=0.4 free-2h chi2 reproduces CFG377: max |diff| 0.0000 (ref {'canonical': 9.733, 'alt': 11.935})
  [PASS] K2 x=0.4 no-2h chi2 reproduces CFG377: max |diff| 0.0000 (ref {'canonical': 325.49, 'alt': 261.19})

x_min (free 2h, Delta chi2 <= 4): {'canonical': 0.23, 'alt': 0.23} | A>=0: {'canonical': 0.23, 'alt': 0.23} | no 2h: {'canonical': 1.0, 'alt': 1.0}
  [canonical] REPORTED ONLY: best grid x 0.5 (chi2 8.95/15); Delta chi2 vs best: 0.23:+7.94, 0.3:+4.06, 0.4:+0.79, 0.5:+0.00, 0.7:+3.71, 1.0:+15.56 -> x_min vs best 0.4
  [alt] REPORTED ONLY: best grid x 0.5 (chi2 9.77/15); Delta chi2 vs best: 0.23:+12.75, 0.3:+7.10, 0.4:+2.16, 0.5:+0.00, 0.7:+2.15, 1.0:+13.67 -> x_min vs best 0.4
  [canonical] REPORTED ONLY: two-halo share of the model at R = 0.442 / 1.036 / 2.170 Mpc: x 0.23: 0.50/0.73/0.88, x 0.3: 0.44/0.65/0.84, x 0.4: 0.43/0.57/0.79, x 0.5: 0.42/0.51/0.74, x 0.7: 0.41/0.43/0.65, x 1.0: 0.40/0.43/0.56
  [alt] REPORTED ONLY: two-halo share of the model at R = 0.442 / 1.036 / 2.170 Mpc: x 0.23: 0.44/0.68/0.86, x 0.3: 0.39/0.60/0.81, x 0.4: 0.38/0.51/0.74, x 0.5: 0.37/0.44/0.68, x 0.7: 0.35/0.37/0.59, x 1.0: 0.34/0.37/0.48
  drop-one-bin x_min [canonical]: [0.23, 0.3, 0.23, 0.23, 0.23, 0.23, 0.23, 0.23, 0.23, 0.23, 0.23, 0.23, 0.23, 0.23, 0.23] -> largest 0.3
     dchi2 range over drops per x: 0.05: +18.76..+49.42, 0.23: -9.36..+4.05, 0.3: -13.31..+0.24, 0.4: -16.77..-3.08, 0.5: -17.19..-4.38, 0.7: -12.65..-3.76, 1.0: +0.00..+0.00
  drop-one-bin x_min [alt]: [0.23, 0.3, 0.23, 0.23, 0.23, 0.3, 0.23, 0.23, 0.23, 0.23, 0.23, 0.23, 0.23, 0.23, 0.23] -> largest 0.3
     dchi2 range over drops per x: 0.05: +25.29..+62.23, 0.23: -2.62..+8.47, 0.3: -9.19..+3.39, 0.4: -14.08..-1.00, 0.5: -15.30..-3.07, 0.7: -12.33..-3.36, 1.0: +0.00..+0.00
  [canonical] f30 dchi2(free): 0.05:+15.71, 0.23:-21.87, 0.3:-24.55, 0.4:-25.71, 0.5:-23.26, 0.7:-12.86, 1.0:+0.00
  [canonical] trusted 9 bins (R <= 0.445 Mpc) dchi2(free): 0.05:+42.53, 0.23:-0.81, 0.3:-0.36, 0.4:-0.01, 0.5:-0.05, 0.7:-0.02, 1.0:+0.00
  [alt] f30 dchi2(free): 0.05:+15.44, 0.23:-22.71, 0.3:-25.96, 0.4:-27.25, 0.5:-24.25, 0.7:-13.19, 1.0:+0.00
  [alt] trusted 9 bins (R <= 0.445 Mpc) dchi2(free): 0.05:+51.77, 0.23:-1.07, 0.3:-0.40, 0.4:-0.13, 0.5:-0.09, 0.7:-0.02, 1.0:+0.00

KiDS cannot distinguish the grid x (all Delta chi2 <= 4 on both footings): True
  [PASS] MUTATE x=0.05 fails KiDS (Delta chi2 > 4, both footings, free 2h): {'canonical': 39.77, 'alt': 51.14}
MUTATE DETECTED
checks {'K1 x=0.4 free-2h chi2 reproduces CFG377': True, 'K2 x=0.4 no-2h chi2 reproduces CFG377': True, 'MUTATE x=0.05 fails KiDS (Delta chi2 > 4, both footings, free 2h)': True}; elapsed 87 s
