L373 -- L372's TWO-MODE CARRIER IN THE PARTICLE-MESH COSMOLOGY (the full construction, three realisations pooled): does the
carrier that passes Harvey and X-COP in the static machinery survive real assembly histories?

WHY.  L372 found a two-mode carrier passing forest, S_8, X-COP, galaxies, KiDS and Harvey on the alternative threshold set:
  U  a spatially uniform late decay, Gamma_U = Gamma_0 [Omega_L(a)/Omega_L,0]^2 (L319's law), f_U(0) = 0.25, daughters at
     v_U = 3000 km/s -- it depletes every host by nearly the same fraction and keeps its cusp (X-COP);
  G  a vacuum-gated density-triggered decay with a SLOW kick v_G = 750-1050 km/s -- galaxies lose their daughters, groups and
     clusters recapture theirs (Harvey).
  but with L357/L321's STATIC full-depth retention.  L366/L369 showed that assembly history can overturn the static proxy,
  and that a single box is not enough (L369: L366's window was a one-realisation artefact).  This lane runs both modes in the
  record's most complete particle-mesh construction, on the record's three realisations.
WHAT THE CARRIER IS.  The mesh follows the carrier with tracer points, exactly as it follows the baryons, and cannot tell a
  particle species from a field state: every gate below reads only where the mass is.  On the record's no-particle reading
  (the ghost-condensate thread: one scalar whose Y-mode gives a_0 and whose Q-mode is a cold a^-3 dust -- the CMB constrains a
  fluid, not a particle) the carrier is that dust, and the two modes are the dust being heated as the vacuum takes over (both
  rates scale with Omega_L(a)).  Here the heating is put in by hand; no action produces it yet, and the reading keeps the
  record's two liabilities of the mode: the w_0 squeeze, and caustics (a single-valued flow cannot multistream as these
  tracers do).

METHOD.  L377's run() (the full construction: the switched nu_mono QUMOND phantom sourced by the baryons and felt by them,
  L359's p = 2 switch, the phantom-inclusive trigger, the carrier Newtonian per L353), copied with three changes:
  * mode U: every cold carrier particle decays with probability 1 - exp(-Gamma_U(a) dt) (Gamma_0 set so that 1 - S(today) =
    f_U(0)), kicked isotropically by v_U = 3000 km/s;
  * mode G: L377's trigger x~ > x_c = 5 is GATED by the vacuum as in L357/L372: x_c,eff(a) = x_c [Omega_L,0/Omega_L(a)]^2,
    rate 10 H, slow kick v_G.  The 0.39 Mpc/h mesh cannot resolve L357's x_v0 = 1000-2000 thresholds; x_c = 5 is the record's
    mesh proxy for the trigger (L365/L366), so G here is the mesh transcription of L372's G, as L366 transcribed L365;
  * a z = 0.4 snapshot (Harvey's epoch); densities saved at z = 2 (L379's fixed cells), 0.4 and 0 (L377's z = 0.3 snapshot
    is not needed and is dropped; the step sequence is unchanged).
  Seeds (7, 11), (17, 21), (29, 33) as L369/L378; canonical a_0.  Cells per realisation: LCDM, and the two-mode carrier at
  f_U(0) = 0.25 with v_G = 750, 900, 1050 km/s, and f_U(0) = 0.20 and 0.30 at 900 km/s (L372: 0.20 fails X-COP, 0.30 the
  conservative S_8 bound; the mesh computes S_8 with both kicks and the real decay times directly).
GATES (pre-declared; L378's arithmetic where it exists, pooled over the three realisations):
  S_8       mean sigma_8 ratio to the matched LCDM run >= 0.922 (strict) / 0.899 (alternative);
  forest    summed flux P1D, max |ratio - 1| on k_par 0.2-2 h/Mpc at z = 3 and 2 <= 0.10;
  X-COP     median carrier retention inside 1 Mpc/h of all >= 1e14 Msun/h halos at z = 0 inside L354's two-sided bounds;
  shear     L364's p = 2 transfer ceilings at z = 0.5 (both footings);
  Harvey    run on every pooled cell passing X-COP (the pincer's other side), with the group retention MEASURED at z = 0.4
            (pooled medians inside 1 Mpc/h of LCDM's peaks with M(<1 Mpc/h) in 5e13-1e14 and 1.5e14-3e14 Msun/h for the 1e14
            and 3e14 Msun substructures, >= 3e14 for the main cluster) through L371's machinery with its two core shapes S1
            (the cusp, scaled) and S2 (phase-mixed daughters at v_G): population-mean excess beta <= +0.10 (Harvey's -0.04 +
            2 x 0.07, as L372) on all three estimators, both shapes.
  REPORTED, NOT GATED: the z = 2 dense-cell clearing, as the record's G3 and on L379's fixed cells (LCDM's dense cells) -- the
  vacuum gate keeps high-z halos by design (L357's stated price: RC100 and the flagship); galaxies and KiDS lie below the mesh
  (L372's static values).

  18 runs, pool 6; mode U: Gamma_0 = 0.791 H0 (f_U(0) = 0.20), 1.020 H0 (f_U(0) = 0.25), 1.264 H0 (f_U(0) = 0.30)
  RESUMED from /var/folders/66/fvmh_ndx2bj_y7k8v29wk3m40000gn/T/L373_ckpt.pkl (the mesh runs and their measurements, unchanged)

====================================================================================================================
C1  CONTROL
====================================================================================================================
  [PASS] C1 CONTROL: the (7, 11) LCDM run reproduces L366's committed LCDM sigma_8 (same code path, same seeds)
         measured: relative deviation 0.0e+00

====================================================================================================================
GATES: per realisation and pooled (X-COP two-sided 0.286-0.768; S8 >= 0.922 strict / 0.899 alt; forest <= 0.10)
====================================================================================================================
         7 u20_g900  : S8 0.927 | forest 0.000 | X-COP eps 0.152 UNDER (n=22) | shear ok | z = 2 clearing (reported) own-set 1.00, fixed cells 1.00
         7 u25_g750  : S8 0.943 | forest 0.000 | X-COP eps 0.300 (n=22) | shear ok | z = 2 clearing (reported) own-set 1.00, fixed cells 1.00
         7 u25_g900  : S8 0.923 | forest 0.000 | X-COP eps 0.148 UNDER (n=22) | shear ok | z = 2 clearing (reported) own-set 1.00, fixed cells 1.00
         7 u25_g1050 : S8 0.899 X | forest 0.000 | X-COP eps 0.080 UNDER (n=22) | shear ok | z = 2 clearing (reported) own-set 1.00, fixed cells 1.00
         7 u30_g900  : S8 0.918 | forest 0.000 | X-COP eps 0.145 UNDER (n=22) | shear ok | z = 2 clearing (reported) own-set 1.00, fixed cells 1.00
        17 u20_g900  : S8 0.931 | forest 0.000 | X-COP eps 0.319 (n=19) | shear ok | z = 2 clearing (reported) own-set 1.00, fixed cells 1.00
        17 u25_g750  : S8 0.948 | forest 0.000 | X-COP eps 0.451 (n=19) | shear ok | z = 2 clearing (reported) own-set 1.00, fixed cells 1.00
        17 u25_g900  : S8 0.927 | forest 0.000 | X-COP eps 0.316 (n=19) | shear ok | z = 2 clearing (reported) own-set 1.00, fixed cells 1.00
        17 u25_g1050 : S8 0.901 | forest 0.000 | X-COP eps 0.166 UNDER (n=19) | shear ok | z = 2 clearing (reported) own-set 1.00, fixed cells 1.00
        17 u30_g900  : S8 0.921 | forest 0.000 | X-COP eps 0.306 (n=19) | shear ok | z = 2 clearing (reported) own-set 1.00, fixed cells 1.00
        29 u20_g900  : S8 0.908 | forest 0.000 | X-COP eps 0.151 UNDER (n=30) | shear ok | z = 2 clearing (reported) own-set 1.00, fixed cells 1.00
        29 u25_g750  : S8 0.926 | forest 0.000 | X-COP eps 0.307 (n=30) | shear ok | z = 2 clearing (reported) own-set 1.00, fixed cells 1.00
        29 u25_g900  : S8 0.902 | forest 0.000 | X-COP eps 0.155 UNDER (n=30) | shear ok | z = 2 clearing (reported) own-set 1.00, fixed cells 1.00
        29 u25_g1050 : S8 0.875 X | forest 0.000 | X-COP eps 0.069 UNDER (n=30) | shear ok | z = 2 clearing (reported) own-set 1.00, fixed cells 1.00
        29 u30_g900  : S8 0.896 X | forest 0.000 | X-COP eps 0.149 UNDER (n=30) | shear ok | z = 2 clearing (reported) own-set 1.00, fixed cells 1.00
    pooled u20_g900  : S8 0.922 | forest 0.000 | X-COP eps 0.180 UNDER (n=71) | shear ok | z = 2 clearing (reported) own-set 1.00, fixed cells 1.00
    pooled u25_g750  : S8 0.939 | forest 0.000 | X-COP eps 0.337 (n=71) | shear ok | z = 2 clearing (reported) own-set 1.00, fixed cells 1.00
    pooled u25_g900  : S8 0.917 | forest 0.000 | X-COP eps 0.175 UNDER (n=71) | shear ok | z = 2 clearing (reported) own-set 1.00, fixed cells 1.00
    pooled u25_g1050 : S8 0.892 X | forest 0.000 | X-COP eps 0.087 UNDER (n=71) | shear ok | z = 2 clearing (reported) own-set 1.00, fixed cells 1.00
    pooled u30_g900  : S8 0.912 | forest 0.000 | X-COP eps 0.176 UNDER (n=71) | shear ok | z = 2 clearing (reported) own-set 1.00, fixed cells 1.00
    decayed by z = 0 (u20_g900): box 7: U 0.119 / all 0.657, box 17: U 0.120 / all 0.652, box 29: U 0.121 / all 0.647
    decayed by z = 0 (u25_g750): box 7: U 0.148 / all 0.680, box 17: U 0.150 / all 0.675, box 29: U 0.151 / all 0.671
    decayed by z = 0 (u25_g900): box 7: U 0.149 / all 0.678, box 17: U 0.151 / all 0.673, box 29: U 0.152 / all 0.668
    decayed by z = 0 (u25_g1050): box 7: U 0.150 / all 0.675, box 17: U 0.152 / all 0.670, box 29: U 0.153 / all 0.666
    decayed by z = 0 (u30_g900): box 7: U 0.180 / all 0.698, box 17: U 0.182 / all 0.693, box 29: U 0.183 / all 0.689
    retention inside 1 Mpc/h at z = 0.4 (u20_g900): 5e13-1e14 0.16 (n=128), 1.5e14-3e14 0.48 (n=11), >= 3e14 nan (n=0)
    retention inside 1 Mpc/h at z = 0.4 (u25_g750): 5e13-1e14 0.26 (n=128), 1.5e14-3e14 0.62 (n=11), >= 3e14 nan (n=0)
    retention inside 1 Mpc/h at z = 0.4 (u25_g900): 5e13-1e14 0.16 (n=128), 1.5e14-3e14 0.48 (n=11), >= 3e14 nan (n=0)
    retention inside 1 Mpc/h at z = 0.4 (u25_g1050): 5e13-1e14 0.11 (n=128), 1.5e14-3e14 0.33 (n=11), >= 3e14 nan (n=0)
    retention inside 1 Mpc/h at z = 0.4 (u30_g900): 5e13-1e14 0.15 (n=128), 1.5e14-3e14 0.48 (n=11), >= 3e14 nan (n=0)

====================================================================================================================
HARVEY (L371's machinery) on every pooled cell passing X-COP, with the retention measured at z = 0.4
====================================================================================================================
    u25_g750: retention used 0.26/0.62/0.62; excess beta (100/150/fit) intact +0.006/+0.040/+0.027; S1 +0.024/+0.073/+0.076; S2 +0.040/+0.092/+0.116; core carrier/baryons(<150 kpc) S1 2.73/5.99 -> FAIL
    [3991s]
  [PASS] C2 CONTROL: the Harvey stage's switch cell is the mesh runs' (L377: p = 2, x_c0 = 2.0)
         measured: mesh p2_x2.0; Harvey ['p2_x2.0']

====================================================================================================================
R1  THE HYPOTHESIS (set before the run)
====================================================================================================================
    pooled u20_g900: fails X-COP
    pooled u25_g750: fails Harvey
    pooled u25_g900: fails X-COP
    pooled u25_g1050: fails S8, X-COP
    pooled u30_g900: fails X-COP
  [FAIL] R1 = H: the two-mode carrier's window survives assembly -- a pooled cell passes S_8 (alt), forest, X-COP, shear and Harvey (both core shapes)
         measured: window none (with strict S_8: none)
  [PASS] W (reported) the gate tables, group and cluster retention, and the z = 2 clearing (not gated: the vacuum gate keeps high-z halos by design)
         measured: see above

====================================================================================================================
VERDICT
====================================================================================================================
  3/4 checks pass; load-bearing failures: 1   [3991s]
  wrote L373_two_mode_carrier_pm_results.json
rc=1
L373 RESUME rc=1
