CFG157 G1  (repo files printed as <repo>-relative; MUTATE=target: kernel=P2 sign=+1 target=total-mass (constant charge))
nu_mono is RECONSTRUCTED: RAR kernel up to y_m = 2.539638, then y(nu-1) held at 0.647610 (see cfg157_common.py).
README numbers are targets read before deriving; my hand estimates in the frozen file were made after reading them.

=== integrity checks (abort exit 2 on failure in the main run) ===
  [PASS] (b) M_b(<r) closed form = quad of rho_b (1e-8), M_b(<inf)=M_b  
  (a) point-mass, P2, +, enclosed-mass target: max|ratio-1| analytic 5.551e-16, fd 1.010e-11, sympy 1.665e-15
  (a) [control] point-mass max|ratio-1| with the mutated model: 0.0000 (identity HOLDS)
  [PASS] (c) three derivative routes (chain rule / 5-pt FD / sympy) agree to 1e-5 relative (+1e-9 abs); worst scaled err 7.66e-04  
  [PASS] (d) closed form 1+(dln m/dln r)B(y) = numerical ratio to 1e-6 (abs); worst 8.88e-16  
  [PASS] (f) 121 -> 2001 points changes max dev < 0.5%  
  [PASS] (g) G of CFG121 vs 4.30091727e-6 kpc(km/s)^2/Msun changes max dev < 1e-3 relative  

=== T1.2 (exponential spheres, chi = P2 kernel, NO refit) and T1.5 (reconstructed nu_mono) ===

-- footing canonical: a0 = 9.3603e-11 m/s^2
  M=1e+09 h=2 kpc r_M=1.220 kpc (h/r_M=1.639): T1.2 max|dev|=0.9999 at x=0.100; min dev=-0.9999; dev(x=0.1,0.3,1,3,10,30)=-0.9999 -0.9981 -0.9532 -0.5490 +0.0471 +0.0000
  M=1e+10 h=3 kpc r_M=3.859 kpc (h/r_M=0.777): T1.2 max|dev|=0.9994 at x=0.100; min dev=-0.9994; dev(x=0.1,0.3,1,3,10,30)=-0.9994 -0.9872 -0.7893 -0.0878 +0.0009 +0.0000
  M=1e+11 h=4 kpc r_M=12.203 kpc (h/r_M=0.328): T1.2 max|dev|=0.9946 at x=0.100; min dev=-0.9946; dev(x=0.1,0.3,1,3,10,30)=-0.9946 -0.9182 -0.3302 +0.0050 +0.0000 -0.0000
  M=1e+12 h=5 kpc r_M=38.589 kpc (h/r_M=0.130): T1.2 max|dev|=0.9538 at x=0.100; min dev=-0.9538; dev(x=0.1,0.3,1,3,10,30)=-0.9538 -0.5767 -0.0084 +0.0000 +0.0000 -0.0000

-- footing second: a0 = 1.1312e-10 m/s^2
  M=1e+09 h=2 kpc r_M=1.110 kpc (h/r_M=1.802): T1.2 max|dev|=0.9999 at x=0.100; min dev=-0.9999; dev(x=0.1,0.3,1,3,10,30)=-0.9999 -0.9985 -0.9624 -0.6078 +0.0518 +0.0001
  M=1e+10 h=3 kpc r_M=3.510 kpc (h/r_M=0.855): T1.2 max|dev|=0.9995 at x=0.100; min dev=-0.9995; dev(x=0.1,0.3,1,3,10,30)=-0.9995 -0.9898 -0.8217 -0.1315 +0.0021 +0.0000
  M=1e+11 h=4 kpc r_M=11.100 kpc (h/r_M=0.360): T1.2 max|dev|=0.9957 at x=0.100; min dev=-0.9957; dev(x=0.1,0.3,1,3,10,30)=-0.9957 -0.9324 -0.3886 +0.0075 +0.0000 -0.0000
  M=1e+12 h=5 kpc r_M=35.102 kpc (h/r_M=0.142): T1.2 max|dev|=0.9629 at x=0.100; min dev=-0.9629; dev(x=0.1,0.3,1,3,10,30)=-0.9629 -0.6318 -0.0158 +0.0000 +0.0000 +0.0000

=== comparison with CFG121 README (canonical footing), pass lines of the frozen file ===
  T1.2 M=1e+09: mine 0.9999 vs README 1.31 (tol +-0.0262) -> DISAGREES; door verdict mine FAIL vs README FAIL
  T1.2 M=1e+10: mine 0.9994 vs README 1.02 (tol +-0.0204) -> DISAGREES; door verdict mine FAIL vs README FAIL
  T1.2 M=1e+11: mine 0.9946 vs README 0.43 (tol +-0.0086) -> DISAGREES; door verdict mine FAIL vs README FAIL
  T1.2 M=1e+12: mine 0.9538 vs README 0.063 (tol +-0.0013) -> DISAGREES; door verdict mine FAIL vs README PASS

=== MUTATE=target control ===
  M=1e+09: main max dev 1.3099 -> mutated 0.9999 (x0.76); verdict FAIL -> FAIL
  M=1e+10: main max dev 1.0160 -> mutated 0.9994 (x0.98); verdict FAIL -> FAIL
  M=1e+11: main max dev 0.4342 -> mutated 0.9946 (x2.29); verdict FAIL -> FAIL
  M=1e+12: main max dev 0.0632 -> mutated 0.9538 (x15.08); verdict PASS -> FAIL
  point-mass identity: main 5.55e-16 -> mutated 0.0000
  declared: |dev| ~ 0.9-1.0 at all masses; 1e12 PASS -> FAIL; point-mass identity intact (5.55e-16)
  CONTROL BITES (exit 1)

wrote cfg157_g1_MUTATE_target.out and cfg157_g1_MUTATE_target_results.json
