m2 values with a stable mu <= 1e34 on all layers: 61 / 61; points evaluated: 976

BC = D: points 488; stable(24/24) 488
   stable AND T     :  210   e.g. m2 range 1.00e-12..1.00e-08
   stable AND F     :    0
   stable AND S     :    0
   stable AND T&F   :    0
   stable AND T&S   :    0
   stable AND F&S   :    0
   stable AND T&F&S :    0
   stable & T point with the smallest worst bar-ratio: m2 = 8.577e-12, f = 1.0: Phi_F -28.8, F/gM -93.2, Sun -6.3e+04; worst ratio 6.3e+05
   f = 1: sign changes of phiF between m2 = 
   f = 1: sign changes of forceF between m2 = 
   f = 1: sign changes of phiSun between m2 = 1.36e-12-1.85e-12, 6.31e-12-8.58e-12

BC = N: points 488; stable(24/24) 488
   stable AND T     :  241   e.g. m2 range 7.36e-13..1.00e-08
   stable AND F     :    0
   stable AND S     :    0
   stable AND T&F   :    0
   stable AND T&S   :    0
   stable AND F&S   :    0
   stable AND T&F&S :    0
   stable & T point with the smallest worst bar-ratio: m2 = 3.981e-11, f = 1.5: Phi_F -46.9, F/gM -150, Sun -5.06e+06; worst ratio 5.06e+07
   f = 1: sign changes of phiF between m2 = 1.36e-14-1.85e-14
   f = 1: sign changes of forceF between m2 = 3.41e-14-4.64e-14
   f = 1: sign changes of phiSun between m2 = 2.15e-11-2.93e-11
