CFG346 -- CFG337's stable (smeared) switch edge against the data.  Criteria frozen first: FROZEN_CRITERIA.md (188df575b).

  object     inverted triggered symmetron (CFG337); f = f_in phi^2, phi = screened-Poisson smoothing (range lam = ell/sqrt(2 f_in))
             of B's sharp edge Theta(r_ta - r); f_in = 1 + 2/R (AS-DECLARED, the verdict level) or 1 (UNIT, reported).
             The phantom DENSITY is multiplied by f: M(r) = M_b + Int_0^r f dM_ph.
  configs    each CFG337 reader / E_c mode / R at ell_min (max over 1e5/1e6 K) and 1.5 ell_min.
  scores     K: KiDS isolated lenses (FP1 slice + FP20 projector, CFG4_switch K3 logic), d chi^2 <= +9 vs law, both footings.
             S: SPARC A3 at R_HI (CFG45 P3 rows) >= 90% with |d log v| < 0.03, spirals and dwarfs; rotmod RAR d rms < 0.005; both footings.
             G: f = 0 on linear FRW (delta << 1) for every ell; tail f(20 h^-1 Mpc comoving) <= 1.2e-3 for every system.
MUTATE    CFG346_MUTATE=1: ell = 10 ell_min (over-smeared) must fail K or S for the best configuration; outputs *_MUTATE.

  KiDS machinery exec'd (0 s): law chi^2 162.6053 / 154.7582
  KiDS-like lenses r_ta (Mpc, log M_b 10/10.5/11/11.5): can [0.95, 1.268, 1.692, 2.257], alt [0.996, 1.329, 1.773, 2.366]
  SPARC harnesses exec'd (0 s): 171 P3 rows, 175 rotmod galaxies; rms0 0.100329 / 0.101268
  SPARC r_ta (z = 0, point-mass law mass): median 990 / 1038 kpc

# C0 controls
  [PASS] C0a sharp limit (ell = 0) reproduces CFG4_switch K3 law chi^2, H2b sharp turnaround d chi^2, and CFG39 rms0  law |d| 0.0e+00; turnaround -9.1767 / -9.2959 vs -9.1767 / -9.2959; rms0 0.100328994 vs 0.100328994
  [PASS] C0b convergence: ell = 5 kpc numeric smearing within 0.5 of the sharp edge  max |d| 0.093
  [PASS] C0c sharp limit on SPARC: the turnaround edge leaves the law's SPARC scores unchanged (A3 100%, d rms 0)  A3 {'spiral|canonical': 1.0, 'spiral|alt': 1.0, 'dwarf|canonical': 1.0, 'dwarf|alt': 1.0}; d rms {'canonical': 0.0, 'alt': 0.0}
  [PASS] C1 instability returns: CFG337 H4 ratio at ell = 0.5 ell_min > 1 for every configuration (ratio scales as ell_min/ell)  min 2.000

# scores (AS-DECLARED f_in = 1 + 2/R is the verdict level; UNIT f_in = 1 reported)
  C1 R4  local     ell    28.999 Mpc (10 ell_min) declared f_in 1.50: K F dchi2  +1067.3 /  +1075.1 | S F A3 sp 0.00/0.00 dw 0.00/0.00 drms +0.2962/+0.2953 | G P tail 4.0e-08
  C1 R4  local     ell    28.999 Mpc (10 ell_min) unit     f_in 1.00: K F dchi2  +1067.6 /  +1075.4 | S F A3 sp 0.00/0.00 dw 0.00/0.00 drms +0.2963/+0.2953 | G P tail 2.3e-08
  C1 R4  universal ell  2934.546 Mpc (10 ell_min) declared f_in 1.50: K F dchi2  +1067.7 /  +1075.6 | S F A3 sp 0.00/0.00 dw 0.00/0.00 drms +0.2963/+0.2953 | G P tail 1.3e-14
  C1 R4  universal ell  2934.546 Mpc (10 ell_min) unit     f_in 1.00: K F dchi2  +1067.7 /  +1075.6 | S F A3 sp 0.00/0.00 dw 0.00/0.00 drms +0.2963/+0.2953 | G P tail 3.8e-15
  C1 R40 local     ell    39.728 Mpc (10 ell_min) declared f_in 1.05: K F dchi2  +1067.7 /  +1075.5 | S F A3 sp 0.00/0.00 dw 0.00/0.00 drms +0.2963/+0.2953 | G P tail 1.5e-08
  C1 R40 local     ell    39.728 Mpc (10 ell_min) unit     f_in 1.00: K F dchi2  +1067.7 /  +1075.5 | S F A3 sp 0.00/0.00 dw 0.00/0.00 drms +0.2963/+0.2953 | G P tail 1.4e-08
  C1 R40 universal ell  9279.807 Mpc (10 ell_min) declared f_in 1.05: K F dchi2  +1067.7 /  +1075.6 | S F A3 sp 0.00/0.00 dw 0.00/0.00 drms +0.2963/+0.2953 | G P tail 4.5e-17
  C1 R40 universal ell  9279.807 Mpc (10 ell_min) unit     f_in 1.00: K F dchi2  +1067.7 /  +1075.6 | S F A3 sp 0.00/0.00 dw 0.00/0.00 drms +0.2963/+0.2953 | G P tail 3.9e-17
  C2 R4  local     ell     3.785 Mpc (10 ell_min) declared f_in 1.50: K F dchi2   +699.6 /   +641.9 | S F A3 sp 0.00/0.00 dw 0.00/0.00 drms +0.2587/+0.2489 | G P tail 1.0e-12
  C2 R4  local     ell     3.785 Mpc (10 ell_min) unit     f_in 1.00: K F dchi2   +913.8 /   +883.9 | S F A3 sp 0.00/0.00 dw 0.00/0.00 drms +0.2810/+0.2759 | G P tail 1.5e-11
  C2 R4  universal ell   290.530 Mpc (10 ell_min) declared f_in 1.50: K F dchi2  +1067.7 /  +1075.6 | S F A3 sp 0.00/0.00 dw 0.00/0.00 drms +0.2963/+0.2953 | G P tail 9.6e-11
  C2 R4  universal ell   290.530 Mpc (10 ell_min) unit     f_in 1.00: K F dchi2  +1067.7 /  +1075.6 | S F A3 sp 0.00/0.00 dw 0.00/0.00 drms +0.2963/+0.2953 | G P tail 3.0e-11
  C2 R40 local     ell     7.376 Mpc (10 ell_min) declared f_in 1.05: K F dchi2  +1046.1 /  +1048.5 | S F A3 sp 0.00/0.00 dw 0.00/0.00 drms +0.2941/+0.2925 | G P tail 5.0e-09
  C2 R40 local     ell     7.376 Mpc (10 ell_min) unit     f_in 1.00: K F dchi2  +1048.8 /  +1051.1 | S F A3 sp 0.00/0.00 dw 0.00/0.00 drms +0.2944/+0.2929 | G P tail 5.4e-09
  C2 R40 universal ell   918.738 Mpc (10 ell_min) declared f_in 1.05: K F dchi2  +1067.7 /  +1075.6 | S F A3 sp 0.00/0.00 dw 0.00/0.00 drms +0.2963/+0.2953 | G P tail 4.3e-13
  C2 R40 universal ell   918.738 Mpc (10 ell_min) unit     f_in 1.00: K F dchi2  +1067.7 /  +1075.6 | S F A3 sp 0.00/0.00 dw 0.00/0.00 drms +0.2963/+0.2953 | G P tail 3.7e-13
  [reported only, not stable for 1e5 K gas] C2 R4 local ell 182.9 kpc declared: K -49.9/-44.0 S F (A3 {'spiral|canonical': 0.03278688524590164, 'spiral|alt': 0.0, 'dwarf|canonical': 0.05454545454545454, 'dwarf|alt': 0.045454545454545456}, drms {'canonical': 0.030734958363109716, 'alt': 0.052410761450659205}) G P
  [reported only, not stable for 1e5 K gas] C2 R4 local ell 182.9 kpc unit: K -12.2/-13.5 S F (A3 {'spiral|canonical': 1.0, 'spiral|alt': 1.0, 'dwarf|canonical': 0.8363636363636363, 'dwarf|alt': 0.8454545454545455}, drms {'canonical': 0.0004669716365941212, 'alt': -6.5060751875054e-05}) G P

  X-COP (reported only; 1e14 Msun baryons, z = 0): r_ta 11613 / 12163 kpc; f(1, 2 Mpc) at ell_min (declared): C1/R4/local 1.48/1.47; C1/R4/universal 0.00/0.00; C1/R40/local 0.89/0.88; C1/R40/universal 0.00/0.00; C2/R4/local 1.50/1.50; C2/R4/universal 0.03/0.03; C2/R40/local 1.05/1.05; C2/R40/universal 0.00/0.00
  [PASS] MUTATE: ell = 10 ell_min fails K or S for every configuration (both levels)  C1/R4/local/declared: K False S False; C1/R4/local/unit: K False S False; C1/R4/universal/declared: K False S False; C1/R4/universal/unit: K False S False; C1/R40/local/declared: K False S False; C1/R40/local/unit: K False S False; C1/R40/universal/declared: K False S False; C1/R40/universal/unit: K False S False; C2/R4/local/declared: K False S False; C2/R4/local/unit: K False S False; C2/R4/universal/declared: K False S False; C2/R4/universal/unit: K False S False; C2/R40/local/declared: K False S False; C2/R40/local/unit: K False S False; C2/R40/universal/declared: K False S False; C2/R40/universal/unit: K False S False

  MUTATE: MUTATE BITES
