CFG168 main; repo = <repo>; mutate = 2

R0 power: (Delta'_flat - Delta'_H)/sigma at the decision cell (mu=0.67)
  s=0: sep 0.1487  /mean sigma 2.53   /sigma_flat 2.60  /sigma_H 2.47
  s=1: sep 0.1501  /mean sigma 3.41   /sigma_flat 3.42  /sigma_H 3.39
  s=2: sep 0.1511  /mean sigma 3.09   /sigma_flat 3.07  /sigma_H 3.12
  s=4: sep 0.1522  /mean sigma 2.59   /sigma_flat 2.55  /sigma_H 2.62

Decision cell curves (mu=0.67, delta=0, canonical):
  s=0.00: flat -0.1302 +-0.0572 (-2.28s)  H -0.2789 +-0.0603 (-4.62s)  non-diagnostic (both outside)
  s=0.25: flat -0.0447 +-0.0502 (-0.89s)  H -0.1941 +-0.0525 (-3.69s)  lean flat
  s=0.50: flat +0.0319 +-0.0456 (+0.70s)  H -0.1177 +-0.0472 (-2.50s)  lean flat
  s=0.60: flat +0.0580 +-0.0446 (+1.30s)  H -0.0917 +-0.0459 (-2.00s)  non-diagnostic (both within)
  s=0.75: flat +0.0934 +-0.0439 (+2.13s)  H -0.0565 +-0.0448 (-1.26s)  lean rival
  s=1.00: flat +0.1441 +-0.0439 (+3.28s)  H -0.0060 +-0.0443 (-0.14s)  lean rival
  s=1.40: flat +0.2107 +-0.0456 (+4.62s)  H +0.0601 +-0.0454 (+1.32s)  lean rival
  s=2.00: flat +0.2895 +-0.0492 (+5.88s)  H +0.1385 +-0.0485 (+2.86s)  non-diagnostic (both outside)
  s=3.00: flat +0.3898 +-0.0550 (+7.08s)  H +0.2381 +-0.0538 (+4.42s)  non-diagnostic (both outside)
  s=4.00: flat +0.4678 +-0.0596 (+7.85s)  H +0.3156 +-0.0581 (+5.43s)  non-diagnostic (both outside)

CROSSINGS (brentq): s_mid=0.6693  s_f2=1.6339  s_h2=0.0592   (label-swapped 2-sigma definitions)
H1 (s_mid exists in [0,4]): True
M2: label-swapped 2-sigma crossings. s_mid 0.669 (unswapped 0.669), s_f2 1.634 (unswapped 0.726), s_h2 0.059 (unswapped 0.599)
M2 s_mid unchanged (label-symmetric): True ; 2-sigma headline bites: True
MUTATE 2: BITES -> exit 1

saved CFG168_MUTATE_2_results.json; runtime 0.0s
