<repo> = <repo> | <scratch> = <scratch>
id     point_flat  MCmed_flat  P(flat>0) | point_rival MCmed_rival [16,84]      P(rival<0)
02       -0.038    -0.016   0.434   |   -0.288    -0.250 [-0.321,-0.146]   0.967
03       +0.013    +0.028   0.689   |   -0.155    -0.136 [-0.213,-0.031]   0.885
06b      -0.003    +0.027   0.629   |   -0.167    -0.111 [-0.205,+0.069]   0.763
07a      +0.258    +0.231   0.921   |   -0.064    -0.075 [-0.241,+0.159]   0.646
08       +0.211    +0.198   0.914   |   -0.046    -0.050 [-0.193,+0.161]   0.608
09       +0.015    +0.042   0.779   |   -0.117    -0.066 [-0.144,+0.135]   0.673  (EXCLUDED)
10a-E    -0.011    +0.006   0.529   |   -0.194    -0.159 [-0.210,-0.071]   0.937
11       +0.024    +0.043   0.825   |   -0.082    -0.047 [-0.122,+0.066]   0.690
12       +0.105    +0.109   0.888   |   -0.220    -0.201 [-0.315,-0.104]   0.981
15       +0.046    +0.081   0.876   |   -0.108    -0.061 [-0.131,+0.095]   0.681  (EXCLUDED)
19       +0.033    +0.043   0.719   |   -0.188    -0.161 [-0.259,+0.019]   0.822
20       +0.073    +0.066   0.718   |   -0.270    -0.280 [-0.380,-0.187]   0.999
23b      +0.267    +0.264   1.000   |   +0.012    +0.010 [-0.061,+0.087]   0.444
23c      +0.299    +0.298   1.000   |   +0.161    +0.174 [+0.099,+0.342]   0.015
n=12 flat: point-estimate median +0.053; MC sample-median +0.104 [16-84 +0.055, +0.160; 95 % +0.016, +0.216]; bias +0.052; point in 16-84: False; class of the 95 % range: over; P(median<0) 0.005
n=12 rival: point-estimate median -0.161; MC sample-median -0.117 [16-84 -0.158, -0.071; 95 % -0.194, -0.019]; bias +0.044; point in 16-84: False; class of the 95 % range: under; P(median<0) 0.989
n=14 flat: point-estimate median +0.040; MC sample-median +0.099 [16-84 +0.052, +0.151; 95 % +0.018, +0.207]; bias +0.059; point in 16-84: False; class of the 95 % range: over; P(median<0) 0.002
n=14 rival: point-estimate median -0.136; MC sample-median -0.104 [16-84 -0.139, -0.064; 95 % -0.172, -0.015]; bias +0.032; point in 16-84: True; class of the 95 % range: under; P(median<0) 0.987
discs individually excluding the rival (delta_rival < 0 in > 97.5 % of draws): 2 of 12; > 84 % of draws: 5 of 12
frozen pass line (rival: point in MC 16-84, class unchanged (under), |bias| <= 0.03): FAIL/NARROW

== F2 (POST-HOC, quantile-function draws; not frozen) ==
n=12 flat: point +0.053; MC sample-median +0.088 [16-84 +0.032, +0.156; 95 % -0.004, +0.244]; bias +0.035; point in 16-84: True; class CONS
n=12 rival: point -0.161; MC sample-median -0.119 [16-84 -0.170, -0.057; 95 % -0.213, +0.016]; bias +0.042; point in 16-84: True; class CONS
n=14 flat: point +0.040; MC sample-median +0.080 [16-84 +0.028, +0.144; 95 % -0.003, +0.227]; bias +0.041; point in 16-84: True; class CONS
n=14 rival: point -0.136; MC sample-median -0.111 [16-84 -0.154, -0.058; 95 % -0.192, +0.006]; bias +0.025; point in 16-84: True; class CONS
F2 discs individually excluding the rival at > 97.5 %: 0 of 12; {'02': 0.9, '03': 0.84, '06b': 0.773, '07a': 0.582, '08': 0.571, '10a-E': 0.888, '11': 0.694, '12': 0.914, '19': 0.782, '20': 0.911, '23b': 0.473, '23c': 0.106}
Caveats: independent draws (no covariance between V_rot, sigma_0, f_DM, R_e is available); table errors are those of the posterior summary; M_bary (logMtot) is not an input of D or g_bar here.
