CFG100  MUTATE=1  frozen-text sha256 4c89e883e352b511
== controls on inputs
  [PASS] K1 per-patch sums vs June: max relative deviation 3.10e-11 (<= 1e-9)
  [PASS] K2 partition/medians/K1: medians 10.4484 late 10.8105 early; K1 = [8, 9, 10, 11, 12, 13, 14]; median R late [0.177 0.133 0.1   0.076 0.057 0.043 0.032]
  class counts: late 93398 early 88079
  groups: 2903
  table B_canonical    8.9s
  table B_alt          8.6s
  table L             19.3s
  table Mo            27.3s
== main statistic: 14 bins, h = 0.693878
  D late : [-5.616  9.565 -7.707 -9.888 -0.672 -3.56  20.896]
  D early: [ 0.233  0.781 -1.209  5.48  15.169 -2.188 10.989]
  sigma  : [ 3.532  3.889  5.511  7.654  9.539 12.099 18.31 ] [ 2.121  2.62   3.539  5.971  6.116  9.825 12.186]
  D_B_canonical  late [0.036 0.018 0.01  0.005 0.003 0.002 0.001] | early [0.054 0.025 0.013 0.007 0.004 0.002 0.001]
  D_B_alt        late [0.033 0.017 0.009 0.005 0.003 0.002 0.001] | early [0.049 0.023 0.012 0.007 0.004 0.002 0.001]
  D_L            late [ -4.204  -5.537  -6.994  -8.422  -9.604 -10.295 -10.287] | early [ 5.755  7.886 10.468 13.42  16.58  19.722 22.605]
  D_Mo           late [ 4.842  6.756  9.157 12.022 15.257 18.689 22.097] | early [17.851 23.417 29.62  36.044 42.159 47.435 51.483]
  --- R0 (power row, printed before data comparison as frozen) ---
  lambda(L-B) = 44.711   lambda(Mo-B) = 385.194   lambda(L-Mo)=213.423
  chi2 B_canonical  =   22.219 / 14   p = 0.0742
  chi2 B_alt        =   22.215 / 14   p = 0.0743
  chi2 L            =   56.632 / 14   p = 4.53e-07
  chi2 Mo           =  397.338 / 14   p = 4.61e-76
  [PASS] K9 MUTATE: B unchanged, Mo moves: B canon 22.200 -> 22.219, B alt 22.198 -> 22.215, Mo 105.04 -> 397.34 (d=292.30), L 25.16 -> 56.63 (d=31.47)
elapsed 65s; checks 3/3; rc 0
