==============================================================================
PART A: tails make the pullback TWO-parameter (kappa-only fails);
        the single-a force prefactor survives; memory times; chords
==============================================================================
[A1] e.X' - (a/k^2)(cosh ks - 1) = 0
     With Z = H^2 X.X' and grad_1 Z = H^2 X' (tangential proj.):
     e.grad_1 W(Z) = W'(Z) * H^2 (e.X') = a * [H^2(cosh ks -1)/k^2] * W'(Z)
     => the force vertex carries EXACTLY ONE factor of a on the whole
        stationary family for ANY bi-invariant W(Z)  [tails included]:
        the deep-MOND consistency F -> 0 as a -> 0 survives for tails.
[A2] Z - [1 + 2(H/k)^2 sinh^2(ks/2)] = 0
     dZ/dH at FIXED kappa = 4*H*sinh(kappa*s/2)**2/kappa**2   != 0:
     => any NON-conformal W(Z) pulled back on the family knows (a,H)
        SEPARATELY: the agentF kappa-only lemma fails exactly here.
[A2] conformal exception: W_conf = H^2/(8pi^2(1-Z)) pulled back = -kappa**2/(8*pi**2*(cosh(kappa*s) - 1))   [H cancels: kappa-only — the Huygens accident]
[A2] conformal check of the A1 identity: (coshks-1)(H/k)^2 W' + W = 0   [=0 <=> e.gradW = -aW, agentF's identity recovered]
[A3] dS tail memory times: lambda_- = 3/2 - sqrt(9/4 - (m/H)^2);
     pullback decay rate lambda_-*kappa; T_mem = 1/(lambda_- kappa).
     m/H     lambda_-      m^2/3H^2     T_mem*H (kappa=H)
      0.03     0.000300     0.000300        3333.00
      0.10     0.003337     0.003333         299.67
      0.30     0.030306     0.030000          33.00
      1.00     0.381966     0.333333           2.62
      1.45     1.115943     0.700833           0.90
     [small m: lambda_- -> m^2/3H^2 (Starobinsky-Yokoyama rate m^2/3H);
      m -> 3H/2: T_mem -> (2/3)/H; principal series m > 3H/2: envelope
      rate 3kappa/2, oscillation mu*kappa, mu = sqrt(m^2/H^2 - 9/4) -> m:
      the kernel scale is the FIELD MASS once m >> H (flat-massive limit).
      => the dS-tail knee is bounded by ~max(m, H-class rates).]
[A4] Rindler chord^2 (t^2-x^2 sign: timelike>0): 0  [= (4/a^2)sinh^2(as/2):
     the massive tail J1(m*chord)/chord on the worldline depends on a
     EXPLICITLY — trajectory-dependent dissipation, as flagged by agentF]
[A4] helix chord^2 = s^2 * [1 + v^2*(1 - sin^2(Om s/2)/(Om s/2)^2) + O(v^4)]
     v^2 coefficient check: 0
     Sun's reflex helix: v = a/(Omega c) = 12.45 m/s -> v^2 = 1.72e-15:
     the straight-chord (flat-comoving) tail kernel is exact to ~1.7e-15
     on the solar worldline; galactic orbit v^2 ~ 6e-7: also negligible.
[A5] rhat.(r(t)-r(t-s)) - rho(1-cos Om s) = 0
     that.(r(t)-r(t-s)) - rho sin(Om s)   = 0
     => for an acceleration vector rotating at Omega, the tail force
        response per unit |a| is filtered by (1-cos Om s)/Om^2 (in-phase)
        and sin(Om s)/Om^2 (quadrature): Omega enters EXACTLY as the
        Fourier variable conjugate to memory time.  [rho = a/Omega^2]

==============================================================================
PART B: the dS4 minimal massless tail is REAL — commutator constant
        -i H^2/4pi inside the cone (closed-form regulated mode integrals)
==============================================================================
[B1] regulated Laplace integrals, closed vs numeric (r=0.7, Deta=1, eps=0.05):
     I2: +0.06787269 vs +0.06787269
     I1: +1.05630359 vs +1.05630359
     I3: +0.26162723 vs +0.26162723
[B2] assembled commutator coefficient (2pi^2/(i H^2)) * C * r/r:
     target = -pi/2 = -1.5707963267948966  (=> C = -i H^2/4pi, CONSTANT)
     r= 0.3 Deta= 1.0 eta=-0.20 eta'=-1.20:  -1.57079478   (rel.err 9.9e-07)
     r= 0.7 Deta= 1.0 eta=-0.20 eta'=-1.20:  -1.57079497   (rel.err 8.6e-07)
     r= 0.7 Deta= 1.0 eta=-1.00 eta'=-2.00:  -1.57080851   (rel.err 7.8e-06)
     r= 0.5 Deta= 2.5 eta=-0.40 eta'=-2.90:  -1.57079567   (rel.err 4.2e-07)
     r= 2.0 Deta= 2.5 eta=-3.00 eta'=-5.50:  -1.57081096   (rel.err 9.3e-06)
     => POSITION-INDEPENDENT (eta, eta', r, Deta all drop): a PURE-MEMORY
        flat tail; the worldline memory kernel of the m=0 minimal field
        in dS is theta(s)*H^2/4pi for ALL s — the task's toy kernel is
        the EXACT m->0 limit, with the cutoff 1/H replaced by the light-
        field decay e^{-lambda_- kappa s} at small mass ([A3]).

==============================================================================
PART C: endpoint universality V(0+) = -(1/8pi)[m^2 + (xi-1/6)R]
==============================================================================
[C1] flat massive tail -(m/4pi)J1(ms)/s at s->0: -m**2/(8*pi)  = -(1/8pi) m^2  [xi-term absent, R=0]
[C2] v0 formula at dS minimal (xi=0, R=12H^2, m=0): H**2/(4*pi)  = +H^2/4pi  [MATCHES Part B magnitude]
[C3] conformal dS (xi=1/6, m=0): V(0+) = 0   [the agentF/Huygens corner sits exactly at the tail's zero]
[C4] light massive minimal in dS: V(0+) = -(1/8pi)(m^2 - 2H^2):
     sign FLIPS at m^2 = 2H^2 — the tail's endpoint (hence the leading
     quadrature coefficient K(0)) has no fixed sign: the anti-MOND
     positivity agentF proved for the Huygens bath does NOT extend to
     tails automatically.  [Adiabatic sign/shape: N1 territory, OPEN.]

==============================================================================
PART D: the memory quantum Langevin equation — structure and stability
==============================================================================
  Qdd + Om0^2 Q + lam^2 INT_0^inf [K_loc(s) + V(tau,tau-s)] Q(tau-s) ds
     = -lam phi_in(z(tau));   K_loc -> 2 gam Qd + dOm^2 Q, gam = lam^2/8pi
     (trajectory-BLIND, agentF lemma);  V = the tail: trajectory-DEPENDENT.
  Dressed internal propagator: h~(w) = 1/(Om_R^2 - w^2 - 2i gam w + lam^2 V~(w)).
  Flat-tail toy V~(w) = V0 (1 - e^{iwT})/(-iw),  V~(0) = V0*T = M0 (static).
[D1] zeros of the dressed denominator in the UPPER half-plane
     (Om_R=1, gam=0.05, T=20 i.e. knee 0.05; c_mem = lam^2 V0):
     c_mem = +0.02:  N_UHP = 0   STABLE
     c_mem = -0.02:  N_UHP = 0   STABLE
     c_mem = +0.20:  N_UHP = 2   UNSTABLE (2 pole(s) in UHP)
     c_mem = -0.20:  N_UHP = 1   UNSTABLE (1 pole(s) in UHP)
     c_mem = +1.00:  N_UHP = 2   UNSTABLE (2 pole(s) in UHP)
     c_mem = -1.00:  N_UHP = 1   UNSTABLE (1 pole(s) in UHP)
     [SHARP-cutoff toy: BOTH signs destabilize once |c_mem|*T ~ Om_R^2 —
      the abrupt kernel edge rings.  Smooth-kernel comparison below.]
[D2] smooth memory (exp kernel, V~(w) = c/(x - iw), x = 0.05): roots of
     the cubic (Om_R^2 - w^2 - 2i gam w)(x - iw) + c  [all must have Im<0]:
     c_mem = +0.200:  max Im(root) = +0.0466   UNSTABLE   [static dressed gap^2 = +5.00]
     c_mem = +1.000:  max Im(root) = +0.2915   UNSTABLE   [static dressed gap^2 = +21.00]
     c_mem = +4.000:  max Im(root) = +0.6397   UNSTABLE   [static dressed gap^2 = +81.00]
     c_mem = -0.020:  max Im(root) = -0.0300   STABLE   [static dressed gap^2 = +0.60]
     c_mem = -0.049:  max Im(root) = -0.0010   STABLE   [static dressed gap^2 = +0.02]
     c_mem = -0.051:  max Im(root) = +0.0010   UNSTABLE   [static dressed gap^2 = -0.02]
     c_mem = -0.200:  max Im(root) = +0.1433   UNSTABLE   [static dressed gap^2 = -3.00]
     c_mem = +0.090:  max Im(root) = -0.0052   STABLE   [passivity threshold 2gam(x^2+Om_R^2) = +0.100]
     c_mem = +0.110:  max Im(root) = +0.0045   UNSTABLE   [passivity threshold 2gam(x^2+Om_R^2) = +0.100]
     => TWO physical bounds, both machine-confirmed:
        (i) PASSIVITY: Im of the toy self-energy c w/(x^2+w^2) is anti-
        damping for c > 0; instability onsets at c = 2gam(x^2+Om_R^2)
        (bracketed at +0.09/+0.11 vs threshold 0.100): a PHYSICAL field
        tail must have Im(self-energy) <= 0 at w > 0 (radiation), which
        a real-positive pure-decay toy violates — the roots flag it.
        (ii) STATIC TACHYON: gap-REDUCING memory destabilizes exactly at
        Om_R^2 + V~(0) = 0 (bracketed at -0.049/-0.051): a memory-MOND
        (response-reducing) amplitude is bounded by stability.  Recorded;
        neither bound touches the worldline-inertia gate of Part E.

==============================================================================
PART E: helix response filters — adiabatic localization and the gate
==============================================================================
[E1] closed forms (K0=1):
     T1 flat:  m_R = (Omega*T - sin(Omega*T))/Omega**3 ;  m_T = (1 - cos(Omega*T))/Omega**3
     T2 exp :  m_R = 1/(varkappa*(Omega**2 + varkappa**2)) ;  m_T = 1/(Omega*(Omega**2 + varkappa**2))
     limits: m_R(0):  T1 -> T**3/6  (= INT K s^2/2 = T^3/6);   T2 -> varkappa**(-3)  (= 1/x^3)
     gate:   T2 m_R(Om)/m_R(0) = x^2/(x^2+Om^2)  — EXACT Lorentzian knee.
     high-Om: T1 -> T/Om^2, T2 -> 1/(x Om^2):  = M0/Om^2 with M0 = INT K ds
     quadrature high-Om: m_T -> K(0)/Om^3  [T2: 1/Om^3]   [p = 3]
[E2] T3 massive kernel 2J1(ms)/(ms), m=1: closed form vs direct quad:
     Om= 0.10: closed +1.002513e+00  quad +1.002437e+00   ratio 0.99992
     Om= 0.50: closed +1.071797e+00  quad +1.071789e+00   ratio 0.99999
     Om= 0.90: closed +1.392864e+00  quad +1.392881e+00   ratio 1.00001
     Om= 2.00: closed +5.000000e-01  quad +5.000014e-01   ratio 1.00000
     Om=10.00: closed +2.000000e-02  quad +2.000018e-02   ratio 1.00001
     m_R(0) = 1/m^3 = INT K s^2/2 (Abel)  [verified by the Om->0 row];
     sub-threshold gate g(Om) = 2(m/Om)^2 (1 - sqrt(1-(Om/m)^2)):
     g(0.9 m) = 1.393  [threshold bump <= 2: a system AT Om ~ m sees up to 2x the adiabatic
      response — relevant if the knee sits near a probe's frequency];
     g(10 m)  = 0.0200   [= 2(m/Om)^2: p = 2 with coefficient M0 = 2/m]
[E3] gate exponents by log-log slope (numeric, between Om/knee 100 and 3000):
     T2 m_R: p = 2.0000   (expect 2)
     T2 m_T: p = 3.0000   (expect 3)
     T1 m_R: p = 2.0015   (expect 2; sinc ripple O(1/(Om T)) on top — the SHARP-cutoff toy still gates at p=2:
              the helix filter's M0/Om^2 term dominates ANY integrable tail)
     T3 m_R: p = 2.0000   (expect 2)
[E4] adiabatic LOCALIZATION at small Om (the standard quasi-static-tail
     outcome, stated at full weight): m_R(Om) - m_R(0) ~ c2 Om^2, no |Om|
     or Om ln Om term  [T2 closed form; T3 closed form]:
     Om=  1e-03:  [m_R-m_R(0)]/Om^2:  T2 -0.999999   T3 +0.250000
     Om=  1e-02:  [m_R-m_R(0)]/Om^2:  T2 -0.999900   T3 +0.250013
     Om=  1e-01:  [m_R-m_R(0)]/Om^2:  T2 -0.990099   T3 +0.251258
     => constants: ANALYTIC in Om^2.  At Om << knee the memory force is
        indistinguishable from a LOCAL (a,H,m)-dependent inertia plus
        local gradient corrections: memory per se adds NOTHING in-band;
        the MOND shape must come from the ADIABATIC response m_resp(a,H,m)
        — whose kappa-only census protection IS broken for tails ([A2]),
        but whose sign/shape remains UNDERIVED here (N1 territory).
[E5] the slowly-varying-a functional (part 1 of the task):
     dF(tau) = -M1 dv(tau) + INT_0^inf M(u) da(tau-u) du,
     M(u) = INT_u^inf (s-u) K(s) ds   [double-integrated tail kernel].
     T2 (x=1): M(u) = e^{-u}; moments c_n = INT u^n M /n! = 1 for all n.
     SLOW (Gaussian, T_s = 25 T_mem): direct = +9.73216554e-01
                              moment-series(6) = +9.73216595e-01  MATCH
     FAST (cos(10 u/T_mem)):  response amplitude (two-phase) = 0.099504
                              predicted |M~(w)| = 1/sqrt(1+w^2) = 0.099504   ratio 1.00000
                              moment-series(6) = -9.814e+05   DIVERGES (~w^6)
     => SLOW: the moment (local/adiabatic) expansion IS the response;
        FAST: the local expansion does not exist, and the true response
        of an OSCILLATORY acceleration history is suppressed by the gate
        amplitude |M~| ~ (knee/w): the memory window AVERAGES the history;
        frequencies above the knee are erased.  [Same physics as E3.]
[E6] T4 carrier kernel K = e^{-x s} cos(Om0 s) (gapped detector, gap Om0):
     Om0=     0.0: m_R(Om=1e-3,1,30,1000) = +1.000e+00, +5.000e-01, +1.110e-03, +1.000e-06
     Om0=     0.5: m_R(Om=1e-3,1,30,1000) = +1.280e-01, +2.462e-01, +8.877e-04, +8.000e-07
     Om0= 10000.0: m_R(Om=1e-3,1,30,1000) = -3.000e-16, -3.000e-16, -3.000e-16, -3.051e-16
     => Om0 = 0 (charge/self-force-type coupling, Quinn/Galley-Hu class):
        knee at x as in T2.  Om0 >> x OFF-resonant: response collapses by
        ~(x/Om0)^4-class and the knee MIGRATES to ~Om0 (no astronomical
        gate).  The astronomically-gated memory inertia therefore lives in
        the SOFT/charge-type sector (or resonant |Om0 - m| <~ knee), not
        in far-detuned gapped dressing — a structural restriction, recorded.

==============================================================================
PART F: the data window — agentE's solar kill vs RAR flatness (SI units)
==============================================================================
[F0] footings: H_Lambda = 1.807e-18 s^-1 ; H_0 = 2.185e-18 s^-1
[F1] frequency ladder (s^-1):
     H_Lambda            = 1.807e-18   (1/H = 17.5 Gyr)
     RAR MOND band       = [1.56e-17, 4.68e-15]   (= [9, 2589] H)
     Sun galactic orbit  = 9.21e-16
     wide binaries       = 2.44e-13   (10 kAU, 1.5 Msun)
     outer-halo GC       = 1.33e-14
     cluster crossing    = 3.24e-17
     Saturn line         = 6.761e-09
     J-S synodic line    = 1.003e-08
     Jupiter line (main) = 1.678e-08
     => solar reflex vs galactic band: 3.6e+06x ... 1.1e+09x apart in frequency
[F2] solar gate requirement (F4 shape, agentE survival line):
     |dm/m|(Sun): framework 1.002e-07 ; hostile 3.358e-06
     allowed    : 1.178e-08 (conservative) .. 1.617e-08 (kitchen-sink)
     gate factor needed: framework x8.5 (cons) / x6.2 (ks)
                         hostile   x285 (cons) / x208 (ks)
     [consistency: framework x8.5 = agentE's x8.5 residual excess]
[F3] knee CEILINGS x_max = Om_line/sqrt(G_need-1)  [T2-Lorentzian gate]:
     Jupiter 11.86yr:  framework 6.13e-09   hostile 9.96e-10
     J-S syn 19.86yr:  framework 3.66e-09   hostile 5.95e-10
     Saturn 29.45yr:  framework 2.47e-09   hostile 4.01e-10
     T3 (massive, 2(m/Om)^2 gate): framework 1.64e-09   hostile 2.83e-10
[F4] knee FLOOR from RAR flatness (gate >= 0.95 across the MOND band;
     deep-MOND: dlog g_obs = 0.5 dlog a0_eff: 5% gate tilt = 0.011 dex,
     inside the 0.057-dex observed RAR scatter budget):
     x_min = Om_band_top/0.2294 = 2.04e-14 s^-1
[F5] THE WINDOW (knee x = sqrt(2 M0/M2), the kernel scale):
     framework: [2.04e-14, 2.47e-09] s^-1  = 5.1 decades  -> NON-EMPTY
     hostile  : [2.04e-14, 4.01e-10] s^-1  = 4.3 decades  -> NON-EMPTY
     memory time T_mem = 1/x: between 13 yr (fw ceiling) / 79 yr (hostile) and 1.6 Myr (floor)
     field-mass window (knee = mass scale, self-force/soft sector):
       framework: mc^2 in [1.3e-29, 1.6e-24] eV
       hostile  : mc^2 in [1.3e-29, 2.6e-25] eV
     [m >> H throughout: principal series; dS corrections O(H/m)^2 <= 8e-09 — the flat-massive tail analysis is valid]
[F6] the PURE-dS tail (the task's 1/H toy; any m <~ H field):
     max knee ~ 3H/2 = 2.71e-18 (Lambda) / 3.28e-18 (total):
     misses the floor by 3.88 / 3.79 decades  [footing-robust]
     in-band gate at x = H_Lambda: g(bottom) = 1.32e-02, g(top) = 1.49e-07
     => a0_eff tilt ACROSS the RAR band: x88808 = 4.9 dex (g_obs tilt ~2.5 dex)
        vs observed total RAR scatter 0.057-0.11 dex: DEAD by >>10x.
     clusters vs galaxies: g(cluster)/g(band-mid) = 949x
        (a0_eff ~10^3 LARGER in clusters; data allow ~2x): absurd. DEAD.
     absolute galactic suppression at x = H: 1/g(mid) = 306115x
        amplitude boost required — and everything slower (clusters,
        cosmological flows) overshoots by its own (Om)^-2. DEAD.
     ==> the dS light-field tail CANNOT serve as the gate: the knee
         MUST be a NEW scale (a field mass), 4-9 decades above H.
[F7] quadrature (dissipative) channel at the reactive ceiling
     [m_T/m_R(0) = x^3/(Om(x^2+Om^2)), p=3; allowance = 1/G_need]:
     framework: 0.043 vs allowed 0.118  -> margin x2.7  PASS
     hostile  : 0.0002 vs allowed 0.0035  -> margin x16.9  PASS
     [caveat: assumes quadrature fit-sensitivity ~ in-phase; a true
      re-fit with the gated template is the registry follow-up]
[F8] discriminators inside the window:
     wide binaries at 2.4e-13 s^-1: knee > 7.3e-13 (mc^2 > 4.8e-28 eV) -> WBs MONDian;
       knee < 8.1e-14 (mc^2 < 5.4e-29 eV) -> WBs Newtonian:
       the contested Gaia WB signal is a KNEE-POSITION measurement.
     outer-halo GCs at 1.3e-14 ~ the floor: knees near the floor
       suppress GC MONDianity (GCs are observed Newtonian — usually
       attributed to EFE; a knee just above the band mimics this). FLAG.
     Sun's galactic acceleration (9.2e-16 s^-1, quasi-DC over
       T_mem): passes the gate at FULL strength but is common-mode
       across the solar system: no internal ephemeris residual.

==============================================================================
RAW SUMMARY (no tuning anywhere):
  - tails: dissipation kernel = trajectory-dependent memory ([A2],[A4]);
    single-a prefactor survives ([A1]); kappa-only census premise FAILS
  - dS m=0 minimal tail = constant H^2/4pi inside the cone ([B]): the
    flat-tail toy is exact; endpoint V(0+) = -(1/8pi)[m^2+(xi-1/6)R] ([C])
  - memory Langevin: smooth memory stable up to the static-tachyon point
    (gap-reducing amplitude bounded by stability); sharp-cutoff toy rings ([D])
  - helix filters: m_R(0) = INT K s^2/2 (LOCAL, analytic in Om^2 — the
    standard quasi-static localization, full weight); gate m_R -> M0/Om^2:
    p = 2 UNIVERSAL (sharp AND smooth kernels); m_T -> K(0)/Om^3: p = 3;
    moment expansion valid slow, fails fast, response averaged out ([E])
  - window for the knee: [2.0e-14, 2.5e-9] s^-1 (framework, conservative)
    [2.0e-14, 4.0e-10] (hostile): NON-EMPTY, 4.3-5.1 decades;
    mc^2 ~ [1.3e-29, 1.6e-24] eV; T_mem ~ decades..1.6 Myr ([F])
  - the PURE-dS tail (knee <= 3H/2) misses the window by ~3.9 decades,
    tilts the RAR by ~4.9 dex, overdrives clusters x1000: EXCLUDED ([F6])
==============================================================================
