/opt/homebrew/Caskroom/miniconda/base/lib/python3.13/site-packages/scipy/integrate/_quadpack_py.py:1260: IntegrationWarning: The algorithm does not converge.  Roundoff error is detected
  in the extrapolation table.  It is assumed that the requested tolerance
  cannot be achieved, and that the returned result (if full_output = 1) is 
  the best which can be obtained.
  quad_r = quad(f, low, high, args=args, full_output=self.full_output,
####################################################################################################
# DEW nonlocal-metric MOND (arXiv:2512.10513) vs Cassini 2026 quadrupole -- Door II decision calc
####################################################################################################
  Cassini 2026: Q2 = (1.6 +/- 1.8)e-27 s^-2; 2-sigma ceiling 5.2e-27
  g_ext = 2.15e-10 m/s^2 (pre-registered), robustness [2e-10, 2.15e-10, 2.32e-10, 2.48e-10]
  footings: a0(DEW own) = 1.200e-10; a0(framework) = 9.3623e-11

====================================================================================================
PART 1  the DEW static-limit AQUAL mu (derived; two routes agree)
====================================================================================================
  mu(g) = 1 - exp(-y)(1 - y/2),  y = 2g/(3 a0)   [from f(Z)=Z/2 exp(-sqrt(Z)/3), mu = 1-2f'(Z)]
    g/a0    mu_DEW  mu_simple  mu_standard
   0.100    0.0957     0.0909       0.0995
   0.500    0.4029     0.3333       0.4472
   1.000    0.6577     0.5000       0.7071
   1.792    0.8781     0.6418       0.8732
   2.297    0.9493     0.6967       0.9169
   3.000    1.0000     0.7500       0.9487
   5.000    1.0238     0.8333       0.9806
  10.000    1.0030     0.9091       0.9950
  NOTE mu_DEW > 1 for g > 3a0 (anti-MOND overshoot, max 1.0249 at 4.5a0): sign-mixed EFE source.

====================================================================================================
PART 2  VALIDATION: Desmond eq(10)-(12) on RAR & simple nu (repo-verified anchors)
====================================================================================================
  target: q ~ 0.21-0.27, Q2 ~ 3-5e-26 (CASSINI_QUADRUPOLE_CONSTRAINT.md, 10-facet audited;
          Desmond+2024 Tab 1 ~2.9e-26; Hees+2016 3.5-4.4e-26)
  RAR nu     a0=1.200e-10: etilde=1.792 eN=1.190 q=-0.2720  Q2=+4.654e-26  ( 25.0 sigma over Cassini)
  RAR nu     a0=9.362e-11: etilde=2.296 eN=1.664 q=-0.2481  Q2=+2.926e-26  ( 15.4 sigma over Cassini)
  simple nu  a0=1.200e-10: etilde=1.792 eN=1.150 q=-0.2849  Q2=+4.876e-26  ( 26.2 sigma over Cassini)
  simple nu  a0=9.362e-11: etilde=2.296 eN=1.600 q=-0.2657  Q2=+3.134e-26  ( 16.5 sigma over Cassini)

====================================================================================================
PART 3  DEW published f(Z): Q2 via the verified q-integral (QUMOND-equivalent nu)
====================================================================================================
          a0     g_ext  etilde     eN        q    Q2 [s^-2]  |Q2|/2sig   sigma   boost
   1.200e-10  2.00e-10   1.667  1.423  -0.1452   +2.485e-26       4.8x    12.9    5.9%
   1.200e-10  2.15e-10   1.792  1.573  -0.1322   +2.262e-26       4.3x    11.7    3.6% <-- PRE-REG
   1.200e-10  2.32e-10   1.933  1.744  -0.1184   +2.026e-26       3.9x    10.4    1.6%
   1.200e-10  2.48e-10   2.067  1.905  -0.1063   +1.819e-26       3.5x     9.2    0.0%
   9.362e-11  2.00e-10   2.136  1.988  -0.1003   +1.183e-26       2.3x     5.7   -0.6%
   9.362e-11  2.15e-10   2.296  2.180  -0.0875   +1.031e-26       2.0x     4.8   -1.8% <-- PRE-REG
   9.362e-11  2.32e-10   2.478  2.395  -0.0742   +8.748e-27       1.7x     4.0   -2.8%
   9.362e-11  2.48e-10   2.649  2.596  -0.0629   +7.415e-27       1.4x     3.2   -3.4%

====================================================================================================
PART 4  direct nonlinear AQUAL solve (Picard+Legendre), validation then DEW
====================================================================================================
  validation on mu_simple (vs QUMOND nu_simple above; literature: same ballpark, ~10-30% apart):
    AQUAL mu_simple  a0=1.20e-10: Q2_dimless=+0.3739 -> Q2=+4.265e-26 s^-2  (iters 69, plateau spread 1.9%)
    QUMOND same fn ratio AQUAL/QUMOND = 0.875
  validation on mu_standard:
    AQUAL mu_standard a0=1.20e-10: Q2=+2.269e-26 s^-2 (iters 49, spread 0.2%)
  DEW published f(Z), both footings:
    AQUAL mu_DEW a0=1.200e-10 (etilde=1.792): Q2_dimless=+0.2451 -> Q2=+2.796e-26 s^-2  (14.6 sigma; 5.4x 2sig)  [iters 51, spread 0.0%]
    AQUAL mu_DEW a0=9.362e-11 (etilde=2.296): Q2_dimless=+0.2207 -> Q2=+1.735e-26 s^-2  (8.8 sigma; 3.3x 2sig)  [iters 42, spread 0.0%]

====================================================================================================
PART 5  family scan mu_alpha (alpha=0 published 2026; alpha=1 published 2011 ex2)
====================================================================================================
  Tension convention: SIGNED, sigma = |Q2_pred - 1.6e-27|/1.8e-27 (PASS = within 2 sigma).
  SPARC: 3389 points, 175 galaxies; bin SEs ~0.009 dex
  benchmark RAR-nu (binned rms / chi2_bin / unbinned dex):
    Y=0.5 (standard)         a0=1.20e-10: rms=0.0249  chi2/bin=     6.1  unbinned=0.1989
    Y=0.5 (standard)         a0=9.36e-11: rms=0.0301  chi2/bin=     7.6  unbinned=0.1953
    Y=0.7 (framework conv.)  a0=1.20e-10: rms=0.0732  chi2/bin=    74.1  unbinned=0.2188
    Y=0.7 (framework conv.)  a0=9.36e-11: rms=0.0516  chi2/bin=    25.5  unbinned=0.2048

  AQUAL alpha scan (direct nonlinear solve; QUMOND proxy in parens), g_ext=2.15e-10:
   alpha |  Q2_AQUAL(a0 own)    sig |  Q2_AQUAL(a0 frm)    sig | rms Y.5/a0d  chi2/bin | rms Y.7/a0f  chi2/bin
    0.00 |   +2.796e-26   (+2.3e-26)  14.6 |      +1.735e-26     8.8 |      0.0482      32.4 |      0.0400       6.8
    0.25 |   +1.499e-26   (+1.1e-26)   7.4 |      +3.185e-27 P   0.9 |      0.0644      61.1 |      0.0506      21.9
    0.40 |   +8.734e-27   (+5.8e-27)   4.0 |      -2.120e-27     2.1 |      0.0707      74.8 |      0.0560      32.0
    0.50 |   +5.242e-27   (+3.3e-27)   2.0 |      -4.574e-27     3.4 |      0.0742      83.4 |      0.0592      38.8
    0.60 |   +2.242e-27 P (+1.2e-27)   0.4 |      -6.334e-27     4.4 |      0.0775      91.8 |      0.0623      45.6
    0.75 |   -1.438e-27 P (-1.2e-27)   1.7 |      -7.956e-27     5.3 |      0.0820     104.3 |      0.0665      55.7
    1.00 |   -5.755e-27   (-3.9e-27)   4.1 |      -8.806e-27     5.8 |      0.0887     124.5 |      0.0730      72.3
    1.50 |   -9.623e-27   (-6.2e-27)   6.2 |      -7.393e-27     5.0 |      0.0993     161.9 |      0.0839     103.2
    2.00 |   -9.916e-27   (-6.5e-27)   6.4 |      -5.249e-27     3.8 |      0.1074     195.2 |      0.0928     130.8
    [P = passes the 2026 measurement at 2 sigma]

  g_ext fragility of the passing window (AQUAL, a0 = DEW's own 1.20e-10):
   alpha      2.00      2.15      2.32      2.48   (g_ext / 1e-10; entries Q2 [1e-27], * = pass)
    0.40    +11.4      +8.7      +5.5      +2.3*
    0.50     +8.2      +5.2      +1.8*     -1.4*
    0.60     +5.3      +2.2*     -1.3*     -4.4 
    0.75     +1.7*     -1.4*     -4.8      -7.7 
    1.00     -2.8      -5.8      -8.6     -10.7 

====================================================================================================
PART 6  VERDICT inputs (fork: >=1e-26 robust -> re-close; <=1e-27 RAR-compatible -> leads)
====================================================================================================
  PUBLISHED 2026 f(Z), g_ext=2.15e-10:
    QUMOND-equiv:  Q2(own a0) = +2.262e-26 (11.7 sig)   Q2(framework a0) = +1.031e-26 (4.8 sig)
    direct AQUAL:  Q2(own a0) = +2.796e-26 (14.6 sig)   Q2(framework a0) = +1.735e-26 (8.8 sig)
    [published 2011 example2 = alpha=1 row of the scan above]
  Cassini 2026:  Q2 = (+1.6 +/- 1.8)e-27; 2-sigma window [-2.0e-27, +5.2e-27]
  RAR cost of sharpening into the passing window: read chi2/bin columns above.
####################################################################################################
