L1 hypercharge multiset on the 16 (Y = a.q): {Fraction(-2, 3): 3, Fraction(-1, 2): 2, Fraction(0, 1): 1, Fraction(1, 6): 6, Fraction(1, 3): 3, Fraction(1, 1): 1}
[PASS] L1a the 16 reproduces the SM hypercharge multiset (Q 1/6 x6, u^c -2/3 x3, d^c 1/3 x3, L -1/2 x2, e^c 1, nu^c 0) 
   k_Y = sum a_i^2 = 5/6
[FAIL] L1b k_Y = 5/3 exactly for the SU(5)/SO(10) embedding 
   Q_L: Y = 1/6 (expected 1/6)
   u_R: Y = -2/3 (expected -2/3)
   d_R: Y = 1/3 (expected 1/3)
   L_L: Y = -1/2 (expected -1/2)
   e_R: Y = 1 (expected 1)
   H+: Y = 1/2 (expected 1/2)
   H-: Y = -1/2 (expected -1/2)
   k_Y = 77/96
[PASS] L2a Dienes 5.18 rows give the SM hypercharges under Y = 5/12 (Q1+Q2+Q3) + 3/8 (Q4+Q5) 
[FAIL] L2b k_Y = 77/48 < 5/3 for this Z/4 embedding (Dienes: 'kY = 77/48') 

L3 tree-level ratios at the string scale (alpha_i = alpha_G/k_i):
   k_Y      k_2  sin^2 theta_W(M_s)=k_2/(k_2+k_Y)   alpha_em(M_s)/alpha_G = 1/(k_2+k_Y)
   5/3      1    3/8 = 0.37500                    3/8 = 0.37500
   77/48    1    48/125 = 0.38400                    48/125 = 0.38400
   11/3     1    3/14 = 0.21429                    3/14 = 0.21429
   14/3     1    3/17 = 0.17647                    3/17 = 0.17647
[PASS] L3 k_Y = 5/3, k_2 = 1 gives sin^2 theta_W = 3/8 and alpha_em = (3/8) alpha_G (matches lane G) 
   => the level changes alpha_em(M_s)/alpha_G by O(1) factors (0.384 ... 0.176 over the listed values) and is a DISCRETE embedding choice; it does not fix alpha_G.

L4 allowed k_Y from k3/3 + k2/4 + kY/4 = 0 mod 1 (kY < 6):
   (k2,k3)=(1,1): k_Y in ['5/3', '17/3']
   (k2,k3)=(2,2): k_Y in ['10/3']
[PASS] L4 minimum allowed k_Y is 5/3 for (1,1) and 10/3 for (2,2) (Dienes: 5.23 and the following text) 
[PASS] L5 dim SO(32) = 496 = dim E8 x E8 (the anomaly-cancelling groups; an INTEGER statement) 
   Statement of structure (RECALLED, Green-Schwarz 1984, not derived here): anomaly cancellation quantises the gauge group and the coefficients of the counterterm; the dilaton enters the
   gauge kinetic term as e^{-2 phi} tr F^2 and is untouched by the cancellation, so the GS condition adds no equation for the coupling (same 'integer, not real' verdict as lane G).

SUMMARY: 5/7 checks pass [MUTATE]
