CFG567 census [MUTATE (Q3 relaxed)]  rows 60 (primary-band rows 15)
C1 (KURVS-type synthetic row fails Q1): PASS
C2 (thresholds within 10% of kernels at y=3/0.3): FAIL  {"P2": {"g_y3": 3.464, "g_y03": 0.624, "inner_dev": 0.01, "outer_dev": 0.135}, "expRAR": {"g_y3": 3.645, "g_y03": 0.711, "inner_dev": 0.041, "outer_dev": 0.293}, "nu_mono": {"g_y3": 3.651, "g_y03": 0.711, "inner_dev": 0.043, "outer_dev": 0.293}}
qualifying (Q1-Q6, z 1.5-3.0): 0   report band (z 3-4.5): 0
qualified-not-obtainable: 0   primary rows with no FAIL: 0
Q1 PASS anywhere: 0   Q1 UNKNOWN: 8
near-misses (>=3 of Q1-Q5): ['A1', 'A2', 'A3', 'A4', 'A5', 'A6', 'A7', 'A8', 'R1', 'R2', 'R3', 'S4', 'G1', 'G2', 'G3', 'G4', 'G5', 'G6', 'G7', 'G8', 'G9', 'G10', 'G11', 'G12', 'G13', 'G14', 'G15', 'G16', 'G17', 'G18', 'G19', 'G20', 'G21', 'G22', 'G23', 'G24', 'G25', 'G26', 'G27', 'G28', 'G29', 'G30', 'G31', 'G32', 'G33', 'G34', 'G35', 'G36', 'G37']
sensitivity (outer threshold 0.711 a0): qualifying 0
corridor R_out needed (kpc) per flat V: {"100": {"frozen_0p55_lo": 6.3, "y03_lenient": 4.9}, "125": {"frozen_0p55_lo": 9.8, "y03_lenient": 7.6}, "150": {"frozen_0p55_lo": 14.2, "y03_lenient": 11.0}, "175": {"frozen_0p55_lo": 19.3, "y03_lenient": 14.9}, "200": {"frozen_0p55_lo": 25.2, "y03_lenient": 19.5}, "250": {"frozen_0p55_lo": 39.3, "y03_lenient": 30.4}, "300": {"frozen_0p55_lo": 56.7, "y03_lenient": 43.8}}
corridor V_in needed at R_in (km/s): {"0.5": 78.2, "1.0": 110.5, "1.5": 135.4, "2.0": 156.3}
closest Q1 rows (smallest g_out/a0_lo):
  G10     RC41 COS3_22796                    z 0.67-2.45 g_out/a0lo   0.48  Q1 UNKNOWN Q3 PASS  lacks: gas from scaling relations, no resolved profile; Halpha only
  G5      RC41 GS4_13143                     z 0.67-2.45 g_out/a0lo   0.52  Q1 UNKNOWN Q3 PASS  lacks: gas from scaling relations, no resolved profile; Halpha only
  G26     RC41 zC_405501                     z 0.67-2.45 g_out/a0lo   0.56  Q1 FAIL    Q3 PASS  lacks: gas from scaling relations, no resolved profile; Halpha only
  G6      RC41 U3_05138                      z 0.67-2.45 g_out/a0lo   0.65  Q1 FAIL    Q3 PASS  lacks: gas from scaling relations, no resolved profile; Halpha only
  G7      RC41 GS4_03228                     z 0.67-2.45 g_out/a0lo   0.69  Q1 FAIL    Q3 PASS  lacks: gas from scaling relations, no resolved profile; Halpha only
  G11     RC41 U3_15226                      z 0.67-2.45 g_out/a0lo   0.76  Q1 FAIL    Q3 PASS  lacks: gas from scaling relations, no resolved profile; Halpha only
  G27     RC41 SSA22_MD41                    z 0.67-2.45 g_out/a0lo   0.83  Q1 FAIL    Q3 PASS  lacks: gas from scaling relations, no resolved profile; Halpha only
  G15     RC41 EGS_13035123                  z 0.67-2.45 g_out/a0lo   0.91  Q1 FAIL    Q3 PASS  lacks: gas from scaling relations, no resolved profile
VERDICT: CENSUS ONLY: NONE
MUTATE: qualifying frozen 0 -> relaxed 0; no-FAIL rows frozen 0 -> relaxed 0 (post-freeze diagnostic)
MUTATE NOT DETECTED by the frozen count: Q3 is not the binding rule (Q1 binds).
