==============================================================================================================
CFG517 clusters vs the Milky Way's predicted cold-energy column  PRIMARY
==============================================================================================================
McMillan17 baryons on CFG514's grid: M_b = 6.6418e+10 Msun (CFG514: 6.64e10)
  ROUND_canonical: angle-averaged profile M(<120 kpc) vs grid cell sum: +0.259%
  ROUND_alt: angle-averaged profile M(<120 kpc) vs grid cell sum: +0.259%
column tables built (2 s)

--- M0 map controls
  ROUND_canonical  plane/pole x1.45  GC/anticentre x5.46  |b|>=20: psi<70 / psi>110 x2.39  C range 59-281 Msun/pc^2  max ln C spread in 1-deg psi bins 0.0102
  DISC_canonical   plane/pole x3.48  GC/anticentre x3.15  |b|>=20: psi<70 / psi>110 x1.79  C range 75-246 Msun/pc^2  max ln C spread in 1-deg psi bins 0.6014
  ROUND_alt        plane/pole x1.48  GC/anticentre x5.80  |b|>=20: psi<70 / psi>110 x2.43  C range 65-325 Msun/pc^2  max ln C spread in 1-deg psi bins 0.0120
  DISC_alt         plane/pole x3.61  GC/anticentre x3.29  |b|>=20: psi<70 / psi>110 x1.80  C range 84-281 Msun/pc^2  max ln C spread in 1-deg psi bins 0.6079
  [FAIL] M0a ROUND map is a function of psi only (ln C spread in 1-deg psi bins < 1%)
  [FAIL] M0b DISC map reproduces CFG514 O9 GC/AC and plane/pole ratios: max dev 7.16% (< 5%)
  post-freeze diagnostics (not frozen; added after M0a/M0b failed on the first run):
  [PASS] M0a' (post-freeze, correctly specified) ROUND map deviates from a pure function of psi by 0.0017 in ln C (< 0.01); angle-averaged M(<120) vs grid +0.259% / +0.259% (< 1%)
    ROUND_canonical: |ln C(l,b) - ln C(psi, b=0)| max 0.0017 (all sky), 0.0002 (|b| >= 15); a pure function of psi has a 1-deg-bin spread of 0.0104 from its gradient alone
    ROUND_alt: |ln C(l,b) - ln C(psi, b=0)| max 0.0020 (all sky), 0.0002 (|b| >= 15); a pure function of psi has a 1-deg-bin spread of 0.0122 from its gradient alone
    DISC_canonical on CFG514's O9 cells: GC/AC x3.065, plane/pole x3.305, pole column 89.4 (CFG514: 3.053, 3.246)
    DISC_alt on CFG514's O9 cells: GC/AC x3.199, plane/pole x3.431, pole column 100.0 (CFG514: 3.187, 3.369)

--- SFD dust per NSIDE-32 pixel (mean of 64 NSIDE-256 sub-pixel centres)
  E(B-V) median at |b|>=20: 0.042; NGP-region mean 0.018

--- catalogues (on disk)
  PSZ2           N = 1653
  PSZ2_z         N = 1094
  PSZ2_COSMO     N = 507
  eRASS1         N = 6473
  eRASS1_all     N = 12247
  eRASS1_EXT12   N = 3386
  MCXC           N = 1743
  [PASS] catalogue sizes PSZ2 1653 (1653), eRASS1 12247 (12247)

==============================================================================================================
CELLS: beta = d ln(density) / d ln(cold column) at fixed |b| band x hemisphere, dust, ecliptic latitude
==============================================================================================================
  catalogue     mask map               Npix   Ncl     beta     sP   phi  s_rot  sigma      z   S(top vs bottom tercile) [95%]       max|corr nuis|  [post-freeze info: z Poisson-only; fraction of the 29 rotations with beta below]
  PSZ2          M-P  ROUND_canonical   7445  1241  -0.1895 0.0929  1.02 0.4403 0.4403  -0.43   +0.132 [-0.656, +0.545]   0.27   zP -2.01  rank 0.00
  PSZ2          M-P  DISC_canonical    7445  1241  -0.2955 0.1398  1.02 0.4720 0.4720  -0.63   +0.145 [-0.395, +0.475]   0.45   zP -2.09  rank 0.07
  PSZ2          M-P  ROUND_alt         7445  1241  -0.1873 0.0913  1.02 0.4246 0.4246  -0.44   +0.133 [-0.634, +0.540]   0.27   zP -2.03  rank 0.00
  PSZ2          M-P  DISC_alt          7445  1241  -0.2958 0.1392  1.02 0.4622 0.4622  -0.64   +0.146 [-0.384, +0.473]   0.45   zP -2.10  rank 0.07
  PSZ2          M-1  ROUND_canonical   5766   970  -0.1003 0.1154  1.02 0.5447 0.5447  -0.18   +0.065 [-0.903, +0.540]   0.25   zP -0.86  rank 0.10
  PSZ2          M-1  ROUND_alt         5766   970  -0.0994 0.1135  1.02 0.5305 0.5305  -0.19   +0.065 [-0.888, +0.537]   0.25   zP -0.87  rank 0.10
  PSZ2          M-2  ROUND_canonical   8715  1414  -0.1099 0.0797  1.04 0.3422 0.3422  -0.32   +0.086 [-0.580, +0.471]   0.20   zP -1.35  rank 0.00
  PSZ2          M-2  ROUND_alt         8715  1414  -0.1092 0.0783  1.04 0.3277 0.3277  -0.33   +0.087 [-0.557, +0.464]   0.20   zP -1.37  rank 0.00
  PSZ2_z        M-P  ROUND_canonical   7445   933  -0.2075 0.1104  1.04 0.4561 0.4561  -0.45   +0.144 [-0.672, +0.562]   0.27   zP -1.84  rank 0.10
  PSZ2_z        M-P  ROUND_alt         7445   933  -0.2049 0.1084  1.04 0.4409 0.4409  -0.46   +0.144 [-0.652, +0.557]   0.27   zP -1.85  rank 0.10
  PSZ2_z        M-1  ROUND_canonical   5766   748  -0.0884 0.1341  1.03 0.6061 0.6061  -0.15   +0.057 [-1.077, +0.572]   0.25   zP -0.65  rank 0.00
  PSZ2_z        M-1  ROUND_alt         5766   748  -0.0877 0.1318  1.03 0.5888 0.5888  -0.15   +0.058 [-1.056, +0.568]   0.25   zP -0.66  rank 0.00
  PSZ2_z        M-2  ROUND_canonical   8715  1008  -0.1603 0.1011  1.04 0.3281 0.3281  -0.49   +0.123 [-0.483, +0.481]   0.20   zP -1.55  rank 0.10
  PSZ2_z        M-2  ROUND_alt         8715  1008  -0.1584 0.0993  1.04 0.3155 0.3155  -0.50   +0.123 [-0.466, +0.476]   0.20   zP -1.56  rank 0.10
  PSZ2_COSMO    M-P  ROUND_canonical   7445   471  -0.0506 0.1588  1.01 0.3926 0.3926  -0.13   +0.037 [-0.713, +0.459]   0.27   zP -0.32  rank 0.31
  PSZ2_COSMO    M-P  ROUND_alt         7445   471  -0.0512 0.1560  1.01 0.3813 0.3813  -0.13   +0.038 [-0.699, +0.456]   0.27   zP -0.33  rank 0.31
  PSZ2_COSMO    M-1  ROUND_canonical   5766   373  +0.1731 0.1929  1.00 0.7728 0.7728  +0.22   -0.122 [-2.072, +0.590]   0.25   zP +0.90  rank 0.55
  PSZ2_COSMO    M-1  ROUND_alt         5766   373  +0.1691 0.1896  1.00 0.7536 0.7536  +0.22   -0.121 [-2.042, +0.587]   0.25   zP +0.89  rank 0.55
  PSZ2_COSMO    M-2  ROUND_canonical   8715   499  -0.0277 0.1499  0.95 0.2830 0.2830  -0.10   +0.022 [-0.538, +0.378]   0.20   zP -0.18  rank 0.38
  PSZ2_COSMO    M-2  ROUND_alt         8715   499  -0.0283 0.1472  0.95 0.2747 0.2747  -0.10   +0.023 [-0.528, +0.376]   0.20   zP -0.19  rank 0.38
  eRASS1        M-P  ROUND_canonical   3743  5904  -0.1860 0.0490  1.37 0.8942 0.8942  -0.21   +0.131 [-2.272, +0.769]   0.34   zP -3.24  rank 0.21
  eRASS1        M-P  DISC_canonical    3743  5904  -0.3018 0.0745  1.37 0.6762 0.6762  -0.45   +0.147 [-0.716, +0.576]   0.51   zP -3.46  rank 0.28
  eRASS1        M-P  ROUND_alt         3743  5904  -0.1828 0.0481  1.37 0.8810 0.8810  -0.21   +0.131 [-2.282, +0.770]   0.34   zP -3.25  rank 0.21
  eRASS1        M-P  DISC_alt          3743  5904  -0.3010 0.0741  1.37 0.6655 0.6655  -0.45   +0.148 [-0.704, +0.574]   0.51   zP -3.47  rank 0.28
  eRASS1        M-1  ROUND_canonical   2900  4665  -0.3520 0.0602  1.36 1.2463 1.2463  -0.28   +0.207 [-2.975, +0.842]   0.29   zP -5.01  rank 0.34
  eRASS1        M-1  ROUND_alt         2900  4665  -0.3462 0.0591  1.36 1.2275 1.2275  -0.28   +0.207 [-2.980, +0.842]   0.29   zP -5.02  rank 0.34
  eRASS1        M-2  ROUND_canonical   4363  6320  -0.2203 0.0460  1.41 0.9284 0.9284  -0.24   +0.166 [-2.736, +0.814]   0.30   zP -4.03  rank 0.21
  eRASS1        M-2  ROUND_alt         4363  6320  -0.2168 0.0452  1.41 0.9148 0.9148  -0.24   +0.166 [-2.753, +0.815]   0.30   zP -4.04  rank 0.21
  eRASS1_all    M-P  ROUND_canonical   3743 11250  -0.1479 0.0347  1.59 0.7672 0.7672  -0.19   +0.106 [-1.790, +0.713]   0.34   zP -3.39  rank 0.17
  eRASS1_all    M-P  ROUND_alt         3743 11250  -0.1454 0.0341  1.59 0.7569 0.7569  -0.19   +0.106 [-1.801, +0.715]   0.34   zP -3.39  rank 0.17
  eRASS1_all    M-1  ROUND_canonical   2900  8878  -0.2736 0.0429  1.56 1.0322 1.0322  -0.27   +0.165 [-2.173, +0.780]   0.29   zP -5.10  rank 0.34
  eRASS1_all    M-1  ROUND_alt         2900  8878  -0.2691 0.0422  1.56 1.0175 1.0175  -0.26   +0.165 [-2.180, +0.781]   0.29   zP -5.10  rank 0.34
  eRASS1_all    M-2  ROUND_canonical   4363 12023  -0.1799 0.0328  1.66 0.8224 0.8224  -0.22   +0.138 [-2.255, +0.772]   0.30   zP -4.27  rank 0.21
  eRASS1_all    M-2  ROUND_alt         4363 12023  -0.1772 0.0321  1.66 0.8111 0.8111  -0.22   +0.138 [-2.272, +0.773]   0.30   zP -4.28  rank 0.21
  eRASS1_EXT12  M-P  ROUND_canonical   3743  3036  -0.2073 0.0699  1.24 1.0584 1.0584  -0.20   +0.145 [-3.108, +0.822]   0.34   zP -2.66  rank 0.17
  eRASS1_EXT12  M-P  ROUND_alt         3743  3036  -0.2039 0.0686  1.24 1.0443 1.0443  -0.20   +0.145 [-3.132, +0.823]   0.34   zP -2.66  rank 0.17
  eRASS1_EXT12  M-1  ROUND_canonical   2900  2393  -0.3779 0.0849  1.25 1.3741 1.3741  -0.28   +0.221 [-3.609, +0.868]   0.29   zP -3.98  rank 0.34
  eRASS1_EXT12  M-1  ROUND_alt         2900  2393  -0.3717 0.0834  1.25 1.3535 1.3535  -0.27   +0.221 [-3.617, +0.868]   0.29   zP -3.98  rank 0.34
  eRASS1_EXT12  M-2  ROUND_canonical   4363  3269  -0.2440 0.0650  1.27 1.0679 1.0679  -0.23   +0.182 [-3.590, +0.854]   0.30   zP -3.33  rank 0.21
  eRASS1_EXT12  M-2  ROUND_alt         4363  3269  -0.2400 0.0638  1.27 1.0534 1.0534  -0.23   +0.182 [-3.623, +0.855]   0.30   zP -3.34  rank 0.21
  MCXC          M-P  ROUND_canonical   7445  1561  -0.2312 0.0869  1.27 0.3823 0.3823  -0.60   +0.159 [-0.474, +0.520]   0.27   zP -2.36  rank 0.24
  MCXC          M-P  DISC_canonical    7445  1561  -0.3629 0.1308  1.27 0.5066 0.5066  -0.72   +0.174 [-0.395, +0.511]   0.45   zP -2.46  rank 0.31
  MCXC          M-P  ROUND_alt         7445  1561  -0.2274 0.0854  1.27 0.3707 0.3707  -0.61   +0.159 [-0.463, +0.516]   0.27   zP -2.36  rank 0.17
  MCXC          M-P  DISC_alt          7445  1561  -0.3620 0.1303  1.27 0.4987 0.4987  -0.73   +0.175 [-0.388, +0.510]   0.45   zP -2.47  rank 0.31
  MCXC          M-1  ROUND_canonical   5766  1307  -0.1279 0.1026  1.30 0.4156 0.4156  -0.31   +0.082 [-0.579, +0.466]   0.25   zP -1.09  rank 0.10
  MCXC          M-1  ROUND_alt         5766  1307  -0.1260 0.1009  1.30 0.4068 0.4068  -0.31   +0.082 [-0.574, +0.464]   0.25   zP -1.10  rank 0.10
  MCXC          M-2  ROUND_canonical   8715  1640  -0.2335 0.0809  1.23 0.3389 0.3389  -0.69   +0.174 [-0.421, +0.519]   0.20   zP -2.60  rank 0.21
  MCXC          M-2  ROUND_alt         8715  1640  -0.2298 0.0795  1.23 0.3273 0.3273  -0.70   +0.174 [-0.408, +0.515]   0.20   zP -2.60  rank 0.17

--- post-freeze info: beta as a function of the map rotation dl (round canonical, mask M-P); dl = 0 is the real orientation
  PSZ2    dl=0: -0.189 | 40:-0.18 50:-0.17 60:-0.15 70:-0.11 80:+0.04 90:+0.61 100:+1.08 110:+0.58 120:+0.29 130:+0.17 140:+0.12 150:+0.09 160:+0.07 170:+0.06 180:+0.06 190:+0.06 200:+0.07 210:+0.09 220:+0.12 230:+0.18 240:+0.28 250:+0.45 260:+0.82 270:+1.52 280:+1.39 290:+0.30 300:-0.07 310:-0.16 320:-0.19
          robust null (median, 1.4826 MAD of the 29 rotations): +0.090, 0.295 -> z_robust = -0.95; Poisson-only z = -2.01, S 95% (Poisson-only) [+0.004, +0.244]
  eRASS1  dl=0: -0.186 | 40:-0.26 50:-0.30 60:-0.36 70:-0.45 80:-0.58 90:-0.24 100:+4.14 110:+1.23 120:+0.64 130:+0.42 140:+0.30 150:+0.23 160:+0.18 170:+0.15 180:+0.12 190:+0.11 200:+0.10 210:+0.10 220:+0.11 230:+0.13 240:+0.17 250:+0.26 260:+0.52 270:+1.38 280:+1.91 290:+0.17 300:-0.13 310:-0.18 320:-0.18
          robust null (median, 1.4826 MAD of the 29 rotations): +0.126, 0.433 -> z_robust = -0.72; Poisson-only z = -3.24, S 95% (Poisson-only) [+0.054, +0.202]
  MCXC    dl=0: -0.231 | 40:-0.29 50:-0.33 60:-0.37 70:-0.43 80:-0.45 90:-0.02 100:+1.01 110:+0.77 120:+0.47 130:+0.32 140:+0.25 150:+0.21 160:+0.19 170:+0.19 180:+0.18 190:+0.18 200:+0.19 210:+0.20 220:+0.21 230:+0.25 240:+0.31 250:+0.42 260:+0.64 270:+0.91 280:+0.42 290:-0.16 300:-0.24 310:-0.23 320:-0.23
          robust null (median, 1.4826 MAD of the 29 rotations): +0.195, 0.340 -> z_robust = -1.25; Poisson-only z = -2.36, S 95% (Poisson-only) [+0.029, +0.272]

--- direct contrast: density ratio psi < 70 deg (towards GC) / psi > 110 deg (away), band-matched, mask M-P
  PSZ2          towards/away = 0.936  (N 302 / 317); sigma(ln) Poisson 0.080, rotation 0.080; z = -0.82
  PSZ2_z        towards/away = 0.878  (N 213 / 239); sigma(ln) Poisson 0.094, rotation 0.160; z = -0.82
  PSZ2_COSMO    towards/away = 1.076  (N 111 / 101); sigma(ln) Poisson 0.138, rotation 0.073; z = +0.53
  eRASS1        towards/away = 0.948  (N 1290 / 1409); sigma(ln) Poisson 0.039, rotation 0.670; z = -0.08
  eRASS1_all    towards/away = 0.965  (N 2561 / 2749); sigma(ln) Poisson 0.027, rotation 0.656; z = -0.05
  eRASS1_EXT12  towards/away = 0.968  (N 654 / 700); sigma(ln) Poisson 0.054, rotation 0.829; z = -0.04
  MCXC          towards/away = 0.846  (N 371 / 432); sigma(ln) Poisson 0.071, rotation 0.298; z = -0.56

==============================================================================================================
INJECTIONS (round canonical map, mask M-P)
==============================================================================================================
  I1 PSZ2     20% thinning of top-tercile pixels (50 seeds): mean d beta -0.2479 +- 0.0333; power |d beta|/sigma = 0.56; 3-sigma detectable S (log-linear) 0.63; mean dS +0.147 (target +0.20; sigma_S ~ 0.330)
  I2 PSZ2     null mocks: |z_P| >= 3 in 1/200 (0.5%); 20% injected: mean S = 0.176 +- 0.058
  [FAIL] I1 PSZ2 power for 20% suppression = 0.56 (>= 3 needed for the verdict)
  [PASS] I1 PSZ2 mean recovered dS +0.147 within 2 sigma_S of 0.20
  [PASS] I2a PSZ2 false-positive rate 0.5% (<= 2%)
  [PASS] I2b PSZ2 mean recovered S 0.176 within 0.03 of 0.20
  I1 eRASS1   20% thinning of top-tercile pixels (50 seeds): mean d beta -0.2764 +- 0.0182; power |d beta|/sigma = 0.31; 3-sigma detectable S (log-linear) 0.87; mean dS +0.164 (target +0.20; sigma_S ~ 0.677)
  I2 eRASS1   null mocks: |z_P| >= 3 in 1/200 (0.5%); 20% injected: mean S = 0.183 +- 0.032
  [PASS] I1 eRASS1 power for 20% suppression = 0.31 (info)
  [PASS] I1 eRASS1 mean recovered dS +0.164 within 2 sigma_S of 0.20
  [PASS] I2a eRASS1 false-positive rate 0.5% (<= 2%)
  [PASS] I2b eRASS1 mean recovered S 0.183 within 0.03 of 0.20
  I1 MCXC     20% thinning of top-tercile pixels (50 seeds): mean d beta -0.2763 +- 0.0313; power |d beta|/sigma = 0.72; 3-sigma detectable S (log-linear) 0.58; mean dS +0.157 (target +0.20; sigma_S ~ 0.286)
  I2 MCXC     null mocks: |z_P| >= 3 in 0/200 (0.0%); 20% injected: mean S = 0.179 +- 0.052
  [PASS] I1 MCXC power for 20% suppression = 0.72 (info)
  [PASS] I1 MCXC mean recovered dS +0.157 within 2 sigma_S of 0.20
  [PASS] I2a MCXC false-positive rate 0.0% (<= 2%)
  [PASS] I2b MCXC mean recovered S 0.179 within 0.03 of 0.20

==============================================================================================================
VERDICT: NOT DIAGNOSTIC
  primary PSZ2 / M-P / ROUND canonical: beta = -0.1895 +- 0.4403 (z -0.43); S = +0.132, 95% [-0.656, +0.545]; PSZ2 power for 20% = 0.56
  eRASS1 primary: z = -0.21, S = +0.131 [-2.272, +0.769]  

checks: 13/16 pass; runtime 15 s
