CFG403 OSIRIS x deep-outer x resolved-gas triple match
==============================================================================
  [PASS] C3 CO(3-2) at z 2.2 -> 108.06 GHz: 108.061
parents 1 <= z <= 3: 464 rows -> 442 unique galaxies (KMOS3D 401, SINS-AO 36, NOEMA3D 10)
  [PASS] C1 KOA positive: BX442 (z 2.1765) at its median pointing returns >= 3600 s in-band AO frames: 56 frames, 27000 s in band
  ALMA group RA 150.126 Dec +2.295 r 0.634 deg: 9532 rows
  ALMA group RA 53.124 Dec -27.792 r 0.190 deg: 3211 rows
  ALMA group RA 34.360 Dec -5.199 r 0.176 deg: 2055 rows
  ALMA group RA 246.486 Dec +26.778 r 0.108 deg: 4 rows
  ALMA group RA 356.569 Dec +12.808 r 0.103 deg: 64 rows
  ALMA group RA 357.054 Dec +0.429 r 0.050 deg: 0 rows
  ALMA group RA 171.208 Dec -21.723 r 0.198 deg: 0 rows
  ALMA group RA 181.386 Dec -7.394 r 0.050 deg: 0 rows
  ALMA group RA 214.901 Dec +52.896 r 0.216 deg: 0 rows
  ALMA group RA 189.231 Dec +62.269 r 0.117 deg: 0 rows
  [PASS] C2 ALMA: GOODS-ALMA centre returns 2015.1.00543.S; (150,+60) does not: pos 40 rows, neg 0 rows
  [PASS] C4 every parent evaluated for A, B and C: 442 of 442

A (OSIRIS >= 1 h in band, <= 0.1"): 8   B (KMOS3D g_out <= 0.55 a0): 3   C (ALMA CO/[CI] <= 0.6" or NOEMA3D): 101
AB 0   AC 2   BC 0   ABC 0   (reported: any-AO incl. SINS AO x B x C = 0; A with 'undefined'-type frames too: 8)
  [A] COS4_05433 z 2.192 ['KMOS3D']: OSIRIS 1.2 h ['Kn2'] ['2017B_W276']; g_out 0.77 a0; gas [('2022.1.01644.S', 'CO(3-2)', 0.566)]
  [A] GS4_01994 z 1.551 ['KMOS3D']: OSIRIS 2.0 h ['Hn4'] ['2014B_U062OL']; g_out -; gas []
  [A] GS4_40768 z 2.303 ['KMOS3D']: OSIRIS 6.8 h ['Hn3', 'Kbb'] ['2017B_U043']; g_out 0.11 a0; gas []
  [A] GS4_45068 z 2.453 ['KMOS3D']: OSIRIS 5.2 h ['Kn4'] ['2016B_U168M', '2016B_U195M']; g_out 33.50 a0; gas [('2016.1.00990.S', 'CO(4-3)', 0.065), ('2016.1.00990.S', '[CI](1-0)', 0.065)]
  [A] Q1623-BX455 z 2.408 ['SINS-AO']: OSIRIS 1.0 h ['Hn4'] ['2007B_C242OL']; g_out -; gas []
  [A] Q1623-BX502 z 2.156 ['SINS-AO']: OSIRIS 3.0 h ['Kn2'] ['2007A_C233OL']; g_out -; gas []
  [A] Q2343-BX389 z 2.172 ['SINS-AO']: OSIRIS 5.8 h ['Kn2'] ['2005B_C24O', '2007A_C233OL']; g_out -; gas []
  [A] Q2343-BX513 z 2.108 ['SINS-AO']: OSIRIS 5.2 h ['Kn1'] ['2005B_C24O', '2006B_C188OL']; g_out -; gas []

VERDICT: NONE: OSIRIS goes on the proposal list (scarcest gate B (deep outer); AB 0, AC 2, BC 0)
  [PASS] T-MUT main-run marker (MUTATE +60" must cut A to <= 10%): A 8

5/5 pass
