  [PASS] C1 sigma(lambda) quadratic: sigma(2)/sigma(1) = 4 
  [PASS] C2 Bullet bound inverse: sigma/m at lam_max = 1 cm^2/g 

  g = 1:
    m 0.620 eV: lambda_min (relax) 2.36e-11; lambda_max Bullet 2.09e-11, G3 4.56e-05 (rec 4.6e-05, Jeans 9.7e-05); window -0.05 dex; Bullet would need x1.3
    m 0.661 eV: lambda_min (relax) 2.96e-11; lambda_max Bullet 2.31e-11, G3 5.90e-05 (rec 5.9e-05, Jeans 1.3e-04); window -0.11 dex; Bullet would need x1.6
    m 0.706 eV: lambda_min (relax) 3.71e-11; lambda_max Bullet 2.54e-11, G3 7.65e-05 (rec 7.6e-05, Jeans 1.6e-04); window -0.16 dex; Bullet would need x2.1
    m 0.753 eV: lambda_min (relax) 4.65e-11; lambda_max Bullet 2.80e-11, G3 9.90e-05 (rec 9.9e-05, Jeans 2.1e-04); window -0.22 dex; Bullet would need x2.8
    m 0.803 eV: lambda_min (relax) 5.84e-11; lambda_max Bullet 3.09e-11, G3 1.28e-04 (rec 1.3e-04, Jeans 2.7e-04); window -0.28 dex; Bullet would need x3.6
    m 0.857 eV: lambda_min (relax) 7.32e-11; lambda_max Bullet 3.40e-11, G3 1.66e-04 (rec 1.7e-04, Jeans 3.5e-04); window -0.33 dex; Bullet would need x4.6
    m 0.914 eV: lambda_min (relax) 9.17e-11; lambda_max Bullet 3.75e-11, G3 2.15e-04 (rec 2.2e-04, Jeans 4.6e-04); window -0.39 dex; Bullet would need x6
    m 0.975 eV: lambda_min (relax) 1.15e-10; lambda_max Bullet 4.13e-11, G3 2.79e-04 (rec 2.8e-04, Jeans 5.9e-04); window -0.44 dex; Bullet would need x7.8
    m 1.040 eV: lambda_min (relax) 1.44e-10; lambda_max Bullet 4.55e-11, G3 3.61e-04 (rec 3.6e-04, Jeans 7.7e-04); window -0.50 dex; Bullet would need x10

  g = 2:
    m 0.620 eV: lambda_min (relax) 1.67e-11; lambda_max Bullet 2.09e-11, G3 4.56e-05 (rec 4.6e-05, Jeans 9.7e-05); window +0.10 dex; Bullet would need x1
    m 0.661 eV: lambda_min (relax) 2.09e-11; lambda_max Bullet 2.31e-11, G3 5.90e-05 (rec 5.9e-05, Jeans 1.3e-04); window +0.04 dex; Bullet would need x1
    m 0.706 eV: lambda_min (relax) 2.62e-11; lambda_max Bullet 2.54e-11, G3 7.65e-05 (rec 7.6e-05, Jeans 1.6e-04); window -0.01 dex; Bullet would need x1.1
    m 0.753 eV: lambda_min (relax) 3.29e-11; lambda_max Bullet 2.80e-11, G3 9.90e-05 (rec 9.9e-05, Jeans 2.1e-04); window -0.07 dex; Bullet would need x1.4
    m 0.803 eV: lambda_min (relax) 4.13e-11; lambda_max Bullet 3.09e-11, G3 1.28e-04 (rec 1.3e-04, Jeans 2.7e-04); window -0.13 dex; Bullet would need x1.8
    m 0.857 eV: lambda_min (relax) 5.17e-11; lambda_max Bullet 3.40e-11, G3 1.66e-04 (rec 1.7e-04, Jeans 3.5e-04); window -0.18 dex; Bullet would need x2.3
    m 0.914 eV: lambda_min (relax) 6.49e-11; lambda_max Bullet 3.75e-11, G3 2.15e-04 (rec 2.2e-04, Jeans 4.6e-04); window -0.24 dex; Bullet would need x3
    m 0.975 eV: lambda_min (relax) 8.14e-11; lambda_max Bullet 4.13e-11, G3 2.79e-04 (rec 2.8e-04, Jeans 5.9e-04); window -0.29 dex; Bullet would need x3.9
    m 1.040 eV: lambda_min (relax) 1.02e-10; lambda_max Bullet 4.55e-11, G3 3.61e-04 (rec 3.6e-04, Jeans 7.7e-04); window -0.35 dex; Bullet would need x5

  implied MW relaxation rate at lambda = lambda_max(Bullet), m 0.62: Gamma = 8.35e+04 per age (record's settling window: ~3 H_L in the MW; 1 per age ~ 1 H_L)

VERDICT (g = 1, best m 0.620 eV): MARGINAL (window -0.05 dex)

2/2 checks pass
