CFG183 (e) mocks; seed 183, N=10000 per (world,family); repo=<repo>
E-C1 noiseless mock: analysing at the TRUE (law, s, mu) must return D' ~ 0 (line |D'| < 0.02):
   W1 T     s=0.00 mu=1.00  D'=+0.0003  floored-fraction 0.00  ok
   W2 flat  s=1.00 mu=2.14  D'=-0.0047  floored-fraction 0.00  ok
   W3 rival s=1.00 mu=0.65  D'=-0.0047  floored-fraction 0.00  ok
   W4 T     s=1.00 mu=4.30  D'=-0.0047  floored-fraction 0.00  ok
   W5 flat  s=0.40 mu=0.67  D'=-0.0017  floored-fraction 0.00  ok
   W6 rival s=1.03 mu=0.67  D'=-0.0049  floored-fraction 0.00  ok
E-C1 all within 0.02: True
results (mean z at mu=0.67 for flat/rival/T at P0 and s=1; P(O) = observed P0 pattern {|z_T|<=1.5, z_flat<=-2, z_rival<=-3.5}):
  W1 T     ideal truth(s=0.00,mu=1.00) | P0 z: flat -2.82 rival -6.16 T +1.07 | s=1 z: flat +2.79 rival -0.69 T +6.42 | P(O)=0.650 | P(T excl s=1)=0.281 P(flat excl)=0.000 P(rival excl)=0.000 | P(T mu_be(P0) in [0.6,1.69])=0.883 | fits(|z|<2) P0 f/r/T 0.21/0.00/0.85  s=1 f/r/T 0.14/0.99/0.00 | floored 0.00
  W1 T     N1    truth(s=0.00,mu=1.00) | P0 z: flat -2.15 rival -5.07 T +1.30 | s=1 z: flat +2.92 rival -0.37 T +6.40 | P(O)=0.450 | P(T excl s=1)=0.434 P(flat excl)=0.000 P(rival excl)=0.000 | P(T mu_be(P0) in [0.6,1.69])=0.783 | fits(|z|<2) P0 f/r/T 0.47/0.01/0.77  s=1 f/r/T 0.13/0.99/0.00 | floored 0.00
  W1 T     ideal+sc truth(s=0.00,mu=1.00) | P0 z: flat -2.22 rival -4.94 T +1.00 | s=1 z: flat +2.69 rival -0.50 T +6.08 | P(O)=0.493 | P(T excl s=1)=0.350 P(flat excl)=0.000 P(rival excl)=0.000 | P(T mu_be(P0) in [0.6,1.69])=0.764 | fits(|z|<2) P0 f/r/T 0.45/0.01/0.84  s=1 f/r/T 0.23/0.98/0.00 | floored 0.00
  W1 T     N1+sc truth(s=0.00,mu=1.00) | P0 z: flat -1.70 rival -4.15 T +1.22 | s=1 z: flat +2.81 rival -0.22 T +6.07 | P(O)=0.337 | P(T excl s=1)=0.457 P(flat excl)=0.000 P(rival excl)=0.000 | P(T mu_be(P0) in [0.6,1.69])=0.679 | fits(|z|<2) P0 f/r/T 0.63/0.06/0.78  s=1 f/r/T 0.21/0.98/0.00 | floored 0.00
  W2 flat  ideal truth(s=1.00,mu=2.14) | P0 z: flat -0.80 rival -2.92 T +1.63 | s=1 z: flat +3.68 rival -0.05 T +7.61 | P(O)=0.068 | P(T excl s=1)=0.634 P(flat excl)=0.000 P(rival excl)=0.000 | P(T mu_be(P0) in [0.6,1.69])=0.547 | fits(|z|<2) P0 f/r/T 0.93/0.16/0.68  s=1 f/r/T 0.02/0.98/0.00 | floored 0.04
  W2 flat  N1    truth(s=1.00,mu=2.14) | P0 z: flat -0.17 rival -1.88 T +1.78 | s=1 z: flat +3.12 rival +0.24 T +6.38 | P(O)=0.033 | P(T excl s=1)=0.613 P(flat excl)=0.017 P(rival excl)=0.000 | P(T mu_be(P0) in [0.6,1.69])=0.311 | fits(|z|<2) P0 f/r/T 0.94/0.58/0.60  s=1 f/r/T 0.20/0.89/0.00 | floored 0.10
  W2 flat  ideal+sc truth(s=1.00,mu=2.14) | P0 z: flat -0.44 rival -2.21 T +1.60 | s=1 z: flat +3.27 rival +0.16 T +6.74 | P(O)=0.048 | P(T excl s=1)=0.610 P(flat excl)=0.004 P(rival excl)=0.000 | P(T mu_be(P0) in [0.6,1.69])=0.405 | fits(|z|<2) P0 f/r/T 0.94/0.45/0.67  s=1 f/r/T 0.13/0.94/0.00 | floored 0.07
  W2 flat  N1+sc truth(s=1.00,mu=2.14) | P0 z: flat +0.02 rival -1.51 T +1.77 | s=1 z: flat +2.86 rival +0.35 T +5.73 | P(O)=0.022 | P(T excl s=1)=0.597 P(flat excl)=0.033 P(rival excl)=0.000 | P(T mu_be(P0) in [0.6,1.69])=0.274 | fits(|z|<2) P0 f/r/T 0.93/0.70/0.61  s=1 f/r/T 0.27/0.89/0.00 | floored 0.12
  W3 rival ideal truth(s=1.00,mu=0.65) | P0 z: flat -0.79 rival -3.02 T +1.72 | s=1 z: flat +3.73 rival -0.07 T +7.66 | P(O)=0.052 | P(T excl s=1)=0.654 P(flat excl)=0.000 P(rival excl)=0.000 | P(T mu_be(P0) in [0.6,1.69])=0.529 | fits(|z|<2) P0 f/r/T 0.94/0.12/0.66  s=1 f/r/T 0.01/0.99/0.00 | floored 0.03
  W3 rival N1    truth(s=1.00,mu=0.65) | P0 z: flat -0.35 rival -2.37 T +1.92 | s=1 z: flat +3.48 rival +0.10 T +7.11 | P(O)=0.033 | P(T excl s=1)=0.611 P(flat excl)=0.004 P(rival excl)=0.000 | P(T mu_be(P0) in [0.6,1.69])=0.356 | fits(|z|<2) P0 f/r/T 0.95/0.38/0.56  s=1 f/r/T 0.14/0.90/0.00 | floored 0.09
  W3 rival ideal+sc truth(s=1.00,mu=0.65) | P0 z: flat -0.41 rival -2.26 T +1.68 | s=1 z: flat +3.34 rival +0.15 T +6.82 | P(O)=0.044 | P(T excl s=1)=0.626 P(flat excl)=0.004 P(rival excl)=0.000 | P(T mu_be(P0) in [0.6,1.69])=0.394 | fits(|z|<2) P0 f/r/T 0.94/0.43/0.65  s=1 f/r/T 0.11/0.94/0.00 | floored 0.07
  W3 rival N1+sc truth(s=1.00,mu=0.65) | P0 z: flat -0.11 rival -1.84 T +1.84 | s=1 z: flat +3.11 rival +0.27 T +6.28 | P(O)=0.030 | P(T excl s=1)=0.599 P(flat excl)=0.018 P(rival excl)=0.000 | P(T mu_be(P0) in [0.6,1.69])=0.305 | fits(|z|<2) P0 f/r/T 0.94/0.60/0.59  s=1 f/r/T 0.22/0.89/0.00 | floored 0.11
  W4 T     ideal truth(s=1.00,mu=4.30) | P0 z: flat -0.61 rival -2.46 T +1.55 | s=1 z: flat +3.52 rival +0.06 T +7.38 | P(O)=0.051 | P(T excl s=1)=0.611 P(flat excl)=0.000 P(rival excl)=0.000 | P(T mu_be(P0) in [0.6,1.69])=0.491 | fits(|z|<2) P0 f/r/T 0.94/0.33/0.70  s=1 f/r/T 0.06/0.96/0.00 | floored 0.07
  W4 T     N1    truth(s=1.00,mu=4.30) | P0 z: flat +0.09 rival -1.30 T +1.68 | s=1 z: flat +2.74 rival +0.42 T +5.49 | P(O)=0.021 | P(T excl s=1)=0.599 P(flat excl)=0.048 P(rival excl)=0.000 | P(T mu_be(P0) in [0.6,1.69])=0.278 | fits(|z|<2) P0 f/r/T 0.93/0.75/0.63  s=1 f/r/T 0.29/0.89/0.00 | floored 0.13
  W4 T     ideal+sc truth(s=1.00,mu=4.30) | P0 z: flat -0.32 rival -1.93 T +1.56 | s=1 z: flat +3.15 rival +0.25 T +6.54 | P(O)=0.034 | P(T excl s=1)=0.615 P(flat excl)=0.007 P(rival excl)=0.000 | P(T mu_be(P0) in [0.6,1.69])=0.377 | fits(|z|<2) P0 f/r/T 0.95/0.56/0.68  s=1 f/r/T 0.15/0.93/0.00 | floored 0.09
  W4 T     N1+sc truth(s=1.00,mu=4.30) | P0 z: flat +0.25 rival -1.05 T +1.73 | s=1 z: flat +2.63 rival +0.51 T +5.13 | P(O)=0.015 | P(T excl s=1)=0.602 P(flat excl)=0.067 P(rival excl)=0.001 | P(T mu_be(P0) in [0.6,1.69])=0.232 | fits(|z|<2) P0 f/r/T 0.92/0.82/0.62  s=1 f/r/T 0.32/0.88/0.00 | floored 0.14
  W5 flat  ideal truth(s=0.40,mu=0.67) | P0 z: flat -2.08 rival -5.09 T +1.39 | s=1 z: flat +3.22 rival -0.53 T +7.13 | P(O)=0.422 | P(T excl s=1)=0.438 P(flat excl)=0.000 P(rival excl)=0.000 | P(T mu_be(P0) in [0.6,1.69])=0.846 | fits(|z|<2) P0 f/r/T 0.49/0.00/0.76  s=1 f/r/T 0.04/0.98/0.00 | floored 0.00
  W5 flat  N1    truth(s=0.40,mu=0.67) | P0 z: flat -1.56 rival -4.14 T +1.43 | s=1 z: flat +3.19 rival -0.37 T +6.93 | P(O)=0.282 | P(T excl s=1)=0.496 P(flat excl)=0.000 P(rival excl)=0.000 | P(T mu_be(P0) in [0.6,1.69])=0.674 | fits(|z|<2) P0 f/r/T 0.68/0.03/0.71  s=1 f/r/T 0.11/0.96/0.00 | floored 0.01
  W5 flat  ideal+sc truth(s=0.40,mu=0.67) | P0 z: flat -1.47 rival -3.77 T +1.21 | s=1 z: flat +3.01 rival -0.32 T +6.57 | P(O)=0.267 | P(T excl s=1)=0.468 P(flat excl)=0.001 P(rival excl)=0.000 | P(T mu_be(P0) in [0.6,1.69])=0.665 | fits(|z|<2) P0 f/r/T 0.71/0.06/0.79  s=1 f/r/T 0.16/0.96/0.00 | floored 0.00
  W5 flat  N1+sc truth(s=0.40,mu=0.67) | P0 z: flat -1.15 rival -3.25 T +1.28 | s=1 z: flat +2.92 rival -0.21 T +6.30 | P(O)=0.182 | P(T excl s=1)=0.487 P(flat excl)=0.002 P(rival excl)=0.000 | P(T mu_be(P0) in [0.6,1.69])=0.571 | fits(|z|<2) P0 f/r/T 0.80/0.15/0.76  s=1 f/r/T 0.21/0.94/0.00 | floored 0.02
  W6 rival ideal truth(s=1.03,mu=0.67) | P0 z: flat -0.80 rival -2.99 T +1.66 | s=1 z: flat +3.65 rival -0.13 T +7.59 | P(O)=0.054 | P(T excl s=1)=0.617 P(flat excl)=0.000 P(rival excl)=0.000 | P(T mu_be(P0) in [0.6,1.69])=0.541 | fits(|z|<2) P0 f/r/T 0.94/0.12/0.68  s=1 f/r/T 0.02/0.98/0.00 | floored 0.04
  W6 rival N1    truth(s=1.03,mu=0.67) | P0 z: flat -0.39 rival -2.38 T +1.85 | s=1 z: flat +3.38 rival +0.02 T +7.01 | P(O)=0.039 | P(T excl s=1)=0.582 P(flat excl)=0.004 P(rival excl)=0.000 | P(T mu_be(P0) in [0.6,1.69])=0.373 | fits(|z|<2) P0 f/r/T 0.94/0.37/0.58  s=1 f/r/T 0.16/0.90/0.00 | floored 0.10
  W6 rival ideal+sc truth(s=1.03,mu=0.67) | P0 z: flat -0.42 rival -2.25 T +1.65 | s=1 z: flat +3.29 rival +0.11 T +6.77 | P(O)=0.049 | P(T excl s=1)=0.600 P(flat excl)=0.004 P(rival excl)=0.000 | P(T mu_be(P0) in [0.6,1.69])=0.390 | fits(|z|<2) P0 f/r/T 0.94/0.44/0.65  s=1 f/r/T 0.13/0.93/0.00 | floored 0.08
  W6 rival N1+sc truth(s=1.03,mu=0.67) | P0 z: flat -0.13 rival -1.82 T +1.78 | s=1 z: flat +3.01 rival +0.20 T +6.16 | P(O)=0.029 | P(T excl s=1)=0.579 P(flat excl)=0.015 P(rival excl)=0.000 | P(T mu_be(P0) in [0.6,1.69])=0.312 | fits(|z|<2) P0 f/r/T 0.94/0.60/0.61  s=1 f/r/T 0.24/0.89/0.00 | floored 0.12
frozen readings:
   [family ideal  frozen]
   ideal P(O|W1)-P(O|W2) = +0.582 -> IDENTIFIES (pattern points to T)
   ideal P(O|W1)-P(O|W3) = +0.598 -> IDENTIFIES (pattern points to T)
   ideal P(O|W1)-P(O|W5) = +0.228 -> IDENTIFIES (pattern points to T)
   ideal P(O|W1)-P(O|W6) = +0.596 -> IDENTIFIES (pattern points to T)
   [family N1  frozen]
   N1    P(O|W1)-P(O|W2) = +0.418 -> IDENTIFIES (pattern points to T)
   N1    P(O|W1)-P(O|W3) = +0.417 -> IDENTIFIES (pattern points to T)
   N1    P(O|W1)-P(O|W5) = +0.169 -> WEAK 
   N1    P(O|W1)-P(O|W6) = +0.411 -> IDENTIFIES (pattern points to T)
   [family ideal+sc  POST-HOC, not frozen]
   ideal+sc P(O|W1)-P(O|W2) = +0.445 -> IDENTIFIES (pattern points to T)
   ideal+sc P(O|W1)-P(O|W3) = +0.449 -> IDENTIFIES (pattern points to T)
   ideal+sc P(O|W1)-P(O|W5) = +0.226 -> IDENTIFIES (pattern points to T)
   ideal+sc P(O|W1)-P(O|W6) = +0.445 -> IDENTIFIES (pattern points to T)
   [family N1+sc  POST-HOC, not frozen]
   N1+sc P(O|W1)-P(O|W2) = +0.315 -> IDENTIFIES (pattern points to T)
   N1+sc P(O|W1)-P(O|W3) = +0.307 -> IDENTIFIES (pattern points to T)
   N1+sc P(O|W1)-P(O|W5) = +0.155 -> WEAK 
   N1+sc P(O|W1)-P(O|W6) = +0.308 -> IDENTIFIES (pattern points to T)
   ideal s=1 exclusion: P(T excl | W4) = 0.611, P(T excl | W1) = 0.281 -> NOT informative by the frozen line (>0.5 and <0.05)
   N1    s=1 exclusion: P(T excl | W4) = 0.599, P(T excl | W1) = 0.434 -> NOT informative by the frozen line (>0.5 and <0.05)
   ideal+sc s=1 exclusion: P(T excl | W4) = 0.615, P(T excl | W1) = 0.350 -> NOT informative by the frozen line (>0.5 and <0.05)
   N1+sc s=1 exclusion: P(T excl | W4) = 0.602, P(T excl | W1) = 0.457 -> NOT informative by the frozen line (>0.5 and <0.05)
