CFG244 Gate A -- AMOUNT: the BOUND part of a collapsed cold fluid (spherical secondary infall onto a static baryon core, the CFG118
design) against the target C(r) = rho_c r^3 g_tot = (a0/4 pi) M_b(<r).
Frozen criteria: ../CFG244_FROZEN_CRITERIA.md (committed 84e100c47, sha256 944adc80...), written before this script.

CODE.  CFG118's own code is IMPORTED READ-ONLY (module CFG118_secondary_infall: set-up, `shellcore.c` compiled at run time into a temporary
directory, snapshot/target helpers); nothing in CFG118 is edited and nothing is written into the repository.  The new layer (this file)
adds: (i) the bound/unbound classification at z = 0, (ii) the binned products and the shell-bootstrap restricted to the bound shells,
(iii) the three frozen sub-tests A1 (local amount), A2 (cumulative amount), A3 (radial scale against M_b), (iv) the controls and MUTATE modes.

CLASSIFICATION (frozen, one rule).  Instantaneous at z = 0: shell i is BOUND iff E_i = v_i^2/2 + j_i^2/(2 r_i^2) + Phi_eff(r_i) < Phi_eff(r_s),
Phi_eff = Phi_N(shells + core, half-own-mass convention neglected) + (f_sm H0^2/4) r^2 - (Omega_L H0^2/2) r^2 (the smooth background and Lambda of
the integrator), r_s the OUTERMOST radius where G M(<r)/r^2 = (Omega_L - f_sm/2) H0^2 r.  Alternatives, reported: B-ta ("ever turned around",
the integrator's turnaround record) and B-noL (E < 0 in Phi_N alone).

SUB-TESTS (point cores primary; both footings; q = 0.05, 0.1, 0.2).
  A1 local: C_bound/C_target on CFG118's 25 bins of 0.1 dex: |ratio - 1| <= 0.10 on every bin with centre in [0.1, 30], for at least one q at every mass.
  A2 cumulative: M_c,bound(<r)/M_c,target(<r) in [0.90, 1.10] on bins with centre in [0.3, 30], same bracket logic.
  A3 scale: R_s = radius where M_c,bound(<r) = M_b; exponent p of log R_s on log M_b over 1e9..1e12; PASS |p - 1/2| <= 0.0291; the turnaround reading
     |p - 1/3| <= 0.05 and |p - 1/2| > 0.10.
  Noise guard: a bin fails only if its deviation beyond the band exceeds max(shell-bootstrap sd, |R_5k - R_20k|).

  repo: <repo>   mode: MUTATE=MA1   CFG118 code: imported read-only (module CFG118_secondary_infall; shellcore.c compiled in a temporary directory)

  simulation products reused from the cache (hash c4a320a655ddddbb)

  simulation wall time 1.4 min on 14 processes

==============================================================================================================
SET-UP and CONTROLS
==============================================================================================================
    1e+09 point: M_ta/M_b =  23.64  r_ta(z=0) =   235.8 kpc  x_ta =  193.2  M_out/M_b =   77.8
    1e+09 exp  : M_ta/M_b =  19.72  r_ta(z=0) =   222.5 kpc  x_ta =  182.4  M_out/M_b =   68.1
    1e+10 point: M_ta/M_b =  23.64  r_ta(z=0) =   508.0 kpc  x_ta =  131.6  M_out/M_b =   77.8
    1e+10 exp  : M_ta/M_b =  22.25  r_ta(z=0) =   498.2 kpc  x_ta =  129.1  M_out/M_b =   74.6
    1e+11 point: M_ta/M_b =  23.64  r_ta(z=0) =  1094.5 kpc  x_ta =   89.7  M_out/M_b =   77.8
    1e+11 exp  : M_ta/M_b =  23.48  r_ta(z=0) =  1092.0 kpc  x_ta =   89.5  M_out/M_b =   77.5
    1e+12 point: M_ta/M_b =  23.64  r_ta(z=0) =  2357.9 kpc  x_ta =   61.1  M_out/M_b =   77.8
    1e+12 exp  : M_ta/M_b =  23.64  r_ta(z=0) =  2357.8 kpc  x_ta =   61.1  M_out/M_b =   77.8
  [PASS] (control) C-A1 CFG118's set-up reproduced: M_ta/M_b within 20.1-27.1 (CFG158's line) and r_ta(z = 0) = 236 / 508 / 1095 / 2358 kpc within 1% (point cores)
         see lines above
  [PASS] (control) C-A2 CFG118's C1 (no core): every shell on the Hubble flow to 1e-6 at z = 0
         max |dr/r| = 4.26e-07, max |dv/v| = 1.98e-07
  [FAIL] (control) C-A4 test shell in the static softened 1e10 point mass: energy drift over the run < 1e-3 (frozen line)
         q=0.05: -4.30e-03, r_p/r_ta 0.0500; q=0.1: -1.40e-03, r_p/r_ta 0.1000; q=0.2: -6.46e-04, r_p/r_ta 0.2000
  [PASS] (control) C-A4b the classifier on a synthetic core + test shells: v = 0 bound, v = 800 km/s unbound; saddle radius and E_crit match the closed form
         r_s = 242.94 (closed form 242.94); E_crit rel. diff 0.0e+00; bound flags [True, False, False]
  [PASS] (control) C-A3 resolution: cumulative bound-mass ratio at x about 28 between 5,000 and 20,000 shells within 10% (point cores, all q, both footings)
         largest 0.080, median 0.024 over 24 cases (CFG118: median 2%, largest 10%)

==============================================================================================================
THE BOUND PART: classification diagnostics at z = 0 (shells inside x = r/r_M <= 30; canonical r_M; point cores | exponential spheres)
==============================================================================================================
     M_b geom      q   N in  bound(E)  turned bound(noL) turned&unbound unturned&bound unbound(outer)  (noL)  r_s/r_ta0   x_Rs(z0, bound)
   1e+09 point  0.05   2686    1.0000  1.0000     1.0000         0.0000         0.0000          0.956  0.429      1.51     1.596
   1e+09 exp    0.05   2388    1.0000  1.0000     1.0000         0.0000         0.0000          0.952  0.388      1.52     2.803
   1e+10 point  0.05   3072    0.9948  1.0000     1.0000         0.0052         0.0000          0.956  0.429      1.51     1.041
   1e+10 exp    0.05   3203    1.0000  1.0000     1.0000         0.0000         0.0000          0.954  0.411      1.52     1.295
   1e+11 point  0.05   4063    1.0000  1.0000     1.0000         0.0000         0.0000          0.956  0.429      1.51     0.777
   1e+11 exp    0.05   4067    1.0000  1.0000     1.0000         0.0000         0.0000          0.956  0.426      1.51     0.729
   1e+12 point  0.05   4953    1.0000  1.0000     1.0000         0.0000         0.0000          0.956  0.429      1.51     0.526
   1e+12 exp    0.05   4999    1.0000  1.0000     1.0000         0.0000         0.0000          0.956  0.429      1.51     0.471
   1e+09 point  0.10   2863    1.0000  1.0000     1.0000         0.0000         0.0000          0.956  0.429      1.51     1.707
   1e+09 exp    0.10   2317    1.0000  1.0000     1.0000         0.0000         0.0000          0.952  0.388      1.52     3.090
   1e+10 point  0.10   3397    1.0000  1.0000     1.0000         0.0000         0.0000          0.956  0.429      1.51     1.224
   1e+10 exp    0.10   3082    1.0000  1.0000     1.0000         0.0000         0.0000          0.954  0.411      1.52     1.683
   1e+11 point  0.10   4115    1.0000  1.0000     1.0000         0.0000         0.0000          0.956  0.429      1.51     0.844
   1e+11 exp    0.10   4220    1.0000  1.0000     1.0000         0.0000         0.0000          0.956  0.426      1.51     0.840
   1e+12 point  0.10   4969    1.0000  1.0000     1.0000         0.0000         0.0000          0.956  0.429      1.51     0.562
   1e+12 exp    0.10   5012    1.0000  1.0000     1.0000         0.0000         0.0000          0.956  0.429      1.51     0.567
   1e+09 point  0.20   2674    1.0000  1.0000     1.0000         0.0000         0.0000          0.956  0.429      1.51     1.815
   1e+09 exp    0.20   2370    1.0000  1.0000     1.0000         0.0000         0.0000          0.952  0.388      1.52     4.091
   1e+10 point  0.20   3578    1.0000  1.0000     1.0000         0.0000         0.0000          0.956  0.429      1.51     1.398
   1e+10 exp    0.20   3405    1.0000  1.0000     1.0000         0.0000         0.0000          0.954  0.411      1.52     1.996
   1e+11 point  0.20   4143    1.0000  1.0000     1.0000         0.0000         0.0000          0.956  0.429      1.51     0.854
   1e+11 exp    0.20   4032    1.0000  1.0000     1.0000         0.0000         0.0000          0.956  0.426      1.51     1.058
   1e+12 point  0.20   4980    1.0000  1.0000     1.0000         0.0000         0.0000          0.956  0.429      1.51     0.567
   1e+12 exp    0.20   4978    1.0000  1.0000     1.0000         0.0000         0.0000          0.956  0.429      1.51     0.648

  no-core run (M = 0; the MA2 control): bound fraction inside x <= 30: 0.0000; of all shells 0.0000; shells that turned around 0

  point cores, all q and masses: smallest bound fraction inside x <= 30 = 0.9948; largest |turned - bound| = 0.0052; largest boundness-flip proxy = 0.0052

==============================================================================================================
A1 / A2 (canonical footing, a0 = 9.3603e-11): bound-part C/C_target (local, 0.1-dex bins) and M_c,bound(<r)/M_c,target(<r) at x = r/r_M  [classifier: inst]
==============================================================================================================
  x centres:     0.11   0.14   0.18   0.22   0.28   0.35   0.45   0.56   0.71   0.89   1.12   1.41   1.78   2.24   2.82   3.55   4.47   5.62   7.08   8.91  11.22  14.13  17.78  22.39  28.18

  q = 0.05:
  point  1e+09 loc   1.00   1.00   1.00   1.00   1.00   1.00   1.00   1.00   1.00   1.00   1.00   1.00   1.00   1.00   1.00   1.00   1.00   1.00   1.00   1.00   1.00   1.00   1.00   1.00   1.00
               cum   1.00   1.00   1.00   1.00   1.00   1.00   1.00   1.00   1.00   1.00   1.00   1.00   1.00   1.00   1.00   1.00   1.00   1.00   1.00   1.00   1.00   1.00   1.00   1.00   1.00
  point  1e+10 loc   1.00   1.00   1.00   1.00   1.00   1.00   1.00   1.00   1.00   1.00   1.00   1.00   1.00   1.00   1.00   1.00   1.00   1.00   1.00   1.00   1.00   1.00   1.00   1.00   1.00
               cum   1.00   1.00   1.00   1.00   1.00   1.00   1.00   1.00   1.00   1.00   1.00   1.00   1.00   1.00   1.00   1.00   1.00   1.00   1.00   1.00   1.00   1.00   1.00   1.00   1.00
  point  1e+11 loc   1.00   1.00   1.00   1.00   1.00   1.00   1.00   1.00   1.00   1.00   1.00   1.00   1.00   1.00   1.00   1.00   1.00   1.00   1.00   1.00   1.00   1.00   1.00   1.00   1.00
               cum   1.00   1.00   1.00   1.00   1.00   1.00   1.00   1.00   1.00   1.00   1.00   1.00   1.00   1.00   1.00   1.00   1.00   1.00   1.00   1.00   1.00   1.00   1.00   1.00   1.00
  point  1e+12 loc   1.00   1.00   1.00   1.00   1.00   1.00   1.00   1.00   1.00   1.00   1.00   1.00   1.00   1.00   1.00   1.00   1.00   1.00   1.00   1.00   1.00   1.00   1.00   1.00   1.00
               cum   1.00   1.00   1.00   1.00   1.00   1.00   1.00   1.00   1.00   1.00   1.00   1.00   1.00   1.00   1.00   1.00   1.00   1.00   1.00   1.00   1.00   1.00   1.00   1.00   1.00

  q = 0.1:
  point  1e+09 loc   1.00   1.00   1.00   1.00   1.00   1.00   1.00   1.00   1.00   1.00   1.00   1.00   1.00   1.00   1.00   1.00   1.00   1.00   1.00   1.00   1.00   1.00   1.00   1.00   1.00
               cum   1.00   1.00   1.00   1.00   1.00   1.00   1.00   1.00   1.00   1.00   1.00   1.00   1.00   1.00   1.00   1.00   1.00   1.00   1.00   1.00   1.00   1.00   1.00   1.00   1.00
  point  1e+10 loc   1.00   1.00   1.00   1.00   1.00   1.00   1.00   1.00   1.00   1.00   1.00   1.00   1.00   1.00   1.00   1.00   1.00   1.00   1.00   1.00   1.00   1.00   1.00   1.00   1.00
               cum   1.00   1.00   1.00   1.00   1.00   1.00   1.00   1.00   1.00   1.00   1.00   1.00   1.00   1.00   1.00   1.00   1.00   1.00   1.00   1.00   1.00   1.00   1.00   1.00   1.00
  point  1e+11 loc   1.00   1.00   1.00   1.00   1.00   1.00   1.00   1.00   1.00   1.00   1.00   1.00   1.00   1.00   1.00   1.00   1.00   1.00   1.00   1.00   1.00   1.00   1.00   1.00   1.00
               cum   1.00   1.00   1.00   1.00   1.00   1.00   1.00   1.00   1.00   1.00   1.00   1.00   1.00   1.00   1.00   1.00   1.00   1.00   1.00   1.00   1.00   1.00   1.00   1.00   1.00
  point  1e+12 loc   1.00   1.00   1.00   1.00   1.00   1.00   1.00   1.00   1.00   1.00   1.00   1.00   1.00   1.00   1.00   1.00   1.00   1.00   1.00   1.00   1.00   1.00   1.00   1.00   1.00
               cum   1.00   1.00   1.00   1.00   1.00   1.00   1.00   1.00   1.00   1.00   1.00   1.00   1.00   1.00   1.00   1.00   1.00   1.00   1.00   1.00   1.00   1.00   1.00   1.00   1.00
  exp    1e+09 loc   1.00   1.00   1.00   1.00   1.00   1.00   1.00   1.00   1.00   1.00   1.00   1.00   1.00   1.00   1.00   1.00   1.00   1.00   1.00   1.00   1.00   1.00   1.00   1.00   1.00
               cum   1.00   1.00   1.00   1.00   1.00   1.00   1.00   1.00   1.00   1.00   1.00   1.00   1.00   1.00   1.00   1.00   1.00   1.00   1.00   1.00   1.00   1.00   1.00   1.00   1.00
  exp    1e+10 loc   1.00   1.00   1.00   1.00   1.00   1.00   1.00   1.00   1.00   1.00   1.00   1.00   1.00   1.00   1.00   1.00   1.00   1.00   1.00   1.00   1.00   1.00   1.00   1.00   1.00
               cum   1.00   1.00   1.00   1.00   1.00   1.00   1.00   1.00   1.00   1.00   1.00   1.00   1.00   1.00   1.00   1.00   1.00   1.00   1.00   1.00   1.00   1.00   1.00   1.00   1.00
  exp    1e+11 loc   1.00   1.00   1.00   1.00   1.00   1.00   1.00   1.00   1.00   1.00   1.00   1.00   1.00   1.00   1.00   1.00   1.00   1.00   1.00   1.00   1.00   1.00   1.00   1.00   1.00
               cum   1.00   1.00   1.00   1.00   1.00   1.00   1.00   1.00   1.00   1.00   1.00   1.00   1.00   1.00   1.00   1.00   1.00   1.00   1.00   1.00   1.00   1.00   1.00   1.00   1.00
  exp    1e+12 loc   1.00   1.00   1.00   1.00   1.00   1.00   1.00   1.00   1.00   1.00   1.00   1.00   1.00   1.00   1.00   1.00   1.00   1.00   1.00   1.00   1.00   1.00   1.00   1.00   1.00
               cum   1.00   1.00   1.00   1.00   1.00   1.00   1.00   1.00   1.00   1.00   1.00   1.00   1.00   1.00   1.00   1.00   1.00   1.00   1.00   1.00   1.00   1.00   1.00   1.00   1.00

  q = 0.2:
  point  1e+09 loc   1.00   1.00   1.00   1.00   1.00   1.00   1.00   1.00   1.00   1.00   1.00   1.00   1.00   1.00   1.00   1.00   1.00   1.00   1.00   1.00   1.00   1.00   1.00   1.00   1.00
               cum   1.00   1.00   1.00   1.00   1.00   1.00   1.00   1.00   1.00   1.00   1.00   1.00   1.00   1.00   1.00   1.00   1.00   1.00   1.00   1.00   1.00   1.00   1.00   1.00   1.00
  point  1e+10 loc   1.00   1.00   1.00   1.00   1.00   1.00   1.00   1.00   1.00   1.00   1.00   1.00   1.00   1.00   1.00   1.00   1.00   1.00   1.00   1.00   1.00   1.00   1.00   1.00   1.00
               cum   1.00   1.00   1.00   1.00   1.00   1.00   1.00   1.00   1.00   1.00   1.00   1.00   1.00   1.00   1.00   1.00   1.00   1.00   1.00   1.00   1.00   1.00   1.00   1.00   1.00
  point  1e+11 loc   1.00   1.00   1.00   1.00   1.00   1.00   1.00   1.00   1.00   1.00   1.00   1.00   1.00   1.00   1.00   1.00   1.00   1.00   1.00   1.00   1.00   1.00   1.00   1.00   1.00
               cum   1.00   1.00   1.00   1.00   1.00   1.00   1.00   1.00   1.00   1.00   1.00   1.00   1.00   1.00   1.00   1.00   1.00   1.00   1.00   1.00   1.00   1.00   1.00   1.00   1.00
  point  1e+12 loc   1.00   1.00   1.00   1.00   1.00   1.00   1.00   1.00   1.00   1.00   1.00   1.00   1.00   1.00   1.00   1.00   1.00   1.00   1.00   1.00   1.00   1.00   1.00   1.00   1.00
               cum   1.00   1.00   1.00   1.00   1.00   1.00   1.00   1.00   1.00   1.00   1.00   1.00   1.00   1.00   1.00   1.00   1.00   1.00   1.00   1.00   1.00   1.00   1.00   1.00   1.00

==============================================================================================================
A1 / A2 (alt footing, a0 = 1.1312e-10): bound-part C/C_target (local, 0.1-dex bins) and M_c,bound(<r)/M_c,target(<r) at x = r/r_M  [classifier: inst]
==============================================================================================================
  x centres:     0.11   0.14   0.18   0.22   0.28   0.35   0.45   0.56   0.71   0.89   1.12   1.41   1.78   2.24   2.82   3.55   4.47   5.62   7.08   8.91  11.22  14.13  17.78  22.39  28.18

  q = 0.05:
  point  1e+09 loc   1.00   1.00   1.00   1.00   1.00   1.00   1.00   1.00   1.00   1.00   1.00   1.00   1.00   1.00   1.00   1.00   1.00   1.00   1.00   1.00   1.00   1.00   1.00   1.00   1.00
               cum   1.00   1.00   1.00   1.00   1.00   1.00   1.00   1.00   1.00   1.00   1.00   1.00   1.00   1.00   1.00   1.00   1.00   1.00   1.00   1.00   1.00   1.00   1.00   1.00   1.00
  point  1e+10 loc   1.00   1.00   1.00   1.00   1.00   1.00   1.00   1.00   1.00   1.00   1.00   1.00   1.00   1.00   1.00   1.00   1.00   1.00   1.00   1.00   1.00   1.00   1.00   1.00   1.00
               cum   1.00   1.00   1.00   1.00   1.00   1.00   1.00   1.00   1.00   1.00   1.00   1.00   1.00   1.00   1.00   1.00   1.00   1.00   1.00   1.00   1.00   1.00   1.00   1.00   1.00
  point  1e+11 loc   1.00   1.00   1.00   1.00   1.00   1.00   1.00   1.00   1.00   1.00   1.00   1.00   1.00   1.00   1.00   1.00   1.00   1.00   1.00   1.00   1.00   1.00   1.00   1.00   1.00
               cum   1.00   1.00   1.00   1.00   1.00   1.00   1.00   1.00   1.00   1.00   1.00   1.00   1.00   1.00   1.00   1.00   1.00   1.00   1.00   1.00   1.00   1.00   1.00   1.00   1.00
  point  1e+12 loc   1.00   1.00   1.00   1.00   1.00   1.00   1.00   1.00   1.00   1.00   1.00   1.00   1.00   1.00   1.00   1.00   1.00   1.00   1.00   1.00   1.00   1.00   1.00   1.00   1.00
               cum   1.00   1.00   1.00   1.00   1.00   1.00   1.00   1.00   1.00   1.00   1.00   1.00   1.00   1.00   1.00   1.00   1.00   1.00   1.00   1.00   1.00   1.00   1.00   1.00   1.00

  q = 0.1:
  point  1e+09 loc   1.00   1.00   1.00   1.00   1.00   1.00   1.00   1.00   1.00   1.00   1.00   1.00   1.00   1.00   1.00   1.00   1.00   1.00   1.00   1.00   1.00   1.00   1.00   1.00   1.00
               cum   1.00   1.00   1.00   1.00   1.00   1.00   1.00   1.00   1.00   1.00   1.00   1.00   1.00   1.00   1.00   1.00   1.00   1.00   1.00   1.00   1.00   1.00   1.00   1.00   1.00
  point  1e+10 loc   1.00   1.00   1.00   1.00   1.00   1.00   1.00   1.00   1.00   1.00   1.00   1.00   1.00   1.00   1.00   1.00   1.00   1.00   1.00   1.00   1.00   1.00   1.00   1.00   1.00
               cum   1.00   1.00   1.00   1.00   1.00   1.00   1.00   1.00   1.00   1.00   1.00   1.00   1.00   1.00   1.00   1.00   1.00   1.00   1.00   1.00   1.00   1.00   1.00   1.00   1.00
  point  1e+11 loc   1.00   1.00   1.00   1.00   1.00   1.00   1.00   1.00   1.00   1.00   1.00   1.00   1.00   1.00   1.00   1.00   1.00   1.00   1.00   1.00   1.00   1.00   1.00   1.00   1.00
               cum   1.00   1.00   1.00   1.00   1.00   1.00   1.00   1.00   1.00   1.00   1.00   1.00   1.00   1.00   1.00   1.00   1.00   1.00   1.00   1.00   1.00   1.00   1.00   1.00   1.00
  point  1e+12 loc   1.00   1.00   1.00   1.00   1.00   1.00   1.00   1.00   1.00   1.00   1.00   1.00   1.00   1.00   1.00   1.00   1.00   1.00   1.00   1.00   1.00   1.00   1.00   1.00   1.00
               cum   1.00   1.00   1.00   1.00   1.00   1.00   1.00   1.00   1.00   1.00   1.00   1.00   1.00   1.00   1.00   1.00   1.00   1.00   1.00   1.00   1.00   1.00   1.00   1.00   1.00
  exp    1e+09 loc   1.00   1.00   1.00   1.00   1.00   1.00   1.00   1.00   1.00   1.00   1.00   1.00   1.00   1.00   1.00   1.00   1.00   1.00   1.00   1.00   1.00   1.00   1.00   1.00   1.00
               cum   1.00   1.00   1.00   1.00   1.00   1.00   1.00   1.00   1.00   1.00   1.00   1.00   1.00   1.00   1.00   1.00   1.00   1.00   1.00   1.00   1.00   1.00   1.00   1.00   1.00
  exp    1e+10 loc   1.00   1.00   1.00   1.00   1.00   1.00   1.00   1.00   1.00   1.00   1.00   1.00   1.00   1.00   1.00   1.00   1.00   1.00   1.00   1.00   1.00   1.00   1.00   1.00   1.00
               cum   1.00   1.00   1.00   1.00   1.00   1.00   1.00   1.00   1.00   1.00   1.00   1.00   1.00   1.00   1.00   1.00   1.00   1.00   1.00   1.00   1.00   1.00   1.00   1.00   1.00
  exp    1e+11 loc   1.00   1.00   1.00   1.00   1.00   1.00   1.00   1.00   1.00   1.00   1.00   1.00   1.00   1.00   1.00   1.00   1.00   1.00   1.00   1.00   1.00   1.00   1.00   1.00   1.00
               cum   1.00   1.00   1.00   1.00   1.00   1.00   1.00   1.00   1.00   1.00   1.00   1.00   1.00   1.00   1.00   1.00   1.00   1.00   1.00   1.00   1.00   1.00   1.00   1.00   1.00
  exp    1e+12 loc   1.00   1.00   1.00   1.00   1.00   1.00   1.00   1.00   1.00   1.00   1.00   1.00   1.00   1.00   1.00   1.00   1.00   1.00   1.00   1.00   1.00   1.00   1.00   1.00   1.00
               cum   1.00   1.00   1.00   1.00   1.00   1.00   1.00   1.00   1.00   1.00   1.00   1.00   1.00   1.00   1.00   1.00   1.00   1.00   1.00   1.00   1.00   1.00   1.00   1.00   1.00

  q = 0.2:
  point  1e+09 loc   1.00   1.00   1.00   1.00   1.00   1.00   1.00   1.00   1.00   1.00   1.00   1.00   1.00   1.00   1.00   1.00   1.00   1.00   1.00   1.00   1.00   1.00   1.00   1.00   1.00
               cum   1.00   1.00   1.00   1.00   1.00   1.00   1.00   1.00   1.00   1.00   1.00   1.00   1.00   1.00   1.00   1.00   1.00   1.00   1.00   1.00   1.00   1.00   1.00   1.00   1.00
  point  1e+10 loc   1.00   1.00   1.00   1.00   1.00   1.00   1.00   1.00   1.00   1.00   1.00   1.00   1.00   1.00   1.00   1.00   1.00   1.00   1.00   1.00   1.00   1.00   1.00   1.00   1.00
               cum   1.00   1.00   1.00   1.00   1.00   1.00   1.00   1.00   1.00   1.00   1.00   1.00   1.00   1.00   1.00   1.00   1.00   1.00   1.00   1.00   1.00   1.00   1.00   1.00   1.00
  point  1e+11 loc   1.00   1.00   1.00   1.00   1.00   1.00   1.00   1.00   1.00   1.00   1.00   1.00   1.00   1.00   1.00   1.00   1.00   1.00   1.00   1.00   1.00   1.00   1.00   1.00   1.00
               cum   1.00   1.00   1.00   1.00   1.00   1.00   1.00   1.00   1.00   1.00   1.00   1.00   1.00   1.00   1.00   1.00   1.00   1.00   1.00   1.00   1.00   1.00   1.00   1.00   1.00
  point  1e+12 loc   1.00   1.00   1.00   1.00   1.00   1.00   1.00   1.00   1.00   1.00   1.00   1.00   1.00   1.00   1.00   1.00   1.00   1.00   1.00   1.00   1.00   1.00   1.00   1.00   1.00
               cum   1.00   1.00   1.00   1.00   1.00   1.00   1.00   1.00   1.00   1.00   1.00   1.00   1.00   1.00   1.00   1.00   1.00   1.00   1.00   1.00   1.00   1.00   1.00   1.00   1.00

  SUMMARY of A1 / A2 (every mass must hold for a bracket; PASS = within the band everywhere; FAIL = guarded fail = beyond the band by more than the noise guard):
    point canonical q=0.05: A1 PASS (largest |ratio-1| 0.00); A2 PASS (largest |ratio-1| 0.00)
    point canonical q=0.10: A1 PASS (largest |ratio-1| 0.00); A2 PASS (largest |ratio-1| 0.00)
    point canonical q=0.20: A1 PASS (largest |ratio-1| 0.00); A2 PASS (largest |ratio-1| 0.00)
    point alt       q=0.05: A1 PASS (largest |ratio-1| 0.00); A2 PASS (largest |ratio-1| 0.00)
    point alt       q=0.10: A1 PASS (largest |ratio-1| 0.00); A2 PASS (largest |ratio-1| 0.00)
    point alt       q=0.20: A1 PASS (largest |ratio-1| 0.00); A2 PASS (largest |ratio-1| 0.00)
    exp   canonical q=0.05: A1 PASS (largest |ratio-1| 0.00); A2 PASS (largest |ratio-1| 0.00)
    exp   canonical q=0.10: A1 PASS (largest |ratio-1| 0.00); A2 PASS (largest |ratio-1| 0.00)
    exp   canonical q=0.20: A1 PASS (largest |ratio-1| 0.00); A2 PASS (largest |ratio-1| 0.00)
    exp   alt       q=0.05: A1 PASS (largest |ratio-1| 0.00); A2 PASS (largest |ratio-1| 0.00)
    exp   alt       q=0.10: A1 PASS (largest |ratio-1| 0.00); A2 PASS (largest |ratio-1| 0.00)
    exp   alt       q=0.20: A1 PASS (largest |ratio-1| 0.00); A2 PASS (largest |ratio-1| 0.00)

  canonical footing, point cores, q = 0.05 / 0.1 / 0.2: local ratio and cumulative ratio at x = 0.11 / 1.12 / 28.2 (min-max over the four masses):
    q=0.05 loc: x=0.11: 1.00-1.00   x=1.12: 1.00-1.00   x=28.18: 1.00-1.00
    q=0.05 cum: x=0.11: 1.00-1.00   x=1.12: 1.00-1.00   x=28.18: 1.00-1.00
    q=0.10 loc: x=0.11: 1.00-1.00   x=1.12: 1.00-1.00   x=28.18: 1.00-1.00
    q=0.10 cum: x=0.11: 1.00-1.00   x=1.12: 1.00-1.00   x=28.18: 1.00-1.00
    q=0.20 loc: x=0.11: 1.00-1.00   x=1.12: 1.00-1.00   x=28.18: 1.00-1.00
    q=0.20 cum: x=0.11: 1.00-1.00   x=1.12: 1.00-1.00   x=28.18: 1.00-1.00

==============================================================================================================
A3: the radial scale R_s (where M_c,bound(<r) = M_b) against M_b; target R_s = sqrt(3) r_M proportional to M^(1/2)
==============================================================================================================
    point q=0.05: R_s = 1.9, 4.0, 9.5, 20.3 kpc  (x = R_s/r_M: 1.596, 1.041, 0.777, 0.526; target 1.732)  exponent p = 0.343  (time-averaged estimator 0.349; 5,000 shells 0.340)  spread max/min x = 3.03
    point q=0.10: R_s = 2.1, 4.7, 10.3, 21.7 kpc  (x = R_s/r_M: 1.707, 1.224, 0.844, 0.562; target 1.732)  exponent p = 0.339  (time-averaged estimator 0.332; 5,000 shells 0.330)  spread max/min x = 3.04
    point q=0.20: R_s = 2.2, 5.4, 10.4, 21.9 kpc  (x = R_s/r_M: 1.815, 1.398, 0.854, 0.567; target 1.732)  exponent p = 0.327  (time-averaged estimator 0.322; 5,000 shells 0.340)  spread max/min x = 3.20
    exp   q=0.05: R_s = 3.4, 5.0, 8.9, 18.2 kpc  (x = R_s/r_M: 2.803, 1.295, 0.729, 0.471; target 1.732)  exponent p = 0.243  (time-averaged estimator 0.242; 5,000 shells 0.226)  spread max/min x = 5.95
    exp   q=0.10: R_s = 3.8, 6.5, 10.2, 21.9 kpc  (x = R_s/r_M: 3.090, 1.683, 0.840, 0.567; target 1.732)  exponent p = 0.249  (time-averaged estimator 0.242; 5,000 shells 0.226)  spread max/min x = 5.45
    exp   q=0.20: R_s = 5.0, 7.7, 12.9, 25.0 kpc  (x = R_s/r_M: 4.091, 1.996, 1.058, 0.648; target 1.732)  exponent p = 0.232  (time-averaged estimator 0.237; 5,000 shells 0.227)  spread max/min x = 6.32

  point cores: exponents 0.343, 0.339, 0.327; |p - 0.500| <= 0.0291 for all q: False; the turnaround reading (|p - 1/3| <= 0.05 and |p - 1/2| > 0.10) for all q: True

  A1 (local, within 10% for at least one q at every mass, both footings): PASS
  A2 (cumulative, within 10% for x in [0.3, 30]): PASS
  A3 (|p - 0.500| <= 0.0291 for every q): FAIL
  GATE A (all three; point cores primary): FAIL

  MUTATE MA1: A1/A2 evaluator on the target's own profile: A1 True, A2 True (main gate FAIL)
  BITES: True
