== CFG172_A8_stress_energy  MUTATE=off  repo=<repo>
  [PASS] A8.1 T_uu of the flow sector to O(e) = +(1/4 pi G) div(ell' grad Phi) (own metric variation): it IS the source the Phi equation uses (the frozen text expected them to differ: wrong expectation, kept)
         measured: l1*(r*Derivative(Phi(r), (r, 2)) + 2*Derivative(Phi(r), r))/(4*pi*G*r)
  [PASS] A8.2 p_r and p_t are O(e^2) = O((Phi/c^2)^2) relative to rho c^2 at fixed density scale: the flow behaves as a stress-free static source at leading order (dust-like, not vacuum-like)
         measured: p_r = -l1*Derivative(Phi(r), r)**2/(8*pi*G); p_t = l1*Derivative(Phi(r), r)**2/(8*pi*G)
  [PASS] A8.3 Newtonian-limit conservation of T^flow: p_r' + rho Phi' + (2/r)(p_r - p_t) = 0 identically (Psi = Phi), for arbitrary Phi(r)
         measured: 0
  [PASS] A8.4 khronon form: the momentum constraint (the flux of the aether equation, i.e. the shift-symmetry Noether current) vanishes on the static solution: dL/d(shift) at zero shift = 0 => Q = 0 with no tuning
         measured: dL/d eps at eps=0: 0
  [PASS] A8.5 a conserved khronon charge in FRW: d_t(a^3 J^0) = 0 <=> J^0 = Q/a^3 (an a^-3 term, dust-like): what M7 switches on
         measured: 0
  [PASS] S2a no parameter of any variant carries the dimension of a rest mass (scales are Lambda-derived: L^-2, T^-2; couplings dimensionless)
         measured: {'a_*^2 = kappa^2 Lambda/8pi': 'L^-2', 'theta_L^2 = 3 Lambda c^2': 'T^-2', 'G': 'overall 1/16 pi G normalisation (not a rest mass)', 'c2': '1', 'beta': '1', 'kappa': '1', 'M^2 (11C-b) = 3 c2 Lambda c^2': 'T^-2', 'shape functions': '1'}
  [PASS] S2c the effective density is a functional of the baryons: at fixed r it falls like sqrt(M) as M -> 0
         measured: rho_ph(1e9)/rho_ph(1e12) = 3.163e-02 (sqrt(1e-3) = 0.0316)
  no-cold background test (i): |rho_ae/rho_req| ranges 1.13e-03 .. 1.64e-02, sign negative; line: within 5% of 1
  11C-a/-c (leaf-averaged theta-term): rho_ae = 0 on FRW exactly (G_cos = G, L350 G5)
  no-cold growth D(a=1)/D(a=1e-3): LCDM 709.9; baryon-only universe 156.4; ratio 0.220 (line: within 5% of 1; Compton drag / baryon pressure ignored: would make it worse)
  [PASS] C8 LCDM growth D(1)/D(1e-3) ~ 800-1000 (matter-radiation-dominated initial condition ignored)
         measured: 709.9
  >> G2 no-cold (11C-x-nocold), background test (i) [11C-b; 11C-a/-c have rho_ae = 0]: FAIL  (|rho_ae/rho_req| = 1.1e-03..1.6e-02, wrong sign)
  >> G2 no-cold, growth test (ii) [all three]: FAIL  (baryon-only growth ratio 0.220)
  >> S2 (inside the owner's picture): PASS (a, b); PASS with caveat (c)  (no rest mass, no conserved number (Q = 0), effective density slaved to the baryons; 11C-c's coupling changes the baryons' mass, not the flow's)
  >> S1 stress-energy: REPORTED  (rho_flow = T_uu = the Phi-equation source (A8.1); p_r, p_t = O(Phi/c^2) relative; conserved (A8.3); not a perfect fluid, not vacuum-like)
== CFG172_A8_stress_energy: 8/8 checks pass; runtime 1.5 s; wrote CFG172_A8_stress_energy_results.json
