  [PASS] C0 staged ISO lenses = lr_lenses.npz order (z, logM, typ exact): N = 181,477
  [PASS] C1 the all-lens stack-weighted measured/predicted ratio reproduces CFG502's 0.845 (+-0.001): 0.8454

=== stack_weighted: more-massive companions within 0.5 Mpc (10 < |dchi| < 600), excess over the 4-6 Mpc annulus, per lens ===
  class   N        raw_in   bkg      EXCESS (jk)        pred_sat  pred_2h  meas/pred  lambda (jk)       f_W(model)  f_leak = lambda f_W
  late     93398  0.8838  0.6358  0.2480 +- 0.0063   0.3691   0.0305   0.621     0.589 +- 0.017    0.192       0.113 +- 0.003
  early    88079  0.6391  0.3822  0.2569 +- 0.0050   0.2258   0.0183   1.053     1.057 +- 0.022    0.159       0.168 +- 0.004
  all     181477  0.7274  0.4736  0.2537 +- 0.0044   0.2775   0.0227   0.845     0.833 +- 0.016    0.171       0.143 +- 0.003
  early - late excess : +0.0089 +- 0.0069 (+1.3 sigma); early / late = 1.036
  early - late lambda : +0.4678 +- 0.0243 (+19.3 sigma); early / late = 1.794
  early - late f_leak : +0.0551 +- 0.0041 (+13.4 sigma); early / late = 1.486

=== unweighted: more-massive companions within 0.5 Mpc (10 < |dchi| < 600), excess over the 4-6 Mpc annulus, per lens ===
  class   N        raw_in   bkg      EXCESS (jk)        pred_sat  pred_2h  meas/pred  lambda (jk)       f_W(model)  f_leak = lambda f_W
  late     93398  1.0533  0.7812  0.2721 +- 0.0071   0.4521   0.0354   0.558     0.523 +- 0.016    0.204       0.107 +- 0.003
  early    88079  0.6467  0.3772  0.2695 +- 0.0050   0.2332   0.0197   1.066     1.071 +- 0.022    0.162       0.174 +- 0.003
  all     181477  0.8559  0.5851  0.2708 +- 0.0051   0.3459   0.0278   0.725     0.703 +- 0.015    0.183       0.129 +- 0.003
  early - late excess : -0.0026 +- 0.0068 (-0.4 sigma); early / late = 0.990
  early - late lambda : +0.5477 +- 0.0214 (+25.6 sigma); early / late = 2.046
  early - late f_leak : +0.0669 +- 0.0037 (+18.1 sigma); early / late = 1.627

=== matched comparisons (stack-weighted): excess and lambda per class in log M* x z cells ===
  log M*        z          N_late  N_early  excess_late  excess_early  lambda_late  lambda_early  ratio(lambda)
   9.75-10.25  0.10-0.20     3652     2484      0.5010       0.6588       1.088        1.626     1.494
   9.75-10.25  0.20-0.25     6337     1277      0.4269       0.7365       0.815        1.680     2.063
   9.75-10.25  0.25-0.30     6838      569      0.3017       0.5970       0.511        1.262     2.468
  10.25-10.50  0.10-0.20      736     2637      0.2878       0.3654       0.845        1.111     1.315
  10.25-10.50  0.20-0.25     2153     3444      0.3247       0.4727       0.898        1.398     1.557
  10.25-10.50  0.25-0.30     4267     3776      0.2622       0.4295       0.642        1.170     1.821
  10.25-10.50  0.30-0.35     5369     1587      0.2545       0.4722       0.567        1.186     2.093
  10.50-10.75  0.20-0.25      773     4590      0.2559       0.2678       0.943        1.027     1.089
  10.50-10.75  0.25-0.30     2203     9003      0.2558       0.3061       0.883        1.127     1.277
  10.50-10.75  0.30-0.35     4753     9552      0.2058       0.2857       0.627        0.964     1.537
  10.50-10.75  0.35-0.40     6552     3533      0.1358       0.2660       0.357        0.837     2.348
  10.50-10.75  0.40-0.50     5262      457      0.1012       0.4266       0.268        1.327     4.957
  10.75-11.01  0.25-0.30      397     6241      0.1723       0.1690       0.960        1.049     1.092
  10.75-11.01  0.30-0.35     1057    11356      0.1043       0.1739       0.489        0.986     2.016
  10.75-11.01  0.35-0.40     4962    14439      0.0871       0.1584       0.364        0.825     2.264
  10.75-11.01  0.40-0.50     7885     7518      0.0692       0.1604       0.303        0.886     2.923
  matched (common cell weights): excess early 0.3205 vs late 0.2096 (ratio 1.529); lambda early 1.071 vs late 0.613 (ratio 1.747)

  (reported) raw inner count split is not available per radius in the staged arrays; only R < 0.5 Mpc is staged (CFG502).
