CFG501 (d) early-type lensing levels (FROZEN_CRITERIA.md 7b71dd9b5, REPORTED leg): a copy of CFG498's cfg498_early.py with the
PRIMARY cap on the UNSETTLED supply C_u = (1 - f_b) Int_0^{r_ta} (1 - m) dM_law (rows *_ucap); CFG498's full-supply cap kept as *_cap498.
--- CFG498 docstring follows ---
CFG498 (d) early-type lensing levels (FROZEN_CRITERIA.md d9c739010, REPORTED leg; CFG485 caveat 2).
CFG485's R8 construction (CFG95's machinery read-only via CFG485's own prefix, executed read-only up to its C6 banner):
released per-class blocks on K1, two-halo profiled per class (6 dof), and without two-halo.  The phantom is the capped clock
taper to r_ta (V1: rho_X = law mass, MS1 EXCEPTION; V2: rho_X = M_b/f_b, strict MS1) in place of the 5.850 r_M truncation.
Label 'early-type levels OK' iff chi2_early - chi2_B1,early <= 4 on both footings (free 2h).  B1 = CFG95's law to 0.40 r_ta.
Control C4: B1 chi2 reproduces CFG485's committed R8 within 1e-6.
MUTATE (CFG498_MUTATE=1): FRW-firing clock (m = background value on every shell, to r_ta, capped): reported only.

  CFG485 prefix executed read-only (53 s); f_b 0.157126; nodes 77 masses x 6 z
  [PASS] C4 CFG485's machinery (read-only) reproduces its committed R8 B1 chi2 (free 2h and no 2h; early, late; both footings) within 1e-6: max |diff| 0.0e+00
  V1_ucap canonical: tables + stacks 7 s; node q_raw median 2.180, max 2.349, binds 1.000
  V1_ucap alt: tables + stacks 7 s; node q_raw median 2.182, max 2.349, binds 1.000
  V1_cap498 canonical: tables + stacks 7 s; node q_raw median 0.761, max 0.783, binds 0.000
  V1_cap498 alt: tables + stacks 7 s; node q_raw median 0.762, max 0.783, binds 0.000
  V1_nocap canonical: tables + stacks 7 s; node q_raw median 0.761, max 0.783, binds 0.000
  V1_nocap alt: tables + stacks 7 s; node q_raw median 0.762, max 0.783, binds 0.000
  V2_ucap canonical: tables + stacks 7 s; node q_raw median 0.340, max 0.563, binds 0.000
  V2_ucap alt: tables + stacks 7 s; node q_raw median 0.321, max 0.526, binds 0.000
  V2_cap498 canonical: tables + stacks 7 s; node q_raw median 0.263, max 0.375, binds 0.000
  V2_cap498 alt: tables + stacks 7 s; node q_raw median 0.251, max 0.359, binds 0.000
  V2_nocap canonical: tables + stacks 7 s; node q_raw median 0.263, max 0.375, binds 0.000
  V2_nocap alt: tables + stacks 7 s; node q_raw median 0.251, max 0.359, binds 0.000

  per-class absolute levels on K1 (released blocks; 6 dof with free 2h, 7 without)
  footing   class | B1 (CFG95 law) chi2 / A / no-2h | CFG485 S (5.85 r_M) chi2 / no-2h | V1_ucap chi2 / A / no-2h (d vs B1) | V2_ucap chi2 / A / no-2h (d vs B1) | V1_cap498 / V2_cap498 / V1_nocap / V2_nocap chi2
  canonical early |    2.55 / +0.86 /   23.07 |   30.45 /  109.83 |    1.52 / +2.34 /  154.65 (-1.03) |    2.50 / +0.83 /   22.00 (-0.05) | 2.47 / 2.50 / 2.47 / 2.50
      data   [10.73, 12.45, 17.62, 23.39, 30.45, 36.82, 47.72]
      B1     [7.33, 9.79, 13.14, 17.71, 24.0, 32.73, 45.02]
      V1_ucap [3.62, 4.89, 6.71, 9.31, 13.07, 18.63, 27.01]
      V2_ucap [7.38, 10.0, 13.29, 17.77, 24.03, 32.75, 45.03]
  canonical late  |   13.87 / -0.19 /   15.08 |   47.79 /   56.41 |   10.74 / +0.95 /   39.62 (-3.13) |   13.50 / -0.21 /   14.91 (-0.38) | 13.69 / 13.50 / 13.69 / 13.50
      data   [8.96, 10.61, 12.39, 11.53, 15.11, 26.96, 23.28]
      B1     [6.79, 9.07, 12.16, 16.37, 22.15, 30.16, 41.39]
      V1_ucap [3.35, 4.53, 6.19, 8.56, 11.99, 17.02, 24.54]
      V2_ucap [6.83, 9.24, 12.31, 16.43, 22.18, 30.18, 41.4]
  alt       early |    2.87 / +0.62 /   13.54 |   38.11 /  114.63 |    1.55 / +2.24 /  141.45 (-1.31) |    2.79 / +0.59 /   12.66 (-0.08) | 2.78 / 2.79 / 2.78 / 2.79
      data   [10.73, 12.45, 17.62, 23.39, 30.45, 36.82, 47.72]
      B1     [7.91, 10.56, 14.16, 19.06, 25.77, 35.06, 48.06]
      V1_ucap [3.88, 5.24, 7.16, 9.89, 13.83, 19.6, 28.22]
      V2_ucap [7.97, 10.79, 14.33, 19.12, 25.81, 35.08, 48.07]
  alt       late  |   14.33 / -0.34 /   18.07 |   52.69 /   62.05 |   10.74 / +0.89 /   36.08 (-3.59) |   13.93 / -0.36 /   18.06 (-0.40) | 14.13 / 13.93 / 14.13 / 13.93
      data   [8.96, 10.61, 12.39, 11.53, 15.11, 26.96, 23.28]
      B1     [7.23, 9.65, 12.92, 17.38, 23.47, 31.86, 43.56]
      V1_ucap [3.55, 4.78, 6.52, 8.98, 12.51, 17.64, 25.26]
      V2_ucap [7.28, 9.84, 13.11, 17.45, 23.5, 31.88, 43.57]
  [PASS] C2e the full-supply-cap rows reproduce CFG498's early/late V1_cap / V2_cap chi2 within 1e-6: max |diff| 0.0e+00
  [PASS] (reported) (d) early-type levels OK (V1 unsettled-cap taper): chi2_early - chi2_B1,early <= 4 on both footings (free 2h): canonical 1.52 - 2.55 = -1.03, alt 1.55 - 2.87 = -1.31
  [PASS] (reported) (d) early-type levels OK (V2 unsettled-cap taper): chi2_early - chi2_B1,early <= 4 on both footings (free 2h): canonical 2.50 - 2.55 = -0.05, alt 2.79 - 2.87 = -0.08
