== (b) A_near - A_far (V1, dex) = +0.039 +- 0.077  (near +0.202 +- 0.064, far +0.163 +- 0.045, corr 0.04)
   95% one-sided upper limit on near-far amplitude excess: 0.165 dex; lower limit -0.087 dex
   whole-far-split-as-systematic scenario (log-amplitude q = far/near systematic ratio): near excess = A_far/q ; predicted A_near - A_far = A_far (1/q - 1)
     q 1.0: predicted near-far 0.000 dex ; excluded at 95% (pred > UL 0.165)? no ; z of data vs pred 0.51
     q 0.9: predicted near-far 0.018 dex ; excluded at 95% (pred > UL 0.165)? no ; z of data vs pred 0.27
     q 0.8: predicted near-far 0.041 dex ; excluded at 95% (pred > UL 0.165)? no ; z of data vs pred -0.02
     q 0.7: predicted near-far 0.070 dex ; excluded at 95% (pred > UL 0.165)? no ; z of data vs pred -0.40
     q 0.6: predicted near-far 0.108 dex ; excluded at 95% (pred > UL 0.165)? no ; z of data vs pred -0.90
     q 0.5: predicted near-far 0.163 dex ; excluded at 95% (pred > UL 0.165)? no ; z of data vs pred -1.61
     q 0.4: predicted near-far 0.244 dex ; excluded at 95% (pred > UL 0.165)? YES ; z of data vs pred -2.67
     q 0.3: predicted near-far 0.379 dex ; excluded at 95% (pred > UL 0.165)? YES ; z of data vs pred -4.43
   near/far test excludes q < 0.50 (one-sided 95%): a separation-dependent systematic explaining the far split must have far/near ratio above this

== (a) power with the chi2_7 critical value (18.48) vs the permutation q99 (cross 20.79, near/far 20.41)
   eps 0.25: cross power chi2-crit 0.047, perm-crit 0.024 | near/far 0.019, 0.010
   eps 0.50: cross power chi2-crit 0.321, perm-crit 0.226 | near/far 0.068, 0.041
   eps 0.75: cross power chi2-crit 0.812, perm-crit 0.727 | near/far 0.214, 0.150
   eps 1.00: cross power chi2-crit 0.989, perm-crit 0.978 | near/far 0.488, 0.393

== (c) patch spatial extent: RA/Dec (deg)
   whole sample: RA 0.0-360.0 (std 113.6), Dec -35.6-3.0 (std 15.9)
   per-patch RA std: median 1.0 (min 0.7 max 34.6); Dec std median 1.9 (min 1.2 max 2.6)
   fraction of the 5 nearest sky neighbours that share the lens's patch: 0.987 (1/50 = 0.02 if patches were random labels)
