[    0.0s] S1: numeric (a,b,c) via exponential-coordinate spectral nesting
[    0.0s] S1: GL(90,70,70): a=0.616666666587 b=0.667619047491 c=0.189986394509
[    0.0s] S1: GL(140,110,110): a=0.616666666587 b=0.667619047491 c=0.189986394509
[    0.0s] S1: rule-doubling max rel dev 6.12e-15
[    0.0s] G0b: internal consistency checks
[    0.0s] G0b: E_Wb = 0.95239265665252 expect 0.75000000000000 reldev 2.70e-01
VERDICT: G0b FIRED at E_Wb (reldev 2.70e-01) (exit 1)
[    0.0s] S1: numeric (a,b,c) via exponential-coordinate spectral nesting
[    0.0s] S1: GL(90,70,70): a=0.616666666587 b=0.667619047491 c=0.189986394509
[    0.0s] S1: GL(140,110,110): a=0.616666666587 b=0.667619047491 c=0.189986394509
[    0.0s] S1: rule-doubling max rel dev 6.12e-15
[    0.0s] G0b: internal consistency checks
[    0.0s] G0b: E_Wb = 0.74999999988675 expect 0.75000000000000 reldev 1.51e-10
VERDICT: G0b FIRED at E_Wb (reldev 1.51e-10) (exit 1)
[    0.0s] S1: numeric (a,b,c) via exponential-coordinate spectral nesting
[    0.0s] S1: GL(90,70,70): a=0.616666666587 b=0.667619047491 c=0.189986394509
[    0.0s] S1: GL(140,110,110): a=0.616666666587 b=0.667619047491 c=0.189986394509
[    0.0s] S1: rule-doubling max rel dev 6.12e-15
[    0.0s] G0b: internal consistency checks
[    0.0s] G0b: E_Wb = 0.74999999988675 expect 0.75000000000000 reldev 1.51e-10
VERDICT: G0b FIRED at E_Wb (reldev 1.51e-10) (exit 1)
[    0.0s] S1: numeric (a,b,c) via exponential-coordinate spectral nesting
[    0.0s] S1: GL(90,70,70): a=0.616666666667 b=0.667619047619 c=0.189986394558
[    0.0s] S1: GL(140,110,110): a=0.616666666667 b=0.667619047619 c=0.189986394558
[    0.0s] S1: rule-doubling max rel dev 1.26e-14
[    0.0s] G0b: internal consistency checks
[    0.0s] G0b: E_Wb = 0.75000000000001 expect 0.75000000000000 reldev 1.57e-14
[    0.0s] G0b: E_intS = 0.40000000000001 expect 0.40000000000000 reldev 1.75e-14
[    0.0s] G0b: Ibar_W2_r05 = 0.91197960825054 expect 0.91197960825054 reldev 1.70e-15
[    0.0s] G0b PASS
[    0.0s] G0: numeric (a,b,c) vs E2Q1 stored fit (loaded-not-transcribed)
[    0.0s] G0: a: 0.616666667 vs stored 0.616695930 +- 0.000229862  z=-0.13
[    0.0s] G0: b: 0.667619048 vs stored 0.667788406 +- 0.000559818  z=-0.30
[    0.0s] G0: c: 0.189986395 vs stored 0.190068933 +- 0.000118702  z=-0.70
[    0.0s] G0 PASS
[    0.0s] G2: dipole decomposition E_dip[h] = Ibar + hbar2*P2(mu)/2 vs direct (mu_dipole,phi) quad
[    0.2s] G2: h=W2 r=0.5 mugam=-0.6: direct 0.912340270982 vs pred 0.912340270982 rel 1.22e-16
[    0.2s] G2: h=W2 r=0.5 mugam=0.3: direct 0.908688560822 vs pred 0.908688560822 rel 0.00e+00
[    0.2s] G2: h=W2 r=0.5 mugam=0.9: direct 0.918426454582 vs pred 0.918426454582 rel 1.21e-16
[    0.2s] G2: h=c0qf r=0.5 mugam=-0.6: direct 0.246946428571 vs pred 0.246946428571 rel 2.25e-16
[    0.2s] G2: h=c0qf r=0.5 mugam=0.3: direct 0.246223214286 vs pred 0.246223214286 rel 3.38e-16
[    0.2s] G2: h=c0qf r=0.5 mugam=0.9: direct 0.248151785714 vs pred 0.248151785714 rel 2.24e-16
[    0.2s] G2 PASS
[    0.2s] S4: symbolic inner moments + J-table (exponential coordinates)
[    0.4s] S4: building 12 inner moments ...
[    0.4s] S4: moment (j=0,n=1,I) closed
[    0.5s] S4: moment (j=0,n=1,Q) closed
[    0.6s] S4: moment (j=0,n=2,I) closed
[    0.7s] S4: moment (j=0,n=2,Q) closed
[    0.7s] S4: moment (j=0,n=3,I) closed
[    0.9s] S4: moment (j=0,n=3,Q) closed
[    1.0s] S4: moment (j=0,n=4,I) closed
[    1.1s] S4: moment (j=0,n=4,Q) closed
[    1.2s] S4: moment (j=1,n=2,I) closed
[    1.3s] S4: moment (j=1,n=2,Q) closed
[    1.4s] S4: moment (j=1,n=3,I) closed
[    1.5s] S4: moment (j=1,n=3,Q) closed
[    1.5s] S4: J-table ...
[    1.5s] S4: J(k=1,Q=0) closed
[    1.6s] S4: J(k=1,Q=1) closed
[    1.6s] S4: J(k=2,Q=0) closed
[    1.7s] S4: J(k=2,Q=1) closed
[    1.7s] G1/G2b: symbolic moments/J vs numeric quadrature
[    1.7s] S4/S5: symbolic leg did NOT close: TypeError('Cannot convert expression to float')
[    1.7s] G4: closed (a,b,c) vs E2Q1 stored fit
[    1.7s] G4 SKIPPED (no symbolic closure)
[    1.7s] G5: fresh MC seed 20261001, n=2e6 x 4 dipole, q in {0,3,10}
[    2.0s] G5: chunk done (500000/2000000)
[    2.4s] G5: chunk done (1000000/2000000)
[    2.7s] G5: chunk done (1500000/2000000)
[    3.0s] G5: chunk done (2000000/2000000)
[    3.0s] G5: q=0: MC 0.616834 +- 0.000493 vs closed 0.616667  z=0.34
[    3.0s] G5: q=3: MC 4.328713 +- 0.003426 vs closed 4.329401  z=-0.20
[    3.0s] G5: q=10: MC 26.283029 +- 0.021809 vs closed 26.291497  z=-0.39
[    3.0s] G5 PASS
VERDICT: PARTIAL: numeric (a,b,c) certified by G0/G0b/G2/G5 but the exact-symbolic leg stayed OPEN (OPEN (TypeError: Cannot convert expression to float)) (exit 1)
[    0.0s] S1: numeric (a,b,c) via exponential-coordinate spectral nesting
[    0.0s] S1: GL(90,70,70): a=0.616666666667 b=0.667619047619 c=0.189986394558
[    0.0s] S1: GL(140,110,110): a=0.616666666667 b=0.667619047619 c=0.189986394558
[    0.0s] S1: rule-doubling max rel dev 1.26e-14
[    0.0s] G0b: internal consistency checks
[    0.0s] G0b: E_Wb = 0.75000000000001 expect 0.75000000000000 reldev 1.57e-14
[    0.0s] G0b: E_intS = 0.40000000000001 expect 0.40000000000000 reldev 1.75e-14
[    0.0s] G0b: Ibar_W2_r05 = 0.91197960825054 expect 0.91197960825054 reldev 1.70e-15
[    0.0s] G0b PASS
[    0.0s] G0: numeric (a,b,c) vs E2Q1 stored fit (loaded-not-transcribed)
[    0.0s] G0: a: 0.616666667 vs stored 0.616695930 +- 0.000229862  z=-0.13
[    0.0s] G0: b: 0.667619048 vs stored 0.667788406 +- 0.000559818  z=-0.30
[    0.0s] G0: c: 0.189986395 vs stored 0.190068933 +- 0.000118702  z=-0.70
[    0.0s] G0 PASS
[    0.0s] G2: dipole decomposition E_dip[h] = Ibar + hbar2*P2(mu)/2 vs direct (mu_dipole,phi) quad
[    0.2s] G2: h=W2 r=0.5 mugam=-0.6: direct 0.912340270982 vs pred 0.912340270982 rel 1.22e-16
[    0.2s] G2: h=W2 r=0.5 mugam=0.3: direct 0.908688560822 vs pred 0.908688560822 rel 0.00e+00
[    0.2s] G2: h=W2 r=0.5 mugam=0.9: direct 0.918426454582 vs pred 0.918426454582 rel 1.21e-16
[    0.2s] G2: h=c0qf r=0.5 mugam=-0.6: direct 0.246946428571 vs pred 0.246946428571 rel 2.25e-16
[    0.2s] G2: h=c0qf r=0.5 mugam=0.3: direct 0.246223214286 vs pred 0.246223214286 rel 3.38e-16
[    0.2s] G2: h=c0qf r=0.5 mugam=0.9: direct 0.248151785714 vs pred 0.248151785714 rel 2.24e-16
[    0.2s] G2 PASS
[    0.2s] S4: symbolic inner moments + J-table (exponential coordinates)
[    0.3s] S4: building 12 inner moments ...
[    0.4s] S4: moment (j=0,n=1,I) closed
[    0.4s] S4: moment (j=0,n=1,Q) closed
[    0.5s] S4: moment (j=0,n=2,I) closed
[    0.6s] S4: moment (j=0,n=2,Q) closed
[    0.6s] S4: moment (j=0,n=3,I) closed
[    0.7s] S4: moment (j=0,n=3,Q) closed
[    0.8s] S4: moment (j=0,n=4,I) closed
[    1.0s] S4: moment (j=0,n=4,Q) closed
[    1.0s] S4: moment (j=1,n=2,I) closed
[    1.1s] S4: moment (j=1,n=2,Q) closed
[    1.2s] S4: moment (j=1,n=3,I) closed
[    1.3s] S4: moment (j=1,n=3,Q) closed
[    1.3s] S4: J-table ...
[    1.3s] S4: J(k=1,Q=0) closed
[    1.4s] S4: J(k=1,Q=1) closed
[    1.5s] S4: J(k=2,Q=0) closed
[    1.6s] S4: J(k=2,Q=1) closed
[    1.6s] G1/G2b: symbolic moments/J vs numeric quadrature
[    1.6s] S4/S5: symbolic leg did NOT close: TypeError('Cannot convert expression to float')
[    1.6s] G4: closed (a,b,c) vs E2Q1 stored fit
[    1.6s] G4 SKIPPED (no symbolic closure)
[    1.6s] G5: fresh MC seed 20261001, n=2e6 x 4 dipole, q in {0,3,10}
[    1.9s] G5: chunk done (500000/2000000)
[    2.2s] G5: chunk done (1000000/2000000)
[    2.5s] G5: chunk done (1500000/2000000)
[    2.8s] G5: chunk done (2000000/2000000)
[    2.8s] G5: q=0: MC 0.616834 +- 0.000493 vs closed 0.616667  z=0.34
[    2.8s] G5: q=3: MC 4.328713 +- 0.003426 vs closed 4.329401  z=-0.20
[    2.8s] G5: q=10: MC 26.283029 +- 0.021809 vs closed 26.291497  z=-0.39
[    2.8s] G5 PASS
VERDICT: PARTIAL: numeric (a,b,c) certified by G0/G0b/G2/G5 but the exact-symbolic leg stayed OPEN (OPEN (TypeError: Cannot convert expression to float)) (exit 1)
[    0.0s] S1: numeric (a,b,c) via exponential-coordinate spectral nesting
[    0.0s] S1: GL(90,70,70): a=0.616666666667 b=0.667619047619 c=0.189986394558
[    0.0s] S1: GL(140,110,110): a=0.616666666667 b=0.667619047619 c=0.189986394558
[    0.0s] S1: rule-doubling max rel dev 1.26e-14
[    0.0s] G0b: internal consistency checks
[    0.0s] G0b: E_Wb = 0.75000000000001 expect 0.75000000000000 reldev 1.57e-14
[    0.0s] G0b: E_intS = 0.40000000000001 expect 0.40000000000000 reldev 1.75e-14
[    0.0s] G0b: Ibar_W2_r05 = 0.91197960825054 expect 0.91197960825054 reldev 1.70e-15
[    0.0s] G0b PASS
[    0.0s] G0: numeric (a,b,c) vs E2Q1 stored fit (loaded-not-transcribed)
[    0.0s] G0: a: 0.616666667 vs stored 0.616695930 +- 0.000229862  z=-0.13
[    0.0s] G0: b: 0.667619048 vs stored 0.667788406 +- 0.000559818  z=-0.30
[    0.0s] G0: c: 0.189986395 vs stored 0.190068933 +- 0.000118702  z=-0.70
[    0.0s] G0 PASS
[    0.0s] G2: dipole decomposition E_dip[h] = Ibar + hbar2*P2(mu)/2 vs direct (mu_dipole,phi) quad
[    0.2s] G2: h=W2 r=0.5 mugam=-0.6: direct 0.912340270982 vs pred 0.912340270982 rel 1.22e-16
[    0.2s] G2: h=W2 r=0.5 mugam=0.3: direct 0.908688560822 vs pred 0.908688560822 rel 0.00e+00
[    0.2s] G2: h=W2 r=0.5 mugam=0.9: direct 0.918426454582 vs pred 0.918426454582 rel 1.21e-16
[    0.2s] G2: h=c0qf r=0.5 mugam=-0.6: direct 0.246946428571 vs pred 0.246946428571 rel 2.25e-16
[    0.2s] G2: h=c0qf r=0.5 mugam=0.3: direct 0.246223214286 vs pred 0.246223214286 rel 3.38e-16
[    0.2s] G2: h=c0qf r=0.5 mugam=0.9: direct 0.248151785714 vs pred 0.248151785714 rel 2.24e-16
[    0.2s] G2 PASS
[    0.2s] S4: symbolic inner moments + J-table (exponential coordinates)
[    0.3s] S4: building 12 inner moments ...
[    0.3s] S4: moment (j=0,n=1,I) closed
[    0.5s] S4: moment (j=0,n=1,Q) closed
[    0.5s] S4: moment (j=0,n=2,I) closed
[    0.6s] S4: moment (j=0,n=2,Q) closed
[    0.7s] S4: moment (j=0,n=3,I) closed
[    0.8s] S4: moment (j=0,n=3,Q) closed
[    0.8s] S4: moment (j=0,n=4,I) closed
[    1.0s] S4: moment (j=0,n=4,Q) closed
[    1.0s] S4: moment (j=1,n=2,I) closed
[    1.2s] S4: moment (j=1,n=2,Q) closed
[    1.2s] S4: moment (j=1,n=3,I) closed
[    1.3s] S4: moment (j=1,n=3,Q) closed
[    1.3s] S4: J-table ...
[    1.4s] S4: J(k=1,Q=0) closed
[    1.5s] S4: J(k=1,Q=1) closed
[    1.5s] S4: J(k=2,Q=0) closed
[    1.6s] S4: J(k=2,Q=1) closed
[    1.6s] G1/G2b: symbolic moments/J vs numeric quadrature
[    1.6s] S4/S5: symbolic leg did NOT close: TypeError('Cannot convert expression to float')
[    1.6s] G4: closed (a,b,c) vs E2Q1 stored fit
[    1.6s] G4 SKIPPED (no symbolic closure)
[    1.6s] G5: fresh MC seed 20261001, n=2e6 x 4 dipole, q in {0,3,10}
[    1.9s] G5: chunk done (500000/2000000)
[    2.2s] G5: chunk done (1000000/2000000)
[    2.6s] G5: chunk done (1500000/2000000)
[    2.9s] G5: chunk done (2000000/2000000)
[    2.9s] G5: q=0: MC 0.616834 +- 0.000493 vs closed 0.616667  z=0.34
[    2.9s] G5: q=3: MC 4.328713 +- 0.003426 vs closed 4.329401  z=-0.20
[    2.9s] G5: q=10: MC 26.283029 +- 0.021809 vs closed 26.291497  z=-0.39
[    2.9s] G5 PASS
VERDICT: PARTIAL: numeric (a,b,c) certified by G0/G0b/G2/G5 but the exact-symbolic leg stayed OPEN (OPEN (TypeError: Cannot convert expression to float)) (exit 1)
[    0.0s] S1: numeric (a,b,c) via exponential-coordinate spectral nesting
[    0.0s] S1: GL(90,70,70): a=0.616666666667 b=0.667619047619 c=0.189986394558
[    0.1s] S1: GL(140,110,110): a=0.616666666667 b=0.667619047619 c=0.189986394558
[    0.1s] S1: rule-doubling max rel dev 1.26e-14
[    0.1s] G0b: internal consistency checks
[    0.1s] G0b: E_Wb = 0.75000000000001 expect 0.75000000000000 reldev 1.57e-14
[    0.1s] G0b: E_intS = 0.40000000000001 expect 0.40000000000000 reldev 1.75e-14
[    0.1s] G0b: Ibar_W2_r05 = 0.91197960825054 expect 0.91197960825054 reldev 1.70e-15
[    0.1s] G0b PASS
[    0.1s] G0: numeric (a,b,c) vs E2Q1 stored fit (loaded-not-transcribed)
[    0.1s] G0: a: 0.616666667 vs stored 0.616695930 +- 0.000229862  z=-0.13
[    0.1s] G0: b: 0.667619048 vs stored 0.667788406 +- 0.000559818  z=-0.30
[    0.1s] G0: c: 0.189986395 vs stored 0.190068933 +- 0.000118702  z=-0.70
[    0.1s] G0 PASS
[    0.1s] G2: dipole decomposition E_dip[h] = Ibar + hbar2*P2(mu)/2 vs direct (mu_dipole,phi) quad
[    0.3s] G2: h=W2 r=0.5 mugam=-0.6: direct 0.912340270982 vs pred 0.912340270982 rel 1.22e-16
[    0.3s] G2: h=W2 r=0.5 mugam=0.3: direct 0.908688560822 vs pred 0.908688560822 rel 0.00e+00
[    0.3s] G2: h=W2 r=0.5 mugam=0.9: direct 0.918426454582 vs pred 0.918426454582 rel 1.21e-16
[    0.3s] G2: h=c0qf r=0.5 mugam=-0.6: direct 0.246946428571 vs pred 0.246946428571 rel 2.25e-16
[    0.3s] G2: h=c0qf r=0.5 mugam=0.3: direct 0.246223214286 vs pred 0.246223214286 rel 3.38e-16
[    0.3s] G2: h=c0qf r=0.5 mugam=0.9: direct 0.248151785714 vs pred 0.248151785714 rel 2.24e-16
[    0.3s] G2 PASS
[    0.3s] S4: symbolic inner moments + J-table (exponential coordinates)
[    0.5s] S4: building 12 inner moments ...
[    0.7s] S4: moment (j=0,n=1,I) closed
[    1.1s] S4: moment (j=0,n=1,Q) closed
[    1.2s] S4: moment (j=0,n=2,I) closed
[    1.6s] S4: moment (j=0,n=2,Q) closed
[    1.7s] S4: moment (j=0,n=3,I) closed
[    2.2s] S4: moment (j=0,n=3,Q) closed
[    2.3s] S4: moment (j=0,n=4,I) closed
[    2.8s] S4: moment (j=0,n=4,Q) closed
[    2.9s] S4: moment (j=1,n=2,I) closed
[    3.5s] S4: moment (j=1,n=2,Q) closed
[    3.6s] S4: moment (j=1,n=3,I) closed
[    4.0s] S4: moment (j=1,n=3,Q) closed
[    4.0s] S4: J-table ...
[    4.1s] S4: J(k=1,Q=0) closed
[    4.6s] S4: J(k=1,Q=1) closed
[    4.7s] S4: J(k=2,Q=0) closed
[    5.0s] S4: J(k=2,Q=1) closed
[    5.0s] G1/G2b: symbolic moments/J vs numeric quadrature
VERDICT: G1 FIRED (r0.20_j0_n1_I rel 6.00e-01): symbolic moment disagrees with quadrature (exit 1)
[    0.0s] S1: numeric (a,b,c) via exponential-coordinate spectral nesting
[    0.0s] S1: GL(90,70,70): a=0.616666666667 b=0.667619047619 c=0.189986394558
[    0.1s] S1: GL(140,110,110): a=0.616666666667 b=0.667619047619 c=0.189986394558
[    0.1s] S1: rule-doubling max rel dev 1.26e-14
[    0.1s] G0b: internal consistency checks
[    0.1s] G0b: E_Wb = 0.75000000000001 expect 0.75000000000000 reldev 1.57e-14
[    0.1s] G0b: E_intS = 0.40000000000001 expect 0.40000000000000 reldev 1.75e-14
[    0.1s] G0b: Ibar_W2_r05 = 0.91197960825054 expect 0.91197960825054 reldev 1.70e-15
[    0.1s] G0b PASS
[    0.1s] G0: numeric (a,b,c) vs E2Q1 stored fit (loaded-not-transcribed)
[    0.1s] G0: a: 0.616666667 vs stored 0.616695930 +- 0.000229862  z=-0.13
[    0.1s] G0: b: 0.667619048 vs stored 0.667788406 +- 0.000559818  z=-0.30
[    0.1s] G0: c: 0.189986395 vs stored 0.190068933 +- 0.000118702  z=-0.70
[    0.1s] G0 PASS
[    0.1s] G2: dipole decomposition E_dip[h] = Ibar + hbar2*P2(mu)/2 vs direct (mu_dipole,phi) quad
[    0.3s] G2: h=W2 r=0.5 mugam=-0.6: direct 0.912340270982 vs pred 0.912340270982 rel 1.22e-16
[    0.3s] G2: h=W2 r=0.5 mugam=0.3: direct 0.908688560822 vs pred 0.908688560822 rel 0.00e+00
[    0.3s] G2: h=W2 r=0.5 mugam=0.9: direct 0.918426454582 vs pred 0.918426454582 rel 1.21e-16
[    0.4s] G2: h=c0qf r=0.5 mugam=-0.6: direct 0.246946428571 vs pred 0.246946428571 rel 2.25e-16
[    0.4s] G2: h=c0qf r=0.5 mugam=0.3: direct 0.246223214286 vs pred 0.246223214286 rel 3.38e-16
[    0.4s] G2: h=c0qf r=0.5 mugam=0.9: direct 0.248151785714 vs pred 0.248151785714 rel 2.24e-16
[    0.4s] G2 PASS
[    0.4s] S4: symbolic inner moments + J-table (exponential coordinates)
[    0.7s] S4: building 12 inner moments ...
[    0.9s] S4: moment (j=0,n=1,I) closed
[    1.3s] S4: moment (j=0,n=1,Q) closed
[    1.4s] S4: moment (j=0,n=2,I) closed
[    1.6s] S4: moment (j=0,n=2,Q) closed
[    1.7s] S4: moment (j=0,n=3,I) closed
[    2.2s] S4: moment (j=0,n=3,Q) closed
[    2.3s] S4: moment (j=0,n=4,I) closed
[    2.9s] S4: moment (j=0,n=4,Q) closed
[    3.0s] S4: moment (j=1,n=2,I) closed
[    3.8s] S4: moment (j=1,n=2,Q) closed
[    3.9s] S4: moment (j=1,n=3,I) closed
[    4.2s] S4: moment (j=1,n=3,Q) closed
[    4.2s] S4: J-table ...
[    4.4s] S4: J(k=1,Q=0) closed
[    4.8s] S4: J(k=1,Q=1) closed
[    4.9s] S4: J(k=2,Q=0) closed
[    5.2s] S4: J(k=2,Q=1) closed
[    5.2s] G1/G2b: symbolic moments/J vs numeric quadrature
VERDICT: G1 FIRED (r0.20_j0_n1_Q rel 3.79e+00): symbolic moment disagrees with quadrature (exit 1)
[    0.0s] S1: numeric (a,b,c) via exponential-coordinate spectral nesting
[    0.0s] S1: GL(90,70,70): a=0.616666666667 b=0.667619047619 c=0.189986394558
[    0.1s] S1: GL(140,110,110): a=0.616666666667 b=0.667619047619 c=0.189986394558
[    0.1s] S1: rule-doubling max rel dev 1.26e-14
[    0.1s] G0b: internal consistency checks
[    0.1s] G0b: E_Wb = 0.75000000000001 expect 0.75000000000000 reldev 1.57e-14
[    0.1s] G0b: E_intS = 0.40000000000001 expect 0.40000000000000 reldev 1.75e-14
[    0.1s] G0b: Ibar_W2_r05 = 0.91197960825054 expect 0.91197960825054 reldev 1.70e-15
[    0.1s] G0b PASS
[    0.1s] G0: numeric (a,b,c) vs E2Q1 stored fit (loaded-not-transcribed)
[    0.1s] G0: a: 0.616666667 vs stored 0.616695930 +- 0.000229862  z=-0.13
[    0.1s] G0: b: 0.667619048 vs stored 0.667788406 +- 0.000559818  z=-0.30
[    0.1s] G0: c: 0.189986395 vs stored 0.190068933 +- 0.000118702  z=-0.70
[    0.1s] G0 PASS
[    0.1s] G2: dipole decomposition E_dip[h] = Ibar + hbar2*P2(mu)/2 vs direct (mu_dipole,phi) quad
[    0.3s] G2: h=W2 r=0.5 mugam=-0.6: direct 0.912340270982 vs pred 0.912340270982 rel 1.22e-16
[    0.3s] G2: h=W2 r=0.5 mugam=0.3: direct 0.908688560822 vs pred 0.908688560822 rel 0.00e+00
[    0.3s] G2: h=W2 r=0.5 mugam=0.9: direct 0.918426454582 vs pred 0.918426454582 rel 1.21e-16
[    0.3s] G2: h=c0qf r=0.5 mugam=-0.6: direct 0.246946428571 vs pred 0.246946428571 rel 2.25e-16
[    0.3s] G2: h=c0qf r=0.5 mugam=0.3: direct 0.246223214286 vs pred 0.246223214286 rel 3.38e-16
[    0.3s] G2: h=c0qf r=0.5 mugam=0.9: direct 0.248151785714 vs pred 0.248151785714 rel 2.24e-16
[    0.3s] G2 PASS
[    0.3s] S4: symbolic inner moments + J-table (exponential coordinates)
[    0.5s] S4: building 12 inner moments ...
[    0.8s] S4: moment (j=0,n=1,I) closed
[    1.1s] S4: moment (j=0,n=1,Q) closed
[    1.2s] S4: moment (j=0,n=2,I) closed
[    1.3s] S4: moment (j=0,n=2,Q) closed
[    1.4s] S4: moment (j=0,n=3,I) closed
[    1.9s] S4: moment (j=0,n=3,Q) closed
[    1.9s] S4: moment (j=0,n=4,I) closed
[    2.3s] S4: moment (j=0,n=4,Q) closed
[    2.5s] S4: moment (j=1,n=2,I) closed
[    2.9s] S4: moment (j=1,n=2,Q) closed
[    3.0s] S4: moment (j=1,n=3,I) closed
[    3.3s] S4: moment (j=1,n=3,Q) closed
[    3.3s] S4: J-table ...
[    3.4s] S4: J(k=1,Q=0) closed
[    3.7s] S4: J(k=1,Q=1) closed
[    3.8s] S4: J(k=2,Q=0) closed
[    4.0s] S4: J(k=2,Q=1) closed
[    4.0s] G1/G2b: symbolic moments/J vs numeric quadrature
[    4.5s] G1/G2b PASS (all sampled rel <= 1e-10)
[    4.5s] S5: assembling a/b/c r-integrands and integrating term-wise
[    4.8s] S5: a_sym = 37/60
[    5.3s] S5: b_sym = -489*log(2)/151 - 8*pi**2/151 + 217/151 + 251*zeta(3)/151
[    5.8s] S5: c_sym = -423*log(2)/121 - 137*zeta(3)/121 + 17/121 + 47*pi**2/121
[    5.8s] G3: a: symbolic 0.616666666667 vs numeric 0.616666666667 rel 1.22e-14
[    5.8s] G3: b: symbolic 0.667619047619 vs numeric 0.667619047619 rel 5.45e-13
[    5.8s] G3: c: symbolic 0.189986394558 vs numeric 0.189986394558 rel 7.74e-13
[    5.8s] G3 PASS: symbolic closure agrees with numeric pipeline at <= 1e-9
[    5.8s] G4: closed (a,b,c) vs E2Q1 stored fit
[    5.8s] G4: a: closed 0.616666667 vs stored 0.616695930 +- 0.000229862  z=-0.13
[    5.8s] G4: b: closed 0.667619048 vs stored 0.667788406 +- 0.000559818  z=-0.30
[    5.8s] G4: c: closed 0.189986395 vs stored 0.190068933 +- 0.000118702  z=-0.70
[    5.8s] G4 PASS
[    5.8s] G5: fresh MC seed 20261001, n=2e6 x 4 dipole, q in {0,3,10}
[    6.4s] G5: chunk done (500000/2000000)
[    7.0s] G5: chunk done (1000000/2000000)
[    7.6s] G5: chunk done (1500000/2000000)
[    8.2s] G5: chunk done (2000000/2000000)
[    8.2s] G5: q=0: MC 0.616834 +- 0.000493 vs closed 0.616667  z=0.34
[    8.2s] G5: q=3: MC 4.328713 +- 0.003426 vs closed 4.329401  z=-0.20
[    8.2s] G5: q=10: MC 26.283029 +- 0.021809 vs closed 26.291497  z=-0.39
[    8.2s] G5 PASS
VERDICT: BANKED: exact closed forms of (a,b,c) for E2(q); G0/G0b/G1/G2/G2b/G3/G4/G5 all PASS (exit 0)
