============================================================================================
G081 -- THE STABILITY OF THE PHANTOM EQUILIBRIUM (the formation gate's verdict)
============================================================================================

--- V1 the conservative check (sympy): Phi = C ln r, the 1/r force, curl-free, self-source closure ---
    curl F = ['0', '0', '0']      (identically 0: True)
    |F| = C/r inward, radial: True
    Laplace(C ln r) - 4 pi G (A/r^2) = 0   (self-source, coefficient 1)
  [PASS] V1 [conservative] the 1/r force derives from Phi = C ln r, curl-free (symbolic), and the log potential EXACTLY sources its own isothermal phantom rho = A/r^2 (the equilibrium reading is closed with zero freedom)   curl==0 identically; Laplace == 4 pi G rho0 symbolic + float 1e-14

--- V2 the radial perturbation analysis (derivation on the record, machine-verified) ---
    continuity      : delta_rho_e/rho0 = -xi'   (exact: the -2/r terms cancel for rho0 = A/r^2)
    Euler (linear)  : -w^2 rho0 xi = -rho0 phi1' + sigma^2 (rho0 xi')'
    Poisson (self)  : (r^2 phi1')'/r^2 = 4 pi G delta_rho_e  =>  phi1' = -4 pi G A xi/r^2
    eliminate phi1 =>  [SELF-CONSISTENT]  sigma^2 xi'' - (2 sigma^2/r) xi' + (2 sigma^2/r^2 - w^2) xi = 0
    probe reading (phi1 = 0)         [FIXED-WELL]  sigma^2 xi'' - (2 sigma^2/r) xi' - w^2 xi = 0
    xi = r u  =>  [SELF-CONSISTENT] u'' = (w/sigma)^2 u EXACTLY  =>  at w^2 = 0 the
    exact degeneracy xi = {r, r^2} (homology of the isothermal family at fixed sigma^2):
    the fundamental radial mode is MARGINAL at sigma^2 = C/2 -- exact, ANY r_break.
  [PASS] V2 [mode equations] the self-consistent (Antonov-type) radial mode equation derived and its w^2 = 0 sector verified: the general solution xi = c1 r + c2 r^2 (the double homology zero mode) satisfies the ODE IDENTICALLY on (0, r_break] (finite-difference residual 1.8e-12) -- fundamental marginal, cap-independent   analytic identity: residual == 0 identically (closed form)

--- V3 the criterion + the numeric eigenvalue picture at r_break = 0.62 r_M ---
    C = sqrt(G M_b a0) = 2.9494e+10 m^2/s^2;  sigma^2 = C/2 = 1.4747e+10;  eta = sigma^2 r/GM(<r) = sigma^2/C = 0.5000000000 (exactly 1/2)
    r_M = 10.21 kpc;  r_break = 0.62 r_M = 6.33 kpc
    (iv) fixed-well probe boundary scan: F(Omega2) on [0, 64] {'min': 4.999822528308269, 'max': 681.1712534849742, 'sign_changes': 0, 'F_at_zero': 4.999822528308269} -> NO discrete compressive root: the fixed-well probe shares the neutral continuum (translational gauge zero mode xi = const, delta_rho = 0, regular at 0)
    (ii) neutral-family residuals (uniform grid, closed forms): {'0.0': 0.0, '1.0': 0.0, '-1.0': 0.0}
    (iii) zero-mode subfamilies under the cap BCs: {'free-surface': {'ode_residual': 9.094947017729282e-13, 'bc_residual': 0.0}, 'stiff-wall': {'ode_residual': 3.637978807091713e-12, 'bc_residual': 0.0}} (-- 1-parameter exact zero modes at omega^2 = 0 for every r_break, both cap variants: the EFE cap does not move the margin)
  [PASS] V3 [criterion] TRUNCATED (capped, alpha = 0.62) ISOTHERMAL PHANTOM: the radial fundamental mode is MARGINAL/CRITICAL -- omega^2 = 0.0000e+00 EXACT: the exact zero mode survives the EFE-cap truncation under EITHER cap BC (free-surface and stiff-wall 1-parameter subfamilies xi prop r - 3r^2/(4 r_break) / r - r^2/r_break, ODE residuals 9.1e-13/3.6e-12, BC residuals ~1e-16), cap-invariant; the radial spectrum is a neutral continuum in both readings (self-consistent family residuals {'0.0': 0.0, '1.0': 0.0, '-1.0': 0.0}; fixed-well probe fine scan d=0.1: {'min': 4.999822528308269, 'max': 681.1712534849742, 'sign_changes': 0, 'F_at_zero': 4.999822528308269}) -- no discrete fundamental exists to be positive or negative: the number is omega0^2 = 0 EXACT   zero-mode residual 1.8e-12; eta = 0.5000000000

--- V4 the formation meaning + the honest statement ---
  [PASS] V4 [formation] stable/critical fluid equilibrium => well-posed relaxation problem; attainment by the Newtonian dust remains G035's kill, consistently   THE CAPPED ISOTHERMAL PHANTOM IS A CRITICAL (marginally stable) EQUILIBRIUM at the framework's own landing point (sigma^2 = C/2, rho = A/r^2, Phi = C ln r, cap at r_break = 0.62 r_M): the radial isothermal response carries NO exponentially growing mode -- the exact zero mode is pure homology (rearrangements ALONG the isothermal family at fixed sigma^2), so the equilibrium reading has a WELL-POSED linear relaxation problem -- nearby profiles neither collapse exponentially nor disperse exponentially; they sit ON the neutral family.  It is NOT a strict attractor (the homology direction is neutral, not attracting).  The Newtonian dust-attainment question is untouched: G035's KILL (dust relaxation does not land at (sigma^2_target, r_M)) stands -- that kill concerns the dust dynamics, not the fluid equilibrium's local stability; the relaxation gate for THIS reading is stated in V3 above (bounded neutral-family excursions, no radial runaway on >= 100 crossing times).

--------------------------------------------------------------------------------------------
VERDICTS
  V1 [conservative]: PASS -- Phi = C ln r gives the exact curl-free 1/r force and the
     log potential EXACTLY sources its own isothermal phantom rho = A/r^2
     (Laplace(Phi) = 4 pi G rho0, coefficient 1; the equilibrium reading is closed).
  V2 [stability verdict]: CRITICAL/MARGINAL -- the radial fundamental mode of the
     isothermal sphere rho = A/r^2 in its own log potential at sigma^2 = C/2 (the
     framework's exact identification, eta = 1/2) is omega^2 = 0 EXACT: two degenerate
     homology zero modes xi in {r, r^2}; the EFE-cap truncation at r_break = 0.62 r_M
     does not move the margin (the cap BCs admit exact 1-parameter zero-mode subfamilies);
     the radial spectrum is a NEUTRAL CONTINUUM in both the self-consistent and the
     fixed-well readings (no discrete eigenvalue exists to be positive or negative):
     the honest number is omega0^2 = 0.000e+00 EXACT, cap-invariant.
  V3 [formation gate]: what the relaxation N-body must show -- initial isothermal
     profiles at sigma^2 = C/2 must stay within the neutral family (bounded
     excursions, no exponential collapse/dispersion) over >= 100 crossing times;
     G035's dust suite already failed ITS attractor form of this gate (KILL); the
     fluid statement says the contradiction is NOT in the equilibrium's local
     stability -- attainment remains the open/killed dynamical question, as recorded.

G081 COMPLETE: 4/4 checks PASS -> deepseek_push/G081_results.json
