================================================================================================
G125 -- THE GROUP-SCALE EQUIPARTITION (P6 at 1e12-6e13 Msun)
================================================================================================
sigma_gas,1d = sqrt(kT/(mu m_p)), mu = 0.6;  R = sigma_gal/sigma_gas,1d
all group data UNVERIFIED-in-repo (no group sample committed): GEMS =
Osmond & Ponman 2004 MNRAS 350, 1511, Tables 6+10 (ar5iv transcription,
2026-09-15); RP07 = Rasmussen & Ponman 2007 MNRAS 380, 1554, Table 1;
E11 = Eckmiller+11 A&A 535, A105, Table 15; MZ98 = Mulchaey & Zabludoff
1998 ApJ 496, 73 (fit-level).  Cluster values: G109_results.json.

name      cls Ngal   sig_v  T_keV sig_gas    R1d   log10R  note
---------------------------------------------------------------
HCG4      G      2     207     --      --     --       --  T or sigma unavailable
NGC315    G      4     387   0.97   393.5  0.983   -0.007
NGC383    G     27     450   1.51   491.0  0.916   -0.038
NGC524    H     10     175   0.65   322.1  0.543   -0.265
NGC533    G     21     439   1.08   415.2  1.057   +0.024
HCG10     G      5     231   0.19   174.2  1.326   +0.123
NGC720    G      4     273   0.52   288.1  0.948   -0.023
NGC741    G     15     453   1.21   439.5  1.031   +0.013
HCG15     G      7     404   0.93   385.3  1.048   +0.021
HCG16     G      6      80   0.32   226.0  0.354   -0.451
NGC1052   H      4      91   0.41   255.8  0.356   -0.449
HCG22     G      4      25   0.26   203.7  0.123   -0.911
NGC1332   H      9     186   0.56   299.0  0.622   -0.206
NGC1407   G     18     319   1.02   403.5  0.790   -0.102
NGC1566   H      9     184   0.70   334.3  0.550   -0.259
NGC1587   G      6     115   0.96   391.5  0.294   -0.532
NGC1808   U      4     104     --      --     --       --  no group-scale T or sigma -> identity UNDEFINED
NGC2563   G     31     384   1.05   409.4  0.938   -0.028
HCG40     U      6     157     --      --     --       --  no group-scale T or sigma -> identity UNDEFINED
HCG42     G     19     282   0.75   346.0  0.815   -0.089
NGC3227   H      5     169     --      --     --       --  T or sigma unavailable
HCG48     G      2     316     --      --     --       --  T or sigma unavailable
NGC3396   H     11     106   0.74   343.7  0.308   -0.511
NGC3557   G     11     300   0.24   195.7  1.533   +0.185
NGC3607   G     11     280   0.35   236.4  1.185   +0.073
NGC3640   U      7     211     --      --     --       --  no group-scale T or sigma -> identity UNDEFINED
NGC3665   G      3      87   0.47   273.9  0.318   -0.498
NGC3783   G      1       0     --      --     --       --  T or sigma unavailable
HCG58     U      7     184     --      --     --       --  no group-scale T or sigma -> identity UNDEFINED
NGC3923   H      4     239   0.52   288.1  0.830   -0.081
NGC4065   G     13     450   1.22   441.3  1.020   +0.009
NGC4073   G     31     565   1.52   492.6  1.147   +0.059
NGC4151   U      4     102     --      --     --       --  no group-scale T or sigma -> identity UNDEFINED
NGC4193   H      6     202     --      --     --       --  T or sigma unavailable
NGC4261   G     25     197   1.30   455.6  0.432   -0.364
NGC4325   G     16     376   0.82   361.8  1.039   +0.017
NGC4589   G      9     284   0.60   309.5  0.918   -0.037
NGC4565   H      2      71   0.36   239.7  0.296   -0.528
NGC4636   G      4     284   0.84   366.2  0.775   -0.110
NGC4697   H      5     120   0.32   226.0  0.531   -0.275
NGC4725   H      2      49   0.50   282.5  0.173   -0.761
HCG62     G     33     418   1.43   477.8  0.875   -0.058
NGC5044   G     18     426   1.21   439.5  0.969   -0.014
NGC5129   G     23     342   0.84   366.2  0.934   -0.030
NGC5171   G     12     494   1.07   413.3  1.195   +0.077
HCG67     G     10     261   0.68   329.5  0.792   -0.101
NGC5322   H      3     166   0.23   191.6  0.866   -0.062
HCG68     G     16     191   0.58   304.3  0.628   -0.202
NGC5689   U      4      80     --      --     --       --  no group-scale T or sigma -> identity UNDEFINED
NGC5846   G     14     346   0.73   341.4  1.014   +0.006
NGC5907   H      3      72     --      --     --       --  T or sigma unavailable
NGC5930   H      4     150   0.97   393.5  0.381   -0.419
NGC6338   G     36     651     --      --     --       --  T or sigma unavailable
NGC6574   U      1      29     --      --     --       --  no group-scale T or sigma -> identity UNDEFINED
NGC7144   H      2      41   0.53   290.9  0.141   -0.851
HCG90     G      9     131   0.46   271.0  0.483   -0.316
HCG92     G      5     467   0.71   336.7  1.387   +0.142
IC1459    G      7     223   0.39   249.5  0.894   -0.049
NGC7714   U      2      28     --      --     --       --  no group-scale T or sigma -> identity UNDEFINED
HCG97     G     14     425   0.82   361.8  1.175   +0.070

(recompute gate vs O&P04 beta_spec: 3 mismatches > 0.03)

(2) THE GROUP-SCALE SCATTER (vs clusters' 0.0621 dex, G109)

    GEMS G-class subsets (G = group-scale hot gas present):
    G-class, all with T (33)                             n=33  mean -0.095  med -0.028  rms 0.2257 dex  MAD 0.0734  in+-0.1dex 20/33
    G-class, N_gal >= 8                                  n=22  mean -0.038  med -0.014  rms 0.1230 dex  MAD 0.0731  in+-0.1dex 16/22
    G-class, T >= 0.5 keV                                n=25  mean -0.052  med -0.023  rms 0.1378 dex  MAD 0.0440  in+-0.1dex 18/25
    G-class, N_gal>=8 AND T>=0.5 keV  [V1 set]           n=19  mean -0.042  med -0.028  rms 0.1008 dex  MAD 0.0445  in+-0.1dex 15/19
    controls:
    H-class with T (galaxy-halo gas; control)            n=12  mean -0.389  med -0.275  rms 0.2364 dex  MAD 0.1938  in+-0.1dex 2/12
    G-class, T >= 1.0 keV                                n=11  mean -0.038  med -0.014  rms 0.1140 dex  MAD 0.0378  in+-0.1dex 9/11
    G-class, 0.5 <= T < 1.0 keV                          n=14  mean -0.063  med -0.023  rms 0.1531 dex  MAD 0.0655  in+-0.1dex 9/14
    G-class, T < 0.5 keV (divergence onset)              n= 8  mean -0.230  med -0.049  rms 0.3560 dex  MAD 0.2669  in+-0.1dex 2/8
    S3 minus worst 2 (NGC4261, HCG68)  [robustness]      n=17  mean -0.013  med -0.014  rms 0.0539 dex  MAD 0.0303  in+-0.1dex 15/17

(3) THE MASS-INDEPENDENCE TEST (log10 R vs log10 M500)

    S3 (19 groups): Spearman rho(log10R, log10 M500) = +0.207 (p = 0.382); OLS slope = +0.057 +- 0.125 dex/dex
    pooled clusters (n=11, mean -0.008, rms 0.0621) + groups S3 (n=19, mean -0.041):
    pooled n = 30, mean -0.029, rms 0.0900 dex;  median offset groups-clusters = -0.0270 dex

(4) CROSS-CHECK A -- Chandra outer-T (cool-core-excluded), Rasmussen & Ponman 2007, 10 GEMS overlaps

    name       T_ROSAT  T_Chandra  sig_v R_chandra log10R_ch log10R_ROSAT
    NGC383        1.51       1.65    450     0.877    -0.057      -0.038
    NGC533        1.08       1.22    439     0.995    -0.002      +0.024
    NGC741        1.21       1.42    453     0.951    -0.022      +0.013
    NGC1407       1.02       1.01    319     0.794    -0.100      -0.102
    HCG42         0.75       0.80    282     0.789    -0.103      -0.089
    NGC4325       0.82       0.99    376     0.946    -0.024      +0.017
    HCG62         1.43       1.00    418     1.046    +0.020      -0.058
    NGC5044       1.21       1.12    426     1.007    +0.003      -0.014
    NGC5846       0.73       0.66    346     1.066    +0.028      +0.006
    NGC6338       n/a        2.13    651     1.116    +0.048         n/a
    Chandra-outer-T set (n=10): mean -0.021, rms 0.0489 dex  vs  ROSAT-global-T same sigma (rms 0.115 on the 10-overlap subset is dominated by the cool-core bias: see rows)

(5) THE a0-RELEVANCE: r_M = sqrt(G M_b/a0) at group scale

    a0 = 9.3619e-11 m/s^2 (G075 canonical).  M_b = (f_gas,500 + 0.02 stars) M500 from E11 where f_gas measured;
    else f_b = 0.05 assumed.  X-COP cluster comparison: r_M/R500 ~ 0.24-0.31 (G095: R500/r_M ~ 3.2).
    E11 26 groups: r_M(M_b) median 57 kpc, range 20-132 kpc
    r_M(M_b)/R500: median 0.102, range 0.074-0.171   (task's 'large fraction' claim: realized on the M_dyn footing only)
    r_M(M_dyn)/R500: median 0.477, range 0.332-0.600
    GEMS r500-footing check (M_b = 0.05 M500(r500), same formula): consistent radii, printed per group below.
      A0160      T=1.77  r500=0.550 Mpc  r_M= 87.4 kpc  = 0.159 R500
      A1177      T=1.61  r500=0.625 Mpc  r_M= 76.5 kpc  = 0.122 R500
      ESO552020  T=1.96  r500=0.580 Mpc  r_M= 92.1 kpc  = 0.159 R500
      HCG62      T=1.31  r500=0.465 Mpc  r_M= 39.8 kpc  = 0.086 R500
      HCG97      T=0.81  r500=0.520 Mpc  r_M= 47.1 kpc  = 0.091 R500
      IC1262     T=1.79  r500=0.660 Mpc  r_M=103.0 kpc  = 0.156 R500
      IC1633     T=2.99  r500=0.845 Mpc  r_M=132.3 kpc  = 0.157 R500
      MKW4       T=1.86  r500=0.690 Mpc  r_M= 68.3 kpc  = 0.099 R500
      MKW8       T=2.84  r500=0.695 Mpc  r_M=118.7 kpc  = 0.171 R500
      NGC326     T=1.67  r500=0.530 Mpc  r_M= 56.5 kpc  = 0.107 R500
      NGC507     T=1.32  r500=0.470 Mpc  r_M= 47.1 kpc  = 0.100 R500
      NGC533     T=1.33  r500=0.480 Mpc  r_M= 48.8 kpc  = 0.102 R500

(6) THE DIVERGENCE SEARCH (deep-regime end)

    framework prediction: the identity is mass-independent BY CONSTRUCTION (both sigma_gal^2 and kT/(mu m_p) are virial forms of the
    same M_dyn(<r)); where it fails, the failure is the DOMAIN BOUNDARY of the hot phase (the free-dust/phantom partition's edge):
    no gas to measure, or T measured on the wrong component.
    G-class by temperature: T>=1.0 keV rms 0.114 dex | 0.5-1.0 keV rms 0.153 | <0.5 keV rms 0.356 -> the divergence ONSET is measured at kT ~ 0.5 keV
    H-class control (T = galaxy ISM, not the group potential): median R1d = 0.53 << 1, rms 0.236 dex -- fails exactly as the partition edge predicts (the gas is hotter than equipartition with the group's sigma)
    U-class: 8 GEMS systems with NO group-scale gas (M500 ~ 1e12-2e13): identity UNDEFINED -- the edge, not a slope change
    published deep end: hot halos are detected only around L* galaxies (M_hot(<50 kpc) ~ 5e9 Msun; Bregman, Anderson & Miller 2018
    ApJ 862, 3); at UDG/dwarf dispersions (sigma ~ 5-30 km/s, NGC 1052-DF2/DF4: van Dokkum+18 Nature 555, 629; Danieli+19 ApJL 874,
    L12) no X-ray hot phase exists -> kT unmeasurable -> the cross-instrument identity cannot be defined.  No published system
    shows a GRACEFUL breakdown of sigma^2 = kT/(mu m_p) at the low-mass end; the endpoint is an existence boundary (consistent with
    the framework's free-dust/phantom partition edge).

------------------------------------------------------------------------------------------------
(7) THE VERDICTS
  V1 [group-scale scatter <= 0.15 dex]: rms = 0.1008 dex on the quality subset (G-class, N_gal>=8, T>=0.5 keV, n=19) -> PASS
      vs cluster rms 0.0621 dex (G109); full G-class rms = 0.226 dex (degraded by T<0.5 keV multiphase systems and low-N sigma)
      robustness: dropping the 2 worst outliers -> rms 0.0539 dex
      Chandra outer-T footing (RP07, 10 groups): rms = 0.0489 dex == the cluster value within noise
  V2 [mass-independence, clusters + groups pooled <= 0.15 dex]: pooled rms = 0.0900 dex (n = 30), median offset groups-clusters = -0.0270 dex -> PASS
      Spearman rho(log10 R vs log10 M500) within groups = +0.207 (p=0.382); OLS slope +0.057 +- 0.125 dex/dex over M500 ~ 1e12-6e13 (groups) joined to the G109 clusters at M500 ~ 3e14-9e14: the identity spans >= 2.5 dex in mass
  V3 [the honest statement]: the cross-instrument equipartition sigma_gal = sqrt(kT/(mu m_p)) HOLDS from M500 ~ 1e13 to 1e15 Msun (rms ~ 0.06-0.12 dex) WHERE the hot phase is the group medium and T is not cool-core/multiphase biased;
      it is UNDEFINED below the hot-phase edge (U-class groups, UDG/dwarf halos) and fails trivially where T is a galaxy ISM (H-class control: median R1d 0.53).
      The claimed span is therefore 1e13 - 9e14 Msun (defined domain; undefined below ~1e13) for the DEFINED identity; the task's geometric claim that r_M(group) is a LARGE fraction of R500 holds only on the M_dyn footing (median 0.48), not the M_b footing (median 0.10) -- the equilibrium argument survives either way (the identity is mass-independent by construction and the observed scatter confirms it).

wrote G125_results.json
