====================================================================================================
G236 -- THE BOOTSTRAP FIXED POINT (H057 V5): can a_0 and the RAR be made
        self-consistent as a fixed point?  a0 = F(a0) on the committed data.
====================================================================================================
a0_DE = 9.3619e-11   a0_RAR band 1.2000e-10-1.2457e-10   deep-end a0_eff 1.080e-10-1.100e-10 (x1.1536-1.1750 a0_DE, G167/G193)
the loop: a0 -> RAR fit (n(a0), deep exponent 1-n/4) -> shape-lock gamma=(2+n)/n (H055)
          -> profile -> distribution dM/dg ~ g^(2/(1-gamma)) = g^-n -> Lomax kernel shape n
          -> kernel fit (a0 free) -> F(a0);  fixed point a0* = F(a0*).

--- PART 1: THE COMMITTED SAMPLE (SPARC 641 + MIGHTEE 80 + HI 26 = 747) ---
  SPARC 641 rings | MIGHTEE 80 rings | HI 26 points | POOLED 747 | deep (<0.2 a0_DE) 386
  [PASS] C1 [data] counts reproduce the committed lanes (641/80/26, deep 386)   SPARC 641, MIGHTEE 80, HI 26, deep 386
  anchored (quadratic @ a0_DE): MIGHTEE mean -0.1372 (G133 -0.1372), deep median -0.1509 (G133 -0.1509), rms 0.1901 (G133 0.1901)
  SPARC 641 pure-quadratic rms 0.2263 (G071 0.1454 family-consistent)
  [PASS] C2 [register] MIGHTEE anchored deep median -0.1509 / mean -0.1372 / rms 0.1901   deep med -0.1509, mean -0.1372, rms 0.1901
  DIRECT deep fits (quadratic free a0): MIGHTEE 1.8433e-10 (rms 0.1288) | SPARC-deep 6.4281e-11 | HI 1.4183e-10
  (registers: MIGHTEE 1.8433e-10 +- 2.42e-11 rms 0.1288 G133; SPARC-deep 6.407e-11, HI 1.4234e-10 G183)
  [PASS] C3 [register] MIGHTEE free a0 = 1.8433e-10, rms 0.1288 (G133)   a0 1.8433e-10, rms 0.1288
  [PASS] C4 [register] SPARC-deep free 6.407e-11 / HI free 1.4234e-10 (G183 lanes)   SPARC-deep 6.4281e-11, HI 1.4183e-10
  G183 M1 joint (n, a0 free) on the pooled 747: n = 3.161, a0 = 3.0841e-11, rms 0.1981 (registered 3.161 +- 0.347 / 3.084e-11 +- 4.45e-12 / 0.1981)
  [PASS] C5 [register] M1 joint fit reproduces G183 (n 3.161, a0 3.084e-11, rms 0.1981)   n 3.161, a0 3.0841e-11, rms 0.1981

--- PART 2: THE MAPS (committed relations; fixed point a0* = F(a0*)) ---

  MAP A (shape bootstrap, deep window g_N < 0.2 a0):
    a0 =  0.250 xa0_DE -> F_A = 2.4053e-11 (n = 3.548, deep exp 0.113, shape-lock gamma 1.564, rms 0.2068)
    a0 =  0.500 xa0_DE -> F_A = 4.5924e-11 (n = 2.704, deep exp 0.324, shape-lock gamma 1.740, rms 0.2105)
    a0 =  1.000 xa0_DE -> F_A = 8.1360e-11 (n = 2.030, deep exp 0.492, shape-lock gamma 1.985, rms 0.2369)
    a0 =  1.500 xa0_DE -> F_A = 1.1171e-10 (n = 1.724, deep exp 0.569, shape-lock gamma 2.160, rms 0.2472)
    a0 =  2.000 xa0_DE -> F_A = 1.3881e-10 (n = 1.544, deep exp 0.614, shape-lock gamma 2.296, rms 0.2580)
    a0 =  3.000 xa0_DE -> F_A = 1.9045e-10 (n = 1.334, deep exp 0.666, shape-lock gamma 2.499, rms 0.2653)

  MAP B (deep-end quadratic fit, window g_N < 0.2 a0):
    a0 =  0.250 xa0_DE -> F_B = 1.5223e-10 (rms 0.2010)
    a0 =  0.500 xa0_DE -> F_B = 1.1407e-10 (rms 0.2208)
    a0 =  1.000 xa0_DE -> F_B = 8.4690e-11 (rms 0.2379)
    a0 =  1.500 xa0_DE -> F_B = 7.6173e-11 (rms 0.2349)
    a0 =  2.000 xa0_DE -> F_B = 7.2034e-11 (rms 0.2354)
    a0 =  3.000 xa0_DE -> F_B = 6.9459e-11 (rms 0.2298)

  MAP C (family bootstrap, full pooled 747):
    a0 =  0.250 xa0_DE -> F_C = 2.5385e-11 (n = 3.593)
    a0 =  0.500 xa0_DE -> F_C = 4.1624e-11 (n = 2.618)
    a0 =  1.000 xa0_DE -> F_C = 6.9584e-11 (n = 1.953)
    a0 =  1.500 xa0_DE -> F_C = 9.5108e-11 (n = 1.666)
    a0 =  2.000 xa0_DE -> F_C = 1.1941e-10 (n = 1.498)
    a0 =  3.000 xa0_DE -> F_C = 1.6584e-10 (n = 1.302)

--- PART 3: THE FIXED POINTS AND THEIR STABILITY ---
  [A shape-bootstrap (deep window)] fixed points:
    a0_fp = 3.5402e-11 = 0.378 x a0_DE   n(a0_fp) = 3.007   d(log10 F)/d(log10 a0) = -0.875 -> CONVERGENT (|F'|<1)
  [B deep-end quadratic (deep window)] fixed points:
    a0_fp = 8.8781e-11 = 0.948 x a0_DE   n(a0_fp) = 2.000 (locked)   d(log10 F)/d(log10 a0) = +0.000 -> CONVERGENT (|F'|<1)
  [C family bootstrap (full pooled)] fixed points:
    a0_fp = 3.1266e-11 = 0.334 x a0_DE   n(a0_fp) = 3.141   d(log10 F)/d(log10 a0) = +0.712 -> CONVERGENT (|F'|<1)

  MAP Z -- the 12-decade line's zero point as a function of a0 (248 objects, G131 rows):
    median r at a0_DE = +0.0471 dex (registered +0.047, G211 CH3); TRIO -0.0097 (registered -0.010)
    zero-point-derived scale F_Z(a0) = a0 x 10^(4 med r) = 1.4444e-10 (1.543 x a0_DE) ends-incl; 8.5637e-11 (0.915 x a0_DE) TRIO
    d log10 F_Z / d log10 a0 = 0.000 (the zero point is a DIRECT fit: a uniform
    x-translation of the line, footing-invariant slope -- no bootstrap content)
  [PASS] C6 [register] line median r +0.047 / TRIO -0.010 at a0_DE (G131/G162/G211)   med r +0.0471, TRIO -0.0097
  [PASS] C7 [register] line slope 0.9884 +- 0.0202 at a0_DE (G131)   slope-invariance under the footing is EXACT (G172 1a); zero point is the only mover

  THE SHAPE-LOCK ALGEBRA (H055 chain internal fixed points):
    gamma = (2+n)/n  =>  distribution exponent 2/(1-gamma) = -n  (exact, all n)
      n = 1.000 -> gamma =  3.000 -> dM/dg exponent = -1.000 (= -n, exact)
      n = 1.200 -> gamma =  2.667 -> dM/dg exponent = -1.200 (= -n, exact)
      n = 1.596 -> gamma =  2.253 -> dM/dg exponent = -1.596 (= -n, exact)
      n = 2.000 -> gamma =  2.000 -> dM/dg exponent = -2.000 (= -n, exact)
      n = 3.161 -> gamma =  1.633 -> dM/dg exponent = -3.161 (= -n, exact)
    the kernel's own deep RAR slope (G183 family): 1 - n/4
      n = 2.000 (the phantom, locked): deep slope 0.500 -- the quadratic's 1/2
      vs the measured per-galaxy deep slope 0.601 +- 0.031 (G158): z = (+0.10)/0.031 = +3.3 sigma
      the family member that reproduces 0.601 EXACTLY: n = 4(1-0.601) = 1.596 -> gamma = 2.253 (NOT the phantom 2.0)
    the n = 2 amplitude-channel degeneracy: deep a0_eff = a0^(n/2) g_N^(1-n/2);
      at n = 2: a0_eff = a0 EXACTLY for every scale -- the phantom-locked loop is
      a0-BLIND: every a0 is a fixed point on the n = 2 ridge, no determination.

--- PART 4: THE SELF-CONSISTENCY TEST (iterate the loop N = 15 times)
    seed                      ->  converged a0 (after N iters)   |F'| at landing
  MAP A (shape bootstrap, deep window)
    9.3619e-11  ->  4.4309e-11 =  0.473 x a0_DE   |F'| = 0.944  (NOT converged in 15 steps)
    1.2457e-10  ->  4.5762e-11 =  0.489 x a0_DE   |F'| = 0.943  (NOT converged in 15 steps)
    1.1000e-10  ->  4.4906e-11 =  0.480 x a0_DE   |F'| = 0.944  (NOT converged in 15 steps)
    1.8478e-10  ->  4.6626e-11 =  0.498 x a0_DE   |F'| = 0.941  (NOT converged in 15 steps)
    6.4070e-11  ->  4.1500e-11 =  0.443 x a0_DE   |F'| = 0.945  (NOT converged in 15 steps)
  MAP B (deep-end quadratic, deep window)
    9.3619e-11  ->  8.7133e-11 =  0.931 x a0_DE   |F'| = 0.000
    1.2457e-10  ->  8.7133e-11 =  0.931 x a0_DE   |F'| = 0.000
    1.1000e-10  ->  8.7133e-11 =  0.931 x a0_DE   |F'| = 0.000
    1.8478e-10  ->  8.7133e-11 =  0.931 x a0_DE   |F'| = 0.000
    6.4070e-11  ->  8.7133e-11 =  0.931 x a0_DE   |F'| = 0.000
  MAP C (family bootstrap, full pooled)
    9.3619e-11  ->  3.1071e-11 =  0.332 x a0_DE   |F'| = 0.711  (NOT converged in 15 steps)
    1.2457e-10  ->  3.1139e-11 =  0.333 x a0_DE   |F'| = 0.712  (NOT converged in 15 steps)
    1.1000e-10  ->  3.1109e-11 =  0.332 x a0_DE   |F'| = 0.711  (NOT converged in 15 steps)
    1.8478e-10  ->  3.1242e-11 =  0.334 x a0_DE   |F'| = 0.712  (NOT converged in 15 steps)
    6.4070e-11  ->  3.0987e-11 =  0.331 x a0_DE   |F'| = 0.711  (NOT converged in 15 steps)

  THE DIRECT FITS (committed registers, for V2):
    MIGHTEE deep free a0 (G133)                  1.8433e-10  (1.969 x a0_DE)
    HI LT free a0 (G158)                         1.4234e-10  (1.520 x a0_DE)
    SPARC-deep free a0 (G158)                    6.4070e-11  (0.684 x a0_DE)
    deep end a0_eff matched M/L (G167/G193)      1.0900e-10  (1.164 x a0_DE)
    SPARC RAR band (L232)                        1.2229e-10  (1.306 x a0_DE)
    G211 pooled meta central (delta +0.0379 dex) 1.0216e-10  (1.091 x a0_DE)
    12-decade zero point ends-incl (this lane)   1.4444e-10  (1.543 x a0_DE)
    12-decade zero point TRIO (this lane)        8.5637e-11  (0.915 x a0_DE)

--- PART 5: VERDICTS ---
  V1 THE FIXED-POINT MAP (a0_fp and stability vs the observed scale):
    A a0_fp = 3.5402e-11 (0.378 x a0_DE), |F'| = 0.875, stable | in [1.09,1.15]xDE: no | in [1.08,1.10]e-10: no
    B a0_fp = 8.8781e-11 (0.948 x a0_DE), |F'| = 0.000, stable | in [1.09,1.15]xDE: no | in [1.08,1.10]e-10: no
    C a0_fp = 3.1266e-11 (0.334 x a0_DE), |F'| = 0.712, stable | in [1.09,1.15]xDE: no | in [1.08,1.10]e-10: no
    observed: brief band [1.09, 1.15] x a0_DE = [1.0204e-10, 1.0766e-10]; register deep-end a0_eff [1.0800e-10, 1.1000e-10] = [1.154, 1.175] x a0_DE
    degeneracy: at n = 2.000 (the phantom/quadratic lock) the amplitude channel a0_eff = a0 EXACTLY --
    a CONTINUUM of fixed points on the n = 2 ridge; the loop determines nothing there.
  V1 THE FIXED-POINT a0_fp WITH STABILITY.  Map A (shape bootstrap, deep window): a0_fp = 3.540e-11 (0.38 x a0_DE), |F'| = 0.87 stable.  Map B (deep-end quadratic, deep window): a0_fp = 8.878e-11 (0.95 x a0_DE), |F'| = 0.00 stable.  Map C (family bootstrap, full pooled): a0_fp = 3.127e-11 (0.33 x a0_DE), |F'| = 0.71 stable.  The observed band is [1.09, 1.15] x a0_DE; the register deep-end a0_eff is 1.08-1.10e-10 = 1.15-1.18 x a0_DE.  Fixed point inside the band: NO -- none of the committed-loop maps' fixed points lands within [1.09, 1.15] x a0_DE.
  V2 THE CONVERGED VALUES VS THE DIRECT FITS.  Iterating the loop 15 steps from {DE, RAR-hi, 1.1e-10, MIGHTEE, SPARC-deep}: Map C lands at the family joint fit a0 ~ 3.11e-11 = 0.33 x a0_DE (n ~ 3.14 -- the G183 M1 reading, deep slope ~0.21, +12.3 sigma from the measured 0.601, n above the framework's 2.01 subluminal bound) -- it converges to the DIRECT joint fit it is built from, not to a new scale; Map A (deep-window shape bootstrap) descends toward its stable fixed point 3.540e-11 = 0.38 x a0_DE and sits at ~0.47 x a0_DE after 15 steps (|F'| ~ 0.94, slowly converging, all 3-4x BELOW the observed band); Map B lands at the deep-window quadratic reading a0 ~ 8.71e-11 = 0.93 x a0_DE (superstable, |F'| ~ 0, a restatement of the pooled deep-window direct fit).  The DIRECT fits themselves span 0.64-1.85e-10 (SPARC-deep 6.407e-11 .. MIGHTEE 1.848e-10; RAR band 1.200-1.246e-10; G167 matched-M/L 1.08-1.10e-10; pooled meta 1.09 x a0_DE; line zero points 1.54/0.91 x a0_DE ends/TRIO) -- the bootstrapped values REPRODUCE members of the direct-fit set where they converge, and the direct set is the staircase, not a single fixed point.
  V3 THE HONEST STATEMENT.  THE BOOTSTRAP IS NOT A GENUINE FIXED-POINT DETERMINATION OF THE SCALE -- it is a degenerate loop with one pathological fixed point, and the number says so.  (1) On the phantom lock (n = 2.000, the quadratic, the committed equilibrium configuration) the amplitude channel a0_eff = a0^(n/2) g_N^(1-n/2) is a0-BLIND: a0_eff = a0 identically, so EVERY scale is a fixed point -- the RAR and a_0 'imply each other' trivially at n = 2 and the loop extracts zero information.  (2) The only non-degenerate fixed points sit on the n > 2 family fits: the deep-window/full-sample joint configuration (n = 3.16, a0 = 3.084e-11 = 0.33 x a0_DE) -- 3-4x BELOW the observed 1.09-1.15 x a0_DE, n above the framework's own subluminal bound 2.01 at +3.3 sigma (G183), deep slope ~0.21 vs the measured 0.601+-0.031 at +12.3 sigma: the fixed point exists but is the artifact of the family's n<->a0 shape degeneracy, not a determination of the scale.  (3) The deep-end maps (B) and the 12-decade zero point (Z) are DIRECT fits dressed as loops: the window/zero-point picks a member of the staircase (deep end 1.08-1.10e-10 = 1.15-1.18 x a0_DE; line end 1.54 x a0_DE / TRIO 0.91 x a0_DE) and the iteration converges to that member with |F'| = 0 -- a superstable restatement of the direct fit.  THE NUMBER: no fixed point of any committed-loop construction lands in [1.09, 1.15] x a0_DE = [1.0204e-10, 1.0766e-10] -- the observed a0_eff = 1.09-1.15 x a0_DE (G193 deep end 1.08-1.10e-10 at 1.78-2.01 sigma, G211 pooled central 1.091 x a0_DE) is a DIRECT amplitude/zero-point reading, not the output of the a0 <-> RAR fixed-point loop; the loop is degenerate at the phantom and pathological off it, so H057 V5 closes NEGATIVE: the RAR and a_0 do not bootstrap each other to a scale -- a_0 remains a postulate pinned by zero points, exactly as G172/G211 already registered.
  [PASS] V3 [statement delivered]   the honest numbers above

G236 COMPLETE: 8/8 checks PASS.

wrote G236_results.json
