{
 "checks": {
  "A1_central": true,
  "A2_central": true,
  "A3_central": true,
  "A4_central": true,
  "A5_central": true,
  "A1_volume": true,
  "A2_volume": true,
  "A3_volume": true,
  "A4_volume": true,
  "A5_volume": false,
  "B0_central": true,
  "B1_central": true,
  "B0_volume": true,
  "B1_volume": true,
  "C_atom_1.0_0.0": true,
  "C_window_1.0_0.0": true,
  "C_atom_1.0_10.0": true,
  "C_window_1.0_10.0": true,
  "C_atom_2.0_3.0": true,
  "C_window_2.0_3.0": true
 },
 "measurements": {
  "A_central": {
   "1": {
    "E_Dangm": 96.015697,
    "ratio": 0.9967,
    "half": [
     0.995,
     0.999
    ]
   },
   "2": {
    "E_Dangm": 4479.308314,
    "ratio": 0.9967,
    "half": [
     0.986,
     1.008
    ]
   },
   "3": {
    "E_Dangm": 276471.57993,
    "ratio": 0.9787,
    "half": [
     0.951,
     1.006
    ]
   },
   "4": {
    "E_Dangm": 21321655.128413,
    "ratio": 0.9035,
    "half": [
     0.861,
     0.946
    ]
   },
   "5": {
    "E_Dangm": 1976122601.704216,
    "ratio": 0.7444,
    "half": [
     0.699,
     0.791
    ]
   }
  },
  "A_volume": {
   "1": {
    "E_Dangm": 1.128639,
    "ratio": 0.9945,
    "half": [
     0.994,
     0.995
    ]
   },
   "2": {
    "E_Dangm": 5.676652,
    "ratio": 0.9858,
    "half": [
     0.996,
     0.975
    ]
   },
   "3": {
    "E_Dangm": 38.750473,
    "ratio": 0.9518,
    "half": [
     0.986,
     0.917
    ]
   },
   "4": {
    "E_Dangm": 333.233231,
    "ratio": 0.8618,
    "half": [
     0.912,
     0.808
    ]
   },
   "5": {
    "E_Dangm": 3427.46413,
    "ratio": 0.6992,
    "half": [
     0.746,
     0.648
    ]
   }
  },
  "B_central": {
   "0": {
    "kurt": 3.474598673682267,
    "pred_scale_mixture": 3.4842714620146475,
    "n": 118431
   },
   "1": {
    "kurt": 3.3476973291762686,
    "pred_scale_mixture": 3.356899793750206,
    "n": 118431
   }
  },
  "B_volume": {
   "0": {
    "kurt": 4.330313098772924,
    "pred_scale_mixture": 4.274026897409165,
    "n": 56746
   },
   "1": {
    "kurt": 3.9339092070843305,
    "pred_scale_mixture": 3.9559315573578755,
    "n": 56746
   }
  },
  "C_1.0_0.0": {
   "A": 0.36825833333333335,
   "dbar": 0.49894433652182635,
   "pred_A": 0.36787944117144233,
   "ratio": 2.002168420840556,
   "exact_ratio": 2.0
  },
  "C_1.0_10.0": {
   "A": 0.013205,
   "dbar": 3.0022785722815266,
   "pred_A": 0.013123728736940956,
   "ratio": 1.4412918818338352,
   "exact_ratio": 1.4444444444444446
  },
  "C_2.0_3.0": {
   "A": 0.018405,
   "dbar": 2.500136077670845,
   "pred_A": 0.01831563888873418,
   "ratio": 1.5979661858537972,
   "exact_ratio": 1.6
  }
 },
 "total_checks": 20,
 "passed": 19,
 "ALL_PASSED": false
}
J09 CHECK FAILURE
