==========================================================================
K10 -- OBLATENESS DOOR  (transport gate first: eps=1.0 = sphere)
==========================================================================
  [PASS] KILLC_central_eps1_sphere_exact
  central eps=1: A=0.36772 (e^-1=0.36788)  E[D]=0.50097 (1/2)  W=1.9970 (2.0)
  [PASS] KILLV_volume_eps1_atom_vs_quadrature
  [PASS] KILLV_volume_eps1_W_vs_J11
  volume eps=1: A=0.52817 quad=0.52725  E[D]=0.3367  W=1.8959 (J11: 1.8970)
--------------------------------------------------------------------------
MAIN GRID: W = -lnA/E[D] at (q=0, tau0=1), central + volume
  [PASS] QC_atom_central_eps1.0
  eps=1.0 central: A=0.36660 (quad 0.36788)  E[D]=0.5016  W=2.0006 +- 0.0061
  [PASS] QV_atom_volume_eps1.0
  eps=1.0 volume : A=0.52603 (quad 0.52725)  E[D]=0.3388  W=1.8962 +- 0.0072
  [PASS] QC_atom_central_eps0.7
  eps=0.7 central: A=0.41714 (quad 0.41757)  E[D]=0.3877  W=2.2549 +- 0.0073
  [PASS] QV_atom_volume_eps0.7
  eps=0.7 volume : A=0.56456 (quad 0.56526)  E[D]=0.2651  W=2.1564 +- 0.0086
  [PASS] QC_atom_central_eps0.5
  eps=0.5 central: A=0.47302 (quad 0.47371)  E[D]=0.2944  W=2.5426 +- 0.0087
  [PASS] QV_atom_volume_eps0.5
  eps=0.5 volume : A=0.60918 (quad 0.60759)  E[D]=0.2020  W=2.4535 +- 0.0105
  [PASS] QC_atom_central_eps0.3
  eps=0.3 central: A=0.56770 (quad 0.56845)  E[D]=0.1859  W=3.0454 +- 0.0119
  [PASS] QV_atom_volume_eps0.3
  eps=0.3 volume : A=0.67806 (quad 0.67841)  E[D]=0.1299  W=2.9910 +- 0.0145
--------------------------------------------------------------------------
GA: does the CENTRAL window leave [4/3, 2] as eps shrinks?
  [PASS] GA_anchor_central_eps1_in_band
  eps=1.0: W_c = 2.0006 +- 0.0061  (sphere anchor, = 2.0)
  [PASS] GA_central_inflated_above_2_eps0.7
  eps=0.7: W_c = 2.2549 +- 0.0073  > 2 by +0.2549  (+35.1 SE)
  [PASS] GA_central_inflated_above_2_eps0.5
  eps=0.5: W_c = 2.5426 +- 0.0087  > 2 by +0.5426  (+62.1 SE)
  [PASS] GA_central_inflated_above_2_eps0.3
  eps=0.3: W_c = 3.0454 +- 0.0119  > 2 by +1.0454  (+87.8 SE)
--------------------------------------------------------------------------
VOL: volume window W_v(tau0=1, q=0) vs eps
  [PASS] VOL_volume_inflated_above_eps1_eps0.7
  eps=0.7: W_v = 2.1564 +- 0.0086  vs eps=1 1.8962  (+23.2 CE)
  [PASS] VOL_volume_inflated_above_eps1_eps0.5
  eps=0.5: W_v = 2.4535 +- 0.0105  vs eps=1 1.8962  (+43.9 CE)
  [PASS] VOL_volume_inflated_above_eps1_eps0.3
  eps=0.3: W_v = 2.9910 +- 0.0145  vs eps=1 1.8962  (+67.8 CE)
--------------------------------------------------------------------------
CORRECTION FACTORS: W(eps)/W(1.0)   [observer un-flattening]
  eps=0.7: corr_c = 1.1271 +- 0.0050   corr_v = 1.1373 +- 0.0063
  eps=0.5: corr_c = 1.2709 +- 0.0059   corr_v = 1.2940 +- 0.0074
  eps=0.3: corr_c = 1.5222 +- 0.0076   corr_v = 1.5774 +- 0.0097
  power-law fit W(eps)/W(1) = eps^p:  central p=-0.347 +- 0.002 (resid 0.002)  volume p=-0.376 +- 0.003 (resid 0.003)
  PROJECTION-CORRECTION TABLE (observer un-flattening, tau0=1, q=0):
    W_sphere = W_measured / corr(eps)
    eps=1.0: corr = 1.0000
    eps=0.7: corr_c = 1.1271 +- 0.0050   corr_v = 1.1373 +- 0.0063
    eps=0.5: corr_c = 1.2709 +- 0.0059   corr_v = 1.2940 +- 0.0074
    eps=0.3: corr_c = 1.5222 +- 0.0076   corr_v = 1.5774 +- 0.0097
--------------------------------------------------------------------------
TAU0V: does the volume tau0-dependence survive oblateness?
  eps=1.0 tau0=0.5: A=0.70712  E[D]=0.1819  W_v=1.9047 +- 0.0094
  eps=1.0 tau0=2.0: A=0.33238  E[D]=0.6097  W_v=1.8064 +- 0.0057
  eps=1.0 tau0=3.0: A=0.23683  E[D]=0.8541  W_v=1.6865 +- 0.0050
  eps=1.0 tau0=5.0: A=0.14751  E[D]=1.3065  W_v=1.4649 +- 0.0042
  eps=1.0 tau0=8.0: A=0.09208  E[D]=1.9448  W_v=1.2264 +- 0.0036
  [PASS] TAU0V_volume_tau0_dep_eps1.0
  eps=1.0: W(8)=1.2264 vs W(0.5)=1.9047  cross below 4/3 by tau0=8: True
  eps=0.5 tau0=0.5: A=0.76561  E[D]=0.1096  W_v=2.4358 +- 0.0138
  eps=0.5 tau0=2.0: A=0.41464  E[D]=0.3634  W_v=2.4223 +- 0.0082
  eps=0.5 tau0=3.0: A=0.30719  E[D]=0.5013  W_v=2.3542 +- 0.0073
  eps=0.5 tau0=5.0: A=0.19870  E[D]=0.7444  W_v=2.1710 +- 0.0064
  eps=0.5 tau0=8.0: A=0.12749  E[D]=1.0795  W_v=1.9080 +- 0.0055
  [PASS] TAU0V_volume_tau0_dep_eps0.5
  eps=0.5: W(8)=1.9080 vs W(0.5)=2.4358  cross below 4/3 by tau0=8: False
  [PASS] TAU0V_cross_shift_eps_dependent
  [PASS] TAU0V_deepcross_killed_eps0.3
  eps=0.3: W(0.5)=2.9258  W(3)=3.1462  W(8)=2.9438  (tau0-variation suppressed: amplitude 0.220 vs 0.678 at eps=1.0; NO crossing below 4/3 by tau0=8 -- the sphere's deep-opacity decline is killed)
--------------------------------------------------------------------------
TAU0C: is the central window still tau0-free at eps=0.3?
  [PASS] TAU0C_central_tau0dep_broken_eps0.3
  eps=0.3 central: W(0.5)=2.9997 vs W(3)=3.1590  (sphere tau0-freeness broken under oblateness)
==========================================================================
elapsed 56.4 s;  23/23 checks passed
{
 "checks": {
  "KILLC_central_eps1_sphere_exact": true,
  "KILLV_volume_eps1_atom_vs_quadrature": true,
  "KILLV_volume_eps1_W_vs_J11": true,
  "QC_atom_central_eps1.0": true,
  "QV_atom_volume_eps1.0": true,
  "QC_atom_central_eps0.7": true,
  "QV_atom_volume_eps0.7": true,
  "QC_atom_central_eps0.5": true,
  "QV_atom_volume_eps0.5": true,
  "QC_atom_central_eps0.3": true,
  "QV_atom_volume_eps0.3": true,
  "GA_anchor_central_eps1_in_band": true,
  "GA_central_inflated_above_2_eps0.7": true,
  "GA_central_inflated_above_2_eps0.5": true,
  "GA_central_inflated_above_2_eps0.3": true,
  "VOL_volume_inflated_above_eps1_eps0.7": true,
  "VOL_volume_inflated_above_eps1_eps0.5": true,
  "VOL_volume_inflated_above_eps1_eps0.3": true,
  "TAU0V_volume_tau0_dep_eps1.0": true,
  "TAU0V_volume_tau0_dep_eps0.5": true,
  "TAU0V_cross_shift_eps_dependent": true,
  "TAU0V_deepcross_killed_eps0.3": true,
  "TAU0C_central_tau0dep_broken_eps0.3": true
 },
 "measurements": {
  "KILLC": {
   "A": 0.36772,
   "sA": 0.000762401768847071,
   "d": 0.5009659438577742,
   "sD": 0.0011356280430276247,
   "W": 1.997009002812793,
   "sW": 0.006133668570319863
  },
  "KILLV": {
   "mc": {
    "A": 0.528175,
    "sA": 0.0007893142472931503,
    "d": 0.3366881275411237,
    "sD": 0.001014288278463761,
    "W": 1.8959017517416685,
    "sW": 0.007233404076170713
   },
   "A_quad": 0.5272484502059037,
   "J11_W": 1.897,
   "J11_sW": 0.005
  },
  "grid": {
   "1.0": {
    "central": {
     "A": 0.3666,
     "sA": 0.0007619137426778561,
     "d": 0.5015881960440116,
     "sD": 0.001135413376926046,
     "W": 2.0006131553551993,
     "sW": 0.006138180532006114
    },
    "volume": {
     "A": 0.52603,
     "sA": 0.000789498357198506,
     "d": 0.33878894923068203,
     "sD": 0.001013078988570065,
     "W": 1.8961569883227651,
     "sW": 0.007195504585571433
    }
   },
   "0.7": {
    "central": {
     "A": 0.4171375,
     "sA": 0.0007796384000448297,
     "d": 0.3877447727262072,
     "sD": 0.0009364998431512294,
     "W": 2.2549352997744383,
     "sW": 0.007272967023715697
    },
    "volume": {
     "A": 0.5645575,
     "sA": 0.000783953033950551,
     "d": 0.2651187057924542,
     "sD": 0.0008382421733944037,
     "W": 2.1564417298197704,
     "sW": 0.008597723409109314
    }
   },
   "0.5": {
    "central": {
     "A": 0.47302,
     "sA": 0.0007894186195893738,
     "d": 0.2944309228115848,
     "sD": 0.0007706756597008639,
     "W": 2.542591657619751,
     "sW": 0.008741900926167166
    },
    "volume": {
     "A": 0.6091825,
     "sA": 0.0007714916993934416,
     "d": 0.2020089724947531,
     "sD": 0.0006898630909013654,
     "W": 2.453541436556249,
     "sW": 0.010464634966193846
    }
   },
   "0.3": {
    "central": {
     "A": 0.5677,
     "sA": 0.0007832900541040158,
     "d": 0.18590858208163824,
     "sD": 0.0005687006882693023,
     "W": 3.0453794142587625,
     "sW": 0.011910844203753752
    },
    "volume": {
     "A": 0.6780625,
     "sA": 0.000738739283897708,
     "d": 0.12989595242387225,
     "sD": 0.0005113361549173591,
     "W": 2.9909770485509464,
     "sW": 0.014455968427708228
    }
   }
  },
  "correction": {
   "corr": {
    "0.7": {
     "central": {
      "corr": 1.1271220994116102,
      "s": 0.005017460662788853
     },
     "volume": {
      "corr": 1.1372696159125721,
      "s": 0.006259789832333989
     }
    },
    "0.5": {
     "central": {
      "corr": 1.2709061973394482,
      "s": 0.005856473032288279
     },
     "volume": {
      "corr": 1.2939547999802037,
      "s": 0.007387063200075782
     }
    },
    "0.3": {
     "central": {
      "corr": 1.5222230275288127,
      "s": 0.007566903382197193
     },
     "volume": {
      "corr": 1.5773889329683604,
      "s": 0.009692940222565482
     }
    }
   },
   "fit_central": {
    "p": -0.3474231924700421,
    "sp": 0.002353254345244357,
    "resid": 0.002353254345244357
   },
   "fit_volume": {
    "p": -0.37586698258067774,
    "sp": 0.003415005471562435,
    "resid": 0.003415005471562435
   }
  },
  "crossing_by_tau8": {
   "1.0": true,
   "0.5": false
  },
  "tau0_scan": {
   "1.0": {
    "0.5": {
     "A": 0.7071175,
     "sA": 0.0007195534360818822,
     "d": 0.18194515540198897,
     "sD": 0.000727140942458776,
     "W": 1.904741189386563,
     "sW": 0.009445966316319384
    },
    "2.0": {
     "A": 0.332385,
     "sA": 0.000744825091111021,
     "d": 0.6097475344723046,
     "sD": 0.0014706522272686184,
     "W": 1.8064219715559813,
     "sW": 0.005699884123743462
    },
    "3.0": {
     "A": 0.23683,
     "sA": 0.00067220161215778,
     "d": 0.854100289675576,
     "sD": 0.0019081324321961752,
     "W": 1.6864678682577492,
     "sW": 0.005023861584284582
    },
    "5.0": {
     "A": 0.14751,
     "sA": 0.0005606940214541834,
     "d": 1.3064735382281591,
     "sD": 0.0027457795217529063,
     "W": 1.4649047630048118,
     "sW": 0.004235956367575505
    },
    "8.0": {
     "A": 0.09208,
     "sA": 0.00045716923180510116,
     "d": 1.9447732958721602,
     "sD": 0.0040258904641598675,
     "W": 1.226414163353102,
     "sW": 0.0036004332479665714
    }
   },
   "0.5": {
    "0.5": {
     "A": 0.7656125,
     "sA": 0.0006697955816326932,
     "d": 0.10964710718871892,
     "sD": 0.0005048876784869178,
     "W": 2.4358062767059963,
     "sW": 0.013764476819671252
    },
    "2.0": {
     "A": 0.4146375,
     "sA": 0.0007789638155562425,
     "d": 0.363430868566969,
     "sD": 0.0009627498702452779,
     "W": 2.4223331328920565,
     "sW": 0.008240007316413386
    },
    "3.0": {
     "A": 0.30719,
     "sA": 0.0007294258632001095,
     "d": 0.5013460222987098,
     "sD": 0.0011899009517873872,
     "W": 2.3542399417274105,
     "sW": 0.0073248440025708945
    },
    "5.0": {
     "A": 0.1986975,
     "sA": 0.0006309064937388778,
     "d": 0.7443518978432909,
     "sD": 0.0016204236802398696,
     "W": 2.1709781569272084,
     "sW": 0.006366540867588809
    },
    "8.0": {
     "A": 0.1274925,
     "sA": 0.0005273481784832753,
     "d": 1.0794919928648612,
     "sD": 0.0022603678329010117,
     "W": 1.9080250277512598,
     "sW": 0.0055357077633248365
    }
   }
  },
  "tau0_scan_eps03": {
   "thin": {
    "A": 0.813185,
    "sA": 0.0006162701022356976,
    "d": 0.07068084797409352,
    "sD": 0.0003811562642758707,
    "W": 2.925780447918402,
    "sW": 0.01907612570651593
   },
   "mid": {
    "A": 0.3903725,
    "sA": 0.0007713339195830904,
    "d": 0.2989813094534178,
    "sD": 0.0007825469441492366,
    "W": 3.1461962261710563,
    "sW": 0.010558749913680292
   },
   "thick": {
    "A": 0.1764425,
    "sA": 0.0006027248698017583,
    "d": 0.5892924538109026,
    "sD": 0.0012720995378148695,
    "W": 2.943801882248091,
    "sW": 0.008601470185217173
   }
  },
  "central_tau0_eps03": {
   "tau05": {
    "A": 0.7499875,
    "sA": 0.0006846654632200795,
    "d": 0.0959097861499836,
    "sD": 0.000410573722225667,
    "W": 2.9996807500689764,
    "sW": 0.015984165290794383
   },
   "tau3": {
    "A": 0.2096375,
    "sA": 0.0006436032023281737,
    "d": 0.4945823291677162,
    "sD": 0.0009433478715760597,
    "W": 3.158979482654704,
    "sW": 0.008650806290183416
   }
  },
  "anchors": {
   "E_chord_central": {
    "1.0": 1.0,
    "0.7": 0.8778519254850237,
    "0.5": 0.7603459963009458,
    "0.3": 0.5892892040952222
   },
   "E_chord_volume": {
    "1.0": 0.7500015857169539,
    "0.7": 0.6583907528792249,
    "0.5": 0.570261242902318,
    "0.3": 0.44196656336059303
   }
  }
 },
 "total_checks": 23,
 "passed": 23,
 "ALL_PASSED": true,
 "verdict": "OPEN"
}
ALL K10 CHECKS PASSED
