R0 control: S/N=30 exec reproduces M04_results.json bit-equal on ['dev_days', 'sigma_d_days', 'zstat_window_z1', 'chain_zstats_mrise', 'zc_3sigma_window', 'zc_3sigma_chain', 'sigma_J10I_rel', 'd_fw1_days', 'd_mr1_days']
S/N=10: lag z = 3.91; window z = 2.95 (stack3 5.11); 3-sigma chain exclusion from z2 = 1.500
{
 "verdict": "PASS-CHEAP: the OB1 block (N=3, S/N=10, f=20) carries the cosmography -- single-object lag 3-sigma at z=1, window 3-sigma (mode stack3), ratio-chain 3-sigma exclusion from z2 = 1.500 (<= 2.0)",
 "GA_pass": true,
 "GB_pass": true,
 "GC_pass": true,
 "lag_z_sn10": 3.9119804400977998,
 "window_z_sn10": 2.95,
 "window_z_stack3": 5.109549882328188,
 "zc_3sigma_chain_sn10": 1.5
}
R0 control: S/N=30 exec reproduces M04_results.json bit-equal on ['dev_days', 'sigma_d_days', 'zstat_window_z1', 'chain_zstats_mrise', 'zc_3sigma_window', 'zc_3sigma_chain', 'sigma_J10I_rel', 'd_fw1_days', 'd_mr1_days']
S/N=10: lag z = 3.91; window z = 2.95 (stack3 5.11); 3-sigma chain exclusion from z2 = 1.500
{
 "verdict": "PASS-CHEAP: the OB1 block (N=3, S/N=10, f=20) carries the cosmography -- single-object lag 3-sigma at z=1, window 3-sigma (mode stack3), ratio-chain 3-sigma exclusion from z2 = 1.500 (<= 2.0)",
 "GA_pass": true,
 "GB_pass": true,
 "GC_pass": true,
 "lag_z_sn10": 3.9119804400977998,
 "window_z_sn10": 2.95,
 "window_z_stack3": 5.109549882328188,
 "zc_3sigma_chain_sn10": 1.5
}
R0 control: S/N=30 exec reproduces M04_results.json bit-equal on ['dev_days', 'sigma_d_days', 'zstat_window_z1', 'chain_zstats_mrise', 'zc_3sigma_window', 'zc_3sigma_chain', 'sigma_J10I_rel', 'd_fw1_days', 'd_mr1_days']
S/N=10: lag z = 3.91; window z = 2.95 (stack3 5.11); 3-sigma chain exclusion from z2 = 1.500
{
 "verdict": "PASS-CHEAP: the OB1 block (N=3, S/N=10, f=20) carries the cosmography -- single-object lag 3-sigma at z=1, window 3-sigma (mode stack3), ratio-chain 3-sigma exclusion from z2 = 1.500 (<= 2.0)",
 "GA_pass": true,
 "GB_pass": true,
 "GC_pass": true,
 "lag_z_sn10": 3.9119804400977998,
 "window_z_sn10": 2.95,
 "window_z_stack3": 5.109549882328188,
 "zc_3sigma_chain_sn10": 1.5
}
R0 control: S/N=30 exec reproduces M04_results.json bit-equal on ['dev_days', 'sigma_d_days', 'zstat_window_z1', 'chain_zstats_mrise', 'zc_3sigma_window', 'zc_3sigma_chain', 'sigma_J10I_rel', 'd_fw1_days', 'd_mr1_days']
S/N=10: lag z = 3.91; window z = 2.95 (stack3 5.11); 3-sigma chain exclusion from z2 = 1.500
{
 "verdict": "PASS-CHEAP: the OB1 block (N=3, S/N=10, f=20) carries the cosmography -- single-object lag 3-sigma at z=1, window 3-sigma (mode stack3), ratio-chain 3-sigma exclusion from z2 = 1.500 (<= 2.0)",
 "GA_pass": true,
 "GB_pass": true,
 "GC_pass": true,
 "lag_z_sn10": 3.9119804400977998,
 "window_z_sn10": 2.95,
 "window_z_stack3": 5.109549882328188,
 "zc_3sigma_chain_sn10": 1.5
}
