====================================================================================================
S06 -- THE MERGER PHASE-SEPARATION: the collisionless dust lags, the phantom locks
====================================================================================================

  REGISTERED BULLET (G110): offset 8 sigma at 209.0/194.0 kpc
  (main/sub); separation 721.5 kpc; plasma kappa-share
  14%/10%; dark/baryon 6.8; sigma_pos =
  26.1 kpc.  M_bar = 24.0e13 (gas 22.3 +
  stars 1.7); M_dark,obs = 163.2e13; M_tot = 187.2e13.
  REGISTERED VELOCITIES: shock 4700 km/s (Markevitch 2006); gas-bullet
  2700 km/s (Springel & Farrar 2007); inferred collision ~
  3000 km/s; gas/DM relative 2000-3000 km/s;
  collision timescale ~ 150 Myr (ROUTE3 register).
  REGISTERED TIMESCALES: dust t_relax/t_H = 1e73.0 ..
  1e75.2 (G103: 70-76 orders above Hubble); the field
  re-settles on R/c ~ 2 Myr << 150 Myr collision time (ROUTE3 supersession).

====================================================================================================
V0 -- THE GATES: G110's registered offset row and dust budget reproduced
====================================================================================================
  [PASS] C1 [gate: G110's per-peak offset row] (1-f)*Delta reproduced digit-for-digit, and the sigma row 0.00/0.25/1.72/5.45 plus the dark-on-gas 8.00
         measured: dust-zone f=0 (two-zone)            209.0 kpc (0.00 sigma); cH0 cap f=0.031                     202.6 kpc (0.25 sigma); cap-a0 f=0.21                       164.2 kpc (1.72 sigma); uncapped-linear f=0.68               66.6 kpc (5.45 sigma); dark-on-gas 0.0 kpc (8.00 sigma)
         reading : the S06 clock form restates G110's registered row: offset_tot = (1-f)*Delta; the lane's new numbers build ON this gate, not beside it.
  [PASS] C2 [gate: the dust budget] dust share of the observed dark mass and the dust mass at the registered phantom levels (G110 E1/C2)
         measured: dust share: two-zone 100.0% / cH0 96.9% / cap-a0 78.6% / uncapped 31.8%; dust mass: two zone core f0 163.2e13, ch0 cap 158.2e13, cap a0 128.2e13, uncapped linear  52.0e13
         reading : G110 C2 registered dust on the galaxies: 158/128/52 e13 Msun (cH0/a0/uncapped) -- reproduced; the observed dark mass 6.8x baryons is the input the decomposition splits (P7 open, G110).

====================================================================================================
PART 1 -- THE DYNAMICS: the phantom locks (zero memory), the dust lags (perfect memory)
====================================================================================================

  (1a) THE PHANTOM LOCK.  The phantom is the baryons' own field (rho = A/r^2 on the baryonic well):
       it re-settles onto the instantaneous baryonic configuration on the field-
       response timescale  tau_field = R/c,  R = r_M(main, baryonic) = 583 kpc:
         tau_field = R/c = 5.997e+13 s = 1900 kyr = 1.90 Myr -- the ROUTE3 register's '~2 Myr' line, reproduced digit-close at the main's own r_M.
       lag bound at f=1 (phantom the whole core dark mass)  : tau_ph <= sigma_pos/(f*v_shock) = 5.4 Myr   (margin over tau_field:   2.9x at this level)
       lag bound at f=0.214 (cap-a0)                        : tau_ph <= sigma_pos/(f*v_shock) = 25.4 Myr   (margin over tau_field:  13.3x at this level)
       lag bound at f=0.031 (cH0)                           : tau_ph <= sigma_pos/(f*v_shock) = 177.3 Myr   (margin over tau_field:  93.3x at this level)
  [PASS] C3 [the phantom locks] the field-response timescale sits under the response bound set by the observed offset at EVERY operative phantom level (the phantom cannot lag measurably)
         measured: tau_field = R/c = 1.90 Myr (r_M main 583 kpc; the register's ~2-Myr line) vs the lag bounds: 5.4 Myr (f=1, the extreme), 25.4 Myr (cap-a0), 177.3 Myr (cH0); vs the 150-Myr collision time (79x margin)
         reading : the zero-offset lock is consistent, not tuned: the field re-settles on R/c, 2.9x under the offset's lag tolerance even at the f=1 extreme (which the amplitude already kills at 8 sigma), 13x at cap-a0, 92x at cH0, and ~79x under the collision time -- the committed supersession of the phantom-lag argument (ROUTE3) quantified; the f=1 margin is thin because f=1 is dead by amplitude anyway.
  [PASS] C4 [the dust lags] the free dust cannot relax during the crossing: t_relax/t_Hubble = 1e73.0 .. 1e75.2 (G103) vs the dynamical crossing epoch
         measured: t_cross,encounter ~ 2 R_core/v = 235 Myr; t_relax = 1e73.0-1e75.2 x t_Hubble (13.8 Gyr)
         reading : the dust passes through the gas ballistically: its 2-body relaxation timescale exceeds the Hubble time by 70+ orders (G103: 'the dust stays free'), so the crossing displacement is permanently recorded -- the dust is a collisionless TRACER of the merger (G137's streaming class: the envelope IS the accreted flow feeding the same collisionless phase).

  (1c) THE PREDICTION in closed form: the total dark-gas offset is
         offset_tot = (1 - f_ph) x d_cross ,   d_cross = v_merge x t_cross,
       with the phantom contributing ZERO displacement (it sits on the gas, its
       own sources -- the June register's own reading: the baryon-sourced phantom
       lensing peaks ON the bullet gas, +138 kpc from the 
       galaxies; the two-zone split H036 removes it from the core by REGIME).
       The lensing centroid follows the collisionless dust: x_c/d = 0.133-0.358 at the committed caps (G110 C2) vs CDM 0.119.

====================================================================================================
PART 2 -- THE OFFSET CLOCK: d_dust = v_merge x t_cross;
          the merger timescale from the offset (the dust as a collisionless tracer)
====================================================================================================

  The offset the collisionless dust accumulates in the encounter
  (d = Delta_v x t; the registered differential gas/DM relative 2000-3000 km/s,
  and the absolute-velocity readings for honesty):
       dv=2000           : v =   2000 km/s -> at t = 150 Myr (the registered collision time): d =  306.8 kpc
       dv=2500           : v =   2500 km/s -> at t = 150 Myr (the registered collision time): d =  383.5 kpc
       dv=3000           : v =   3000 km/s -> at t = 150 Myr (the registered collision time): d =  460.2 kpc
       v=inferred 3000   : v =   3000 km/s -> at t = 150 Myr (the registered collision time): d =  460.2 kpc
       v=gasbullet 2700  : v =   2700 km/s -> at t = 150 Myr (the registered collision time): d =  414.2 kpc
       v=shock 4700      : v =   4700 km/s -> at t = 150 Myr (the registered collision time): d =  721.0 kpc

  THE INVERSION -- the merger timescale read off the observed offset:
  t_after = d_obs / Delta_v :
       Delta_v =   2000 km/s : main  102.2 Myr | sub   94.8 Myr
       Delta_v =   2500 km/s : main   81.7 Myr | sub   75.9 Myr
       Delta_v =   3000 km/s : main   68.1 Myr | sub   63.2 Myr
       Delta_v =   2700 km/s : main   75.7 Myr | sub   70.3 Myr
       Delta_v =   4700 km/s : main   43.5 Myr | sub   40.4 Myr
  [PASS] C5 [the offset clock] t_after = d_obs / Delta_v over the registered gas/DM differential band (2000-3000 km/s) returns a SUB-ENCOUNTER epoch, inside the registered 150-Myr collision time
         measured: t_after = 68.1-102.2 Myr (main, Delta_v 3000-2000); 63.2-94.8 Myr (sub); ratio to the 150-Myr collision time = 0.45-0.68 (main), 0.42-0.63 (sub)
         reading : the dust records the POST-core-passage epoch within the encounter: the clock must return t_after < t_collision (the gas needs time to shock-decelerate and the dust to pull ahead); it returns 0.42-0.68 of the registered collision time -- the offset IS the recorded crossing, and the recorded age is kinematic: ~0.06-0.10 Gyr since the last core passage.
  [PASS] C6 [the clock's scale] the merger age from the offset lands in the 0.05-0.15 Gyr class (sub-Gyr, the Bullet-class encounter epoch)
         measured: t_after(main) = 0.07-0.10 Gyr; (absolute-velocity readings: inferred 3000 -> 0.07 Gyr, shock 4700 -> 0.04 Gyr)
         reading : the clock's output is the sub-Gyr merger epoch the Bullet-class literature carries; the offset is a NEW clock in the framework's hands because the dust never relaxes (G103: 70-76 orders) -- the record cannot be erased -- and the phantom contributes nothing to contaminate the reading (C3).

====================================================================================================
PART 3 -- THE TEST: the Bullet 1E0657-56, G110's committed numbers
          decompose the observed mass offset into phantom (ZERO) + dust
====================================================================================================

  (3a) THE DECOMPOSITION.  The observed total-mass offset 209 kpc (8 sigma)
  decomposes as  M_dark x offset = M_ph x 0 + M_dust x d_dust, so the dust
  must carry  d_dust_req = 209/(1 - f_ph):
       reading                       f_ph dust share d_dust_req t_req@2500 in 150 Myr?
       dust-zone f=0 (two-zone)    0.0000     100.0%     209.0 kpc      81.7 Myr       YES
       cH0 cap f=0.031             0.0307      96.9%     215.6 kpc      84.3 Myr       YES
       cap-a0 f=0.21               0.2144      78.6%     266.0 kpc     104.1 Myr       YES
       uncapped-linear f=0.68      0.6815      31.8%     656.3 kpc     256.7 Myr        NO

       the registered encounter affords d_max = Delta_v x 150 Myr = 307-460 kpc (Delta_v 2000-3000 km/s).
  [PASS] C7 [the realizability gate] the dust displacement the decomposition requires is kinematically realizable: t_req = d_dust_req/Delta_v(2500) inside the registered 150-Myr collision time for the two-zone/cH0/cap-a0 readings -- and NOT for the uncapped reading
         measured: t_req = 81.7 / 84.3 / 104.1 / 256.7 Myr (d_req = 209 / 216 / 266 / 656 kpc) vs the 150-Myr collision time
         reading : the capped readings' dust displacement (209-266 kpc) fits what the encounter affords (307-460 kpc) -- the observed offset is kinematically REALIZABLE by the collisionless dust; the uncapped reading needs the dust 657 kpc ahead, impossible within the registered encounter by a factor ~1.7-2.1 (the dust would have to have decoupled long before the crossing).

  (3b) THE PHANTOM-FRACTION BOUNDS the offset places on the core:
       from the amplitude: f_ph <= sigma_pos/d_obs = 0.125 at 1 sigma (0.250 at 2 sigma);
       from the encounter: f_ph <= 1 - 209/d_max = 0.32-0.55.
  [PASS] C8 [the phantom bound] the offset limits the gas-tied phantom in the core: cH0 (0.031) inside the 1-sigma bound; cap-a0 (0.214) inside 2 sigma; uncapped (0.682) excluded by the amplitude AND by the encounter
         measured: f_ph <= 0.125 (1 sigma) / 0.250 (2 sigma); f_ph <= 0.55-0.32 (encounter); registered levels 0.031 / 0.214 / 0.682
         reading : the two-phase reading's distinctive merger content: the OBSERVED offset bounds the phantom that stays with the gas at f_ph <= 12% (1 sigma) of the dark mass in the core -- the two-zone split (H036: phantom absent inside r_M by regime) and the cH0 cap (0.031) sit inside; the cap-a0 level is 1.72 sigma out (G110's row); the uncapped-linear level fails the offset at 5.45 sigma AND the encounter realizability (C7) -- the two-zone/capped reading is the one the merger kinematics leave standing.
  [PASS] C9 [the plasma kappa-share] the gas-tied phantom must fit inside the observed 14%/10% plasma kappa-share at the peaks (G110 D2)
         measured: gas-side dark mass: cH0 5.0e13 = 0.26 x M_plasma,main; cap-a0 35.0e13 = 1.8 x M_plasma,main
         reading : the cH0-level phantom adds ~a quarter of the plasma mass to the gas side -- inside the centroid error (0.25 sigma, C1); cap-a0 adds ~1.8x the plasma, excluded at 1.7 sigma (G110 D2 registered).

  (3c) THE AGREEMENT.  G110 registered the per-peak offset row (0.00/0.25/1.72/5.45 sigma).  S06 re-derives it from the CLOCK:
       offset_tot = (1 - f_ph) x Delta_v x t_after, with t_after = d_obs/Delta_v   ->  same row, now with the amplitude's MECHANISM: the offset IS the crossing record (v x t), the phantom locks (C3), the dust carries it (C4, C7).
  [PASS] C10 [the agreement vs G110] the S06 clock form reproduces G110's registered sigma row (the C1 gate) and adds the kinematic realizability that G110's amplitude left open (G110 V3: 'the offset's amplitude is not derived'; L85 S3)
         measured: row reproduced (C1): 0.00/0.25/1.72/5.45 sigma; new: the capped readings' dust displacements are realizable inside the encounter (C7), the phantom bound f_ph <= 0.125 (C8), the merger age 68-102 Myr (C5)
         reading : the agreement is the closure: G110's amplitudes, now clock-derived ; the HONEST remainder is registered in V3 (the dust amount 6.8x baryons and its galaxy-side placement remain inputs; P7 open).

====================================================================================================
VERDICTS
====================================================================================================

  V1 [the two-phase merger prediction, quantitative] the lensing centroid offset from the gas is carried ENTIRELY by the collisionless dust, offset_tot = (1 - f_ph) x Delta_v x t_after, with the phantom at ZERO displacement (its own field: field-response tau = R/c = 1.9 Myr, under the 8.5-Myr lag bound even at the f=1 extreme and 13-92x under at the operative cap-a0/cH0 levels, C3).  At the registered phantom levels the predicted offset row is G110's: 209/203/164/67 kpc (0.00/0.25/1.72/5.45 sigma) against the observed 8-sigma 209/194 kpc; the two-zone and cH0 readings sit ON the observed offset, cap-a0 at 1.7 sigma, uncapped 5.45 sigma out.  NEW: the offset's magnitude is now MECHANICAL -- it is the recorded crossing Delta_v x t_after (C5), the dust displacement the decomposition requires (209-266 kpc) is kinematically realizable inside the registered 150-Myr encounter (C7), and the phantom's zero-offset lock is consistent with the R/c field-response (C3).  The offset bounds the gas-tied phantom in the core at f_ph <= 0.125 (1 sigma): the two-zone/cH0 reading survives, cap-a0 marginal, uncapped excluded twice.

  V2 [the offset clock] d_dust = v_merge x t_cross inverts to t_after = d_obs/Delta_v: with the registered gas/DM differential 2000-3000 km/s the Bullet records a merger epoch of 68-102 Myr (main) / 63-95 Myr (sub) since the last core passage -- 0.42-0.68 of the registered 150-Myr collision time, the sub-encounter epoch the geometry requires (C5), i.e. ~0.06-0.10 Gyr.  The dust is a collisionless TRACER of the merger history: it cannot relax (G103: t_relax/t_Hubble = 1e73.0-1e75.2), so the displacement is permanently written and the clock never resets; and because the phantom contributes zero offset (C3), the calibration is not contaminated by a gas-tied component -- the distinctive content of the framework's clock over CDM's.  The clock's output class is the Bullet's own sub-Gyr epoch (C6).

  V3 [the honest statement] the merger test: the framework's dust lags like CDM (collisionless crossing, full displacement), the phantom does not (the baryons' own field, zero memory, R/c lock), and the decomposed offset agrees with the Bullet: dust carries 100% (two-zone) / 96.9% (cH0) of the dark mass at the observed 0.0-0.25-sigma level, the clock returns a kinematic epoch (68-102 Myr) consistent with the 150-Myr collision timescale, and the phantom-fraction bound f_ph <= 0.125 (1 sigma) -- the offset is REALIZABLE by the collisionless dust, and the scheme is CDM-equivalent in its offset (x_c/d 0.133-0.358 vs CDM 0.119, G110).  WHAT THE TEST DOES NOT ESTABLISH, stated exactly: (1) the dust AMOUNT (6.8x baryons) and its galaxy-side placement remain inputs (G075 V5; L85 S3; P7 open) -- the offset amplitude calibrates the clock, it does not derive the dust; (2) with the dust on the galaxies the prediction shares its offset with CDM, so the Bullet discriminates collisionless dark matter from no-dark-matter, not dust from CDM (G110 V3); (3) the distinctive content is what is NOT observed: a gas-side phantom peak beyond the plasma's own 14%/10% kappa-share -- bounded at f_ph <= 0.125 (1 sigma) and consistent with the two-zone split (H036) and the cH0 cap, in tension with cap-a0 (1.72 sigma) and excluded for the uncapped-linear level (5.45 sigma + the C7 encounter bound); (4) the June register's opposite model limit -- the baryon-sourced phantom peaking ON the gas (+138 kpc) -- remains the registered both-ways failure (G110); the two-zone split is what rescues the merger test, and the uncapped-linear phantom remains the live 5.45-sigma tension carried from G110.

S06 READING: 10 PASS / 0 FAIL

artifact written: S06_results.json
{"pass": 10, "fail": 0, "V3_head": "V3 [the honest statement] the merger test: the framework's dust lags like CDM (collisionless crossing, full displacement), the phantom does not (the baryons' ow"}
