V01_chord_moment_2d.lean:117:59: warning: Variable name `hs` is not explicitly referenced.

Hint: The binding can be removed (if unused) or named `_` (if used implicitly). Alternatively, prefix the name with `_` to silence this warning:
  [apply] _hs

Note: This linter can be disabled with `set_option linter.unusedVariables false`
V01_chord_moment_2d.lean:118:5: warning: Variable name `ht` is not explicitly referenced.

Hint: The binding can be removed (if unused) or named `_` (if used implicitly). Alternatively, prefix the name with `_` to silence this warning:
  [apply] _ht

Note: This linter can be disabled with `set_option linter.unusedVariables false`
V01_chord_moment_2d.lean:126:12: warning: This simp argument is unused:
  Real.volume_singleton

Hint: Omit it from the simp argument list.
  [apply] simp

Note: This linter can be disabled with `set_option linter.unusedSimpArgs false`
V01_chord_moment_2d.lean:144:6: warning: `if_pos` has been deprecated: Use `ite_eq_left` instead
V01_chord_moment_2d.lean:144:43: warning: `if_pos` has been deprecated: Use `ite_eq_left` instead
V01_chord_moment_2d.lean:138:64: warning: Variable name `hf` is not explicitly referenced.

Hint: The binding can be removed (if unused) or named `_` (if used implicitly). Alternatively, prefix the name with `_` to silence this warning:
  [apply] _hf

Note: This linter can be disabled with `set_option linter.unusedVariables false`
V01_chord_moment_2d.lean:162:6: warning: `if_pos` has been deprecated: Use `ite_eq_left` instead
V01_chord_moment_2d.lean:162:42: warning: `if_pos` has been deprecated: Use `ite_eq_left` instead
V01_chord_moment_2d.lean:157:51: warning: Variable name `hg` is not explicitly referenced.

Hint: The binding can be removed (if unused) or named `_` (if used implicitly). Alternatively, prefix the name with `_` to silence this warning:
  [apply] _hg

Note: This linter can be disabled with `set_option linter.unusedVariables false`
V01_chord_moment_2d.lean:248:17: warning: `Set.mem_setOf_eq` has been deprecated: Use `Set.mem_ofPred_eq` instead
V01_chord_moment_2d.lean:246:18: warning: This simp argument is unused:
  Real.volume_singleton

Hint: Omit it from the simp argument list.
  [apply] simp

Note: This linter can be disabled with `set_option linter.unusedSimpArgs false`
'V01.step4' depends on axioms: [propext, Classical.choice, Quot.sound]
'V01.final_half' depends on axioms: [propext, Classical.choice, Quot.sound]
'V01.peel_r' depends on axioms: [propext, Classical.choice, Quot.sound]
'V01.peel_v' depends on axioms: [propext, Classical.choice, Quot.sound]
'V01.step2' depends on axioms: [propext, Classical.choice, Quot.sound]
'V01.inner_eq' depends on axioms: [propext, Classical.choice, Quot.sound]
