barriers: beta=2: sqrt(A/c) = 1.826   beta=3: (A/c)^(1/3) = 1.494
sup peaks: beta=2: 1.558   beta=3: 1.421

beta-3 fingerprint (c_3 at the 100-Gyr MW survival bound, kappa3 = 1.19e-14):
  M_b        z=0.5       z=1.0       z=1.5       z=2.0
  1e+09     0.44%      0.24%      0.12%      0.05%
  3e+09     0.75%      0.42%      0.20%      0.09%
  1e+10     1.37%      0.76%      0.37%      0.16%
  3e+10     2.37%      1.31%      0.64%      0.28%
  1e+11     4.28%      2.37%      1.16%      0.51%
PASS G16a_beta2_candidate_barrier
      beta=2 (quadratic, the N03 candidate): sup peak 1.558 vs barrier sqrt(A/c) = 1.826: the barrier holds in Galerkin; the global-strong status is NOT literature-certified (Zhou 2012: criteria only for 1 <= beta < 3) -- candidate, evidence-backed
PASS G16b_beta3_certified_barrier
      beta=3 (cubic, the CERTIFIED member): sup peak 1.421 vs barrier (A/c)^(1/3) = 1.494: the sup barrier behaves; global-strong is literature-certified for beta >= 3 (Zhou 2012) via the energy route (cited), so the ZNS[b=3] global smoothness theorem stands on the citation
PASS G16c_fingerprint_beta3
      beta=3 fingerprint at the survival bound: decay 1.31% by z = 1.0 (M_b = 3e10): sub-percent to few-percent class -- weaker than beta=2 but measurable with big samples; kappa3 = 1.19e-14
PASS G16d_amendment_registered
      the amendment is in the record: N03's beta=2 theorem is demoted to CANDIDATE; the certified member is beta=3; N03b files this status; N03's numerics are untouched (additive)
N03b_beta_family COMPLETE: 4/4 checks PASS.
AMENDMENT: the ZNS certified theorem is the beta = 3 member (Zhou 2012: global strong for
beta >= 3, cited); beta = 2 stays a candidate with the named pressure gap and Galerkin
evidence; N03 numerics remain on the record (additive).
