ALPHA_A_rn_ds_dirac_extremal_MUTATE.lean:127:6: error: Tactic `rewrite` failed: Did not find an occurrence of the pattern
  ?m.65 / ?m.66 ≤ ?m.67 / ?m.68
in the target expression
  9 * (1 - y) / (3 - 2 * y) ^ 2 ≤ 1

y : ℝ
hy : 3 - 2 * y > 0
⊢ 9 * (1 - y) / (3 - 2 * y) ^ 2 ≤ 1
'M2RNdS.P_deriv' depends on axioms: [propext, Classical.choice, Quot.sound]
'M2RNdS.P1_deriv' depends on axioms: [propext, Classical.choice, Quot.sound]
'M2RNdS.double_root_iff' depends on axioms: [propext, Classical.choice, Quot.sound]
'M2RNdS.P_second' depends on axioms: [propext, Classical.choice, Quot.sound]
'M2RNdS.triple_iff' depends on axioms: [propext, Classical.choice, Quot.sound]
'M2RNdS.ultracold_values' depends on axioms: [propext, Classical.choice, Quot.sound]
'M2RNdS.Q2Lambda_le' depends on axioms: [propext, Classical.choice, Quot.sound]
'M2RNdS.Q2Lambda_eq_iff' depends on axioms: [propext, Classical.choice, Quot.sound]
'M2RNdS.Q2Lambda_curve' depends on axioms: [propext, Classical.choice, Quot.sound]
'M2RNdS.z2_closed_form' depends on axioms: [propext, Classical.choice, Quot.sound]
'M2RNdS.z2_ultracold' depends on axioms: [propext, Classical.choice, Quot.sound]
'M2RNdS.z2_le_98' depends on axioms: [propext, sorryAx, Classical.choice, Quot.sound]
'M2RNdS.z2_ge_one' depends on axioms: [propext, Classical.choice, Quot.sound]
'M2RNdS.nariai_schwarzschild' depends on axioms: [propext, Classical.choice, Quot.sound]
'M2RNdS.lambda_zero' depends on axioms: [propext, Classical.choice, Quot.sound]
'M2RNdS.Qe_sq' depends on axioms: [propext, Classical.choice, Quot.sound]
'M2RNdS.dirac_product'' depends on axioms: [propext, Classical.choice, Quot.sound]
'M2RNdS.Qm_sq' depends on axioms: [propext, Classical.choice, Quot.sound]
'M2RNdS.magnetic_extremal' depends on axioms: [propext, Classical.choice, Quot.sound]
'M2RNdS.self_dual' depends on axioms: [propext, Classical.choice, Quot.sound]
'M2RNdS.alpha_traded_for_count' depends on axioms: [propext, Classical.choice, Quot.sound]
