ALPHA_CFG47_U2_unruh_cap_condensate_MUTATE.lean:83:8: error: Tactic `rewrite` failed: Did not find an occurrence of the pattern
  5
in the target expression
  6 < √(32 * Real.pi / 3)

case left
h3 : 3 < Real.pi
h4 : Real.pi < 4
⊢ 6 < √(32 * Real.pi / 3)
ALPHA_CFG47_U2_unruh_cap_condensate_MUTATE.lean:87:8: error: Tactic `rewrite` failed: Did not find an occurrence of the pattern
  6
in the target expression
  √(32 * Real.pi / 3) < 7

case right
h3 : 3 < Real.pi
h4 : Real.pi < 4
⊢ √(32 * Real.pi / 3) < 7
ALPHA_CFG47_U2_unruh_cap_condensate_MUTATE.lean:96:29: error: mod_cast has type
  6 < m
but is expected to have type
  5 < m
ALPHA_CFG47_U2_unruh_cap_condensate_MUTATE.lean:97:29: error: mod_cast has type
  m < 7
but is expected to have type
  m < 6
'M2Unruh.unruh_matching' depends on axioms: [propext, Classical.choice, Quot.sound]
'M2Unruh.kappa_match_value' depends on axioms: [propext, Classical.choice, Quot.sound]
'M2Unruh.Z_eq' depends on axioms: [propext, Classical.choice, Quot.sound]
'M2Unruh.n_for_half' depends on axioms: [propext, Classical.choice, Quot.sound]
'M2Unruh.Z_between' depends on axioms: [propext, sorryAx, Classical.choice, Quot.sound]
'M2Unruh.Z_not_integer' depends on axioms: [propext, sorryAx, Classical.choice, Quot.sound]
'M2Unruh.n2_kappa' depends on axioms: [propext, sorryAx, Classical.choice, Quot.sound]
'M2Unruh.energy_matching_a4' depends on axioms: [propext, Classical.choice, Quot.sound]
'M2Unruh.energy_matching_exponent' depends on axioms: [propext, Classical.choice, Quot.sound]
'M2Unruh.family_exponent' depends on axioms: [propext, Classical.choice, Quot.sound]
'M2Unruh.alpha_c_form' depends on axioms: [propext, Classical.choice, Quot.sound]
'M2Unruh.alpha_c_cap' depends on axioms: [propext, Classical.choice, Quot.sound]
'M2Unruh.alpha_c_geo_mean' depends on axioms: [propext, Classical.choice, Quot.sound]
'M2Unruh.alpha_c_rH' depends on axioms: [propext, Classical.choice, Quot.sound]
'M2Unruh.geo_mean_inverse_alpha' depends on axioms: [propext, Classical.choice, Quot.sound]
'M2Unruh.alpha_eff_value' depends on axioms: [propext, Classical.choice, Quot.sound]
'M2Unruh.gf_zero_limit' depends on axioms: [propext, Classical.choice, Quot.sound]
'M2Unruh.schwinger_exponent' depends on axioms: [propext, Classical.choice, Quot.sound]
'M2Unruh.schwinger_solves_iff' depends on axioms: [propext, Classical.choice, Quot.sound]
'M2Unruh.schwinger_delta' depends on axioms: [propext, Classical.choice, Quot.sound]
'M2Unruh.schwinger_real_iff' depends on axioms: [propext, Classical.choice, Quot.sound]
'M2Unruh.schwinger_roots_sum' depends on axioms: [propext, Classical.choice, Quot.sound]
