EQB_S1_rar_landmarks_MUTATE.lean:84:4: error: linarith failed to find a contradiction
case neg
y : ℝ
h : ¬y + 1 = 0
hp : 0 < 2 * (y + 1) ^ 2
a✝ : 1 / 16 * (2 * (y + 1) ^ 2) < y
⊢ False
failed
EQB_S1_rar_landmarks_MUTATE.lean:100:24: error: Application type mismatch: The argument
  curv_le y
has type
  curv y ≤ 1 / 16
but is expected to have type
  curv y ≤ 1 / 8
in the application
  lt_of_le_of_ne (curv_le y)
'slope_hasDeriv' depends on axioms: [propext, Classical.choice, Quot.sound]
'curv_hasDeriv' depends on axioms: [propext, Classical.choice, Quot.sound]
'curv_le' depends on axioms: [propext, sorryAx, Classical.choice, Quot.sound]
'curv_eq_iff' depends on axioms: [propext, Classical.choice, Quot.sound]
'curv_max_unique' depends on axioms: [propext, sorryAx, Classical.choice, Quot.sound]
'curv_reciprocal' depends on axioms: [propext, Classical.choice, Quot.sound]
'slope_sum_rule' depends on axioms: [propext, Classical.choice, Quot.sound]
'slope_bounds' depends on axioms: [propext, Classical.choice, Quot.sound]
'anchor' depends on axioms: [propext, Classical.choice, Quot.sound]
