EQB_S3_cpl_bump_MUTATE.lean:75:6: error: linarith failed to find a contradiction
case mp.inl.h1
w0 wa z : ℝ
hz : -1 < z
hk : 1 + w0 + wa ≠ 0
hu : 0 < 1 + z
hsq : (1 + z) ^ 2 ≠ 0
h : 3 * ((1 + w0 + wa) * (1 + z) - wa) = 0
this : (1 + w0 + wa) * (1 + z) - wa = 0
a✝ : z * (1 + w0 + wa) < 1 + w0
⊢ False
failed
Try this:
  [apply] ring_nf
  
  The `ring` tactic failed to close the goal. Use `ring_nf` to obtain a normal form.
    
  Note that `ring` works primarily in *commutative* rings. If you have a noncommutative ring, abelian group or module, consider using `noncomm_ring`, `abel` or `module` instead.
EQB_S3_cpl_bump_MUTATE.lean:77:2: error: unsolved goals
case mpr
w0 wa z : ℝ
hz : -1 < z
hk : 1 + w0 + wa ≠ 0
hu : 0 < 1 + z
hsq : (1 + z) ^ 2 ≠ 0
h : z = (1 + w0) / (1 + w0 + wa)
⊢ 6 + w0 * 6 = 0
'rhoCPL_eq_rpow' depends on axioms: [propext, Classical.choice, Quot.sound]
'cpl_f_hasDeriv' depends on axioms: [propext, Classical.choice, Quot.sound]
'cpl_peak_iff' depends on axioms: [propext, sorryAx, Classical.choice, Quot.sound]
'cpl_strict_max' depends on axioms: [propext, Classical.choice, Quot.sound]
'cpl_amplitude' depends on axioms: [propext, Classical.choice, Quot.sound]
'cpl_peak_pos_iff' depends on axioms: [propext, Classical.choice, Quot.sound]
'cpl_bump' depends on axioms: [propext, Classical.choice, Quot.sound]
