Try this:
  [apply] ring_nf
  
  The `ring` tactic failed to close the goal. Use `ring_nf` to obtain a normal form.
    
  Note that `ring` works primarily in *commutative* rings. If you have a noncommutative ring, abelian group or module, consider using `noncomm_ring`, `abel` or `module` instead.
FP_dark_sector_kick_splitting_MUTATE.lean:52:35: error: unsolved goals
m eps E p v : ℝ
hE : E ^ 2 = m ^ 2 + eps
hEpos : 0 < E
hp : p ^ 2 = E ^ 2 - (m ^ 2 - eps)
hv : v = p / E
hEne : E ≠ 0
hmH : m ^ 2 + eps ≠ 0
⊢ eps * 2 = eps
'M3D.kick_speed_sq' depends on axioms: [propext, sorryAx, Classical.choice, Quot.sound]
'M3D.kick_speed_lt_one' depends on axioms: [propext, Classical.choice, Quot.sound]
'M3D.eps_over_m2_of_v' depends on axioms: [propext, Classical.choice, Quot.sound]
'M3D.v_of_eps_over_m2' depends on axioms: [propext, Classical.choice, Quot.sound]
'M3D.latent_heat_lower' depends on axioms: [propext, Classical.choice, Quot.sound]
'M3D.latent_heat_nonneg' depends on axioms: [propext, Classical.choice, Quot.sound]
'M3D.mutate_no_kick' depends on axioms: [propext, sorryAx, Classical.choice, Quot.sound]
'M3D.pair_charpoly' depends on axioms: [propext, Classical.choice, Quot.sound]
'M3D.pair_growth_root' depends on axioms: [propext, Classical.choice, Quot.sound]
'M3D.half_disc' depends on axioms: [propext, Classical.choice, Quot.sound]
'M3D.sweep_integral' depends on axioms: [propext, Classical.choice, Quot.sound]
'M3D.trigger_solution' depends on axioms: [propext, Classical.choice, Quot.sound]
'M3D.trigger_scaling' depends on axioms: [propext, Classical.choice, Quot.sound]
'M3D.trigger_exponent_four' depends on axioms: [propext, Classical.choice, Quot.sound]
'M3D.channel_closure' depends on axioms: [propext, Classical.choice, Quot.sound]
'M3D.G_block_over_m' depends on axioms: [propext, Classical.choice, Quot.sound]
