REV_frenet_spectrum_nogo_MUTATE.lean:71:13: error: linarith failed to find a contradiction
case pos.inr.h1
A B lam x y z : ℝ
hw : (x, y, z) ≠ 0
e1 : A * (A * x - B * z) = lam * x
e2 : A * (A * y) - B * (B * y) = lam * y
e3 : B * (A * x - B * z) = lam * z
e1' : A ^ 2 * x - A * B * z = lam * x
e3' : A * B * x - B ^ 2 * z = lam * z
hy : y = 0
hx : lam * (lam - (A ^ 2 - B ^ 2)) * x = 0
hz : lam * (lam - (A ^ 2 - B ^ 2)) * z = 0
hxz : x ≠ 0 ∨ z ≠ 0
hprod : lam * (lam - (A ^ 2 - B ^ 2)) = 0
h0 : lam - (A ^ 2 - B ^ 2) = 0
a✝ : lam < A ^ 2 + B ^ 2
⊢ False
failed
REV_frenet_spectrum_nogo_MUTATE.lean:74:4: error: Type mismatch
  Eq.symm (mul_right_cancel₀ hy this)
has type
  lam = A ^ 2 - B ^ 2
but is expected to have type
  lam = A ^ 2 + B ^ 2
'MineM5D.D2_on_u' depends on axioms: [propext, Classical.choice, Quot.sound]
'MineM5D.D2_eigenvalues' depends on axioms: [propext, sorryAx, Classical.choice, Quot.sound]
'MineM5D.A2_not_eigenvalue' depends on axioms: [propext, sorryAx, Classical.choice, Quot.sound]
'MineM5D.spectral_F' depends on axioms: [propext, Classical.choice, Quot.sound]
'MineM5D.spec_negative' depends on axioms: [propext, Classical.choice, Quot.sound]
'MineM5D.moment_is_minus_A2' depends on axioms: [propext, Classical.choice, Quot.sound]
'MineM5D.torsion_free_eigen' depends on axioms: [propext, Classical.choice, Quot.sound]
