fitted solutions (m_mu/m_e = 206.768): 108
  tau=i     F1 H=k1 x=0.149675  Q=0.468090  dQ=-1.99e-01  m_tau/m_mu=1.000
  tau=i     F1 H=k1 x=0.183658  Q=0.468090  dQ=-1.99e-01  m_tau/m_mu=1.000
  tau=i     F1 H=k1 x=0.483008  Q=0.468090  dQ=-1.99e-01  m_tau/m_mu=1.000
  tau=i     F1 H=k1 x=0.516992  Q=0.468090  dQ=-1.99e-01  m_tau/m_mu=1.000
  tau=i     F1 H=k1 x=0.816342  Q=0.468090  dQ=-1.99e-01  m_tau/m_mu=1.000
  tau=i     F1 H=k1 x=0.850325  Q=0.468090  dQ=-1.99e-01  m_tau/m_mu=1.000
  tau=i     F1 H=k3 x=0.149675  Q=0.468090  dQ=-1.99e-01  m_tau/m_mu=1.000
  tau=i     F1 H=k3 x=0.183658  Q=0.468090  dQ=-1.99e-01  m_tau/m_mu=1.000
  tau=i     F1 H=k3 x=0.483008  Q=0.468090  dQ=-1.99e-01  m_tau/m_mu=1.000
  tau=i     F1 H=k3 x=0.516992  Q=0.468090  dQ=-1.99e-01  m_tau/m_mu=1.000
  tau=i     F1 H=k3 x=0.816342  Q=0.468090  dQ=-1.99e-01  m_tau/m_mu=1.000
  tau=i     F1 H=k3 x=0.850325  Q=0.468090  dQ=-1.99e-01  m_tau/m_mu=1.000
  tau=i     F1 H=k5 x=0.149675  Q=0.468090  dQ=-1.99e-01  m_tau/m_mu=1.000
  tau=i     F1 H=k5 x=0.183658  Q=0.468090  dQ=-1.99e-01  m_tau/m_mu=1.000
  tau=i     F1 H=k5 x=0.483008  Q=0.468090  dQ=-1.99e-01  m_tau/m_mu=1.000
  tau=i     F1 H=k5 x=0.516992  Q=0.468090  dQ=-1.99e-01  m_tau/m_mu=1.000
  tau=i     F1 H=k5 x=0.816342  Q=0.468090  dQ=-1.99e-01  m_tau/m_mu=1.000
  tau=i     F1 H=k5 x=0.850325  Q=0.468090  dQ=-1.99e-01  m_tau/m_mu=1.000
  tau=i     F3 H=k1 x=0.074837  Q=0.468090  dQ=-1.99e-01  m_tau/m_mu=1.000
  tau=i     F3 H=k1 x=0.091829  Q=0.468090  dQ=-1.99e-01  m_tau/m_mu=1.000
  tau=i     F3 H=k1 x=0.241504  Q=0.468090  dQ=-1.99e-01  m_tau/m_mu=1.000
  tau=i     F3 H=k1 x=0.258496  Q=0.468090  dQ=-1.99e-01  m_tau/m_mu=1.000
  tau=i     F3 H=k1 x=0.408171  Q=0.468090  dQ=-1.99e-01  m_tau/m_mu=1.000
  tau=i     F3 H=k1 x=0.425163  Q=0.468090  dQ=-1.99e-01  m_tau/m_mu=1.000
  tau=i     F3 H=k1 x=0.574837  Q=0.468090  dQ=-1.99e-01  m_tau/m_mu=1.000
  tau=i     F3 H=k1 x=0.591829  Q=0.468090  dQ=-1.99e-01  m_tau/m_mu=1.000
  tau=i     F3 H=k1 x=0.741504  Q=0.468090  dQ=-1.99e-01  m_tau/m_mu=1.000
  tau=i     F3 H=k1 x=0.758496  Q=0.468090  dQ=-1.99e-01  m_tau/m_mu=1.000
  tau=i     F3 H=k1 x=0.908171  Q=0.468090  dQ=-1.99e-01  m_tau/m_mu=1.000
  tau=i     F3 H=k1 x=0.925163  Q=0.468090  dQ=-1.99e-01  m_tau/m_mu=1.000
  tau=i     F3 H=k3 x=0.074837  Q=0.468090  dQ=-1.99e-01  m_tau/m_mu=1.000
  tau=i     F3 H=k3 x=0.091829  Q=0.468090  dQ=-1.99e-01  m_tau/m_mu=1.000
  tau=i     F3 H=k3 x=0.241504  Q=0.468090  dQ=-1.99e-01  m_tau/m_mu=1.000
  tau=i     F3 H=k3 x=0.258496  Q=0.468090  dQ=-1.99e-01  m_tau/m_mu=1.000
  tau=i     F3 H=k3 x=0.408171  Q=0.468090  dQ=-1.99e-01  m_tau/m_mu=1.000
  tau=i     F3 H=k3 x=0.425163  Q=0.468090  dQ=-1.99e-01  m_tau/m_mu=1.000
  tau=i     F3 H=k3 x=0.574837  Q=0.468090  dQ=-1.99e-01  m_tau/m_mu=1.000
  tau=i     F3 H=k3 x=0.591829  Q=0.468090  dQ=-1.99e-01  m_tau/m_mu=1.000
  tau=i     F3 H=k3 x=0.741504  Q=0.468090  dQ=-1.99e-01  m_tau/m_mu=1.000
  tau=i     F3 H=k3 x=0.758496  Q=0.468090  dQ=-1.99e-01  m_tau/m_mu=1.000
  tau=i     F3 H=k3 x=0.908171  Q=0.468090  dQ=-1.99e-01  m_tau/m_mu=1.000
  tau=i     F3 H=k3 x=0.925163  Q=0.468090  dQ=-1.99e-01  m_tau/m_mu=1.000
  tau=i     F3 H=k5 x=0.074837  Q=0.468090  dQ=-1.99e-01  m_tau/m_mu=1.000
  tau=i     F3 H=k5 x=0.091829  Q=0.468090  dQ=-1.99e-01  m_tau/m_mu=1.000
  tau=i     F3 H=k5 x=0.241504  Q=0.468090  dQ=-1.99e-01  m_tau/m_mu=1.000
  tau=i     F3 H=k5 x=0.258496  Q=0.468090  dQ=-1.99e-01  m_tau/m_mu=1.000
  tau=i     F3 H=k5 x=0.408171  Q=0.468090  dQ=-1.99e-01  m_tau/m_mu=1.000
  tau=i     F3 H=k5 x=0.425163  Q=0.468090  dQ=-1.99e-01  m_tau/m_mu=1.000
  tau=i     F3 H=k5 x=0.574837  Q=0.468090  dQ=-1.99e-01  m_tau/m_mu=1.000
  tau=i     F3 H=k5 x=0.591829  Q=0.468090  dQ=-1.99e-01  m_tau/m_mu=1.000
  tau=i     F3 H=k5 x=0.741504  Q=0.468090  dQ=-1.99e-01  m_tau/m_mu=1.000
  tau=i     F3 H=k5 x=0.758496  Q=0.468090  dQ=-1.99e-01  m_tau/m_mu=1.000
  tau=i     F3 H=k5 x=0.908171  Q=0.468090  dQ=-1.99e-01  m_tau/m_mu=1.000
  tau=i     F3 H=k5 x=0.925163  Q=0.468090  dQ=-1.99e-01  m_tau/m_mu=1.000
  tau=omega F1 H=k1 x=0.157001  Q=0.468090  dQ=-1.99e-01  m_tau/m_mu=1.000
  tau=omega F1 H=k1 x=0.176333  Q=0.468090  dQ=-1.99e-01  m_tau/m_mu=1.000
  tau=omega F1 H=k1 x=0.490334  Q=0.468090  dQ=-1.99e-01  m_tau/m_mu=1.000
  tau=omega F1 H=k1 x=0.509666  Q=0.468090  dQ=-1.99e-01  m_tau/m_mu=1.000
  tau=omega F1 H=k1 x=0.823667  Q=0.468090  dQ=-1.99e-01  m_tau/m_mu=1.000
  tau=omega F1 H=k1 x=0.842999  Q=0.468090  dQ=-1.99e-01  m_tau/m_mu=1.000
  tau=omega F1 H=k3 x=0.157001  Q=0.468090  dQ=-1.99e-01  m_tau/m_mu=1.000
  tau=omega F1 H=k3 x=0.176333  Q=0.468090  dQ=-1.99e-01  m_tau/m_mu=1.000
  tau=omega F1 H=k3 x=0.490334  Q=0.468090  dQ=-1.99e-01  m_tau/m_mu=1.000
  tau=omega F1 H=k3 x=0.509666  Q=0.468090  dQ=-1.99e-01  m_tau/m_mu=1.000
  tau=omega F1 H=k3 x=0.823667  Q=0.468090  dQ=-1.99e-01  m_tau/m_mu=1.000
  tau=omega F1 H=k3 x=0.842999  Q=0.468090  dQ=-1.99e-01  m_tau/m_mu=1.000
  tau=omega F1 H=k5 x=0.157001  Q=0.468090  dQ=-1.99e-01  m_tau/m_mu=1.000
  tau=omega F1 H=k5 x=0.176333  Q=0.468090  dQ=-1.99e-01  m_tau/m_mu=1.000
  tau=omega F1 H=k5 x=0.490334  Q=0.468090  dQ=-1.99e-01  m_tau/m_mu=1.000
  tau=omega F1 H=k5 x=0.509666  Q=0.468090  dQ=-1.99e-01  m_tau/m_mu=1.000
  tau=omega F1 H=k5 x=0.823667  Q=0.468090  dQ=-1.99e-01  m_tau/m_mu=1.000
  tau=omega F1 H=k5 x=0.842999  Q=0.468090  dQ=-1.99e-01  m_tau/m_mu=1.000
  tau=omega F3 H=k1 x=0.078500  Q=0.468090  dQ=-1.99e-01  m_tau/m_mu=1.000
  tau=omega F3 H=k1 x=0.088166  Q=0.468090  dQ=-1.99e-01  m_tau/m_mu=1.000
  tau=omega F3 H=k1 x=0.245167  Q=0.468090  dQ=-1.99e-01  m_tau/m_mu=1.000
  tau=omega F3 H=k1 x=0.254833  Q=0.468090  dQ=-1.99e-01  m_tau/m_mu=1.000
  tau=omega F3 H=k1 x=0.411834  Q=0.468090  dQ=-1.99e-01  m_tau/m_mu=1.000
  tau=omega F3 H=k1 x=0.421500  Q=0.468090  dQ=-1.99e-01  m_tau/m_mu=1.000
  tau=omega F3 H=k1 x=0.578500  Q=0.468090  dQ=-1.99e-01  m_tau/m_mu=1.000
  tau=omega F3 H=k1 x=0.588166  Q=0.468090  dQ=-1.99e-01  m_tau/m_mu=1.000
  tau=omega F3 H=k1 x=0.745167  Q=0.468090  dQ=-1.99e-01  m_tau/m_mu=1.000
  tau=omega F3 H=k1 x=0.754833  Q=0.468090  dQ=-1.99e-01  m_tau/m_mu=1.000
  tau=omega F3 H=k1 x=0.911834  Q=0.468090  dQ=-1.99e-01  m_tau/m_mu=1.000
  tau=omega F3 H=k1 x=0.921500  Q=0.468090  dQ=-1.99e-01  m_tau/m_mu=1.000
  tau=omega F3 H=k3 x=0.078500  Q=0.468090  dQ=-1.99e-01  m_tau/m_mu=1.000
  tau=omega F3 H=k3 x=0.088166  Q=0.468090  dQ=-1.99e-01  m_tau/m_mu=1.000
  tau=omega F3 H=k3 x=0.245167  Q=0.468090  dQ=-1.99e-01  m_tau/m_mu=1.000
  tau=omega F3 H=k3 x=0.254833  Q=0.468090  dQ=-1.99e-01  m_tau/m_mu=1.000
  tau=omega F3 H=k3 x=0.411834  Q=0.468090  dQ=-1.99e-01  m_tau/m_mu=1.000
  tau=omega F3 H=k3 x=0.421500  Q=0.468090  dQ=-1.99e-01  m_tau/m_mu=1.000
  tau=omega F3 H=k3 x=0.578500  Q=0.468090  dQ=-1.99e-01  m_tau/m_mu=1.000
  tau=omega F3 H=k3 x=0.588166  Q=0.468090  dQ=-1.99e-01  m_tau/m_mu=1.000
  tau=omega F3 H=k3 x=0.745167  Q=0.468090  dQ=-1.99e-01  m_tau/m_mu=1.000
  tau=omega F3 H=k3 x=0.754833  Q=0.468090  dQ=-1.99e-01  m_tau/m_mu=1.000
  tau=omega F3 H=k3 x=0.911834  Q=0.468090  dQ=-1.99e-01  m_tau/m_mu=1.000
  tau=omega F3 H=k3 x=0.921500  Q=0.468090  dQ=-1.99e-01  m_tau/m_mu=1.000
  tau=omega F3 H=k5 x=0.078500  Q=0.468090  dQ=-1.99e-01  m_tau/m_mu=1.000
  tau=omega F3 H=k5 x=0.088166  Q=0.468090  dQ=-1.99e-01  m_tau/m_mu=1.000
  tau=omega F3 H=k5 x=0.245167  Q=0.468090  dQ=-1.99e-01  m_tau/m_mu=1.000
  tau=omega F3 H=k5 x=0.254833  Q=0.468090  dQ=-1.99e-01  m_tau/m_mu=1.000
  tau=omega F3 H=k5 x=0.411834  Q=0.468090  dQ=-1.99e-01  m_tau/m_mu=1.000
  tau=omega F3 H=k5 x=0.421500  Q=0.468090  dQ=-1.99e-01  m_tau/m_mu=1.000
  tau=omega F3 H=k5 x=0.578500  Q=0.468090  dQ=-1.99e-01  m_tau/m_mu=1.000
  tau=omega F3 H=k5 x=0.588166  Q=0.468090  dQ=-1.99e-01  m_tau/m_mu=1.000
  tau=omega F3 H=k5 x=0.745167  Q=0.468090  dQ=-1.99e-01  m_tau/m_mu=1.000
  tau=omega F3 H=k5 x=0.754833  Q=0.468090  dQ=-1.99e-01  m_tau/m_mu=1.000
  tau=omega F3 H=k5 x=0.911834  Q=0.468090  dQ=-1.99e-01  m_tau/m_mu=1.000
  tau=omega F3 H=k5 x=0.921500  Q=0.468090  dQ=-1.99e-01  m_tau/m_mu=1.000
Q spread 0.4681..0.4681; Koide-band hits 0; chance expectation 6480000.0000
VERDICT: KILL
