=== canonical footing ===
  a0: 9.3619e-11
  rho_Lambda: 5.84441245402e-27
  kappa_roundtrip: 1.0
  C = sqrt(G Mb a0): 3.524880371e+10
  r_M: 12.201967 kpc
  dt(b=1.5Mpc): -4417523179.45
  dt(b=3.0Mpc): -4711443870.23
  ddt = dt(b1)-dt(b2): 293920690.777
  dt_Newton(b1): 4127119.876
  dt_Newton(b2): 2844331.396
  ddt_Newton: 1282788.48
  sign_advance: True
=== alternative footing ===
  a0: 1.1279e-10
  rho_Lambda: 8.48308961956e-27
  kappa_roundtrip: 1.0
  C = sqrt(G Mb a0): 3.868990664e+10
  r_M: 11.116717 kpc
  dt(b=1.5Mpc): -4947829022.57
  dt(b=3.0Mpc): -5270443207.66
  ddt = dt(b1)-dt(b2): 322614185.083
  dt_Newton(b1): 4127119.876
  dt_Newton(b2): 2844331.396
  ddt_Newton: 1282788.48
  sign_advance: True
{
 "C_deepband_canonical": {
  "pass": true,
  "detail": "deep band r >= 1.2202 Mpc (y<=1e-4); chord min radius b1 = 1.5 Mpc",
  "residual": 0.08966141978830904,
  "tolerance": 0.0
 },
 "C_closedform_canonical": {
  "pass": true,
  "detail": "quadrature -50.28 rel vs closed form",
  "residual": -50.28422825163462,
  "tolerance": -45
 },
 "C_lins_err_canonical": {
  "pass": true,
  "detail": "max |Phi|/c^2 = 2.0505e-6; linearization error scale ~ s^2 = 4.205e-12",
  "residual": -11.37628469294996,
  "tolerance": null
 },
 "C_deepband_alternative": {
  "pass": true,
  "detail": "deep band r >= 1.11167 Mpc (y<=1e-4); chord min radius b1 = 1.5 Mpc",
  "residual": 0.13011471918690518,
  "tolerance": 0.0
 },
 "C_closedform_alternative": {
  "pass": true,
  "detail": "quadrature -inf rel vs closed form",
  "residual": -Infinity,
  "tolerance": -45
 },
 "C_lins_err_alternative": {
  "pass": true,
  "detail": "max |Phi|/c^2 = 2.2908e-6; linearization error scale ~ s^2 = 5.248e-12",
  "residual": -11.280039380296099,
  "tolerance": null
 },
 "_meta": {
  "M_b_solar": 100000000000.0,
  "X_Mpc": 6.0,
  "b1_Mpc": 1.5,
  "b2_Mpc": 3.0,
  "dps": 50,
  "hypotheses": [
   "H1 no-slip into deep band (unproved)",
   "H2 AS044 scalar potential = metric tt potential (unproved)"
  ],
  "elapsed_s": 0.061164140701293945
 },
 "_table": {
  "canonical": {
   "a0": "9.3619e-11",
   "rho_Lambda": "5.84441245402e-27",
   "kappa_roundtrip": "1.0",
   "C = sqrt(G Mb a0)": "3.524880371e+10",
   "r_M": "12.201967 kpc",
   "dt(b=1.5Mpc)": "-4417523179.45",
   "dt(b=3.0Mpc)": "-4711443870.23",
   "ddt = dt(b1)-dt(b2)": "293920690.777",
   "dt_Newton(b1)": "4127119.876",
   "dt_Newton(b2)": "2844331.396",
   "ddt_Newton": "1282788.48",
   "sign_advance": true
  },
  "alternative": {
   "a0": "1.1279e-10",
   "rho_Lambda": "8.48308961956e-27",
   "kappa_roundtrip": "1.0",
   "C = sqrt(G Mb a0)": "3.868990664e+10",
   "r_M": "11.116717 kpc",
   "dt(b=1.5Mpc)": "-4947829022.57",
   "dt(b=3.0Mpc)": "-5270443207.66",
   "ddt = dt(b1)-dt(b2)": "322614185.083",
   "dt_Newton(b1)": "4127119.876",
   "dt_Newton(b2)": "2844331.396",
   "ddt_Newton": "1282788.48",
   "sign_advance": true
  }
 }
}
ALL_PASS: True
