L279 -- the candidate's deep-MOND lensing slip from its action

    Ricci scalar built (6 s)
    reduced Lagrangian assembled (6 s)
    expanded to second order (17 s)
    Euler-Lagrange equations derived (18 s)
  [PASS] V1 GR limit: the lapse equation is the Hamiltonian constraint 4 r^2 lap(Phi) = 16 pi G mu(r) (linearised GR, isotropic gauge), i.e. lap Phi = 4 pi G rho with rho = mu/r^2
           (lapse eq (GR, iso gauge) = -16*G*pi*mu(r) + 4*r**2*Derivative(Phi(r), (r, 2)) + 8*r*Derivative(Phi(r), r))
    GR traceless combination (A-eq - B-eq/2, iso gauge): 2*r*(-r*Derivative(Phi(r), (r, 2)) + r*Derivative(Psi(r), (r, 2)) + Derivative(Phi(r), r) - Derivative(Psi(r), r))
    leading P-eq   (Qbar=0): -2*r*(2*K_B*r*Derivative(P(r), r)*Derivative(P(r), (r, 2)) + 2*K_B*Derivative(P(r), r)**2 + atilde_0*(K_B*beta*r*Derivative(P(r), (r, 2)) + 2*K_B*beta*Derivative(P(r), r) - K_B*r*Derivative(Psi(r), (r, 2)) - 2*K_B*Derivative(Psi(r), r) - 2*beta*r*Derivative(P(r), (r, 2)) - 4*beta*Derivative(P(r), r) + 2*r*Derivative(Psi(r), (r, 2)) + 4*Derivative(Psi(r), r)) - 4*r*Derivative(P(r), r)*Derivative(P(r), (r, 2)) - 4*Derivative(P(r), r)**2)/atilde_0
    leading Psi-eq (Qbar=0): -16*G*pi*mu(r) + 2*K_B*r**2*Derivative(P(r), (r, 2)) + 4*K_B*r*Derivative(P(r), r) - 2*c_1*r**2*Derivative(Psi(r), (r, 2)) - 4*c_1*r*Derivative(Psi(r), r) - 2*c_4*r**2*Derivative(Psi(r), (r, 2)) - 4*c_4*r*Derivative(Psi(r), r) - 4*r**2*Derivative(B(r), (r, 2)) - 4*r**2*Derivative(P(r), (r, 2)) + 4*r*Derivative(A(r), r) - 12*r*Derivative(B(r), r) - 8*r*Derivative(P(r), r) + 4*A(r) - 4*B(r)
    leading T-eq   (Qbar=0): -2*r*(c_1*r*Derivative(T(r), (r, 4)) + 4*c_1*Derivative(T(r), (r, 3)) + c_2*r*Derivative(T(r), (r, 4)) + 4*c_2*Derivative(T(r), (r, 3)) + c_3*r*Derivative(T(r), (r, 4)) + 4*c_3*Derivative(T(r), (r, 3)))
    leading powers of delta: P-eq 1, Psi-eq 1, A-eq 1, B-eq 1, T-eq 1   (20 s)
  [PASS] V2 the scalar equation at leading order is the pipeline's static law div[J_Y grad P] = lap Psi (g03t D3) times the constant 2(2-K_B): derived P-eq = 2(2-K_B) x [div(J_Y grad P) - lap Psi] with J_Y = beta + P'/atilde_0
           (derived / static-law = 4 - 2*K_B)
  [PASS] V3 the Hamiltonian constraint at leading order, read off the derivation: 4 lap Phi - 2 c14 lap Psi = 16 pi G rho + 2(2-K_B) lap P -- the scalar enters through the coupling with coefficient exactly (2-K_B)/2 (the AeST sourced-Poisson structure), and the clock's c14 term is the known G renormalisation G_N = G/(1 - c14/2) that the record's f35/g03f found independently
           (kappa_c = 1 - K_B/2; lapse eq = -16*G*pi*mu(r) + 2*K_B*r**2*Derivative(P(r), (r, 2)) + 4*K_B*r*Derivative(P(r), r) - 2*c_1*r**2*Derivative(Psi(r), (r, 2)) - 4*c_1*r*Derivative(Psi(r), r) - 2*c_4*r**2*Derivative(Psi(r), (r, 2)) - 4*c_4*r*Derivative(Psi(r), r) - 4*r**2*Derivative(P(r), (r, 2)) + 4*r**2*Derivative(Phi(r), (r, 2)) - 8*r*Derivative(P(r), r) + 8*r*Derivative(Phi(r), r))
    => effective MOND equation: div[(J_Y - beta0) grad P] = 4 pi G rho / (1 - c14/2) with beta0 = (2-K_B)/(2-c14); with J_Y = beta + P'/atilde_0 the deep-MOND law needs beta = beta0
    traceless weights from GR: {w_A: 1, w_B: -1/2}; GR traceless eq (iso gauge): 2*r*(-r*Derivative(Phi(r), (r, 2)) + r*Derivative(Psi(r), (r, 2)) + Derivative(Phi(r), r) - Derivative(Psi(r), r))
  [PASS] V4 THE CERTIFICATION: the traceless (slip) equation at leading order is GR's and contains NO scalar term: Psi = Phi follows, so the lensing potential (Psi+Phi)/2 equals the dynamical potential Psi INCLUDING the MOND part that the coupling put into both -- lensing = dynamics at leading order
           (leading traceless eq (iso gauge) = 2*r*(-r*Derivative(Phi(r), (r, 2)) + r*Derivative(Psi(r), (r, 2)) + Derivative(Phi(r), r) - Derivative(Psi(r), r)))
    slip source (Qbar=0, iso gauge): 2*r**2*(-K_B*Derivative(P(r), r)**2 + atilde_0*(-K_B*beta*Derivative(P(r), r) + 2*K_B*Derivative(Psi(r), r) + 2*beta*Derivative(P(r), r) - 4*Derivative(Psi(r), r)) + 2*Derivative(P(r), r)**2)*Derivative(P(r), r)/atilde_0
    next-order traceless remainder (slip source), terms: 6   (20 s)
  [PASS] V5 every term of the next-order slip source is at least QUADRATIC in the field gradients (P', Psi', ...), so the slip is second order: chi/Psi ~ (2-K_B) P/c^2 ~ v_f^2/c^2 (4e-7 for v_f = 200 km/s, i.e. below any lensing test by five orders)
           (monomial degrees in the gradients: min 2, max 3)
    deep-MOND point mass: chi' / Psi' = p*(-8*G_N*K_B*M*atilde_0 + 16*G_N*M*atilde_0 + 3*K_B**2*atilde_0*p*r - 12*K_B*atilde_0*p*r + 4*K_B*p**2 + 12*atilde_0*p*r - 8*p**2)/(6*atilde_0*(2*G_N*M - p*r*(K_B - 2)))
    canonical: chi'/Psi' at 30 kpc for M = 1e11 Msun, K_B = 0.2: 3.54e-07
    alt: chi'/Psi' at 30 kpc for M = 1e11 Msun, K_B = 0.2: 3.92e-07
  [PASS] V5b the second-order slip evaluated for a deep-MOND point mass (M = 1e11 Msun, r = 30 kpc, K_B = 0.2): |chi'/Psi'| < 1e-5 on both footings -- five orders below the lensing-RAR precision (0.05 dex)
           (chi'/Psi' = {'canonical': 3.5441560619854607e-07, 'alt': 3.9170746801479823e-07})
  [PASS] V6 the clock tilt: at Qbar = 0 the leading-order clock equation is solved by T = 0, and with Qbar kept every surviving term at T = 0 is proportional to Qbar (the cosmological roll ~ H0): the galaxy does not force the static clock to tilt
           (T-eq(T=0) with Qbar: 2*Qbar*r*(2*K_B*r*Derivative(P(r), r)*Derivative(P(r), (r, 2)) + 2*K_B*Derivative(P(r), r)**2 + atilde_0*(K_B*beta*r*Derivative(P(r), (r, 2)) + 2*K_B*beta*Derivative(P(r), r) - K_B*r*Derivative(Psi(r), (r, 2)) - 2*K_B*Derivative(Psi(r), r) - 2*beta*r*Derivative(P(r), (r, 2)) - 4*beta*Derivative(P(r), r) + 2*r*Derivative(Psi(r), (r, 2)) + 4*Derivative(Psi(r), r)) - 4*r*Derivative(P(r), r)*Derivative(P(r), (r, 2)) - 4*Derivative(P(r), r)**2)/atilde_0)

L279 COMPLETE: 7/7 checks PASS  (22 s).
