CFG193_c_fit_power  mode MUTATE=0  (repo = <repo>)
curves file: CFG193_curves.npz  primary: 68  Hubble-flow (CIRCULAR rows): 74
primary: median Birge s = 1.43;  median sigma_i = 0.170 dex;  tau (ML extra scatter of x_hat about L0) = 0.340 dex;  L0 = -10.081
  x_hat range [-11.30, -9.00]; galaxies with x_hat at the lower grid edge (-11.30): ['CamB', 'NGC2976', 'UGC07577']
  [PASS] CE batch half-widths agree with the scalar routine (reported)  max diff 0.00e+00
Fisher row (P1): sigma_beta,F = 0.4469   (README 0.45; window [0.405, 0.495])
  rms(z - mean z) = 0.2357; z range 0.0001..1.1665
primary fit: beta_hat = +0.4943, L_hat = -10.0374 (abar0 = 9.176e-11 m/s^2), F = 1142.10  [0.1 s]
bootstrap (2000 galaxy resamples, seed 193101): sigma(16-84) = 0.702, std = 1.068, median 0.561, 2.5-97.5% [-0.345, +3.880], 95th pct 2.814
speed shuffle (2000, seed 193102, distance lever kept): median -0.039, 16-84% [-0.231, +0.707] (half-width 0.469);  p = 0.2199
speed shuffle within distance-method groups (500, seed 193103): p = 0.3313
  [PASS] M0 fitter exactness: noiseless synthetic curves with beta = 0.300 return 0.300 +- 0.005 (load-bearing)  beta_hat = 0.3000, L = -10.1000
B1 Fisher decomposition: frozen 0.447 | sigma_i->0 (tau fixed) 0.402 (x0.90) | tau->0 (sigma_i fixed) 0.129 (x0.29) | z spread x2 0.223 (x0.50)
B2 released nuisances = all        median sigma_i 0.170  tau (re-estimated) 0.340  Fisher sigma_beta 0.447
B2 released nuisances = dist_only  median sigma_i 0.101  tau (re-estimated) 0.350  Fisher sigma_beta 0.427
B2 released nuisances = ups_only   median sigma_i 0.092  tau (re-estimated) 0.332  Fisher sigma_beta 0.404
B2 released nuisances = inc_only   median sigma_i 0.080  tau (re-estimated) 0.327  Fisher sigma_beta 0.419
B2 released nuisances = none       median sigma_i 0.041  tau (re-estimated) 0.351  Fisher sigma_beta 0.420
B1(5) no profiling with tau re-estimated: Fisher 0.420 (x0.94 of the frozen 0.447)
A2 extra cosmic scatter   0 km/s on top of sigma_u=H0 e_D: mean z shift +0.0342, attenuation lambda = 0.753, Fisher sigma_beta 0.401
A2 extra cosmic scatter  50 km/s on top of sigma_u=H0 e_D: mean z shift +0.0398, attenuation lambda = 0.709, Fisher sigma_beta 0.391
A2 extra cosmic scatter 100 km/s on top of sigma_u=H0 e_D: mean z shift +0.0604, attenuation lambda = 0.564, Fisher sigma_beta 0.354
A2 UMa block: sigma_u median 169 km/s, |u| median 124 km/s, z median 0.0434;  expected z bias sigma_u^2/600^2 = 0.0791
A3 r(u, V_LG.n) = 0.751; R^2(z on (V_LG.n)^2/600^2) unweighted 0.582, v-weighted 0.553; Fisher sigma_beta with that template as a free nuisance = 0.668 (x1.50)
A4 W2 lever arm: rms(z_W2) = 0.1677 (W1 0.2357); Fisher sigma_beta(W2) = 0.596 ; beta_det(W2, Fisher only) = 1.19
A1 variant H0 = 73        Fisher sigma_beta 0.4018 (-10.1% of primary), rms z 0.2595
A1 variant H0 = 70        Fisher sigma_beta 0.4296 (-3.9% of primary), rms z 0.2438
A1 variant luminosity D   Fisher sigma_beta 0.4482 (0.3% of primary), rms z 0.2351
A1 variant linear cz      Fisher sigma_beta 0.4472 (0.1% of primary), rms z 0.2355
A1 variant Planck v_sun   Fisher sigma_beta 0.4467 (-0.0% of primary), rms z 0.2358
ROW primary                            N= 68 beta =  +0.494  boot sigma 0.591  shuffle p 0.187 (shuffle 16-84 half-width 0.408)
ROW H0 = 73                            N= 68 beta =  +0.402  boot sigma 0.705  shuffle p 0.267 (shuffle 16-84 half-width 0.459)
ROW z frozen at catalogue distance     N= 68 beta =  +0.409  boot sigma 0.469  shuffle p 0.342 (shuffle 16-84 half-width 0.442)
ROW I: TRGB + Cepheid + SNIa           N= 42 beta =  +0.355  boot sigma 0.735  shuffle p 0.414 (shuffle 16-84 half-width 0.536)
ROW UMa only                           N= 26 beta = +20.000  boot sigma 10.183  shuffle p 0.027 (shuffle 16-84 half-width 10.183)
ROW W2 (coherent LG flow)              N= 68 beta =  -0.249  boot sigma 0.000  shuffle p 0.409 (shuffle 16-84 half-width 2.459)
ROW LG-apex hemisphere                 N= 48 beta =  +2.495  boot sigma 2.422  shuffle p 0.025 (shuffle 16-84 half-width 0.595)
ROW antapex hemisphere                 N= 20 beta =  -0.371  boot sigma 0.351  shuffle p 0.706 (shuffle 16-84 half-width 1.048)
ROW Galactic b > 0                     N= 56 beta =  +0.412  boot sigma 0.535  shuffle p 0.234 (shuffle 16-84 half-width 0.495)
ROW Galactic b < 0                     N= 12 beta =  -0.416  boot sigma 0.000  shuffle p 0.713 (shuffle 16-84 half-width 2.091)
ROW no tau softening                   N= 68 beta =  +1.545  boot sigma 1.228  shuffle p 0.190 (shuffle 16-84 half-width 1.131)
ROW no Birge scaling                   N= 68 beta =  +0.158  boot sigma 1.112  shuffle p 0.848 (shuffle 16-84 half-width 0.743)
ROW no Birge, no tau                   N= 68 beta =  +1.096  boot sigma 1.062  shuffle p 0.379 (shuffle 16-84 half-width 3.308)
ROW PRE-Addendum-2 weighting (prior scaled) N= 68 beta =  +1.936  boot sigma 1.634  shuffle p 0.234 (shuffle 16-84 half-width 1.777)
ROW without |dv|>50 galaxies           N= 67 beta =  +0.494  boot sigma 0.924  shuffle p 0.214 (shuffle 16-84 half-width 0.432)
ROW free sky dipole: beta = +0.130 (boot sigma 0.503, 200 resamples), |D| = 0.539 toward (l, b) = (224, -47)
ROW distance term gamma log10(D/10 Mpc): beta = +0.407, gamma = -0.104
single-galaxy jackknife: beta in [+0.354, +1.358]
CIRCULAR row: Hubble-flow galaxies alone (N=74): beta = +20.000 (bound 20)
CIRCULAR row: all clean galaxies with a velocity (N=142): beta = +1.379; tau(all) = 0.332
SIGNAL lines (reported): S1 p<0.003 vs both nulls: shuffle p=0.2199 -> unmet;  S3 H0=73 within 1 sigma_boot: |+0.402 - +0.494| = 0.092 vs 0.702 -> met
C1 noiseless curve-level injection on the REAL curves (real data's own beta is in there too):  beta_inj 0.00 -> +0.4943, beta_inj 0.05 -> +0.5599, beta_inj 0.10 -> +0.6258, beta_inj 0.30 -> +0.8887, beta_inj 1.00 -> +1.7589
  increments over beta_hat_obs: 0.00: +0.0000, 0.05: +0.0656, 0.10: +0.1315, 0.30: +0.3944, 1.00: +1.2646
  [PASS] E14 noiseless real-curve injection recovers the injected shift (increment within 10% of the multiplicative expectation at 0.30 and 1.0) (reported)  increments: 0.30 -> +0.394, 1.0 -> +1.265
  synthetic check: synthetic curves beta 0.30 + curve-level 0.30 -> 0.6680 (exact multiplicative composition gives beta with (1+0.3z)(1+0.3z) = 1 + 0.6 z + 0.09 z^2; a linear-in-z fit sees ~0.6+0.09 z_eff)
C2 speed-shuffle injection (300 shuffles, seed 193301); sigma_boot,0 = shuffle 16-84 half-width at beta_inj=0 = 0.481
   beta_inj 0.00: median -0.054, mean +0.211, 16-84 [-0.232, +0.731], bias(median-inj) -0.054, P(beta_hat > 2 sigma0) = 0.103
   beta_inj 0.05: median -0.017, mean +0.252, 16-84 [-0.231, +0.808], bias(median-inj) -0.067, P(beta_hat > 2 sigma0) = 0.120
   beta_inj 0.10: median +0.019, mean +0.291, 16-84 [-0.231, +0.889], bias(median-inj) -0.081, P(beta_hat > 2 sigma0) = 0.143
   beta_inj 0.30: median +0.199, mean +0.466, 16-84 [-0.230, +1.180], bias(median-inj) -0.101, P(beta_hat > 2 sigma0) = 0.230
   beta_inj 1.00: median +0.970, mean +1.198, 16-84 [-0.015, +2.407], bias(median-inj) -0.030, P(beta_hat > 2 sigma0) = 0.500
C3 setup: L0 (beta=0 fit) = -10.008, tau_int = sqrt(tau^2 - median sigma_i^2) = 0.294 dex; coarse grid x step 0.05, t step 0.5; noise sd = sqrt(s_i) e_V (Birge s_i is a variance ratio)
C3 point-level generative mocks: 200 datasets in 1069 s
CG coarse-grid pipeline on the REAL data: beta_hat = +0.384 (fine grid +0.494), tau = 0.341 (fine 0.340)
  [PASS] CG coarse-grid real-data beta within 0.25 of the fine-grid beta (reported)  diff -0.110
   C3 beta_inj 0.00: median +0.143, mean +0.710, 16-84 [-0.345, +2.216], bias(median-inj) +0.143;  mock tau median 0.271, median sigma_i 0.155
   C3 beta_inj 0.05: median +0.613, mean +1.087, 16-84 [-0.119, +2.108], bias(median-inj) +0.563;  mock tau median 0.280, median sigma_i 0.151
   C3 beta_inj 0.10: median +0.812, mean +1.661, 16-84 [-0.206, +3.873], bias(median-inj) +0.712;  mock tau median 0.273, median sigma_i 0.154
   C3 beta_inj 0.30: median +0.783, mean +1.041, 16-84 [-0.010, +1.975], bias(median-inj) +0.483;  mock tau median 0.271, median sigma_i 0.154
   C3 beta_inj 1.00: median +1.919, mean +2.235, 16-84 [+0.614, +3.677], bias(median-inj) +0.919;  mock tau median 0.296, median sigma_i 0.153
C3 beta=0 mocks: sigma (16-84 half-width) = 1.280;  p_noise = (1 + #{|beta_mock| >= |beta_obs|})/(N+1) = 0.415 (N=40)
POWER ROW: Fisher 0.447 | shuffle 0.469 | bootstrap 0.702 | C3 mocks 1.280   ->  beta_det(2 sigma) = 2 max(Fisher, shuffle, C3) = 2.56; 80%-power 3.64  vs the G7 line 0.10 -> NON-DIAGNOSTIC
  smallest of my uncertainty figures = 0.447 (R3/E7 need >= 0.25 and >= 5x the 0.05 needed for G7)
C5 shuffle-Neyman: 9200 fits in 152 s
   shuffle-Neyman: one-sided 95% upper limit beta_95 = 3.00;  two-sided 95% interval [-0.65, 3.42];  bootstrap 95th percentile 2.81, 97.5th 3.88
   QUOTED conservative 95% upper limit = max(shuffle-Neyman, bootstrap 95th) = 3.00  (E18 window 1.5-3.5)
   recovery bias <beta_hat> vs beta_inj (shuffle construction): -0.90:-0.23, -0.50:-0.21, -0.10:-0.14, 0.30:+0.27, 0.70:+0.65, 1.10:+1.08, 1.50:+1.35, 1.90:+1.94, 2.75:+2.59, 3.75:+3.88, 4.75:+4.93, 5.75:+5.98
KM1 translation: beta = 2.670e-6/eps  ->  eps = c2 >= 8.90e-07 at the quoted limit (window beta 0.107-0.267 corresponds to c14 in [1, 2.5]e-5: NOT reached: True)
---- pass lines (numbers from my own run; classification is in README.md) ----
R3 Fisher 0.4469 in [0.405, 0.495]: True | beta_det 2.56 > 0.10: True | all uncertainty figures >= 0.25: True
R4 boot sigma 0.702 in [0.60, 0.74]: True | beta_hat +0.494 within +-0.15 of +0.89: False | shuffle p 0.2199 in [0.04, 0.13]: False | p>0.003 (no SIGNAL): True
R6 rms(z) 0.236 in [0.22, 0.33]: True
verdict: 4/4 checks pass; load-bearing failures: 0;  elapsed 1770 s
