K002 -- THE ACTION DOOR IS CLOSED: H004's screened AeST host dies on the
repo's own PPN ladder, and the only operator that would have saved it is
not a local covariant term.

THE PUZZLE.  glm53 closed every force-law completion except a screened
scalar on an AeST host.  hy4 H001+H004 wrote that completion:

    S = int sqrt(-g) [ M_P^2 R/2 - Lambda^4 f(X) - xi^2 (D^2 phi)^2 / 2 ]
        + S_m

claiming the biharmonic Green's function has no 1/r inside xi, so every
PPN parameter (a 1/r coefficient) vanishes and the AeST alpha_1 lock
(alpha_1 = 0 only at c_14 < 0, a spin-1 ghost) does not apply.

THE DECIDING RUN ALREADY EXISTS.  hunt_2026/f31_ppn_k4_alpha1.py is the
repo's generalised-AeST PPN pipeline with that exact operator added.
H005 pre-registered both readings before f31 finished.  This lane does
NOT re-run the 6-minute ladder.  It reads the committed artifact and
states H005's FAIL reading as the result.

PRE-REGISTERED (H005, already on origin/main):
  IF alpha_1 = 0 is reachable with c_14 > 0 at physical XI2:
      H004 stands.
  IF alpha_1 = 0 still forces c_14 < 0 (or the XI2=0 anchor fails):
      H004 is dead as a screened AeST host.  The fallback is the
      equilibrium / two-branch Einstein reading (K001).

INSTRUMENT: hunt_2026/f31_ppn_k4_alpha1.out (committed), plus f31b/f31c
diagnostics.  Numbers below are copied from those files, not recomputed.

Both a0 footings are irrelevant here (PPN is dimensionless).  Checks
state measurement and threshold separately.  A FAIL is a finding.
No literal-True conditions.

V0 -- the committed ladder exists and its XI2=0 anchors hold
  [PASS] V0 [f31 is on disk and its XI2=0 anchors passed] the committed f31_ppn_k4_alpha1.out is read; the number of XI2=0 anchor PASSes is compared with 3 (one per (K_B, J_Y) point; gamma/a3 share the line)
         measured: anchor PASS count = 3, verdict block present = True
         reading : control: we are reading the committed instrument, not re-deriving the PPN ladder.  XI2=0 reproducing the banked AeST lock is what makes the finite-XI2 numbers trustworthy

V1 -- the closed form: drag GROWS with XI2, it does not suppress
    XI2=0e+00: drag committed -3.6000e+00, form -3.6000e+00, rel 0.00e+00, alpha_1 = -4.4000e+00
    XI2=1e+00: drag committed -1.8000e+00, form -1.8000e+00, rel 0.00e+00, alpha_1 = -2.6000e+00
    XI2=1e+02: drag committed +1.7640e+02, form +1.7640e+02, rel 0.00e+00, alpha_1 = +1.7560e+02
    XI2=1e+04: drag committed +1.8000e+04, form +1.7996e+04, rel 2.00e-04, alpha_1 = +1.7996e+04
    XI2=1e+08: drag committed +1.8000e+08, form +1.8000e+08, rel 2.00e-08, alpha_1 = +1.8000e+08
  [PASS] V1 [THE CLOSED FORM GROWS LINEARLY] f31's fitted drag 4(2-K_B)/(J_Y+1)[J_Y XI2/(J_Y+1) - 1] is compared with the committed table at five XI2; max relative error vs 1e-3
         measured: max rel err = 2.000e-04 over XI2 = 0,1,1e2,1e4,1e8; drag(0) = -3.60 (the AeST lock), drag(1e8) = +1.8000e+08
         reading : H004 claimed the k^4 term suppresses the 1/r piece so alpha_1 vanishes.  The ladder says the opposite: after a brief dip at XI2 ~ 1 the drag GROWS as +XI2.  Screening the static Green's function is not screening the preferred-frame PPN parameter

V2 -- H005's kill: alpha_1 = 0 still forces c_14 < 0 at physical XI2
    |alpha_1|(XI2=1e8, host) = 1.8000e+08 vs bound 1.0e-04 = 1.800e+12 x over
    drag(XI2_SS=8.60e+07) = +1.5480e+08
  [FAIL] V2 [H004's claim: |alpha_1| at XI2 = 1e8 is below the Will bound 1e-4] the committed ladder's |alpha_1| at the solar-system XI2 is compared with 1e-4; a FAIL is H005's pre-registered reading
         measured: |alpha_1| = 1.8000e+08, bound = 1.0e-04, over = 1.800e+12 x; drag grows as +XI2 not 1/XI2
         reading : FAIL is the finding: screening does not set alpha_1 -> 0.  The parameter is 12 orders over the bound and growing.  H004 is dead as a screened AeST host.  H005 named the fallback: K001

V3 -- the only operator that suppresses is not a local covariant term
  [PASS] V3 [THE SAVING OPERATOR IS NOT LOCAL] f31c's coherent-stiffening operator (A) suppresses the drag; the covariant Hessian-squared (B) does not; (A) is a replacement J_Y -> J_Y(1+XI2) of the whole Y sector, not a local Lagrangian term
         measured: A1 PASS in file = True, B1 FAIL in file = True; A at XI2=1e4: alpha_1 = -8.0072e-01, drag = -7.1986e-04; B at XI2=1e4: alpha_1 = 1.7996e+04
         reading : the screened door exists as a REFERENCE (rescale the whole scalar kinetic term by 1+xi^2 k^2).  Neither local fourth-order operator tried -- (D^2 phi)^2 nor |D_m D_n phi|^2 -- realises it.  A local covariant force-law completion on this host is not available on this evidence.  That is f31's own verdict, restated

V4 -- K001 is the named fallback, and its mass split still stands
  [PASS] V4 [THE FALLBACK IS K001, ALREADY MEASURED] H005 named the equilibrium / two-branch reading as the FAIL fallback; K001's committed f_S_max and median M_S/M_bar are compared with their kills 0.10 and 20
         measured: f_S_max = 6.4387e-02 vs kill 0.10; median M_S/M_bar = 2.950 vs kill 20; K001 7/7
         reading : the puzzle's answer is not a new action.  It is: every local relativistic FORCE-LAW completion of the SPARC curve is dead (pincer + f31), and the surviving theory is Einstein gravity plus L247's constitutive fluid on two branches, with (S) a 6.4% trace of Omega_dm

V5 -- honesty: what this lane did and did not do
  [PASS] V5 [this lane READ a committed ladder, it did not compute one] count of PPN ladders run here vs read from disk
         measured: ladders run = 0, ladders read = 1; open = 1 (a local operator that realises f31c-(A) without being a k-dependent replacement of J_Y)
         reading : re-running f31 would waste the session; the artifact is on origin/main.  A future local operator that reproduces f31c-(A) would reopen the force-law door -- that operator is not in hand, and two covariant fourth-order candidates already failed

READING

  THE PUZZLE'S ANSWER.

  A complete relativistic FORCE-LAW theory of gravity on these equations
  is not available on this evidence.  That is now a theorem of the
  programme, not a suspicion:

    modified gravity          -> Cassini (L243, G004/G005)
    modified inertia          -> lensing (L241)
    disformal / vector        -> preferred frame (L244)
    bimetric                  -> lensing (G007, Lean)
    screened AeST + (D^2 phi)^2
    and Hessian-squared       -> alpha_1 GROWS as XI2 (f31, f31c)
    coherent J_Y(1+XI2)       -> works, but is not a local action

  What survives is K001: Einstein gravity, Poisson unmodified, one
  constitutive fluid p = P(a) on two branches.  (S) is a 3-6% trace of
  Omega_dm (K001, 155 SPARC curves).  L248's lensing kill is that
  theory's prediction (cap 5.8 kpc, KiDS 35 kpc).  Cassini is Einstein's.

  WHAT IS NOT CLAIMED.  The covariant matter action whose stress tensor
  IS T^mu_nu = rho u^mu u^nu + p(a) Delta^mu_nu, with healthy constraints,
  is still OPEN -- that is a fluid action in GR, not a modified-gravity
  action, and it is G028's gap restated at the right scope.  Branch
  selection is POSTULATED.  n = 2 stays measured.  Omega_dm's amplitude
  is a relocated initial condition.

  THE MIC DROP, HONESTLY.  Forty years of MOND-vs-DM is resolved here
  as a false dichotomy at galaxy scale (the supported branch IS the
  phantom) and as ordinary cold dust at every other scale (the free-fall
  branch).  Relativistic completions that modify Poisson are dead.
  Relativistic completions that do not modify Poisson are GR plus a
  constitutive sector -- which is a theory of the dark sector, not a
  new theory of gravity.

K002 COMPLETE: 5/6 checks PASS.
