/Users/carlzimmerman/new_physics/zimmerman-formula/deepseek_push/astra_spawn_ideas/results/AS075/AS075-r1-20260928T121520Z-dsv4f-hermes/AS075_axioms_probe.lean:25:18: warning: Used `tac1 <;> tac2` where `(tac1; tac2)` would suffice

Note: This linter can be disabled with `set_option linter.unnecessarySeqFocus false`
/Users/carlzimmerman/new_physics/zimmerman-formula/deepseek_push/astra_spawn_ideas/results/AS075/AS075-r1-20260928T121520Z-dsv4f-hermes/AS075_axioms_probe.lean:35:34: warning: this tactic is never executed

Note: This linter can be disabled with `set_option linter.unreachableTactic false`
/Users/carlzimmerman/new_physics/zimmerman-formula/deepseek_push/astra_spawn_ideas/results/AS075/AS075-r1-20260928T121520Z-dsv4f-hermes/AS075_axioms_probe.lean:35:34: warning: Unused tactic linter: `ring` does nothing

Note: This linter can be disabled with `set_option linter.unusedTactic false`
/Users/carlzimmerman/new_physics/zimmerman-formula/deepseek_push/astra_spawn_ideas/results/AS075/AS075-r1-20260928T121520Z-dsv4f-hermes/AS075_axioms_probe.lean:91:33: warning: this tactic is never executed

Note: This linter can be disabled with `set_option linter.unreachableTactic false`
/Users/carlzimmerman/new_physics/zimmerman-formula/deepseek_push/astra_spawn_ideas/results/AS075/AS075-r1-20260928T121520Z-dsv4f-hermes/AS075_axioms_probe.lean:91:33: warning: Unused tactic linter: `ring` does nothing

Note: This linter can be disabled with `set_option linter.unusedTactic false`
'removal_deriv_identity' depends on axioms: [propext, Classical.choice, Quot.sound]
'boundary_family_kappa_free' depends on axioms: [propext, Classical.choice, Quot.sound]
'obligB_alone_not_half' depends on axioms: [propext, Classical.choice, Quot.sound]
'obligA_alone_j_free' depends on axioms: [propext, Classical.choice, Quot.sound]
'relabel_strict_mono' depends on axioms: [propext, Classical.choice, Quot.sound]
'relabel_injective' depends on axioms: [propext, Classical.choice, Quot.sound]
'relabel_surjective' depends on axioms: [propext, Classical.choice, Quot.sound]
'relabel_selects_nothing' depends on axioms: [propext, Classical.choice, Quot.sound]
'relabel_diagnostics_distinct' depends on axioms: [propext, Classical.choice, Quot.sound]
'slope_family_diagnostics' depends on axioms: [propext, Classical.choice, Quot.sound]
'boundary_j_neg' depends on axioms: [propext, Classical.choice, Quot.sound]
'diag_vacua_distinct' depends on axioms: [propext, Classical.choice, Quot.sound]
'full_system_lands_half' depends on axioms: [propext, Classical.choice, Quot.sound]
