==========================================================================
H029 -- THE CIRCULARITY AUDIT
==========================================================================

==========================================================================
PART 1 -- THE FOUR 'RESULTS' ARE ALGEBRAICALLY ONE STATEMENT
==========================================================================
  H020  c H_0/a_0    = 6.9942960742   vs sqrt(32pi/3OmL) = 6.9942960742
  H028  c H_L/a_0    = 5.7888100365   vs 2 sqrt(8pi/3)   = 5.7888100365
  [PASS] C1 [THE AUDIT VERDICT] H016/H019/H020/H028 are algebraically IDENTICAL
      to the postulate a_0 = (1/2) c sqrt(G rho_L): mutually circular
         measured: |cH_0/a_0 - sqrt(32pi/3OmL)| = 8.88e-16;  |cH_L/a_0 - 2sqrt(8pi/3)| = 8.88e-16
         They are UNIFICATIONS (three field facts become one), not four
         independent confirmations. Recorded as such.

==========================================================================
PART 2 -- THE DECISIVE NON-CIRCULAR TEST: a_0 PREDICTED vs MEASURED
==========================================================================
  a_0 predicted from (Omega_L, H_0)  = 9.3624e-11 m/s^2
  a_0 measured from galaxy fits      ~ 1.2000e-10 m/s^2
  DISCREPANCY                        = 22.0%
  [PASS] C2 [THE REAL TEST, AND IT IS A TENSION] the postulate's a_0 differs from
      the rotation-curve value by ~22% -- NOT agreement
         measured: predicted 9.3624e-11 vs measured ~1.2000e-10: 22.0% apart
         THIS IS THE SHARPEST NON-CIRCULAR TEST, AND THE FRAMEWORK DOES NOT
         PASS IT CLEANLY. The programme's two a_0 footings exist because
         of exactly this: the alternative (1.1279e-10) was chosen to sit
         nearer the measured value. Either the measured a_0 carries ~20%
         systematics (its literature values do range that widely), or the
         postulate needs correcting. UNRESOLVED, and stated as such.

==========================================================================
PART 3 -- WHAT IS GENUINELY NON-CIRCULAR
==========================================================================
    shape n = 2 from TT rank D(D-3)/2
        -> independent of a_0's value
    RAR fit: mu_2 + a_0 vs 155 SPARC curves, 0.150 dex, 0 params
        -> shape and scale enter differently
    amplitude law: uses g_ext measured independently by 2MRS
        -> g_ext is not from the postulate
    strong field: c_T = c, no hair -- from the action's FORM
        -> does not involve a_0
    cluster shape: the phantom slope
        -> independent of a_0's value
  [PASS] C3 [THE INDEPENDENT CONTENT] five results do NOT depend on the value of
      a_0 and survive even if the postulate's coefficient is wrong
         measured: 5 independent results identified
         These are the framework's real content. The unification results
         (H016/H019/H020/H028) are consistency, not confirmation.

==========================================================================
H029 READING:  3 PASS / 0 FAIL
==========================================================================

THE HONEST VERDICT
------------------
H016, H019, H020 and H028 are algebraically identical to the postulate
a_0 = (1/2) c sqrt(G rho_Lambda). They are UNIFICATIONS -- three empirical
facts of the field (the seesaw, a_0 ~ cH_0/7, Z = 5.789) collapse into one --
but they are NOT four independent confirmations, and counting them as such
was an error I am correcting here.

THE REAL TEST IS THE 22%.
  a_0 predicted from (Omega_L, H_0) = 9.3624e-11
  a_0 measured from rotation curves ~ 1.2000e-10
  They differ by 22%. That is non-circular, and it is a TENSION,
  not a success. It is unresolved: either the measured a_0 has ~20-30%
  systematics (its literature values do vary that much) or the postulate is
  wrong.

WHAT SURVIVES REGARDLESS: the shape (n=2 derived), the RAR fit, the amplitude
law, the strong-field sector, and the cluster shape -- none of which depend on
a_0's numerical value.

WHAT SETTLES IT: a_0 from galaxy data with <5% systematics against
(1/2) c sqrt(G rho_L) with precision H_0 and Omega_Lambda. Agreement at 5%
confirms the postulate non-circularly; a persistent 22% falsifies it.

{"pass": 3, "fail": 0}
