cosmology: Omega_tau = 0.2670, Omega_b = 0.049, Omega_L = 0.684
BS24 boundedness scale: mu = 1e-31 eV -> 1/mu = 63.9 Mpc = 43.1 h^-1 Mpc

====================================================================================================
K1  DERIVE the khronon-dust deep-web self-growth kernel from BSK1 M4's omega^2
====================================================================================================
[PASS] K1 (derivation) khronon-dust deep-web limit of the committed BSK1 M4 response is a dust mode with khronon-mass kernel: Gamma^2 = 4 pi G rho_tau mu^2/(k^2 + mu^2), i.e. self-growth only on scales k < mu (lambda > 1/mu), matching M7's cancellation reading
       measured: omega^2(f0=0) = -4*pi*mu**2*rho_0/(k**2 + mu**2);  growth2/(4piG rho mu^2/(k^2+mu^2)) = 1
       reading: the khronon fluid's own gravity is inert on k > mu: khronon dust on the web feels ONLY the baryons there (M7); on k < mu it is ordinary dust

====================================================================================================
K2  INTEGRATOR V0: growing-mode control + khronon(mu->inf) == LambdaCDM dust
====================================================================================================
[PASS] K2a (V0) growing-mode control: delta proportional to a through the matter era (delta(0.01)/delta(1e-4) = 100 within 2%)
       measured: delta(0.01)/0.01 over delta(1e-4)/1e-4 = 1.00107
       reading: the integrator reproduces the exact EdS growing mode on a radiation-free background
[PASS] K2b (V0) khronon dust with mu -> infinity (kernel -> 1 on every mode) IS LambdaCDM dust: delta_tau/delta_CDM = 1 within 1e-4
       measured: delta_tau/delta_CDM = 1.000000
       reading: the khronon system reduces to the LambdaCDM system when the cancellation scale is removed

====================================================================================================
K3  THE sigma_8 GATE: khronon dust at Omega_tau = Omega_dm across the khronon-mass window
====================================================================================================
   1/mu [h^-1 Mpc]   sigma8 ratio   (gate: >= 0.80)
       2.5e-05     0.9985
    3.2334e-05     0.9976
    4.1819e-05     0.9962
    5.4086e-05     0.9940
    6.9952e-05     0.9909
    9.0472e-05     0.9864
    0.00011701     0.9801
    0.00015134     0.9715
    0.00019573     0.9600
    0.00025315     0.9449
    0.00032741     0.9256
    0.00042345     0.9015
    0.00054767     0.8725
    0.00070833     0.8386
    0.00091612     0.8002
     0.0011849     0.7580
     0.0015324     0.7129
      0.001982     0.6659
     0.0025634     0.6180
     0.0033153     0.5702
     0.0042879     0.5233
     0.0055457     0.4780
     0.0071725     0.4350
     0.0092766     0.3946
      0.011998     0.3571
      0.015517     0.3225
      0.020069     0.2909
      0.025957     0.2621
      0.033571     0.2360
      0.043419     0.2124
      0.056155     0.1912
      0.072628     0.1720
      0.093934     0.1547
       0.12149     0.1391
       0.15713     0.1250
       0.20322     0.1123
       0.26283     0.1009
       0.33994     0.0906
       0.43966     0.0814
       0.56863     0.0733
       0.73543     0.0661
       0.95117     0.0599
        1.2302     0.0546
        1.5911     0.0501
        2.0578     0.0465
        2.6614     0.0437
        3.4422     0.0415
        4.4519     0.0399
        5.7579     0.0388
        7.4469     0.0380
        9.6315     0.0375
        12.457     0.0371
        16.111     0.0369
        20.837     0.0368
         26.95     0.0367
        34.855     0.0366
         45.08     0.0366
        58.304     0.0366
        75.407     0.0366
        97.528     0.0366
        126.14     0.0365
        163.14     0.0365
           211     0.0365
        272.89     0.0365
        352.94     0.0365
        456.48     0.0365
        590.38     0.0365
        763.57     0.0365
        987.56     0.0365
        1277.3     0.0365
        1651.9     0.0365
        2136.5     0.0365
        2763.3     0.0365
        3573.9     0.0365
        4622.3     0.0365
        5978.2     0.0365
        7731.9     0.0365
         10000     0.0365
   sigma8 ratio at BS24 scale (1/mu = 43.1 h^-1 Mpc): 0.0366
   sigma8 ratio at 1/mu =  8 h^-1 Mpc: 0.0379
   largest 1/mu passing the [0.80, 1.20] band (r_max): 0.000916117 h^-1 Mpc
   khronon mass floor: mu >= 1091.56 h/Mpc = 4.7e-27 eV;  hold scale 1/mu <= 1.4 kpc
[PASS] K3a (gate) khronon dust at Omega_tau = Omega_dm passes the sigma_8 gate (ratio in [0.80, 1.20] vs LambdaCDM) for khronon masses above a floor: there EXISTS 1/mu <= r_max, set by the khronon's activation in the early matter era
       measured: r_max = 0.000916117 h^-1 Mpc -> mu >= 1091.56 h/Mpc = 4.7e-27 eV (hold 1/mu <= 1.4 kpc);  sigma8 ratio at BS24 scale = 0.0366
       reading: khronon dust can be the dark matter only if its self-gravity is active from the START of the matter era on the sigma_8 window: the mass floor mu_floor (equivalently the hold-scale ceiling 1/mu <= r_max) is DERIVED from structure growth by the gate
[PASS] K3b (gate, derivable window) the suppression REACHES the sigma_8 window for hold scales above r_max (ratio(1/mu = 8 h^-1 Mpc) < 0.80): the khronon-mass floor is derivative of the kernel and not vacuous
       measured: ratio(1/mu = 8 h^-1 Mpc) = 0.0379
       reading: khronon with a Mpc-scale hold (BS24's regime) under-clusters the sigma_8 window by ~26x in amplitude and is excluded; the bound is a genuine consequence of the aether-hold kernel

====================================================================================================
K4  PREDICTION: khronon-dust P(k) suppression and the ACTIVATION MEMORY k_c(z) = a(z) mu
====================================================================================================
[PASS] K4a (prediction) khronon-dust P(k)/P_LCDM(k) < 0.9 for k > mu at z = 0 (suppression by the aether-hold on scales below 1/mu): the falsifier shape
       measured: min ratio z=0 = 0.001 at k = 2.000 h/Mpc (activation edge k_c(z=0) = 0.050)
       reading: a measurement of P(k) at k > mu that equals LambdaCDM at z = 0 (BOSS/eBOSS + lensing, or a CMB consistency at those scales) voids khronon-as-DM at this mu; the shape and its position are the route's registered falsifier.  For khronon masses that PASS the sigma_8 gate (mu >= mu_pass) the edge sits at k > mu_pass -- sub-linear scales; the measurable falsifier there is the khronon-dust (phantom) profile below the hold scale 1/mu, e.g. the lensing-RAR at small radii
[PASS] K4b (prediction, activation memory) khronon self-clustering on the scale 1/mu TURNS ON between z = 2 and z = 0 (s(k=mu, a=1) > s(k=mu, a=1/3) exactly; k_c(z) = a(z) mu), and the khronon's effective clustering source fraction rises from z = 2 to z = 0 at the band wavenumber k = mu: the khronon mass imprints a descending activation edge in comoving k
       measured: s(a=1)/s(a=1/3) = 0.735/0.236;  eff. source frac (Omega_b + Omega_tau s)/Omega_m: z=2 0.354 -> z=0 0.776 (LCDM = 1)
       reading: no LambdaCDM component has this memory: khronon dust under-clusters most on the scales that activated LAST; a k-z resolved P(k) measurement (eBOSS + CMB lensing) separates khronon dust from CDM by the band's evolution

====================================================================================================
K5  REGISTERED TENSION: the gate's khronon-mass floor vs the only published khronon scale
====================================================================================================
   BS24 Hamiltonian boundedness scale: mu ~ 1e-31 eV, 1/mu = 43.1 h^-1 Mpc
   sigma8 gate's khronon mass floor : mu >= 1091.56 h/Mpc = 4.7e-27 eV, 1/mu <= 0.000916117 h^-1 Mpc (1.4 kpc)
[PASS] K5 (registered) the khronon-mass floor the sigma_8 gate derives is compared with BS24's published khronon scale; the outcome is a tension row, not part of the verdict
       measured: mu_floor = 4.7e-27 eV vs mu_BS24 = 1e-31 eV; sigma8 ratio at BS24 scale = 0.0366 -> CONFLICT (khronon must be 1e-31-eV-scale x 4.7e+04 heavier)
       reading: khronon at BS24's published scale FAILS the gate (ratio 0.0366 vs 0.80: ~26x under in amplitude); the khronon that passes is 4.7e+04x HEAVIER and its hold scale is galactic (1.4 kpc), not cosmological -- the khronon-dust route's structure-growth floor is mu >= 4.7e-27 eV, registered as a tension with the BS24 khronon reading and as the positive content of this lane

BSK2 COMPLETE: 8/8 checks PASS.
