[PASS] L1a L_a L_b + L_b L_a = -2 delta_ab for a,b = 1..7 (alternativity: the octonion left multiplications generate a Clifford algebra) 
[PASS] L1b every L_a (a = 1..7) is real antisymmetric with L_a^2 = -1 
[PASS] L1c L_e1 L_e2 L_e3 L_e4 L_e5 L_e6 = L_e7 (e7 is redundant as a left-action map) (product of the six left maps vs L_e7)
[PASS] L2a {alpha_i, alpha_j} = 0 (eq 3) 
[PASS] L2b {alpha_i^dag, alpha_j^dag} = 0 (eq 4) 
[PASS] L2c {alpha_i, alpha_j^dag} = delta_ij (eq 5) 
[PASS] L2d the paper's dagger (i -> -i, e_n -> -e_n, order reversed) equals the matrix conjugate transpose 
[PASS] L3a omega omega^dag is a rank-one projector (P^2 = P, tr = 1) rank 1
[PASS] L3b alpha_i omega omega^dag = 0 for all i (vacuum; eq 12) 
[PASS] L3c N = sum alpha_i^dag alpha_i has eigenvalues {0,1,1,1,2,2,2,3} [0, 1, 1, 1, 2, 2, 2, 3]
[PASS] L3d Q = N/3 spectrum [0, 1/3, 1/3, 1/3, 2/3, 2/3, 2/3, 1]
[PASS] L3e the eight Lambda_i of Furey eq (16) satisfy [L_i/2, L_j/2] = i f_ijk L_k/2 with the standard su(3) structure constants 
[PASS] L3f [Lambda_i, Q] = 0 for all i 
      N = 0: dim 1, Casimir C2 = 0, T8 spectrum [0]
      N = 1: dim 3, Casimir C2 = 4/3, T8 spectrum [-sqrt(3)/6, -sqrt(3)/6, sqrt(3)/3]
      N = 2: dim 3, Casimir C2 = 4/3, T8 spectrum [-sqrt(3)/3, sqrt(3)/6, sqrt(3)/6]
      N = 3: dim 1, Casimir C2 = 0, T8 spectrum [0]
[PASS] L3g the eight states are 1 (N=0, Q=0) + 3bar (N=1, Q=1/3) + 3 (N=2, Q=2/3) + 1 (N=3, Q=1) {0: '1', 1: '3bar', 2: '3', 3: '1'}
[PASS] L4a the 9 hermitian operators alpha^dag_i h_ij alpha_j are real-linearly independent (dim of their real span = 9 = dim u(3)) rank 9
[PASS] L4b Q_c = c N lies in that span for EVERY real c (adding Q, -7N/5, 11N does not raise the rank) 
[PASS] L4c the SM correlation (Q mod 1 = -triality/3 on all 8 states) holds exactly for c in 1/3 + Z (scan of 97 multiples of 1/12) good = ['-11/3', '-8/3', '-5/3', '-2/3', '1/3', '4/3', '7/3', '10/3']
[PASS] L4d the smallest |c| among them is 1/3 (the unit in which the fully excited state e+ has charge 1) 
      L4 verdict: the algebra generates u(3) = su(3) + R N; the coefficient of N (hence the unit of charge, i.e. c) is FREE in the algebra;
      c = 1/3 is selected by the SM correlation between charge and colour triality (input), giving charge RATIOS 0 : 1/3 : 2/3 : 1.
[PASS] L5a the 15 hermitian bivector operators i L_a L_b (a<b<=6) are real-linearly independent and traceless (spin(6) = su(4)) 
[PASS] L5b N - 3/2 (hence (B-L) = 2(N-3/2)/3) lies in the real span of the 15 bivectors 
[PASS] L5c Q = N/3 does NOT lie in that span (tr Q = 4) rank 16, tr Q = 4
[PASS] L5d Q = (B-L)/2 + 1/2 on the whole 8: the constant 1/2 (= T3R on the ideal, Pati-Salam Q = T3R + (B-L)/2) is not generated by Cl(6) 
[PASS] L6a the Fock charge (n-1)/n of the N = n-1 state equals the anomaly-free up-quark charge 1/2 + 1/(2n) only at n = 3 [3]
[PASS] L6b the Fock charge -1/n of the (conjugate) N=1 state equals the anomaly-free down-quark charge 1/(2n) - 1/2 only at n = 3 [3]
      L6c (statement, not a check): n = number of ladder operators = (dim O - 2)/2 = 3, i.e. O = C + C^3 (Todorov-Dubois-Violette Sec 2); N_c = 3 is a property of the octonions,
      fixed when O is chosen among the Hurwitz algebras of dimension 1, 2, 4, 8; none of the papers offers a dynamical reason for choosing O.
      L6 verdict: given O, N_c = 3 and thirds follow; nothing in the algebra sets the size of the unit charge e (the coupling).

SUMMARY w1_1: 24/24 checks pass
