[PASS] J1a F4: 48 roots (24 long of norm^2 2, 24 short of norm^2 1) 
[PASS] J1b F4 is closed under all root reflections and 2(a,b)/(b,b) is an integer for all pairs (root system axioms); dim F4 = 48 + rank 4 = 52 
[PASS] J1c the 26 of F4: weights = the 24 short roots + 2 zero weights, a single Weyl-orbit of minuscule-type weights closed under reflections 
[PASS] J2a every long A2 subsystem of F4 has an orthogonal complement in the root system which is a SHORT A2 (SU(3)_long x SU(3)_short) 16 long A2 subsystems
      J2 intersection (Spin(9) with SU(3)xSU(3)) by (long roots, short roots) : count of long-A2 choices: {(6, 2): 16}
[PASS] J2b (expectation REFUTED, see amendment 1) for every one of the long-A2 choices the orthogonal short A2 contains exactly one pair +-e_i of B4: the intersection is always A2 + A1 (+ a U(1)) = S(U(2) x U(3)) for every alignment that shares a maximal torus {(6, 2): 16}
      J2 scope: only subsystems sharing the maximal torus are enumerated (the Borel-de Siebenthal setting); non-toral relative positions of the two subgroups are not covered.
[PASS] J3a the centraliser of SU(3)_colour x SU(2) in the Cartan of F4 is ONE-dimensional: the hypercharge direction is unique up to scale nullspace dim 1
      Y direction (unnormalised): ('1', '1', '1', '0')
      scale c in Y = c (l . vY) which makes a lepton-doublet component neutral: ['-1/3', '1/3']
[PASS] J3b the neutral-lepton requirement fixes |c| uniquely (the two signs are the charge-conjugate choice) ['-1/3', '1/3']
      the 26 under SU(3) x SU(2) x U(1): (colour dim, triality, isospin dim, Y)
        1 t=0 iso 1 Y = 0
        1 t=0 iso 2 Y = -1/2
        1 t=0 iso 2 Y = 1/2
        1 t=0 iso 3 Y = 0
        3 t=1 iso 1 Y = 1/3
        3 t=1 iso 2 Y = -1/6
        3 t=2 iso 1 Y = -1/3
        3 t=2 iso 2 Y = 1/6
[PASS] J3c the 26 decomposes as (3,2)_{1/6} + (3bar,2)_{-1/6} + (3,1)_{-1/3} + (3bar,1)_{+1/3} + (1,2)_{+-1/2} + (1,3)_0 + (1,1)_0: |Y| = 1/6 : 1/3 : 1/2 for quark doublet : quark singlet : lepton doublet, 6Y = isospin parity (mod 2) and 6Y = +-triality (mod 3, one universal sign) [(1, 1, Fraction(0, 1)), (1, 2, Fraction(1, 2)), (1, 2, Fraction(1, 2)), (1, 3, Fraction(0, 1)), (3, 1, Fraction(1, 3)), (3, 1, Fraction(1, 3)), (3, 2, Fraction(1, 6)), (3, 2, Fraction(1, 6))]
      charges of the 26: ['-1', '-1', '-2/3', '-2/3', '-2/3', '-1/3', '-1/3', '-1/3', '-1/3', '-1/3', '-1/3', '0', '0', '0', '0', '1/3', '1/3', '1/3', '1/3', '1/3', '1/3', '2/3', '2/3', '2/3', '1', '1']
[PASS] J3d the 26 is real: the weight multiset is symmetric under l -> -l, so it carries no gauge anomaly and NO chirality by itself (a chiral generation needs a further ingredient) 
[PASS] J3e the 26 contains, besides quark- and lepton-like states, a colour-singlet ISOSPIN TRIPLET with charges +1, 0, -1 (a charged vector-like state with no SM partner) ['1', '-1']
[PASS] J6 Krasnov: on the 16 of Spin(9) (spinor weights) the doublets have hypercharges (3,2)_{1/6}, (1,2)_{-1/2}: ratio lepton : quark = N_c = 3 (traceless U(1) in SU(4) = diag(-3,1,1,1)) ratio {Fraction(3, 1)}
      alpha_3 : alpha_2 : alpha_Y : alpha_em (in units of alpha_G) = 1 : 1/2 : 3/2 : 3/8;  sin^2 theta_W = 3/4
[PASS] J5a F4 with colour = long A2, SU(2) = short root: alpha_3 : alpha_2 : alpha_Y = 1 : 1/2 : 3/2 (embedding indices 1, 2, ..), sin^2 theta_W = 3/4, alpha_em = (3/8) alpha_G ('1', '1/2', '3/2', '3/4', '3/8')
[PASS] J1d E6: 72 roots (40 of D5 at psi = 0, 16 at psi = -3, 16bar at psi = +3), all of norm^2 2 in the metric l.l' + psi psi'/12 
[PASS] J1e E6 root system axioms (closed under reflections, integrality) and dim E6 = 72 + 6 = 78 
[PASS] J1f the 27 of E6 (1_4 + 10_-2 + 16_1): 27 weights, all of norm^2 4/3, minuscule ((w, root) in {-1,0,1}), closed under reflections 
[PASS] J4a the centraliser of SU(3)_c x SU(2)_L in the Cartan of E6 is THREE-dimensional (hypercharge NOT unique in E6): U(1)_(123), U(1)_(45), U(1)_psi nullspace dim 3
      (x1, x2) with x3 = 0 reproducing the SM hypercharge multiset on the 16 (grid 1/12), multiset only: [('-1/3', '-1/2'), ('-1/3', '1/2'), ('1/3', '-1/2'), ('1/3', '1/2')]
      ... and also satisfying the Z6 correlation (6Y = isospin parity mod 2, 6Y = +-triality mod 3): [('-1/3', '-1/2'), ('-1/3', '1/2'), ('1/3', '-1/2'), ('1/3', '1/2')]
[PASS] J4b demanding the SM hypercharges (with the Z6 correlation) on a 16 fixes |x1| = 1/3, |x2| = 1/2 and forces x3 = 0 (the 16 has zero mean of Y and psi = 1 is constant); the 4 sign choices are the overall charge conjugation and the u^c <-> d^c swap (lane G's branches) and give the same charge spectrum on the whole 27 4 solutions, traceless True, same charge multiset True
      E6 (SM charges on the 16): x1 = -1/3, x2 = 1/2; alpha_3 : alpha_2 : alpha_Y : alpha_em = 1 : 1 : 3/5 : 3/8; sin^2 = 3/8
[PASS] J4c with the SM charges imposed on the 16 the E6 (= Spin(10)) embedding gives sin^2 theta_W = 3/8 and alpha_em = (3/8) alpha_G (alpha_3 = alpha_2 = alpha_G) ('1', '1', '3/8', '3/8')
      E6 family: sin^2 theta_W(y1,y2,y3) = 1/(6*y1**2 + 4*y2**2 + 24*y3**2 + 1) -- takes every value in (0,1) as the direction varies
[PASS] J4d over the 3-dim commutant the sin^2 theta_W is NOT fixed by E6 (it is an unconstrained function of the U(1) direction; 3/8 is a point selected by the SM charges of the 16) 
      the 27 at the SM direction: (psi, colour dim, triality, isospin dim, Y)
       psi = -2  colour dim 1  t = 0  isospin dim 2  Y = -1/2
       psi = -2  colour dim 1  t = 0  isospin dim 2  Y = 1/2
       psi = -2  colour dim 3  t = 1  isospin dim 1  Y = -1/3
       psi = -2  colour dim 3  t = 2  isospin dim 1  Y = 1/3
       psi = 1  colour dim 1  t = 0  isospin dim 1  Y = -1
       psi = 1  colour dim 1  t = 0  isospin dim 1  Y = 0
       psi = 1  colour dim 1  t = 0  isospin dim 2  Y = 1/2
       psi = 1  colour dim 3  t = 1  isospin dim 1  Y = -1/3
       psi = 1  colour dim 3  t = 1  isospin dim 1  Y = 2/3
       psi = 1  colour dim 3  t = 2  isospin dim 2  Y = -1/6
       psi = 4  colour dim 1  t = 0  isospin dim 1  Y = 0
[PASS] J4e the 27 = 16 + 10 + 1: besides the 16 (one SM generation incl. nu_R) it contains (3,1)_{-1/3} + (3bar,1)_{+1/3} + (1,2)_{+1/2} + (1,2)_{-1/2} + (1,1)_0, i.e. 11 states NOT in the SM, 8 of them electrically charged [(1, 1, Fraction(0, 1)), (1, 2, Fraction(1, 2)), (1, 2, Fraction(1, 2)), (3, 1, Fraction(1, 3)), (3, 1, Fraction(1, 3))]
[PASS] J4f the E6 27 at the SM direction: the 16 alone is anomaly-free (all four polynomials vanish -- it is the anomaly-free SM generation with nu_R), the 10 and the 1 are separately vector-like anomaly-free; the F4 26 is real, hence anomaly-free with NO chirality ((Fraction(0, 1), Fraction(0, 1), Fraction(0, 1), Fraction(0, 1)), (Fraction(0, 1), Fraction(0, 1), Fraction(0, 1), Fraction(0, 1)), (Fraction(0, 1), Fraction(0, 1), Fraction(0, 1), Fraction(0, 1)))
      J verdict: F4/E6 fix hypercharge RATIOS inside a representation (F4 uniquely; E6 only after matching the SM charges) and the colour/isospin index ratios (sin^2 = 3/4 for F4, 3/8 for E6); the coupling alpha_G stays free.

SUMMARY w1_4: 21/21 checks pass
