
mine (inc_sfr, flat anchor for both)
  P4 primary   flat +0.1467+-0.0442 (CFG160 +0.1441+-0.0439; diff +0.0026)   rival -0.0027+-0.0445 (CFG160 -0.0060+-0.0443; diff +0.0033)
  alpha x0.6   flat +0.0619+-0.0451 (CFG160 +0.0580+-0.0446; diff +0.0039)   rival -0.0867+-0.0463 (CFG160 -0.0917+-0.0459; diff +0.0050)
  alpha x1.4   flat +0.2124+-0.0458 (CFG160 +0.2107+-0.0456; diff +0.0017)   rival +0.0624+-0.0456 (CFG160 +0.0601+-0.0454; diff +0.0023)
  Re=2Reff     flat +0.0706+-0.0462 (CFG160 +0.0662+-0.0459; diff +0.0044)   rival -0.0782+-0.0473 (CFG160 -0.0837+-0.0470; diff +0.0055)

inc_star only
  P4 primary   flat +0.1441+-0.0439 (CFG160 +0.1441+-0.0439; diff +0.0000)   rival -0.0060+-0.0443 (CFG160 -0.0060+-0.0443; diff -0.0000)
  alpha x0.6   flat +0.0580+-0.0446 (CFG160 +0.0580+-0.0446; diff +0.0000)   rival -0.0917+-0.0459 (CFG160 -0.0917+-0.0459; diff +0.0000)
  alpha x1.4   flat +0.2107+-0.0456 (CFG160 +0.2107+-0.0456; diff -0.0000)   rival +0.0601+-0.0454 (CFG160 +0.0601+-0.0454; diff +0.0000)
  Re=2Reff     flat +0.0662+-0.0459 (CFG160 +0.0662+-0.0459; diff +0.0000)   rival -0.0837+-0.0470 (CFG160 -0.0837+-0.0470; diff -0.0000)

own-law anchor only
  P4 primary   flat +0.1467+-0.0442 (CFG160 +0.1441+-0.0439; diff +0.0026)   rival -0.0027+-0.0445 (CFG160 -0.0060+-0.0443; diff +0.0033)
  alpha x0.6   flat +0.0619+-0.0451 (CFG160 +0.0580+-0.0446; diff +0.0039)   rival -0.0867+-0.0463 (CFG160 -0.0917+-0.0459; diff +0.0050)
  alpha x1.4   flat +0.2124+-0.0458 (CFG160 +0.2107+-0.0456; diff +0.0017)   rival +0.0624+-0.0456 (CFG160 +0.0601+-0.0454; diff +0.0023)
  Re=2Reff     flat +0.0706+-0.0462 (CFG160 +0.0662+-0.0459; diff +0.0044)   rival -0.0782+-0.0473 (CFG160 -0.0837+-0.0470; diff +0.0055)

inc_star + own-law anchor
  P4 primary   flat +0.1441+-0.0439 (CFG160 +0.1441+-0.0439; diff +0.0000)   rival -0.0060+-0.0443 (CFG160 -0.0060+-0.0443; diff -0.0000)
  alpha x0.6   flat +0.0580+-0.0446 (CFG160 +0.0580+-0.0446; diff +0.0000)   rival -0.0917+-0.0459 (CFG160 -0.0917+-0.0459; diff +0.0000)
  alpha x1.4   flat +0.2107+-0.0456 (CFG160 +0.2107+-0.0456; diff -0.0000)   rival +0.0601+-0.0454 (CFG160 +0.0601+-0.0454; diff +0.0000)
  Re=2Reff     flat +0.0662+-0.0459 (CFG160 +0.0662+-0.0459; diff +0.0000)   rival -0.0837+-0.0470 (CFG160 -0.0837+-0.0470; diff -0.0000)

With inc_star_deg (CFG140's column): ladder, sensitivity rows, grid counts
  P0: flat -0.130+-0.057 (-2.28s) rival -0.279+-0.060 (-4.62s)
  P1: flat +0.398+-0.070 (+5.69s) rival +0.244+-0.070 (+3.51s)
  P2: flat +0.390+-0.065 (+6.03s) rival +0.237+-0.063 (+3.74s)
  P3: flat +0.242+-0.069 (+3.48s) rival +0.090+-0.069 (+1.30s)
  P4: flat +0.144+-0.044 (+3.28s) rival -0.006+-0.044 (-0.14s)
  mu=0.25: flat +0.204+-0.044 (+4.61s) rival +0.051+-0.045 (+1.13s)
  mu=0.67: flat +0.144+-0.044 (+3.28s) rival -0.006+-0.044 (-0.14s)
  mu=1.5: flat +0.053+-0.044 (+1.21s) rival -0.092+-0.044 (-2.09s)
  mu=4.0: flat -0.123+-0.045 (-2.74s) rival -0.255+-0.044 (-5.79s)
  P4    counts [>+2s, within, <-2s]: flat [14, 6, 4]  rival [0, 14, 10]
  x0.6  counts [>+2s, within, <-2s]: flat [8, 10, 6]  rival [0, 10, 14]
  x1.4  counts [>+2s, within, <-2s]: flat [17, 7, 0]  rival [6, 12, 6]
  Re2   counts [>+2s, within, <-2s]: flat [8, 10, 6]  rival [0, 10, 14]
  P2    counts [>+2s, within, <-2s]: flat [21, 3, 0]  rival [18, 6, 0]
  P3    counts [>+2s, within, <-2s]: flat [16, 8, 0]  rival [4, 16, 4]
  per galaxy Dflat P4: KURVS-3:+0.12, KURVS-7:+0.06, KURVS-8:-0.11, KURVS-9:+0.16, KURVS-11:+0.27, KURVS-13:+0.35, KURVS-15:+0.16, KURVS-16:+0.25, KURVS-17:+0.48, KURVS-21:+0.32
