observed (my main run): Delta'_flat +0.1467 +-0.0442 (+3.32s), Delta'_H -0.0027 (-0.06s); anchor +0.0967+-0.0133
families: truth law x {ideal (mu=0.67, alpha exact), N1 (mu_true lognormal median 1.0, 0.3 dex; alpha x lognormal(0,.4) per galaxy x coherent lognormal(0,.2)), N2 (same, median 2.0)}
N = 20000 trials per family; seeds (165, 166)

====================================================================================================
seed 165
====================================================================================================
  truth=flat ideal: Delta'_flat mean +0.024 sd 0.039 (mean sigma 0.043); Delta'_H mean -0.126;  P(z_flat>=3.3)=0.0021  P(Delta'>=obs)=0.0009  classes [lean rival 0.062, lean flat 0.840, non-diag 0.098]  V2 floored 0.1768
  truth=H    ideal: Delta'_flat mean +0.162 sd 0.037 (mean sigma 0.041); Delta'_H mean +0.012;  P(z_flat>=3.3)=0.7381  P(Delta'>=obs)=0.6583  classes [lean rival 0.943, lean flat 0.008, non-diag 0.049]  V2 floored 0.0301
  truth=flat N1   : Delta'_flat mean +0.070 sd 0.093 (mean sigma 0.048); Delta'_H mean -0.080;  P(z_flat>=3.3)=0.1787  P(Delta'>=obs)=0.1835  classes [lean rival 0.306, lean flat 0.463, non-diag 0.231]  V2 floored 0.1660
  truth=H    N1   : Delta'_flat mean +0.202 sd 0.093 (mean sigma 0.045); Delta'_H mean +0.052;  P(z_flat>=3.3)=0.6986  P(Delta'>=obs)=0.7208  classes [lean rival 0.572, lean flat 0.040, non-diag 0.388]  V2 floored 0.0729
  truth=flat N2   : Delta'_flat mean +0.159 sd 0.123 (mean sigma 0.047); Delta'_H mean +0.009;  P(z_flat>=3.3)=0.4684  P(Delta'>=obs)=0.4916  classes [lean rival 0.447, lean flat 0.194, non-diag 0.360]  V2 floored 0.1070
  truth=H    N2   : Delta'_flat mean +0.292 sd 0.119 (mean sigma 0.045); Delta'_H mean +0.141;  P(z_flat>=3.3)=0.8867  P(Delta'>=obs)=0.9073  classes [lean rival 0.323, lean flat 0.008, non-diag 0.669]  V2 floored 0.0425

  likelihood ratio at the observed Delta'_flat (rival-truth density / flat-truth density)
   ideal: LR Gaussian-fit        130   KDE        128
   N1   : LR Gaussian-fit       1.18   KDE       1.72
   N2   : LR Gaussian-fit      0.497   KDE      0.545

====================================================================================================
seed 166
====================================================================================================
  truth=flat ideal: Delta'_flat mean +0.024 sd 0.039 (mean sigma 0.043); Delta'_H mean -0.126;  P(z_flat>=3.3)=0.0020  P(Delta'>=obs)=0.0011  classes [lean rival 0.059, lean flat 0.841, non-diag 0.100]  V2 floored 0.1766
  truth=H    ideal: Delta'_flat mean +0.162 sd 0.037 (mean sigma 0.041); Delta'_H mean +0.011;  P(z_flat>=3.3)=0.7364  P(Delta'>=obs)=0.6528  classes [lean rival 0.943, lean flat 0.007, non-diag 0.050]  V2 floored 0.0302
  truth=flat N1   : Delta'_flat mean +0.070 sd 0.093 (mean sigma 0.048); Delta'_H mean -0.080;  P(z_flat>=3.3)=0.1805  P(Delta'>=obs)=0.1854  classes [lean rival 0.314, lean flat 0.461, non-diag 0.226]  V2 floored 0.1664
  truth=H    N1   : Delta'_flat mean +0.202 sd 0.093 (mean sigma 0.045); Delta'_H mean +0.051;  P(z_flat>=3.3)=0.6946  P(Delta'>=obs)=0.7171  classes [lean rival 0.566, lean flat 0.042, non-diag 0.393]  V2 floored 0.0740
  truth=flat N2   : Delta'_flat mean +0.159 sd 0.123 (mean sigma 0.047); Delta'_H mean +0.009;  P(z_flat>=3.3)=0.4689  P(Delta'>=obs)=0.4935  classes [lean rival 0.438, lean flat 0.197, non-diag 0.365]  V2 floored 0.1080
  truth=H    N2   : Delta'_flat mean +0.291 sd 0.119 (mean sigma 0.045); Delta'_H mean +0.141;  P(z_flat>=3.3)=0.8841  P(Delta'>=obs)=0.9064  classes [lean rival 0.319, lean flat 0.009, non-diag 0.672]  V2 floored 0.0433

  likelihood ratio at the observed Delta'_flat (rival-truth density / flat-truth density)
   ideal: LR Gaussian-fit        136   KDE        109
   N1   : LR Gaussian-fit       1.18   KDE       1.67
   N2   : LR Gaussian-fit      0.497   KDE      0.515

-- EXTRA, NOT FROZEN (disclosed): trials where the truth gives V^2<0.0025 Vc^2 (pressure term exceeds the whole circular speed) treat that galaxy as unobservable (dropped from the pool)
  drop truth=flat ideal: Delta'_flat mean +0.019 sd 0.044  P(Delta'>=obs) 0.0016  classes [lean rival 0.052, lean flat 0.821, non-diag 0.127]
  drop truth=H    ideal: Delta'_flat mean +0.164 sd 0.038  P(Delta'>=obs) 0.6761  classes [lean rival 0.941, lean flat 0.007, non-diag 0.053]
  drop truth=flat N1   : Delta'_flat mean +0.077 sd 0.096  P(Delta'>=obs) 0.2129  classes [lean rival 0.339, lean flat 0.409, non-diag 0.251]
  drop truth=H    N1   : Delta'_flat mean +0.211 sd 0.090  P(Delta'>=obs) 0.7637  classes [lean rival 0.569, lean flat 0.028, non-diag 0.403]
  drop truth=flat N2   : Delta'_flat mean +0.167 sd 0.122  P(Delta'>=obs) 0.5288  classes [lean rival 0.465, lean flat 0.163, non-diag 0.372]
  drop truth=H    N2   : Delta'_flat mean +0.298 sd 0.116  P(Delta'>=obs) 0.9268  classes [lean rival 0.302, lean flat 0.006, non-diag 0.692]

-- PRE-DECLARED READING (seed 165)
  N1: P(lean rival | flat truth) = 0.306 (need < 0.05), P(lean rival | rival truth) = 0.572 (need > 0.3): NOT justified as stated (weak evidence)
  N2: P(lean rival | flat truth) = 0.447 (need < 0.05), P(lean rival | rival truth) = 0.323 (need > 0.3): NOT justified as stated (weak evidence)

written CFG165_power_results.json
