K0 engine identity (L = 200, 128^3, census canonical, cfg521 vs cfg518 copy): |d s8| 0.00e+00, max|dP/P| 0.00e+00 -> PASS
  (reported) cfg521 S0 L = 200 128^3 vs CFG359 S0 N128: |s8 ratio - 1| 0.00e+00, max|P ratio - 1| 0.00e+00

L = 50 Mpc/h, 256^3 (k <= 4.02 h/Mpc), vs matched S0 (box sigma8 0.8024, sigma4 1.4709)
  DC-can                   : s8 1.0138  s4 1.0187  s2 0.9987  max|P-1| 0.3717 (at k 3.65)  k<=1 0.0866  P@0.3/1.0/3.0 1.041/1.024/0.677 -> TENSION
                             q_max 0.429  overdraw 0.0000  cap acted False  f_ret catch z1/z0.5/z0 0.381/0.465/0.535  mass frac f_ret<=0.2 (z0) 0.198  e-weighted f_ret (z0) 0.789
  DC-alt                   : s8 1.0149  s4 1.0224  s2 1.0052  max|P-1| 0.3789 (at k 3.65)  k<=1 0.1020  P@0.3/1.0/3.0 1.044/1.046/0.672 -> TENSION
                             q_max 0.497  overdraw 0.0000  cap acted False  f_ret catch z1/z0.5/z0 0.379/0.464/0.536  mass frac f_ret<=0.2 (z0) 0.196  e-weighted f_ret (z0) 0.793
  MUTATE (no compensation) : s8 1.0761  s4 1.0967  s2 1.1034  max|P-1| 0.3079 (at k 0.89)  k<=1 0.3079  P@0.3/1.0/3.0 1.206/1.308/0.943 -> TENSION
                             q_max 0.000  overdraw 0.0000  cap acted False  f_ret catch z1/z0.5/z0 0.387/0.475/0.552  mass frac f_ret<=0.2 (z0) 0.180  e-weighted f_ret (z0) nan
  K1 (f_ret = 1)           : s8 1.0118  s4 1.0184  s2 1.0038  max|P-1| 0.3584 (at k 3.65)  k<=1 0.0907  P@0.3/1.0/3.0 1.037/1.048/0.685 -> TENSION
                             q_max 0.468  overdraw 0.0000  cap acted False  f_ret catch z1/z0.5/z0 1.000/1.000/1.000  mass frac f_ret<=0.2 (z0) 0.000  e-weighted f_ret (z0) 1.000
  Sum e census / K1: z1 0.886  z0.5 0.878  z0 0.989
  resolved hosts at z = 0 (r_ON: count, log M_ta): 0.4601: 798, 11.624; 0.6121: 514, 11.996; 0.8145: 291, 12.368; 1.0837: 205, 12.74; 1.4419: 137, 13.113; 1.9185: 116, 13.485; 2.5526: 157, 13.857; 3.3963: 91, 14.229; 4.5189: 81, 14.601; 6.0126: 0, 14.973; 8.0000: 0, 15.345

L = 25 Mpc/h, 256^3 (k <= 8.04 h/Mpc), vs matched S0 (box sigma8 0.6286, sigma4 1.2759)
  DC-can                   : s8 1.0156  s4 1.0297  s2 1.0264  max|P-1| 0.5497 (at k 7.80)  k<=1 0.1216  P@0.3/1.0/3.0 1.033/1.077/0.685 -> TENSION
                             q_max 0.538  overdraw 0.0000  cap acted False  f_ret catch z1/z0.5/z0 0.311/0.392/0.466  mass frac f_ret<=0.2 (z0) 0.336  e-weighted f_ret (z0) 0.657
  DC-alt                   : s8 1.0169  s4 1.0341  s2 1.0326  max|P-1| 0.5742 (at k 7.80)  k<=1 0.1382  P@0.3/1.0/3.0 1.036/1.091/0.682 -> TENSION
                             q_max 0.579  overdraw 0.0000  cap acted False  f_ret catch z1/z0.5/z0 0.312/0.391/0.469  mass frac f_ret<=0.2 (z0) 0.332  e-weighted f_ret (z0) 0.663
  MUTATE (no compensation) : s8 1.0776  s4 1.1185  s2 1.1569  max|P-1| 0.5855 (at k 2.28)  k<=1 0.4523  P@0.3/1.0/3.0 1.165/1.370/1.394 -> TENSION
                             q_max 0.000  overdraw 0.0000  cap acted False  f_ret catch z1/z0.5/z0 0.313/0.396/0.531  mass frac f_ret<=0.2 (z0) 0.300  e-weighted f_ret (z0) nan
  K1 (f_ret = 1)           : s8 1.0135  s4 1.0307  s2 1.0304  max|P-1| 0.5944 (at k 7.80)  k<=1 0.1193  P@0.3/1.0/3.0 1.028/1.086/0.687 -> TENSION
                             q_max 0.597  overdraw 0.0000  cap acted False  f_ret catch z1/z0.5/z0 1.000/1.000/1.000  mass frac f_ret<=0.2 (z0) 0.000  e-weighted f_ret (z0) 1.000
  Sum e census / K1: z1 0.683  z0.5 0.772  z0 0.882
  resolved hosts at z = 0 (r_ON: count, log M_ta): 0.2699: 537, 10.93; 0.3788: 274, 11.371; 0.5316: 196, 11.813; 0.7461: 146, 12.254; 1.0471: 153, 12.696; 1.4695: 128, 13.137; 2.0623: 235, 13.579; 2.8943: 172, 14.02; 4.0618: 0, 14.462; 5.7004: 0, 14.903; 8.0000: 0, 15.345

L = 100 Mpc/h, 256^3 (k <= 2.01 h/Mpc), vs matched S0 (box sigma8 0.8647, sigma4 1.6177)
  DC-can                   : s8 1.0099  s4 1.0141  s2 0.9961  max|P-1| 0.1518 (at k 1.95)  k<=1 0.0557  P@0.3/1.0 1.040/0.985 -> TENSION
                             q_max 0.371  overdraw 0.0000  cap acted False  f_ret catch z1/z0.5/z0 0.448/0.521/0.592  mass frac f_ret<=0.2 (z0) 0.140  e-weighted f_ret (z0) 0.844
  resolved hosts at z = 0 (r_ON: count, log M_ta): 0.7841: 1281, 12.319; 0.9891: 747, 12.621; 1.2477: 557, 12.924; 1.5739: 306, 13.227; 1.9855: 240, 13.529; 2.5046: 126, 13.832; 3.1594: 122, 14.135; 3.9854: 105, 14.437; 5.0274: 45, 14.74; 6.3419: 18, 15.042; 8.0000: 0, 15.345

f_ret achievement (catchment mean <= 0.20 at z = 0): L = 50 False; L = 25 False; scored box: None
LANE VERDICT: NOT ACHIEVED
512^3: PENDING (not run)

kappa = 1/2 FITTED; footings never pooled; cold energy MASS still required; not theory closed.
