################################################################################################
# [1] SPHERICAL: curl(nu g_bar)=0 exactly -> local B works -> dynamics-RAR = lensing-RAR
################################################################################################
   curl_z[ nu(|grad Phi|) grad Phi ] for Phi=f(r):  0
   [PASS] SPHERICAL: curl(nu g_bar)=0 identically (sympy) -> a LOCAL disformal B is an EXACT lensing potential -> dynamics-RAR EQUALS lensing-RAR: the off-circular bracket CLOSES here
################################################################################################
# [2] OFF-SPHERICAL (binary): curl(nu g_bar)!=0 -> local B fails, lensing needs nonlocal AQUAL
################################################################################################
   curl(nu g_bar) at an off-axis point = +0.1392;  |nu g_bar| there = 1.0645; ratio = 0.131
   [PASS] OFF-SPHERICAL: curl(nu g_bar) != 0 and order-unity relative to the field -> a local B is NOT an exact potential; the lensing B must be the NONLOCAL AQUAL (curl-free) potential
################################################################################################
# [3] Lensing B-mode: closure A carries a transverse shear/curl; closure B (potential) gives 0
################################################################################################
   [canonical] flattened 2:1: lensing transverse/B-mode fraction = 8.0% (closure A) vs 0% (closure B potential) -> inherited bracket ~8%
   [PASS] [canonical] closure A carries an O(few-10%) transverse lensing B-mode that closure B gives as exactly 0 -> off-spherical lensing is BRACKETED by the inherited Gap A, NOT forced
   [alt] flattened 2:1: lensing transverse/B-mode fraction = 8.0% (closure A) vs 0% (closure B potential) -> inherited bracket ~8%
   [PASS] [alt] closure A carries an O(few-10%) transverse lensing B-mode that closure B gives as exactly 0 -> off-spherical lensing is BRACKETED by the inherited Gap A, NOT forced
################################################################################################
# [4] The bracket VANISHES as the configuration -> spherical (flattening -> 1)
################################################################################################
   flattening q   transverse/B-mode fraction (the inherited-gap size)
   q=0.40         11.19%
   q=0.60         5.94%
   q=0.80         3.76%
   q=0.95         3.06%
   q=1.00         2.92%
   [PASS] the inherited-gap size (div-free fraction) DECREASES monotonically toward 0 as q->1 (spherical): off-spherical lensing inherits Gap A; spherical lensing is forced/exact
################################################################################################
# VERDICT (rider b)
################################################################################################
   Off-spherical lensing is BRACKETED, not a forced number -- it INHERITS Gap A through B[K]:
     * On spherical/circular configs curl(nu g_bar)=0 exactly, a local B is an exact lensing
       potential, and dynamics-RAR = lensing-RAR EXACTLY -- the bracket CLOSES (forced there). [1]
     * Off spherical symmetry curl(nu g_bar) is order-unity nonzero, so the lensing B must be the
       nonlocal AQUAL (curl-free) potential, which differs from the algebraic first-moment field by
       an O(10%) amount -- the transverse (div-free) part a lensing potential cannot carry. [2,3]
     * That difference is exactly the off-circular closure freedom (eta(beta)) seen through the
       photon sector; it grows with departure from sphericity and vanishes as q->1. [4]
   Since the pullback left eta(beta) FREE, the off-spherical lensing prediction is a BRACKET of the
   same O(10%) width as the dynamics, closable only by the same (undone) pin or an empirical proxy.
   Both footings carried; s=-1 and a0 untouched; c_T=1 (graviton on g) untouched; no TOE claim.
================================================================================================
 RIDER B: ALL CHECKS PASS
================================================================================================
