CFG380 geometric door (MUTATE)
target T = 1/sqrt(32 pi) = 0.099736; puzzle needs A = 32*pi**2/Lambda (vs Nariai 4pi/L, BGH 12pi/L)
base-rate family: 889 distinct forms; 1%-window fraction = 0.0022; positive control (0.1%) p = 0.0000
route         C     C/T  pi?  p_base  verdict     name
R1      0.00000   0.000   no   0.139  CHOSEN      Nariai G m_N / r_N^2  [0]
R4      0.25490   2.556  yes   0.178  CHOSEN      S4 c^2 / Vol^(1/4)  [54**(1/4)/(6*sqrt(pi))]
R4      0.27391   2.746  yes   0.190  CHOSEN      CP2 c^2 / Vol^(1/4)  [2**(3/4)*sqrt(3)/(6*sqrt(pi))]
R4      0.28209   2.828  yes   0.195  CHOSEN      S2xS2 c^2 / Vol^(1/4)  [1/(2*sqrt(pi))]
R2      0.28868   2.894   no   0.202  CHOSEN      Hawking/Misner-Sharp mass at r_c: G m / r_c^2  [sqrt(3)/6]
R3      0.28868   2.894   no   0.202  CHOSEN      Boucher-Gibbons-Horowitz A_c <= 12 pi/Lambda, a = sqrt(pi/A)  [sqrt(3)/6]
R5      0.28868   2.894   no   0.202  CHOSEN      reading a0 = (1/2) kappa_c (SCC beta = 1/2 x dS surface gravity) [CHOSEN reading]  [sqrt(3)/6]
R4      0.30313   3.039  yes   0.216  CHOSEN      RP4 c^2 / Vol^(1/4)  [sqrt(2)*3**(3/4)/(6*sqrt(pi))]
R4      0.40825   4.093   no   0.277  CHOSEN      CP2 curvature radius c^2/R (R=sqrt(6)/sqrt(L))  [sqrt(6)/6]
R4      0.45180   4.530   no   0.304  CHOSEN      S4 sqrt(pi / Vol^(1/2)) (puzzle area convention)  [2**(1/4)*3**(3/4)/6]
R4      0.48549   4.868   no   0.315  CHOSEN      CP2 sqrt(pi / Vol^(1/2)) (puzzle area convention)  [2**(3/4)*sqrt(3)/6]
R1      0.50000   5.013   no   0.321  CHOSEN      Nariai c^2 / (2 r_N) (Schwarzschild-type surface gravity)  [1/2]
R3      0.50000   5.013   no   0.321  CHOSEN      HGW/Nariai bound Lambda A <= 4 pi, a = sqrt(pi/A)  [1/2]
R4      0.50000   5.013   no   0.321  CHOSEN      S2xS2 sqrt(pi / Vol^(1/2)) (puzzle area convention)  [1/2]
R4      0.53728   5.387   no   0.342  CHOSEN      RP4 sqrt(pi / Vol^(1/2)) (puzzle area convention)  [sqrt(2)*3**(3/4)/6]
R1      0.57735   5.789   no   0.358  CHOSEN      dS horizon surface gravity (f-normalised)  [sqrt(3)/3]
R2      0.57735   5.789   no   0.358  CHOSEN      Brown-York energy at r_c: G E / r_c^2  [sqrt(3)/3]
R4      0.57735   5.789   no   0.358  CHOSEN      S4 curvature radius c^2/R (R=sqrt(3)/sqrt(L))  [sqrt(3)/3]
R4      0.57735   5.789   no   0.358  CHOSEN      RP4 curvature radius c^2/R (R=sqrt(3)/sqrt(L))  [sqrt(3)/3]
R4      0.81650   8.187   no   0.442  CHOSEN      CP2 curvature radius c^2/R (R=sqrt(6)/2/sqrt(L))  [sqrt(6)/3]
R1      1.00000  10.027   no   0.501  CHOSEN      Nariai c^2 / r_N  [1]
R4      1.00000  10.027   no   0.501  CHOSEN      S2xS2 curvature radius c^2/R (R=1/sqrt(L))  [1]
R2 Lambda-modified Hawking mass: identically 0 in pure dS (C3b) -> supplies NO scale
R6: items 360/374 (MTW convexity, Brenier 1/3-Holder stability): no Lambda, no acceleration, no G -> NOT APPLICABLE
R5_item264: item 264 itself is Lambda = 0 Kerr SCC: no scale -> NOT APPLICABLE (the Lambda>0 beta=1/2 reading is R5 above)
Gauss-Bonnet Einstein checks Lambda^2 Vol vs 12 pi^2 chi: {"S4": ["24*pi**2", "24*pi**2"], "RP4": ["12*pi**2", "12*pi**2"], "CP2": ["18*pi**2", "36*pi**2"], "S2xS2": ["16*pi**2", "48*pi**2"]}
closest candidate: Nariai G m_N / r_N^2 C/T = 0.000 (miss 100%)
any exact hit: False
checks: {"C1_AdS_continuation": true, "C2_Nariai": false, "C3_LambdaHawking_equals_m": true, "C3b_pure_dS_zero": true, "C4_GaussBonnet_S4": true, "C4_GaussBonnet_RP4": true, "C4_GaussBonnet_CP2": true, "C4_GaussBonnet_S2xS2": true, "C5_T_not_in_family": true, "C6_verdicts_generated": true, "C7_null_can_flag": true}
SOME CHECKS FAIL
kappa = 1/2 stays FITTED.
