CFG446 -- IS THE KiDS EARLY/LATE SPLIT CARRIED BY EARLY TYPES THAT ARE GROUP CENTRALS?  The two-regime reading (cold_mass cm08-cm10,
CFG399: retained cold mass steps at host status) predicts that the early-minus-late 1-halo excess sits in early types with many faint
companions and that companion-poor early types sit at the late level.  LCDM also predicts richer centrals lens more: SUPPORTED would
not discriminate the framework from LCDM; FAILS would remove the two-regime explanation of B's failure.

Criteria frozen and committed before this script existed: campaign_fresh_gravity/CFG446_kids_split_host_status/FROZEN_CRITERIA.md (f0232a4c1).
  data     cfg110_perlens.npz (per-lens WG, WW per g_bar bin), lr_lenses.npz, lr_esd_jackknife.npz (June patches), KiDS DR4 bright sample.
  env      E1: pool companions with log M* < log M*_lens - 1 (the task's measure); E2 (departure): log M* < log M*_lens; R < 0.5 Mpc
           physical, |dz| < 2 x 0.018 (1+z_l); X = N_raw - N_bg, N_bg = mean over 10 random positions per lens (HEALPix-512 occupancy).
  split    terciles of X within each class (seeded tie-break).
  stat     A_S = (D_full^T C^-1 D_S) / (D_full^T C^-1 D_full), D_S = ESD(early S) - ESD(all late) on K1; jackknife (50 patches).
           Headline: (log M*, z)-matched poor and rich subsamples.  Verdicts: SUPPORTED |A_poor|/s < 2 and A_rich/s > 3;
           FAILS A_poor/s > 3 and A_poor >= 0.70; else NON-DISCRIMINATING.  Gate G: mean X(rich) - mean X(poor) >= 0.5.
  law      B's law predicts a negligible early-minus-late difference in K1 under both footings (CFG61's committed stacks; projected below).
MUTATE=1: X shuffled among early types (seed 446); M1 (|dA_matched|/s >= 1, E1 and E2) must FAIL -> rc 1.
  a0 footings: canonical 9.3603e-11, alt 1.1312e-10 m/s^2 (kappa = 1/2 FITTED); B's K1 prediction is the zero difference under both.

  *** MUTATE=1: X shuffled among early types -- the poor/rich contrast must vanish (M1 must FAIL) ***

======================================================================================================================
C2  CONTROL: lenses in the bright sample
======================================================================================================================
  [PASS] C2 CONTROL: all lenses match the bright sample by exact position; u - r > 2 reproduces typ; log M* = MASS_MED + 0.15; all in the pool
         181,477 lenses; IDs aligned True; exact match True; typ True; logM True; z True; in pool True

======================================================================================================================
ENVIRONMENT: E1 (< 10% lens mass) and E2 (< lens mass) companions, random-position background
======================================================================================================================
  occupied HEALPix-512 pixels: 73,523 (964 deg^2)
  E1 early: mean N_raw 0.077, mean N_bg 0.060, mean X +0.017 +- 0.001; fraction N_raw >= 1: 0.063
  E1 late : mean N_raw 0.013, mean N_bg 0.010, mean X +0.003 +- 0.000; fraction N_raw >= 1: 0.012
  E2 early: mean N_raw 0.674, mean N_bg 0.430, mean X +0.244 +- 0.004; fraction N_raw >= 1: 0.403
  E2 late : mean N_raw 0.254, mean N_bg 0.204, mean X +0.050 +- 0.002; fraction N_raw >= 1: 0.192
  [PASS] C3 CONTROL: random-position background -- at independent random positions the mean X is 0 within 3 standard errors (E1, E2)
         E1: mean X_random -0.0004 +- 0.0005 (-0.74 SE); E2: mean X_random +0.0008 +- 0.0016 (+0.46 SE)

======================================================================================================================
C1  CONTROL: CFG88's split from the per-lens sums
======================================================================================================================
  [PASS] C1 CONTROL: D_full equals CFG88's K1 D (1e-6 rel) and the zero-model Hartlap chi2 equals CFG88's 35.0418 (1e-6 rel)
         max rel dev of D 5.3e-14; chi2 35.0418/7 vs 35.0418 (p 1.10e-05); D = [3.26, 7.14, 5.6, 5.33, 11.92, 21.48, 33.28]
  B's law, early-minus-late in amplitude units (CFG61 stacks): canonical +0.0002, alt +0.0002 -- the zero model
  matching cells: 200; lenses outside log M* 8.5-11.0 clipped to edge bins: 46

======================================================================================================================
E1: EARLY TYPES SPLIT BY COMPANION EXCESS X (< 10% lens mass)
======================================================================================================================
  [PASS] C4 CONTROL (E1): the terciles partition each class exactly
         early [29359, 29360, 29360], late [31132, 31133, 31133]
  early poor: N 29,359; mean X -0.129; frac N_raw>=1 0.061; median log M* 10.74; median z 0.310
  early mid : N 29,360; mean X +0.000; frac N_raw>=1 0.063; median log M* 10.74; median z 0.310
  early rich: N 29,360; mean X +0.180; frac N_raw>=1 0.064; median log M* 10.74; median z 0.311
  [FAIL] (reported) G (E1) informativeness: mean X(rich) - mean X(poor) >= 0.5
         0.309
  [unmatched] A_poor +0.988 +- 0.162 (+6.08 s; chi2 23.6/7 p 1.3e-03) | A_mid +1.130 +- 0.166 (+6.81 s) | A_rich +0.881 +- 0.179 (+4.93 s; chi2 18.3/7 p 1.1e-02)
  [unmatched] dA = A_rich - A_poor = -0.107 +- 0.297 (-0.36 s); verdict: NON-DISCRIMINATING (gate G failed: measure carries too few companions)
  matched: all-early fraction dropped in empty cells: poor 0.0001, mid 0.0000, rich 0.0001
  [matched] A_poor +0.988 +- 0.163 (+6.07 s; chi2 23.9/7 p 1.2e-03) | A_mid +1.141 +- 0.168 (+6.81 s) | A_rich +0.880 +- 0.177 (+4.97 s; chi2 17.9/7 p 1.2e-02)
  [matched] dA = A_rich - A_poor = -0.108 +- 0.296 (-0.36 s); verdict: NON-DISCRIMINATING (gate G failed: measure carries too few companions)
  late-type check (reported): A(late rich) - A(late poor) = unmatched +0.493 +- 0.396, matched +0.556 +- 0.398
  R-TRACE (post hoc, reported): outer bins 0-7, matched, log10 ESD(rich)/ESD(poor) = -0.011 +- 0.043 dex (-0.27 s)
  R0 power (matched): 1/s_A(poor) = 6.15, 1/s_A(rich) = 5.64; P(FAIL | A_poor = 1) ~ 1.00; P(|z_poor| < 2 | A_poor = 0) ~ 0.95
  [PASS] C5 CONTROL: null calibration -- std of dA/s_dA over 100 random equal thirds (matched) in [0.7, 1.3]
         std 0.806, mean -0.072, fraction |z| >= 1: 0.21

======================================================================================================================
E2: EARLY TYPES SPLIT BY COMPANION EXCESS X (< lens mass, departure)
======================================================================================================================
  [PASS] C4 CONTROL (E2): the terciles partition each class exactly
         early [29359, 29360, 29360], late [31132, 31133, 31133]
  early poor: N 29,359; mean X -0.557; frac N_raw>=1 0.399; median log M* 10.75; median z 0.310
  early mid : N 29,360; mean X -0.058; frac N_raw>=1 0.406; median log M* 10.74; median z 0.310
  early rich: N 29,360; mean X +1.349; frac N_raw>=1 0.403; median log M* 10.74; median z 0.310
  [PASS] (reported) G (E2) informativeness: mean X(rich) - mean X(poor) >= 0.5
         1.906
  [unmatched] A_poor +0.801 +- 0.145 (+5.52 s; chi2 15.7/7 p 2.8e-02) | A_mid +0.913 +- 0.152 (+6.01 s) | A_rich +1.286 +- 0.159 (+8.08 s; chi2 41.4/7 p 6.7e-07)
  [unmatched] dA = A_rich - A_poor = +0.485 +- 0.264 (+1.84 s); verdict: FAILS
  matched: all-early fraction dropped in empty cells: poor 0.0001, mid 0.0001, rich 0.0002
  [matched] A_poor +0.802 +- 0.143 (+5.60 s; chi2 16.0/7 p 2.5e-02) | A_mid +0.920 +- 0.151 (+6.09 s) | A_rich +1.277 +- 0.160 (+8.00 s; chi2 40.4/7 p 1.1e-06)
  [matched] dA = A_rich - A_poor = +0.475 +- 0.262 (+1.81 s); verdict: FAILS
  late-type check (reported): A(late rich) - A(late poor) = unmatched +0.185 +- 0.425, matched -0.135 +- 0.464
  R-TRACE (post hoc, reported): outer bins 0-7, matched, log10 ESD(rich)/ESD(poor) = +0.027 +- 0.049 dex (+0.55 s)
  R0 power (matched): 1/s_A(poor) = 6.98, 1/s_A(rich) = 6.27; P(FAIL | A_poor = 1) ~ 1.00; P(|z_poor| < 2 | A_poor = 0) ~ 0.95

======================================================================================================================
M1 / VERDICTS
======================================================================================================================
  [FAIL] M1 (load-bearing in MUTATE only): the poor/rich contrast is present, |dA_matched|/s >= 1, E1 and E2
         E1: 0.36 s; E2: 1.81 s
  E1 verdict (matched): NON-DISCRIMINATING (gate G failed: measure carries too few companions)   [unmatched: NON-DISCRIMINATING (gate G failed: measure carries too few companions)]
  E2 verdict (matched): FAILS   [unmatched: FAILS]
  HEADLINE (frozen rule: E1 if it passes gate G, else E2): E2 -> FAILS
  LCDM also predicts richer centrals lens more: SUPPORTED would not discriminate the framework from LCDM.

  7/9 checks pass; load-bearing failures: 1   (42 s)
