
####################################################################################################
# (a) HERGLOTZ + SUM RULE  INT dmu/|t| = 1  -- what it FORCES
####################################################################################################
   [PASS] closed-form density == (1/pi) Im K(t+i0) on both cut regions (max err 1.1e-10)
   [PASS] region-B share INT dmu/|t| = 2/pi EXACTLY (sympy)
   [PASS] total sum rule INT dmu/|t| = 1 to 1e-8 (K(inf)-K(0)=1: DC inertia normalization pinned)
   [PASS] K(-w^2+i0) is UNIMODULAR for w>=1/2: |K|^2=1 EXACTLY (no amplitude change at any orbital freq)
   [PASS] unique measure reconstructs K(z>0) (RAR side) to <1e-7 (identity theorem: measure is UNIQUE)
   FORCES: (i) DC inertia normalization K(inf)-K(0)=1; (ii) the frequency response is a PURE PHASE
   on the whole oscillatory branch -> the AC (orbital-oscillation) sector is passed UNCHANGED in
   amplitude (|K|=1); the MOND amplitude cannot come from any orbital frequency. (iii) The measure --
   hence the entire kernel and its ONLY scale a0 -- is UNIQUE (no measure freedom). The kernel is PINNED.

####################################################################################################
# (b) CAUSAL-RETARDEDNESS  -- what it FORCES
####################################################################################################
   [PASS] retarded phase lag phi(w)=arcsin(1/2w) has sin=Im=1/2w>0 (lag, not lead): SIGN fixed by retardation
   [PASS] single-corner retarded response is KK-causal for EVERY wc>0 (causality alone is corner-BLIND)
   FORCES: the retarded boundary condition (poles in the lower half-plane), hence the SIGN of the
   phase lag (dissipation, not anti-dissipation, for a passive bath). It does NOT pin the corner
   LOCATION: a KK-causal single-corner kernel exists for every wc>0. Causality is corner-BLIND.

####################################################################################################
# (c) KMS / DETAILED BALANCE at T_dS = H_Lambda/2pi  -- what it FORCES
####################################################################################################
   [PASS] dS temperature T_dS = H_Lambda/2pi (Gibbons-Hawking); nearest Matsubara pole = kappa=H_Lambda
   [PASS] FDT noise/dissipation = coth(pi w/H_L) is corner-INDEPENDENT (KMS ties +/- freq, not the corner)
   FORCES: the noise/dissipation (fluctuation-dissipation) ratio and the +/- frequency tie of the dS
   bath; the nearest Matsubara pole sits at kappa=H_Lambda (horizon), NOT at any orbital scale. KMS is
   CORNER-BLIND (holds for any wc) and does NOT source the MOND sign -- that stays the s=-1 postulate.
   Consistency condition, not a pin.

####################################################################################################
# (d) DESCENT FROM A WELL-POSED ACTION  -- THE DISCRIMINATOR
####################################################################################################
   [rho_DE canonical  ] action corner omega_c = a0/2c = 1.561e-19 s^-1 ; tau_mem = 2c/a0 = 203 Gyr
   [rho_total alt     ] action corner omega_c = a0/2c = 1.885e-19 s^-1 ; tau_mem = 2c/a0 = 168 Gyr
   [PASS] action memory time 2c/a0 EXCEEDS the Hubble time 13.8 Gyr (BOTH footings): kernel never saturates
   wide binary  v=0.45 km/s, a~a0: omega_orbit/omega_c(action) = 1.33e+06  (>>1: orbital corner is a NEW scale)
   dSph         v=10 km/s      : omega_orbit/omega_c(action) = 6.00e+04  (>>1: orbital corner is a NEW scale)
   galaxy outer v=150 km/s     : omega_orbit/omega_c(action) = 4.00e+03  (>>1: orbital corner is a NEW scale)
   [PASS] omega_orbit >> omega_c(action) for every bound system: an orbital corner does NOT descend from S
   FORCES: the corner sits at a0 (the horizon); tau_mem = 2c/a0 > Hubble time, BOTH footings. Requiring
   descent from the action REJECTS the Milgrom-1994 orbital-averaging corner (a new, non-action scale).
   This COLLAPSES the SPEC's corner-LOCATION freedom (3 candidate scales) down to the single action scale.
   BUT it does NOT resolve the LOCAL-REDUCTION ambiguity: reducing u.K(Box_u)u to a local mu(|a|) off
   stationary orbits remains an approximation, because the moment tower does not collapse (shown in (d.2)).

   --- (d.2) the moment tower does NOT collapse: local reduction is uncontrolled off-stationary ---
   [PASS] first moment u.Box_u u = -|a|^2 EXACTLY (worldline-general, from u.u=-1 only)
   u.Box_u^2 u / [(|a|^2)^2 (u.u)] = 1 + 4*Derivative(xi(tau), (tau, 3))/Derivative(xi(tau), tau)**3 + 3*Derivative(xi(tau), (tau, 2))**2/Derivative(xi(tau), tau)**4  (=1 would mean the moment tower collapses)
   [PASS] second moment ratio is NOT identically 1 (moment tower does NOT collapse -> reduction uncontrolled)
   [PASS] on a STATIONARY worldline (|a|=const) the first-moment closure is EXACT and forced (ring RAR)
   => The reduction is EXACT/forced only on stationary (constant-|a|) worldlines (circular orbits ->
   the ring-exact RAR). Off-stationary the moment tower is uncontrolled, so NO finite moment-matching
   pins the local dressing. The residual is genuine.

####################################################################################################
# (e) c_T = 1 (GW170817) + CASSINI  -- what it FORCES
####################################################################################################
   [PASS] Cassini: nu-1 = (a0/2g) at Saturn ~ 7e-7 (deep-Newton), safe for the WHOLE closure family
   c_T=1: structural (graviton kinetic = pure S_EH; Box_u transverse-blind) -- family-wide, no knob.
   FORCES: nothing NEW on the closure -- c_T=1 and Cassini are satisfied by EVERY member of the
   surviving family (MI in the matter sector, gravity unmodified, deep-Newton nu-1 ~ 1e-7). They are
   hard consistency constraints the family passes wholesale, not discriminators between closures.

####################################################################################################
# VERDICT: the residual freedom, stated EXACTLY -- and the forced off-circular pattern
####################################################################################################
   [PASS] closure-A endpoint: dispersion systems sit EXACTLY on the RAR, offset 0 (max 4.1e-14)
   [PASS] closure-B endpoint: <(1+eps cos)^(-2b)>-1 = C eps^2, C = b(2b+1)/2 EXACTLY (sympy)
   [PASS] closure-B epicyclic coefficient is STRICTLY NEGATIVE for all (x,beta) (isotropic): FORCED sign
   [PASS] closure-B deep-MOND coefficient = -0.326 eps^2 dex (b=1, dln mu/dln x->1)
   amplitude functional (Kepler toy): rms |a| rises with e -> d ln eta/d beta > 0 (MG-impossible):
     e=0.0: rms|a| =     1.00
     e=0.3: rms|a| =     1.15
     e=0.6: rms|a| =     1.90
     e=0.9: rms|a| =     9.45
   [PASS] rms|a| monotonically RISES with eccentricity (radial orbits hotter: sign of eta(beta) FORCED)
   [rho_DE canonical  ] secular scale 2c/a0 = 203 Gyr ; a0 = 9.36e-11 m/s^2
   [rho_total alt     ] secular scale 2c/a0 = 168 Gyr ; a0 = 1.13e-10 m/s^2
   [PASS] both footings carried; secular scale 203 Gyr (canonical) / 168 Gyr (alt)

 ============================ HONEST VERDICT ============================
 PINNED by (a)+(b)+(c)+(d)+(e) acting together:
   * the nonlocal OPERATOR K(Box_u) and its measure -- UNIQUE (Herglotz + RAR calibration); the
     ONLY scale is a0; corner = horizon; tau_mem = 2c/a0 > Hubble time (both footings);
   * the AC/orbital sector -- passed as PURE PHASE (|K|=1); no amplitude MOND from orbital frequency;
   * the STATIONARY (circular, constant-|a|) reduction -- EXACT and forced = the ring-exact RAR;
   * the corner LOCATION -- forced to a0 by requiring descent from the action; the Milgrom-1994
     orbital-averaging corner is REJECTED as a non-action scale (this is what (d) buys over the SPEC);
   * the SIGN & qualitative pattern of the off-circular offset -- dispersion-isotropic systems ON-or-
     BELOW the rotation RAR, radially-anisotropic systems pushed UP/hotter, ANISOTROPY-CORRELATED;
     MG-with-the-same-nu gives EXACTLY 0 and zero anisotropy-dependence -> the pattern is MG-impossible;
   * hard constraints c_T=1 and Cassini -- satisfied by the WHOLE family.
 RESIDUAL (irreducible with today's inputs), stated exactly:
   * ONE reduction-weighting DOF -- how the finite horizon-memory weights the orbit HISTORY --
     interpolating closure A (instantaneous |a|; offset 0, MG-identical in spherical symmetry) and
     closure B (orbit-history-averaged <|a|^2>; the signed, anisotropy-correlated pattern above).
   * Equivalently: ONE free function eta(beta) on orbit-shape space (eccentricity x anisotropy) whose
     SIGN is forced (dln eta/dbeta>0) but whose MAGNITUDE is only BRACKETED, [A: 0 ... B: ~-0.02 to
     -0.05 dex isotropic ensemble, deep regime, footing-stable ~10-15%; epicyclic -0.326 eps^2 dex].
   * The action's long horizon-memory (tau_mem > Hubble time >> orbital period) PHYSICALLY favors the
     orbit-averaged end (closure B); but this is a physical-regime argument, NOT a theorem, because the
     moment tower is uncontrolled -- so the honest object is the BRACKET, not a forced point.
   * What would CLOSE it: the off-circular dS-Unruh Wightman pullback on a non-uniform worldline
     (SPEC Stage 4), which would fix the finite-memory retention -> collapse the bracket to a point;
     OR an empirical proxy (dwarf sigma-hysteresis amplitude / cluster eta(beta) slope) that MEASURES
     the retention. Neither is done; FREE-bounded is the honest verdict.
 ONE FALSIFIER (both-ways, no measure freedom to absorb it): a CONFIRMED frequency-split RAR at fixed
   g_bar (same g_bar, orbital freq differing by >2 dex, nu differing by >~1e-7) kills the published
   kernel outright -- the conservative wide-binary/galactic split is forced to ~3e-8 (footing-independent).
 =======================================================================

====================================================================================================
 CLOSURE_MAP RESULT: ALL CHECKS PASS
====================================================================================================
