SW07 -- the direction-blind programme's ledger (read from the record)

  [PASS] R1 every record this ledger reads exists on disk (SW01/SW04/SW05/SW06 results, PREREGISTRATION_DR4.md, L47 .out, the 09-05 candidate scorecard)
           (missing: [])
    Arm A (AQUAL EFE, Amendment 10, in force): canonical [1.1614, 1.1814], alt [1.1917, 1.2267]  -- found in the preregistration: [1.1614, 1.1814, 1.1917, 1.2267]
    Arm B (covariant candidate, Amendment 11, CEILINGS): [1.03, 1.045]; L47: the carrier's ephemeris floor is xi >= 4.00 pc, at which the pair is screened, gamma_v = 1.000 + O((0.05 pc/4 pc)^2/2 = 8e-5)
    the framework's direction-blind cap (SW01, THIS WEEK, NOT registered): gamma_v = sqrt(nu(eta)) in [1.086, 1.155] over both footings and kernels: canonical/nu_RAR 1.116-1.132, canonical/mu_2 1.086-1.100, alt/nu_RAR 1.137-1.155, alt/mu_2 1.106-1.122
  [PASS] R2 on EITHER footing the three outcomes are disjoint: candidate (1.000; ceiling 1.045) < cap law < AQUAL, with same-footing gaps >= 0.029 (canonical) and >= 0.036 (alt) against the Amendment-10 band width ~0.02; ACROSS footings the corner gap (alt cap 1.155 vs canonical AQUAL 1.1614) is only 0.006, so the footing must be fixed before the cap law and AQUAL are told apart
           (gaps: candidate-to-cap +0.041; cap-to-AQUAL same footing canonical +0.030, alt +0.037; cross-footing corner +0.006)
  [PASS] R3 SW03 (the smoothed-total-switch action) is dead twice on the committed numbers: |alpha1~| >= 1.4 on every footing/kernel (SW04) and the GW170817 photon-graviton delay >= 1e7 s (SW06)
           (min |alpha1~| = 1.44; min Delta t = 3.1e+07 s)
  [PASS] R4 the repaired quadrature action keeps an open l-window (SW05) but every lensing route except one is dead (SW06), and that one is the standing candidate's own structure (khronon-sourced, locally switched-off scalar, one metric)
           (window ratio 1.25e+04; open route: A4 shared metric, khronon-sourced, scalar switched OFF local)
  [PASS] R5 the standing candidate is single-metric ('Matter minimally coupled to g', requirement 11 PASS in its scorecard), so SW06's differential-Shapiro kill does NOT apply to it; its EFE is the xi-smoothed AQUAL one (directional), not the cap law -- the week's SW01 rule and the candidate are DIFFERENT DR4 predictions

SW07 COMPLETE: 5/5 checks PASS.
LEDGER.  What the week established (each a committed lane): KS01 the epsilon = 1/(32 pi) slot is not live; G111 closed; L263 a real-mass phantom is dead
both ways; L264 universal a0 forces an external-field effect (SEP theorem); SW01 the framework's cap law is a DIRECTION-BLIND EFE with gamma_v = 1.09-1.15;
SW02/SW03 its smoothed-switch covariant realisation; SW04 that realisation dies on alpha1; SW06 it was already dead on GW170817 (my omission); SW05 the
quadrature realisation (L268 repaired) survives PPN and the quadrupole but has no lensing route except the standing candidate's structure, which is NOT
direction-blind.  WHAT IS LEFT ON THE TABLE: DR4 separates three outcomes -- 1.000 (the xi-screened candidate, the only covariant theory standing),
1.09-1.15 (the cap law, a rule without a realisation), 1.16-1.23 (AQUAL's EFE, whose realisations are Cassini-dead).  The cap law's band is NOT
registered; registering it is the user's call (append-only, explicit go).  The frontier is the candidate's own list: the origin of s_0 ~ 1.5e7, the
disformal cosmology, a Boltzmann/N-body run, and kappa.  Nothing here derives kappa.
