======================================================================================================================
X1-2 Track K (knobs allowed) -- mode: MUTATE (control)
======================================================================================================================
  [PASS] K3 excess arithmetic on the SM: R-B (K_eq 2, u 1, m 0) -> 1 = the alpha_3 prediction; R-A at fixed X (2, 0, 0) -> 2; dual-Coxeter at X_P (3, 0, 0) -> 3 
      synthetic solvable world: n27 = 3, X0 = 1e16, M_D = 3e6, M_H = 2e4; couplings at m_Z constructed so that a_1 = a_2 = a_3 at X0: a_Y, a_3 shifted by (+11.746, -0.891); residual 2.22e-16
  [FAIL] K1 the mass solver finds a solution of a solvable synthetic world and RECOVERS its masses (to 5% in ln M) [MUTATE: target perturbed by 35%] (solutions found: [('3e+06', '2e+04')], best residual 2.22e-16)
  [PASS] K2 a synthetic world whose a_Y(m_Z) is moved by +10% (off the one direction the split multiplet can act along, at the same X) is reported INFEASIBLE: no exact solution and closest approach > 0.01 (the T-JOINT floor) (closest approach 0.112)
  [PASS] K4 reach test: a target at the midpoint of the reachable interval [A(floors), A(desert)] is inside; a target 3x the desert value is outside 
K:1:KA-X_P S3 n27=1 KA-X_P         K_eq=2 u=0 m=2 excess=+0  -> K-DEAD (no solution in the box; closest approach max|r| = 0.480)
           closest approach max|r| = 0.4801
K:1:KA-X_R S3 n27=1 KA-X_R         K_eq=2 u=0 m=2 excess=+0  -> K-DEAD (no solution in the box; closest approach max|r| = 0.401)
           closest approach max|r| = 0.4011
K:1:KA-X_S S3 n27=1 KA-X_S         K_eq=2 u=0 m=2 excess=+0  -> K-DEAD (no solution in the box; closest approach max|r| = 0.292)
           closest approach max|r| = 0.2925
   [n27=1] KA-free: 3-dimensional least squares over (X, f_D, f_H)  (3s)
K:1:KA-free S3 n27=1 KA-free        K_eq=2 u=1 m=2 excess=-1  -> K-DEAD (no point of the box within the T-JOINT tolerance; closest approach max|r| = 0.0207, tolerance [0.01, 0.04])
           closest approach in the max-norm: max|r| = 0.0207 at X = 6.386e+13, M_D = 6.386e+13, M_H = 1.000e+02; T-JOINT tolerance there [0.01, 0.04]; within tolerance: False; proton check FAIL (tau ~ 1.7e+26 yr)
           least-squares closest approach max|r| = 0.0237
K:1:KDeg S3 n27=1 KDeg           K_eq=2 u=1 m=1 excess=+0  -> K-DEAD (complete multiplet cannot satisfy the ratios; closest approach max|r| = 0.091)
           closest approach max|r| = 0.0913 (complete-SU(5) multiplet; expected: cannot cure, gate G3)
K:1:KD-X_P S3 n27=1 KD-X_P         K_eq=3 u=0 m=2 excess=+1  -> K-DEAD (T-MONO over the whole knob box: the dual-Coxeter targets lie above every reachable value)
           targets (a_Y, a_2, a_3) = [251.3 150.8 150.8]; reachable interval at X: a_Y [48.3, 55.2], a_2 [44.9, 49.2], a_3 [48.8, 53.0]
K:1:KD-X_S S3 n27=1 KD-X_S         K_eq=3 u=0 m=2 excess=+1  -> K-DEAD (T-MONO over the whole knob box: the dual-Coxeter targets lie above every reachable value)
           targets (a_Y, a_2, a_3) = [251.3 150.8 150.8]; reachable interval at X: a_Y [53.5, 59.6], a_2 [43.3, 47.2], a_3 [44.7, 48.4]
K:1:KD-free S3 n27=1 KD-free        K_eq=3 u=1 m=2 excess=+0  -> K-DEAD (T-MONO over the whole knob box: the dual-Coxeter targets lie above every reachable value)
           targets [251.3 150.8 150.8]; sup over 91 GeV <= X <= M_P and over all masses of (a_Y, a_2, a_3) = [98.3 49.2 53. ] (added matter only lowers a_i)
K:1:KE   S3 n27=1 KE-het         K_eq=3 u=1 m=2 excess=+0  -> K-DEAD (no solution in the box; closest approach 0.308)
           closest approach max|r| = 0.3083
K:1:KF-118 S3 n27=1 KF-118         K_eq=3 u=0 m=2 excess=+1  -> K-DEAD (T-MONO over the box: at least one coupling cannot reach 0 even with both exotic masses at their floors)
           a_i(Lambda = M_red/sqrt(140) = 2.058e+17) reachable interval [floors, desert]: a_Y [53.5, 59.6], a_2 [43.3, 47.2], a_3 [44.7, 48.4]; target 0
K:1:KG-118 S3 n27=1 KG-118         K_eq=1 u=0 m=2 excess=-1  -> K-DEAD (a_Y cannot reach 0 even with both exotic masses at their floors)
           min a_Y(Lambda) = 53.49 at the floors
K:1:KF-126 S3 n27=1 KF-126         K_eq=3 u=0 m=2 excess=+1  -> K-DEAD (T-MONO over the box: at least one coupling cannot reach 0 even with both exotic masses at their floors)
           a_i(Lambda = M_red/sqrt(148) = 2.002e+17) reachable interval [floors, desert]: a_Y [53.5, 59.7], a_2 [43.3, 47.1], a_3 [44.7, 48.4]; target 0
K:1:KG-126 S3 n27=1 KG-126         K_eq=1 u=0 m=2 excess=-1  -> K-DEAD (a_Y cannot reach 0 even with both exotic masses at their floors)
           min a_Y(Lambda) = 53.52 at the floors
K:3:KA-X_P S3 n27=3 KA-X_P         K_eq=2 u=0 m=2 excess=+0  -> K-DEAD (no solution in the box; closest approach max|r| = 0.480)
           closest approach max|r| = 0.4805
K:3:KA-X_R S3 n27=3 KA-X_R         K_eq=2 u=0 m=2 excess=+0  -> K-DEAD (no solution in the box; closest approach max|r| = 0.402)
           closest approach max|r| = 0.4021
K:3:KA-X_S S3 n27=3 KA-X_S         K_eq=2 u=0 m=2 excess=+0  -> K-DEAD (no solution in the box; closest approach max|r| = 0.288)
           closest approach max|r| = 0.2881
   [n27=3] KA-free: 3-dimensional least squares over (X, f_D, f_H)  (236s)
K:3:KA-free S3 n27=3 KA-free        K_eq=2 u=1 m=2 excess=-1  -> K-REFIT (exact solutions exist: excess = -1 nominal, 0 effective; the scale is pinned, see proton check); the proton-lifetime check FAILS at every solution -> excluded
           72 distinct exact solutions found (a curve, not a point); log10 X in [13.66, 13.70]; M_D in [2.05e+07, 4.54e+13], M_H in [1.00e+02, 2.23e+08] GeV; proton check PASS or UNCERTAIN at 0 of them; T-JOINT passes at 72; perturbative at 72
             X = 5.070e+13: M_D = 2.046e+07, M_H = 1.000e+02, a_G = 34.1, tau_p ~ 4.8e+25 yr (FAIL)
             X = 4.892e+13: M_D = 1.135e+09, M_H = 5.626e+03, a_G = 35.5, tau_p ~ 4.5e+25 yr (FAIL)
             X = 4.793e+13: M_D = 1.497e+10, M_H = 7.438e+04, a_G = 36.3, tau_p ~ 4.4e+25 yr (FAIL)
             X = 4.741e+13: M_D = 6.431e+10, M_H = 3.193e+05, a_G = 36.8, tau_p ~ 4.3e+25 yr (FAIL)
             X = 4.709e+13: M_D = 1.641e+11, M_H = 8.144e+05, a_G = 37.1, tau_p ~ 4.2e+25 yr (FAIL)
             X = 4.651e+13: M_D = 1.011e+12, M_H = 5.001e+06, a_G = 37.7, tau_p ~ 4.2e+25 yr (FAIL)
           Jacobian of the two residuals w.r.t. (ln M_D, ln M_H) at X = 5.07e+13: singular values 1.498e-02, 2.569e-04 (ratio 1.7e-02): effectively ONE mass direction (the split-multiplet direction M_H/M_D); the other is flat up to two-loop terms
K:3:KDeg S3 n27=3 KDeg           K_eq=2 u=1 m=1 excess=+0  -> K-DEAD (complete multiplet cannot satisfy the ratios; closest approach max|r| = 0.091)
           closest approach max|r| = 0.0913 (complete-SU(5) multiplet; expected: cannot cure, gate G3)
K:3:KD-X_P S3 n27=3 KD-X_P         K_eq=3 u=0 m=2 excess=+1  -> K-DEAD (T-MONO over the whole knob box: the dual-Coxeter targets lie above every reachable value)
           targets (a_Y, a_2, a_3) = [251.3 150.8 150.8]; reachable interval at X: a_Y [34.5, 55.2], a_2 [36.2, 49.2], a_3 [40.5, 53.0]
K:3:KD-X_S S3 n27=3 KD-X_S         K_eq=3 u=0 m=2 excess=+1  -> K-DEAD (T-MONO over the whole knob box: the dual-Coxeter targets lie above every reachable value)
           targets (a_Y, a_2, a_3) = [251.3 150.8 150.8]; reachable interval at X: a_Y [41.4, 59.8], a_2 [35.5, 47.1], a_3 [37.1, 48.2]
K:3:KD-free S3 n27=3 KD-free        K_eq=3 u=1 m=2 excess=+0  -> K-DEAD (T-MONO over the whole knob box: the dual-Coxeter targets lie above every reachable value)
           targets [251.3 150.8 150.8]; sup over 91 GeV <= X <= M_P and over all masses of (a_Y, a_2, a_3) = [98.3 49.2 53. ] (added matter only lowers a_i)
K:3:KE   S3 n27=3 KE-het         K_eq=3 u=1 m=2 excess=+0  -> K-DEAD (no solution in the box; closest approach 0.309)
           closest approach max|r| = 0.3092
K:3:KF-118 S3 n27=3 KF-118         K_eq=3 u=0 m=2 excess=+1  -> K-DEAD (T-MONO over the box: at least one coupling cannot reach 0 even with both exotic masses at their floors)
           a_i(Lambda = M_red/sqrt(184) = 1.795e+17) reachable interval [floors, desert]: a_Y [41.4, 59.8], a_2 [35.5, 47.1], a_3 [37.1, 48.2]; target 0
K:3:KG-118 S3 n27=3 KG-118         K_eq=1 u=0 m=2 excess=-1  -> K-DEAD (a_Y cannot reach 0 even with both exotic masses at their floors)
           min a_Y(Lambda) = 41.39 at the floors
K:3:KF-126 S3 n27=3 KF-126         K_eq=3 u=0 m=2 excess=+1  -> K-DEAD (T-MONO over the box: at least one coupling cannot reach 0 even with both exotic masses at their floors)
           a_i(Lambda = M_red/sqrt(192) = 1.757e+17) reachable interval [floors, desert]: a_Y [41.4, 59.8], a_2 [35.5, 47.1], a_3 [37.1, 48.2]; target 0
K:3:KG-126 S3 n27=3 KG-126         K_eq=1 u=0 m=2 excess=-1  -> K-DEAD (a_Y cannot reach 0 even with both exotic masses at their floors)
           min a_Y(Lambda) = 41.43 at the floors
   S4 (SM x U(1)_(B-L) between M_BL and X)  (267s)
      one-loop abelian block b_ab (rows R, X): [[4.5, -0.3333], [-0.3333, 3.0]]; b_R + b_X + 2 b_RX = 6.833333 (b_Y = 41/6 = 6.833333)
  [PASS] K5 the abelian block of SM x U(1)_R x U(1)_X sums to the hypercharge coefficient: b_RR + b_XX + 2 b_RX = 41/6 (S is neutral under Y, nu^c is neutral): M_BL cannot change the one-loop running of a_Y 
K:S4:X_P S4 n27=0 S4-X_P         K_eq=3 u=0 m=3 excess=+0  -> K-DEAD (the B-L intermediate scale cannot move the sum a_R + a_X + 2 a_RX, which is a_Y; the residual equals the desert R-A miss)
           best least-squares residual over (M_BL, a_R0, a_RX0): max|r| = 0.1792 (the SM-desert R-A miss in a_1/a_2 at this X is +0.4863); (a_R + a_X + 2 a_RX)(X) for M_BL = 1e3, 1e8, 1e13 differs by 0.245 (hybrid two-loop drift; exactly 0 at one loop)
           the Spin(10) sum rule needs a_R + a_X + 2 a_RX = (5/3) a_2 = 81.99 at X; the SM one-loop hypercharge run gives 55.16
K:S4:X_S S4 n27=0 S4-X_S         K_eq=3 u=0 m=3 excess=+0  -> K-DEAD (the B-L intermediate scale cannot move the sum a_R + a_X + 2 a_RX, which is a_Y; the residual equals the desert R-A miss)
           best least-squares residual over (M_BL, a_R0, a_RX0): max|r| = 0.1326 (the SM-desert R-A miss in a_1/a_2 at this X is +0.3212); (a_R + a_X + 2 a_RX)(X) for M_BL = 1e3, 1e8, 1e13 differs by 0.245 (hybrid two-loop drift; exactly 0 at one loop)
           the Spin(10) sum rule needs a_R + a_X + 2 a_RX = (5/3) a_2 = 78.67 at X; the SM one-loop hypercharge run gives 59.54
K:S4:free S4 n27=0 S4-free        K_eq=4 u=1 m=3 excess=+0  -> K-DEAD (same residual as the desert: a_1 = a_2 and a_3 = a_2 cannot both hold)
           min over X of max(|sum-rule miss|, |a_3/a_2 miss|) = 0.0788 at X = 1.669e+14 (identical to the S2 R-A/R-B miss: M_BL does not enter)
  [PASS] K6 S4 is the desert in disguise: the best S4 residual over (M_BL, a_R0, a_RX0) equals |S - (5/3) a_2| / (3 a_2) (the least-squares minimiser of the three residuals under the constraint a_R + a_X + 2 a_RX = S puts (1, 1, 2)/6 of the miss on them; the constraint cannot be moved by M_BL) within the hybrid two-loop drift, and is >= 5% at both scales ([(0.1792, 0.1795, 0.0017), (0.1326, 0.1328, 0.0017)])

Track K: 29 variants; verdict classes: {'K-DEAD': 28, 'K-REFIT': 1}
  [PASS] K0 registered Track-K variants: 29 (S3: 13 per N27 x 2 = 26; S4: 3) (29)
elapsed 267 s
X1-2: 7 checks, 1 failed: ['K1 the mass solver finds a solution of a solvable synthetic world and RECOVERS its masses (to 5% in ln M) [MUTATE: target perturbed by 35%]']
X1-2 MUTATE: control BITES (failed as required) -> exit 1
