CFG412 screen  (MUTATE=False); Delta_ta(z=0) 11.8056, tau 3.6019, eps 0.077; FFT workers 1
Velocities: NOT stored in the CFG410 snapshots -> PM leg uses the LINEAR-THEORY velocity from the z0 potential (declared).

(1) PM diagnostic on CFG410 BASE z0 snapshots (ESTIMATE; no PM re-run)
  [PASS] K1 canonical: re-computed T1 ON agrees with stored f  agreement 1.00000; l3 sign agreement 1.00000
  [PASS] K2 canonical: l3-veto ON-mass drop reproduces CFG410's 64%  drop 0.640
  [FAIL] K3 canonical: linear V-web eigenvalues = f H x Hessian eigenvalues  max rel diff 3.59e-03
  canonical: T1 ON mass 0.4549; share in l3<0 0.640; B1 peaks 17927 (median ON radius 0.78, max 9.14 Mpc/h); exclusive skipped 1169
    A1_T1_and_Vweb_allconv                   R_fil  0.999 | knot ON mass kept  0.999 | Xhat  0.890 | ON outside T1  0.000 (of T1 ON)
    A2_Vweb_middle                           R_fil -0.000 | knot ON mass kept  1.000 | Xhat -0.000 | ON outside T1  0.001 (of T1 ON)
    B1_cover                                 R_fil  0.007 | knot ON mass kept  0.960 | Xhat -0.262 | ON outside T1  0.077 (of T1 ON)
    B1T_T1_and_cover                         R_fil  0.126 | knot ON mass kept  0.956 | Xhat  0.094 | ON outside T1  0.000 (of T1 ON)
    B1xT_T1_and_cover_exclusive(reported)    R_fil  0.153 | knot ON mass kept  0.948 | Xhat  0.122 | ON outside T1  0.000 (of T1 ON)
    VETO_l3_(CFG410_reference)               R_fil  1.000 | knot ON mass kept  1.000 | Xhat  0.890 | ON outside T1  0.000 (of T1 ON)
  (24 s)
  [PASS] K1 alt: re-computed T1 ON agrees with stored f  agreement 1.00000; l3 sign agreement 1.00000
  [PASS] K2 alt: l3-veto ON-mass drop reproduces CFG410's 64%  drop 0.639
  [FAIL] K3 alt: linear V-web eigenvalues = f H x Hessian eigenvalues  max rel diff 3.10e-03
  alt: T1 ON mass 0.4625; share in l3<0 0.639; B1 peaks 17629 (median ON radius 0.78, max 9.14 Mpc/h); exclusive skipped 1169
    A1_T1_and_Vweb_allconv                   R_fil  0.999 | knot ON mass kept  0.999 | Xhat  0.860 | ON outside T1  0.000 (of T1 ON)
    A2_Vweb_middle                           R_fil -0.000 | knot ON mass kept  1.000 | Xhat -0.000 | ON outside T1  0.001 (of T1 ON)
    B1_cover                                 R_fil  0.009 | knot ON mass kept  0.962 | Xhat -0.231 | ON outside T1  0.073 (of T1 ON)
    B1T_T1_and_cover                         R_fil  0.121 | knot ON mass kept  0.958 | Xhat  0.088 | ON outside T1  0.000 (of T1 ON)
    B1xT_T1_and_cover_exclusive(reported)    R_fil  0.148 | knot ON mass kept  0.949 | Xhat  0.115 | ON outside T1  0.000 (of T1 ON)
    VETO_l3_(CFG410_reference)               R_fil  1.000 | knot ON mass kept  1.000 | Xhat  0.860 | ON outside T1  0.000 (of T1 ON)
  (18 s)

(2) spherical hosts (cfg100_lib r_ta_law), edge = r(f > 0.5 continuously from the centre) / r_ta
  canonical log M_b 10.5  Delta_ta cfg100 11.765: r_ta 1.536 Mpc | edges T1 1.0000  B1 1.0000  B1T 1.0000
  canonical log M_b 10.5  Delta_ta CFG361 11.806: r_ta 1.534 Mpc | edges T1 1.0000  B1 1.0000  B1T 1.0000
  canonical log M_b 11.0  Delta_ta cfg100 11.765: r_ta 2.050 Mpc | edges T1 1.0000  B1 1.0000  B1T 1.0000
  canonical log M_b 11.0  Delta_ta CFG361 11.806: r_ta 2.046 Mpc | edges T1 1.0000  B1 1.0000  B1T 1.0000
  canonical log M_b 11.5  Delta_ta cfg100 11.765: r_ta 2.734 Mpc | edges T1 1.0000  B1 1.0000  B1T 1.0000
  canonical log M_b 11.5  Delta_ta CFG361 11.806: r_ta 2.730 Mpc | edges T1 1.0000  B1 1.0000  B1T 1.0000
  alt       log M_b 10.5  Delta_ta cfg100 11.765: r_ta 1.611 Mpc | edges T1 1.0000  B1 1.0000  B1T 1.0000
  alt       log M_b 10.5  Delta_ta CFG361 11.806: r_ta 1.608 Mpc | edges T1 1.0000  B1 1.0000  B1T 1.0000
  alt       log M_b 11.0  Delta_ta cfg100 11.765: r_ta 2.149 Mpc | edges T1 1.0000  B1 1.0000  B1T 1.0000
  alt       log M_b 11.0  Delta_ta CFG361 11.806: r_ta 2.145 Mpc | edges T1 1.0000  B1 1.0000  B1T 1.0000
  alt       log M_b 11.5  Delta_ta cfg100 11.765: r_ta 2.866 Mpc | edges T1 1.0000  B1 1.0000  B1T 1.0000
  alt       log M_b 11.5  Delta_ta CFG361 11.806: r_ta 2.861 Mpc | edges T1 1.0000  B1 1.0000  B1T 1.0000
  [PASS] K4 B1 on an isolated mesh sphere ends at r_ta = 20 cells (one grid step)  edge 20.000 cells

(2a) nonlinear V-web in a secondary-infall host (record's Lambda shell ODE, seed + background, z = 0)
  [PASS] K5 infall solver eps 1.00: turnaround shell density = Delta_ta (1%)  11.8056 vs 11.8056
  eps 1.00: single-stream infall region 0.376-0.988 r_ta (40 shells)
    proper flow: radial dv/dr > 0 (stretching) in 1.000; tangential v/r < 0 (converging) in 1.000
    peculiar flow: radial dv/dr - H > 0 (stretching) in 1.000; tangential converging in 1.000; radial (dv/dr - H)/H range 0.97 to 4.04
    -> A1 (all peculiar V-web axes converging) holds continuously from the caustic out to 0.376 r_ta (1.000 = to r_ta)
  [PASS] K5 infall solver eps 0.67: turnaround shell density = Delta_ta (1%)  11.8056 vs 11.8056
  eps 0.67: single-stream infall region 0.378-0.992 r_ta (58 shells)
    proper flow: radial dv/dr > 0 (stretching) in 1.000; tangential v/r < 0 (converging) in 1.000
    peculiar flow: radial dv/dr - H > 0 (stretching) in 1.000; tangential converging in 1.000; radial (dv/dr - H)/H range 0.82 to 3.67
    -> A1 (all peculiar V-web axes converging) holds continuously from the caustic out to 0.378 r_ta (1.000 = to r_ta)

Verdicts (worse footing; legality per README / FROZEN_CRITERIA)
  A1_T1_and_Vweb_allconv       R_fil(min)  0.999 [pass] | sphere edge(min) 0.376 r_ta [fail] | LEGAL, 1 const -> PARTIAL
  A2_Vweb_middle               R_fil(min) -0.000 [fail] | sphere edge(min) 1.000 r_ta [pass] | LEGAL, 1 const -> PARTIAL
  B1_cover                     R_fil(min)  0.007 [fail] | sphere edge(min) 1.000 r_ta [pass] | CONDITIONAL, 1 const -> PARTIAL
  B1T_T1_and_cover             R_fil(min)  0.121 [fail] | sphere edge(min) 1.000 r_ta [pass] | CONDITIONAL, 1 const -> PARTIAL

checks: 7/9 pass
