
    two-halo template (b = 1, z = 0.25): Delta Sigma_2h at 0.1 / 0.3 / 1 / 2.6 Mpc = 0.045, 0.141, 0.269, 0.371 Msun/pc^2

========================================================================================================
C1  WHAT THE SCREENING MUST LEAVE ALONE: the Galaxy's field on the Sun; SPARC rotation curves to 100 kpc
========================================================================================================
    lambda =  0.2 Mpc: Galaxy's field on the Sun kept to 0.995321;  largest SPARC change at 100 kpc 4.53%
    lambda =  0.3 Mpc: Galaxy's field on the Sun kept to 0.997874;  largest SPARC change at 100 kpc 2.22%
    lambda =  0.5 Mpc: Galaxy's field on the Sun kept to 0.999221;  largest SPARC change at 100 kpc 0.86%
    lambda =  0.6 Mpc: Galaxy's field on the Sun kept to 0.999457;  largest SPARC change at 100 kpc 0.61%
    lambda =  0.7 Mpc: Galaxy's field on the Sun kept to 0.999600;  largest SPARC change at 100 kpc 0.46%
    lambda =  0.8 Mpc: Galaxy's field on the Sun kept to 0.999693;  largest SPARC change at 100 kpc 0.35%
    lambda =  0.9 Mpc: Galaxy's field on the Sun kept to 0.999757;  largest SPARC change at 100 kpc 0.28%
    lambda =  1.0 Mpc: Galaxy's field on the Sun kept to 0.999803;  largest SPARC change at 100 kpc 0.23%
    lambda =  1.2 Mpc: Galaxy's field on the Sun kept to 0.999863;  largest SPARC change at 100 kpc 0.16%
    lambda =  1.5 Mpc: Galaxy's field on the Sun kept to 0.999912;  largest SPARC change at 100 kpc 0.10%
    lambda =  2.0 Mpc: Galaxy's field on the Sun kept to 0.999950;  largest SPARC change at 100 kpc 0.06%
    lambda =  3.0 Mpc: Galaxy's field on the Sun kept to 0.999978;  largest SPARC change at 100 kpc 0.03%
    lambda =  5.0 Mpc: Galaxy's field on the Sun kept to 0.999992;  largest SPARC change at 100 kpc 0.01%
  [PASS] C1 (documentary) the smallest screening length that keeps the Galaxy's field on the Sun (>= 99.9%) and SPARC to 100 kpc (<= 1%)
         measured: lambda >= 0.5 Mpc (grid)

========================================================================================================
C2  THE SCREENED LARGE-SCALE FIELD ON AN ISOLATED LENS (linear LCDM, matter outside the isolation sphere)
========================================================================================================
    lambda =  0.2 Mpc: rms |g_ext,screened| = 8.79e-10 a0 (outside 3 Mpc), 1.04e-05 a0 (outside 1 Mpc)
    lambda =  0.3 Mpc: rms |g_ext,screened| = 1.35e-07 a0 (outside 3 Mpc), 5.97e-05 a0 (outside 1 Mpc)
    lambda =  0.5 Mpc: rms |g_ext,screened| = 7.80e-06 a0 (outside 3 Mpc), 2.58e-04 a0 (outside 1 Mpc)
    lambda =  0.6 Mpc: rms |g_ext,screened| = 2.18e-05 a0 (outside 3 Mpc), 3.81e-04 a0 (outside 1 Mpc)
    lambda =  0.7 Mpc: rms |g_ext,screened| = 4.55e-05 a0 (outside 3 Mpc), 5.08e-04 a0 (outside 1 Mpc)
    lambda =  0.8 Mpc: rms |g_ext,screened| = 7.96e-05 a0 (outside 3 Mpc), 6.36e-04 a0 (outside 1 Mpc)
    lambda =  0.9 Mpc: rms |g_ext,screened| = 1.23e-04 a0 (outside 3 Mpc), 7.63e-04 a0 (outside 1 Mpc)
    lambda =  1.0 Mpc: rms |g_ext,screened| = 1.76e-04 a0 (outside 3 Mpc), 8.87e-04 a0 (outside 1 Mpc)
    lambda =  1.2 Mpc: rms |g_ext,screened| = 3.02e-04 a0 (outside 3 Mpc), 1.13e-03 a0 (outside 1 Mpc)
    lambda =  1.5 Mpc: rms |g_ext,screened| = 5.24e-04 a0 (outside 3 Mpc), 1.46e-03 a0 (outside 1 Mpc)
    lambda =  2.0 Mpc: rms |g_ext,screened| = 9.33e-04 a0 (outside 3 Mpc), 1.95e-03 a0 (outside 1 Mpc)
    lambda =  3.0 Mpc: rms |g_ext,screened| = 1.74e-03 a0 (outside 3 Mpc), 2.78e-03 a0 (outside 1 Mpc)
    lambda =  5.0 Mpc: rms |g_ext,screened| = 3.07e-03 a0 (outside 3 Mpc), 4.03e-03 a0 (outside 1 Mpc)
    lambda =  inf Mpc: rms |g_ext,screened| = 1.47e-02 a0 (outside 3 Mpc), 1.50e-02 a0 (outside 1 Mpc)
  [PASS] C2 (documentary) screened external field vs lambda (KiDS single-field bound from BS2: e <= 7.2e-5 / 5.2e-5)
         measured: {'0.2': '8.8e-10', '0.3': '1.3e-07', '0.5': '7.8e-06', '0.6': '2.2e-05', '0.7': '4.6e-05', '0.8': '8.0e-05', '0.9': '1.2e-04', '1.0': '1.8e-04', '1.2': '3.0e-04', '1.5': '5.2e-04', '2.0': '9.3e-04', '3.0': '1.7e-03', '5.0': '3.1e-03', 'inf': '1.5e-02'}

ESD tables built (38 s)

========================================================================================================
C3  KiDS-1000 WITH THE SCREENED KERNEL (its own screened external field, two-halo b <= 2, switch x_c profiled)
========================================================================================================
    canonical lambda =  0.2: Delta chi^2   +164.4 (x_c 3.0, b [0.78, 1.32, 2.0, 2.0]);  no switch   +173.2;  inside 0.3 Mpc    +4.8
    canonical lambda =  0.3: Delta chi^2    +77.8 (x_c 0.0, b [0.73, 1.21, 2.0, 2.0]);  no switch    +77.8;  inside 0.3 Mpc    +1.8
    canonical lambda =  0.5: Delta chi^2    +18.9 (x_c 0.0, b [0.63, 0.81, 2.0, 2.0]);  no switch    +18.9;  inside 0.3 Mpc    +0.5
    canonical lambda =  0.6: Delta chi^2    +11.1 (x_c 0.0, b [0.64, 0.73, 2.0, 1.88]);  no switch    +11.1;  inside 0.3 Mpc    +0.3
    canonical lambda =  0.7: Delta chi^2     +7.7 (x_c 0.0, b [0.67, 0.71, 2.0, 1.8]);  no switch     +7.7;  inside 0.3 Mpc    +0.2
    canonical lambda =  0.8: Delta chi^2     +8.8 (x_c 0.0, b [0.69, 0.74, 2.0, 1.78]);  no switch     +8.8;  inside 0.3 Mpc    +0.2
    canonical lambda =  0.9: Delta chi^2    +13.1 (x_c 0.0, b [0.73, 0.79, 2.0, 1.81]);  no switch    +13.1;  inside 0.3 Mpc    +0.2
    canonical lambda =  1.0: Delta chi^2    +18.8 (x_c 0.0, b [0.77, 0.84, 2.0, 1.85]);  no switch    +18.8;  inside 0.3 Mpc    +0.1
    canonical lambda =  1.2: Delta chi^2    +30.4 (x_c 0.0, b [0.82, 0.9, 2.0, 1.99]);  no switch    +30.4;  inside 0.3 Mpc    +0.1
    canonical lambda =  1.5: Delta chi^2    +46.7 (x_c 0.0, b [0.89, 1.04, 2.0, 2.0]);  no switch    +46.7;  inside 0.3 Mpc    -0.0
    canonical lambda =  2.0: Delta chi^2    +72.3 (x_c 0.0, b [0.93, 1.15, 2.0, 2.0]);  no switch    +72.3;  inside 0.3 Mpc    -1.0
    canonical lambda =  3.0: Delta chi^2   +115.5 (x_c 0.0, b [0.99, 1.29, 2.0, 2.0]);  no switch   +115.5;  inside 0.3 Mpc    -3.4
    canonical lambda =  5.0: Delta chi^2   +172.0 (x_c 0.0, b [1.01, 1.43, 2.0, 2.0]);  no switch   +172.0;  inside 0.3 Mpc    -4.2
    canonical lambda =  inf: Delta chi^2   +396.3 (x_c 0.0, b [1.08, 1.75, 2.0, 2.0]);  no switch   +396.3;  inside 0.3 Mpc   +44.8
    alt       lambda =  0.2: Delta chi^2   +159.4 (x_c 3.0, b [0.79, 1.31, 2.0, 2.0]);  no switch   +168.9;  inside 0.3 Mpc    +4.3
    alt       lambda =  0.3: Delta chi^2    +73.9 (x_c 0.0, b [0.74, 1.2, 2.0, 2.0]);  no switch    +73.9;  inside 0.3 Mpc    +1.6
    alt       lambda =  0.5: Delta chi^2    +17.3 (x_c 0.0, b [0.63, 0.8, 2.0, 1.99]);  no switch    +17.3;  inside 0.3 Mpc    +0.5
    alt       lambda =  0.6: Delta chi^2    +10.2 (x_c 0.0, b [0.65, 0.73, 1.99, 1.88]);  no switch    +10.2;  inside 0.3 Mpc    +0.3
    alt       lambda =  0.7: Delta chi^2     +8.0 (x_c 0.0, b [0.68, 0.73, 2.0, 1.8]);  no switch     +8.0;  inside 0.3 Mpc    +0.2
    alt       lambda =  0.8: Delta chi^2    +10.7 (x_c 0.0, b [0.7, 0.76, 2.0, 1.8]);  no switch    +10.7;  inside 0.3 Mpc    +0.2
    alt       lambda =  0.9: Delta chi^2    +16.2 (x_c 0.0, b [0.75, 0.82, 2.0, 1.84]);  no switch    +16.2;  inside 0.3 Mpc    +0.2
    alt       lambda =  1.0: Delta chi^2    +22.5 (x_c 0.0, b [0.79, 0.82, 2.0, 1.9]);  no switch    +22.5;  inside 0.3 Mpc    +0.2
    alt       lambda =  1.2: Delta chi^2    +34.6 (x_c 0.0, b [0.86, 0.93, 2.0, 2.0]);  no switch    +34.6;  inside 0.3 Mpc    +0.2
    alt       lambda =  1.5: Delta chi^2    +51.3 (x_c 0.0, b [0.9, 1.03, 2.0, 2.0]);  no switch    +51.3;  inside 0.3 Mpc    +0.0
    alt       lambda =  2.0: Delta chi^2    +78.0 (x_c 0.0, b [0.96, 1.14, 2.0, 2.0]);  no switch    +78.0;  inside 0.3 Mpc    -1.2
    alt       lambda =  3.0: Delta chi^2   +122.8 (x_c 0.0, b [0.99, 1.29, 2.0, 2.0]);  no switch   +122.8;  inside 0.3 Mpc    -3.8
    alt       lambda =  5.0: Delta chi^2   +180.8 (x_c 0.0, b [1.03, 1.43, 2.0, 2.0]);  no switch   +180.8;  inside 0.3 Mpc    -3.9
    alt       lambda =  inf: Delta chi^2   +407.8 (x_c 0.0, b [1.08, 1.75, 2.0, 2.0]);  no switch   +407.8;  inside 0.3 Mpc   +49.1
  [FAIL] C3 THE WINDOW: some screening length lambda >= lambda_min (Sun + SPARC) fits KiDS-1000 within Delta chi^2 <= 4 of the no-EFE switch (all points and inside 0.3 Mpc), with its own screened external field, both footings
         measured: passing lambda: []
         reading:  a non-empty window means the blind kernel survives what excluded C-H/K + switch
  [PASS] C4 (documentary) does the screening alone do the switch's lensing job? lambda passing with x_c = 0 (no switch)
         measured: []
         reading:  the switch is still needed for growth (L341/L342); this asks only about KiDS

========================================================================================================
C5  INJECTION at the best-fitting lambda: does the gate pass when the screened construction is true? (canonical)
========================================================================================================
    lambda = 0.7: Delta chi^2 per draw [-2.9, -2.0, -1.0, -5.0, -5.4, -2.0, -0.1, -0.0, -4.3, -13.6]; pass fraction 1.00
  [PASS] C5 when the screened construction is true the gate passes in >= 80% of 10 draws
         measured: 1.00

========================================================================================================
VERDICT
========================================================================================================
  lambda (Mpc) | screened field (a0) | Delta chi^2 all pts (can/alt) | inside 0.3 Mpc | no switch
           0.2 | 8.8e-10             |  +164.4 /  +159.4           |   +4.8 /   +4.3 |  +173.2 /  +168.9
           0.3 | 1.3e-07             |   +77.8 /   +73.9           |   +1.8 /   +1.6 |   +77.8 /   +73.9
           0.5 | 7.8e-06             |   +18.9 /   +17.3           |   +0.5 /   +0.5 |   +18.9 /   +17.3
           0.6 | 2.2e-05             |   +11.1 /   +10.2           |   +0.3 /   +0.3 |   +11.1 /   +10.2
           0.7 | 4.6e-05             |    +7.7 /    +8.0           |   +0.2 /   +0.2 |    +7.7 /    +8.0
           0.8 | 8.0e-05             |    +8.8 /   +10.7           |   +0.2 /   +0.2 |    +8.8 /   +10.7
           0.9 | 1.2e-04             |   +13.1 /   +16.2           |   +0.2 /   +0.2 |   +13.1 /   +16.2
           1.0 | 1.8e-04             |   +18.8 /   +22.5           |   +0.1 /   +0.2 |   +18.8 /   +22.5
           1.2 | 3.0e-04             |   +30.4 /   +34.6           |   +0.1 /   +0.2 |   +30.4 /   +34.6
           1.5 | 5.2e-04             |   +46.7 /   +51.3           |   -0.0 /   +0.0 |   +46.7 /   +51.3
           2.0 | 9.3e-04             |   +72.3 /   +78.0           |   -1.0 /   -1.2 |   +72.3 /   +78.0
           3.0 | 1.7e-03             |  +115.5 /  +122.8           |   -3.4 /   -3.8 |  +115.5 /  +122.8
           5.0 | 3.1e-03             |  +172.0 /  +180.8           |   -4.2 /   -3.9 |  +172.0 /  +180.8
           inf | 1.5e-02             |  +396.3 /  +407.8           |  +44.8 /  +49.1 |  +396.3 /  +407.8
  Best lambda = 0.7 Mpc: Delta chi^2 +7.7 / +8.0 vs the (EFE-free, hence unphysical) switch comparator;
  for scale, pure MOND at its own field sits at +16.9 / +15.6 and C-H/K + switch unscreened at +396 / +408.
  Sun + SPARC need lambda >= 0.5 Mpc.  Window (KiDS within 4, both footings, both radius ranges): [].
  The blind kernel is one new length, lambda: the kernel's argument is the Yukawa-screened Newtonian field,
  (nabla^2 - 1/lambda^2) Phi_b = 4 pi G rho.  Sources inside lambda (the Galaxy for the Sun; a galaxy for itself) act in
  full; the large-scale web's field -- dominated by long modes -- is screened as (k lambda)^2.

  4/5 checks pass; load-bearing failures: 1; wrote BK1_screened_kernel_results.json (60 s)
