XR36 (part 1) -- THE TURNAROUND GATE AS AN ACTION TERM: MOND switched on only where the matter flow has stopped expanding
(theta_m = div u <= 0).  Is a velocity-divergence gate well posed where DE12/DE13's density gates are not?

WHY.  The chain's separators (FP13's H_S, FP19's H_K1) switch MOND on across the linear web once the leaf accelerates
(z < 0.635); XR26 found that this over-lenses the CMB (+4.9 sigma on the linear base).  The candidate keys the MOND switch
on the LOCAL expansion rate of the matter flow, theta_m = div u: MOND on where the flow has turned around (theta_m <= 0,
bound systems and their turnaround regions), off where it still expands (theta_m ~ 3H, the linear web).  The khronon cannot
supply this: its leaves are CMC, so K = <K>_h carries no local information.  This part writes the gate as an action term,
varies it, and tests well-posedness the way the record does (FP3 C1's static symbol, DE12's baryon stiffness budget on its
24 host layers, XR18's constraint-symbol standard); part 2 (XR36_bound_regions.py) scores KiDS, the Local Group,
clusters, the flagship and SPARC; part 3 (XR36_web_lensing.py) the web: CMB lensing, sigma_8 and the forest.

THE ACTION.  The matter flow is a fluid with Lagrangian coordinates q (Brown/Schutz; dust in the Brown-Kuchar form): the map
x(q, t), J = det(dx/dq), n = n_0(q)/J.  Then theta = div u = d ln J/dt: the gate reads the FIRST time derivative of the
deformation, so a gate W(theta) adds no second time derivative in Lagrangian variables (no Ostrogradsky mode) -- it is a
velocity-dependent term.  Per unit volume, with sigma B the MOND sector's contribution to the Lagrangian at fixed fields:
    L = (1/2) rho |u|^2 - rho e(rho) + sigma B(fields) W(theta/<K>_h) + (fields),        <K>_h = 3H on FRW
where W = 1 for theta <= 0 (MOND on) and W = 0 for theta >= <K>_h Delta_x (off).  The four ways the chain's action can switch
MOND off at fixed fields -- the QUMOND phantom energy +q W (FP1/FP3's core), an AQUAL stiffness -s Y (FP7's root: 'off' is
an infinitely stiff scalar), the yield -2 y sqrt(Y) (FP9/FP19), and the band-pass length (FP19 A2: dS/dB > 0) -- all LOWER
the Lagrangian when MOND turns off (check K3): sigma = +1 in the sense that the gate term is largest when MOND is on.

THE MATTER THE GATE READS (the coordinator's MS1 question).  theta_m is read on the BARYON flow.  The carrier's converted
daughters stream out of every galaxy at v_k = 575-650 km/s (FK1 K2, FP10) and through the web at 200-400 km/s (XR19):
their divergence is ~2 v_k/r >> 3H near galaxies, so the total-matter reading would switch MOND OFF around every galaxy
whose carrier has converted -- a leak in exactly the wrong place (check A7).  MS1's rule (read baryons, never the carrier)
is therefore followed; its price is that the kinetic term in the symbols below carries rho_b, not rho_m.

PRE-DECLARED (written before this script's first run; the exploratory scratch runs listed under DISCLOSED came first).
 H1 [load-bearing; MUTATE must fail] THE STATIC SECTOR IS UNTOUCHED.  Expanded to second order about a static (and a Hubble-flow)
    background, the gate term sigma B J W(J-dot/J) contributes only (1/2) sigma B W'' (div xi-dot)^2 (the W' terms cancel
    identically; W_0 B J is a null Lagrangian at second order): no k^0 and no k^2 POTENTIAL term.  FP3 C1's static symbol has
    no gate term and DE12's c_gate^2 = rho_b S is identically ZERO for the theta gate.  A density-read gate (the MUTATE) puts
    (1/2) sigma B W'' (rho-derivatives)^2 (div xi)^2 into the potential and brings FP3's zero back.
 H2 THE KINETIC SECTOR: the compressive velocity symbol is m(k) = rho_b + sigma B W''_theta k^2 (static and moving backgrounds:
    delta theta = i k.D_t xi + O(k^0)); the dispersion relation omega^2 = K(k)/m(k) has a POLE at k_g^2 = rho_b/(-sigma B W'')
    wherever sigma W'' < 0.  The stability rule is the MIRROR of FP3 C1: density gates must be CONCAVE in rho, theta gates must
    make the Lagrangian CONVEX in theta.
 H3 [load-bearing] THE MIRROR LEMMA.  A gate that saturates on the turned-around side (MOND fully on, W flat, for all
    theta <= 0) and is lower on the expanding side cannot make L convex in theta, because sigma = +1 in every formulation (K3):
    L_g(theta) is flat and then decreasing, so L_g'' < 0 somewhere in (0, Delta_x <K>).  Verified on DE12's C-infinity step
    (every width, the sharp limit included), the linear ramp (a concave kink at theta = 0) and the four formulations.  The
    ghost sits at the switch-on, i.e. at the turnaround layer and inside virialised systems (theta ~ 0).
 H4 [load-bearing] THE NUMBERS on DE12's own 24 host layers (z = 0.25, 1, 2.5, 4; M_b = 1e10, 1e11, 1e12; both footings;
    DE12's gas rho_b = f_b(rho_NFW + rho_bar) and DE12's B = a0^2 q(y)/(8 pi G)), with the gate at its natural width
    Delta_x = 1 (from turnaround to the Hubble flow): the compressive velocity symbol is NEGATIVE at k = 1/kpc on every
    layer (a ghost at DE12's own scale), the pole k_g lies at 1/k_g <= 1 Mpc on every layer, and the static c_gate is 0.
    Expected ghost scales 1/k_g ~ 20-200 kpc; the growth at 1/kpc for 1e6 K gas Gamma ~ 10-100 H (NOT DE12's 1e3-5e4 H:
    the theta gate's pathology is a ghost with a pole, not a fast Jeans-type instability).
 H5 THE SMOOTHEST WELL-POSED VERSIONS AND THEIR PRICE.  (a) CONVEX (unsaturated) W = max(0, 1 - x/Delta_x): the Lagrangian is
    convex, the kinetic symbol positive, the gate well posed; but W = 1 + |x|/Delta_x in contracting regions, so SPARC's
    0.01 dex needs |theta_R| <= 0.023 Delta_x <K> in every SPARC host, which a host accreting a fraction f_acc of its mass per
    Hubble time violates for f_acc >~ 0.07 Delta_x.  (b) FILTERED argument theta_R = S_R[theta] (the chain's leafwise heat
    kernel at a length R): m(k) >= rho_b - B |W''_theta|/(e R^2), so it is well posed iff R >= R_min = sqrt(B|W''_theta|/(e rho_b))
    on every switch-on layer; expected R_min from ~0.1 Mpc (galaxy layers) to >~ 1 Mpc (clusters), so no single R keeps every
    layer healthy AND stays below the turnaround radius of isolated 1e10-1e11 galaxies (part 2: 0.2-0.5 Mpc).
 H6 [MS1] the total-matter reading leaks: at r = 0.3-3 Mpc the daughters' divergence 2 v_k/r exceeds <K>_h(z = 0.25) by a
    factor >= 1 (>= 10 inside 0.3 Mpc), so any outstreaming daughter fraction moves the switch-on inward (part 2 prices it).

  machinery: DE12's transition() definitions only (XR18's recipe; its constants, kernel tables and gas profiles); FP3, FP19, DE12 committed JSONs; a0 = 9.3603e-11 / 1.1312e-10 m/s^2   [0 s]

======================================================================================================================
K  CONTROLS: FP3 C1's static symbol; DE12's 24 layers; the sign of the MOND energy in every formulation
======================================================================================================================
  [PASS] K1 CONTROL (FP3 C1): this lane's static-symbol engine, given FP3's density-read gate (B W'' (C lap phi)^2/2 on the C-H bracket), reproduces FP3's committed determinant, its zero, the Newtonian response and the gate's local (anti-pressure) term
         measured: det = 16*k2**3*(B*C**2*C_T*W2*Wbar*k2 + B*C**2*W2*k2 - 4); zero k^2 = [4/(B*C**2*W2*(C_T*Wbar + 1))]; local term -pi*G*delta_rho*e*(C_T*Wbar + 1)**2; all equal to FP3's committed strings: True
  [PASS] K2 CONTROL (DE12): DE12's transition() (definitions loaded unedited, XR18's recipe) reproduces DE12's committed c_gate_max and Gamma(1/kpc)/H of its density-read gate on all 24 layers
         measured: max relative deviation 0.0e+00; c_gate_max 576-3741 km/s, Gamma/H 1.3e+03-4.9e+04
    QUMOND (FP1/FP3): q(y) >= 0 and non-decreasing on y = 1e-8..1e4: True (q(1e-4) = 1.328e-06, q(1) = 0.899); AQUAL stiffness (FP7): -s Y falls with s: True; the yield (FP9/FP19): -2 y sqrt(Y) falls with y: True; the band-pass (FP19 A2, committed): min I(B) = 0.009261057103834824 > 0: True
  [PASS] K3 THE SIGN (all four formulations): at fixed fields the MOND sector's contribution to the Lagrangian is LARGEST when MOND is on -- QUMOND's +q W with q >= 0 (MOND on = W = 1); the AQUAL stiffness -s Y and the yield -2 y sqrt(Y) fall as the switch closes; FP19 A2's committed dS/dB = V 4 pi G rho^2 I(B) with I > 0 (opening the band-pass adds binding)
         measured: q >= 0: True; stiffness: True; yield: True; band-pass I_min = 0.009261057103834824
         reading:  sigma = +1: 'MOND off' always lowers L at fixed fields -- the fact the mirror lemma (A3) turns on
    [0 s]

======================================================================================================================
A1  THE STATIC SECTOR (sympy): the theta gate's second variation has no potential part
======================================================================================================================
    1-D: second-order gate term = B*W2*b11**2*sigma/2
    1-D (a11 = xi_q, b11 = xi_qt): minus (1/2) sigma B W'' xi_qt^2 = 0;  its static part (xi_qt = 0): 0
    3-D (A = grad xi, B = its rate): second-order gate term minus (1/2) sigma B W'' (tr B)^2 minus sigma B [W0 J_2 + W1 dJ_2/dt] = 0;  J_2 is a null Lagrangian (EL derivatives [0, 0, 0]): True
    Hubble-flow background (x = a(t)(q + eps xi)): theta = 3 a'/a + eps div xi_t + O(eps^2): True
  [PASS] A1 [H1, HEADLINE; MUTATE must fail] THE STATIC SECTOR IS UNTOUCHED: expanded to second order in the displacement about a static background (1-D and 3-D, sympy) the gate term sigma B J W(J-dot/J) contributes exactly (1/2) sigma B W'' (div xi-dot)^2 plus W0 x a null Lagrangian plus W' x its time derivative -- no potential (static) term; on a Hubble-flow background delta theta = div xi-dot (Lagrangian frame).  FP3 C1's static symbol gains no gate term and DE12's c_gate^2 = rho_b S is 0
         measured: 1-D residual 0; 3-D residual 0; null Lagrangian True; Hubble-flow delta theta True
         reading:  the theta gate escapes FP3's density lemma where FP3 stated it -- in the static symbol -- because theta vanishes on static perturbations

======================================================================================================================
A2  THE KINETIC SECTOR (sympy): the compressive velocity symbol and the pole
======================================================================================================================
    m(k) = L_thth*k**2 + rho_b;  K(k) = rho_b*(c_s2*k**2 - fourpiGrho);  omega^2 = rho_b*(c_s2*k**2 - fourpiGrho)/(L_thth*k**2 + rho_b);  m(k) = 0 at k = [-sqrt(rho_b)*sqrt(-1/L_thth), sqrt(rho_b)*sqrt(-1/L_thth)]
  [PASS] A2 [H2] THE KINETIC SECTOR: the longitudinal (compressive) mode has kinetic coefficient m(k) = rho_b + L_thth k^2 with L_thth = sigma B W''_theta, potential K(k) = rho_b (c_s^2 k^2 - 4 pi G rho) (the gate adds nothing to K: A1); omega^2 = K/m has a POLE at k_g^2 = -rho_b/L_thth wherever L_thth < 0 -- the stability rule is the MIRROR of FP3 C1 (density gates: W concave in rho; theta gates: L convex in theta)
         measured: omega^2 = rho_b*(c_s2*k**2 - fourpiGrho)/(L_thth*k**2 + rho_b); pole at k^2 = -rho_b/L_thth: True

======================================================================================================================
A3  THE MIRROR LEMMA: a gate saturated on the turned-around side makes L concave at the switch-on (sigma = +1)
======================================================================================================================
    DE12's C-infinity step as a theta gate, width Delta_x =  0.01: min W''_x = -9.841e+04 at x = 0.0022 (W = 0.965: the saturated, switch-on side); max W''_x = +9.841e+04
    DE12's C-infinity step as a theta gate, width Delta_x =  0.10: min W''_x = -9.841e+02 at x = 0.0218 (W = 0.964: the saturated, switch-on side); max W''_x = +9.841e+02
    DE12's C-infinity step as a theta gate, width Delta_x =  0.30: min W''_x = -1.093e+02 at x = 0.0655 (W = 0.965: the saturated, switch-on side); max W''_x = +1.093e+02
    DE12's C-infinity step as a theta gate, width Delta_x =  1.00: min W''_x = -9.841e+00 at x = 0.2183 (W = 0.965: the saturated, switch-on side); max W''_x = +9.841e+00
    DE12's C-infinity step as a theta gate, width Delta_x =  3.00: min W''_x = -1.093e+00 at x = 0.6548 (W = 0.965: the saturated, switch-on side); max W''_x = +1.093e+00
    QUMOND +q W                 : L(on) = +1.000 > L(off) = +0.000; min L'' = -9.841e+00 at x = 0.218
    AQUAL stiffness -s Y        : L(on) = -0.000 > L(off) = -5.000; min L'' = -4.921e+01 at x = 0.218
    yield -2 y sqrt Y           : L(on) = -0.000 > L(off) = -0.020; min L'' = -1.968e-01 at x = 0.218
    band-pass S(B), dS/dB > 0   : L(on) = +1.000 > L(off) = +0.000; min L'' = -9.841e+00 at x = 0.218
  [PASS] A3 [H3] THE MIRROR LEMMA: with sigma = +1 (K3) a gate flat on the turned-around side (theta <= 0) and lower on the expanding side makes L_g(theta) flat-then-decreasing, hence NOT convex: L_g'' < 0 just above theta = 0 -- on DE12's C-inf step at every width (-> -oo in the sharp limit), on the linear ramp (a concave kink at theta = 0: W' jumps by -1; its convex kink sits at the Hubble flow) and in all four formulations (QUMOND, AQUAL stiffness, yield, band-pass)
         measured: Delta_x 0.01: min W'' -9.84e+04 at x = 0.002; Delta_x 0.1: min W'' -9.84e+02 at x = 0.022; Delta_x 0.3: min W'' -1.09e+02 at x = 0.065; Delta_x 1.0: min W'' -9.84e+00 at x = 0.218; Delta_x 3.0: min W'' -1.09e+00 at x = 0.655; ramp kinks -1.00 (x = 0), +1.00 (x = 1); forms min L'' QUMOND -9.84e+00, AQUAL -4.92e+01, yield -1.97e-01, band-pass -9.84e+00
         reading:  FP3's lemma (a gate zero on FRW is convex somewhere) forbids density gates at the web end; its mirror forbids saturated theta gates at the switch-on end: the theta gate trades FP3's anti-pressure for a kinetic ghost at theta ~ 0
    [1 s]

======================================================================================================================
A4  THE NUMBERS ON DE12's 24 HOST LAYERS: the theta gate at its natural width (Delta_x = 1), 1e6 K gas, both footings
======================================================================================================================
    0.25/1e+10/canonical  : layer r =     687-    886 kpc, v_B = sqrt(B/rho_b) =   27.8 km/s; 1/k_g =  326.3- 435.0 kpc (whole profile up to    5413); ghost at 1/kpc: True; Gamma(1/kpc) =    4.7 H (DE12's density gate 2.0e+04 H); static c_gate = 0
    0.25/1e+10/alt        : layer r =     719-    927 kpc, v_B = sqrt(B/rho_b) =   27.7 km/s; 1/k_g =  322.9- 434.6 kpc (whole profile up to    5911); ghost at 1/kpc: True; Gamma(1/kpc) =    4.7 H (DE12's density gate 2.2e+04 H); static c_gate = 0
    0.25/1e+11/canonical  : layer r =    1230-   1583 kpc, v_B = sqrt(B/rho_b) =   58.8 km/s; 1/k_g =  706.7- 891.8 kpc (whole profile up to   13820); ghost at 1/kpc: True; Gamma(1/kpc) =    2.2 H (DE12's density gate 2.9e+04 H); static c_gate = 0
    0.25/1e+11/alt        : layer r =    1286-   1656 kpc, v_B = sqrt(B/rho_b) =   59.0 km/s; 1/k_g =  705.7- 900.8 kpc (whole profile up to   15108); ghost at 1/kpc: True; Gamma(1/kpc) =    2.2 H (DE12's density gate 3.2e+04 H); static c_gate = 0
    0.25/1e+12/canonical  : layer r =    2215-   2842 kpc, v_B = sqrt(B/rho_b) =  116.8 km/s; 1/k_g = 1448.5-1718.6 kpc (whole profile up to   35853); ghost at 1/kpc: True; Gamma(1/kpc) =    1.1 H (DE12's density gate 4.5e+04 H); static c_gate = 0
    0.25/1e+12/alt        : layer r =    2313-   2970 kpc, v_B = sqrt(B/rho_b) =  118.6 km/s; 1/k_g = 1462.8-1756.0 kpc (whole profile up to   39205); ghost at 1/kpc: True; Gamma(1/kpc) =    1.0 H (DE12's density gate 4.9e+04 H); static c_gate = 0
    1.0/1e+10/canonical   : layer r =     282-    363 kpc, v_B = sqrt(B/rho_b) =   40.0 km/s; 1/k_g =  315.9- 375.1 kpc (whole profile up to    3024); ghost at 1/kpc: True; Gamma(1/kpc) =    3.1 H (DE12's density gate 8.4e+03 H); static c_gate = 0
    1.0/1e+10/alt         : layer r =     295-    380 kpc, v_B = sqrt(B/rho_b) =   40.6 km/s; 1/k_g =  318.9- 383.1 kpc (whole profile up to    3302); ghost at 1/kpc: True; Gamma(1/kpc) =    3.1 H (DE12's density gate 9.1e+03 H); static c_gate = 0
    1.0/1e+11/canonical   : layer r =     510-    654 kpc, v_B = sqrt(B/rho_b) =   75.3 km/s; 1/k_g =  612.4- 689.4 kpc (whole profile up to    7645); ghost at 1/kpc: True; Gamma(1/kpc) =    1.6 H (DE12's density gate 1.4e+04 H); static c_gate = 0
    1.0/1e+11/alt         : layer r =     532-    683 kpc, v_B = sqrt(B/rho_b) =   77.3 km/s; 1/k_g =  625.2- 710.5 kpc (whole profile up to    8358); ghost at 1/kpc: True; Gamma(1/kpc) =    1.6 H (DE12's density gate 1.5e+04 H); static c_gate = 0
    1.0/1e+12/canonical   : layer r =     934-   1191 kpc, v_B = sqrt(B/rho_b) =  135.3 km/s; 1/k_g = 1123.5-1219.2 kpc (whole profile up to   19664); ghost at 1/kpc: True; Gamma(1/kpc) =    0.9 H (DE12's density gate 2.3e+04 H); static c_gate = 0
    1.0/1e+12/alt         : layer r =     971-   1241 kpc, v_B = sqrt(B/rho_b) =  139.9 km/s; 1/k_g = 1157.3-1264.0 kpc (whole profile up to   21503); ghost at 1/kpc: True; Gamma(1/kpc) =    0.8 H (DE12's density gate 2.4e+04 H); static c_gate = 0
    2.5/1e+10/canonical   : layer r =      67-     86 kpc, v_B = sqrt(B/rho_b) =   51.2 km/s; 1/k_g =  206.8- 216.1 kpc (whole profile up to    1073); ghost at 1/kpc: True; Gamma(1/kpc) =    2.2 H (DE12's density gate 2.7e+03 H); static c_gate = 0
    2.5/1e+10/alt         : layer r =      70-     89 kpc, v_B = sqrt(B/rho_b) =   53.3 km/s; 1/k_g =  215.1- 225.1 kpc (whole profile up to    1172); ghost at 1/kpc: True; Gamma(1/kpc) =    2.2 H (DE12's density gate 2.9e+03 H); static c_gate = 0
    2.5/1e+11/canonical   : layer r =     125-    159 kpc, v_B = sqrt(B/rho_b) =   88.4 km/s; 1/k_g =  356.7- 373.2 kpc (whole profile up to    2660); ghost at 1/kpc: True; Gamma(1/kpc) =    1.3 H (DE12's density gate 4.7e+03 H); static c_gate = 0
    2.5/1e+11/alt         : layer r =     130-    165 kpc, v_B = sqrt(B/rho_b) =   92.1 km/s; 1/k_g =  371.6- 389.0 kpc (whole profile up to    2908); ghost at 1/kpc: True; Gamma(1/kpc) =    1.2 H (DE12's density gate 5.0e+03 H); static c_gate = 0
    2.5/1e+12/canonical   : layer r =     239-    303 kpc, v_B = sqrt(B/rho_b) =  152.0 km/s; 1/k_g =  612.0- 643.9 kpc (whole profile up to    6746); ghost at 1/kpc: True; Gamma(1/kpc) =    0.8 H (DE12's density gate 7.6e+03 H); static c_gate = 0
    2.5/1e+12/alt         : layer r =     247-    312 kpc, v_B = sqrt(B/rho_b) =  158.5 km/s; 1/k_g =  638.3- 671.8 kpc (whole profile up to    7377); ghost at 1/kpc: True; Gamma(1/kpc) =    0.7 H (DE12's density gate 8.2e+03 H); static c_gate = 0
    4.0/1e+10/canonical   : layer r =      26-     33 kpc, v_B = sqrt(B/rho_b) =   55.2 km/s; 1/k_g =  132.2- 139.2 kpc (whole profile up to     514); ghost at 1/kpc: True; Gamma(1/kpc) =    2.1 H (DE12's density gate 1.3e+03 H); static c_gate = 0
    4.0/1e+10/alt         : layer r =      26-     34 kpc, v_B = sqrt(B/rho_b) =   57.5 km/s; 1/k_g =  137.8- 145.1 kpc (whole profile up to     562); ghost at 1/kpc: True; Gamma(1/kpc) =    2.0 H (DE12's density gate 1.4e+03 H); static c_gate = 0
    4.0/1e+11/canonical   : layer r =      49-     62 kpc, v_B = sqrt(B/rho_b) =   96.5 km/s; 1/k_g =  230.1- 244.8 kpc (whole profile up to    1254); ghost at 1/kpc: True; Gamma(1/kpc) =    1.2 H (DE12's density gate 2.1e+03 H); static c_gate = 0
    4.0/1e+11/alt         : layer r =      50-     64 kpc, v_B = sqrt(B/rho_b) =  100.7 km/s; 1/k_g =  240.1- 255.5 kpc (whole profile up to    1371); ghost at 1/kpc: True; Gamma(1/kpc) =    1.1 H (DE12's density gate 2.3e+03 H); static c_gate = 0
    4.0/1e+12/canonical   : layer r =      95-    121 kpc, v_B = sqrt(B/rho_b) =  168.7 km/s; 1/k_g =  399.9- 430.5 kpc (whole profile up to    3146); ghost at 1/kpc: True; Gamma(1/kpc) =    0.7 H (DE12's density gate 3.3e+03 H); static c_gate = 0
    4.0/1e+12/alt         : layer r =      97-    124 kpc, v_B = sqrt(B/rho_b) =  176.4 km/s; 1/k_g =  418.2- 450.4 kpc (whole profile up to    3440); ghost at 1/kpc: True; Gamma(1/kpc) =    0.7 H (DE12's density gate 3.6e+03 H); static c_gate = 0
  [FAIL] A4 [H4] DE12's OWN 24 LAYERS (same gas, same MOND energy B = a0^2 q(y)/(8 pi G), both footings): with the gate at its natural width Delta_x = 1 the compressive velocity symbol is NEGATIVE at k = 1/kpc on every layer (a ghost at DE12's own scale), the pole sits at 1/k_g <= 1 Mpc on every layer, and the static c_gate is 0 (A1)
         measured: ghost at 1/kpc on 24/24 layers; 1/k_g on the layers 132.2-1756.0 kpc; Gamma(1/kpc) 0.7-4.7 H (DE12's density gate 1.3e3-4.9e4 H)
         reading:  not DE12's fast Jeans-type instability but a ghost: negative kinetic energy of compressive gas motions below ~0.01-1 Mpc at the switch-on, with a pole in the growth rate (A5)
    0.25/1e+11/canonical: 1/k_g = 891.8 kpc; Gamma/H at k/k_g = 1.001: 3.83e+01, 1.01: 1.22e+01, 1.1: 4.11e+00, 2: 1.98e+00, 10: 1.72e+00
    0.25/1e+11/alt: 1/k_g = 900.8 kpc; Gamma/H at k/k_g = 1.001: 3.80e+01, 1.01: 1.21e+01, 1.1: 4.07e+00, 2: 1.96e+00, 10: 1.70e+00
    2.5/1e+11/canonical: 1/k_g = 373.2 kpc; Gamma/H at k/k_g = 1.001: 2.78e+01, 1.01: 8.84e+00, 1.1: 2.98e+00, 2: 1.43e+00, 10: 1.25e+00
  [PASS] (reported) A5 (reported) THE POLE: next to k_g the growth rate of the pressure-supported gas exceeds any bound (Gamma -> oo as k -> k_g+), so the linearised evolution is not bounded in any norm -- the XR18 standard (a symbol that changes sign) calls this ill posed; the sharp theta = 0 gate is the limit Delta_x -> 0, where k_g -> 0 (the whole layer is ghost-like)
         measured: 0.25/1e+11/canonical: Gamma(1.001 k_g) = 3.8e+01 H; 0.25/1e+11/alt: Gamma(1.001 k_g) = 3.8e+01 H; 2.5/1e+11/canonical: Gamma(1.001 k_g) = 2.8e+01 H
    [1 s]

======================================================================================================================
A6  THE SMOOTHEST WELL-POSED VERSIONS AND WHAT THEY COST
======================================================================================================================
    (a) convex, unsaturated W = max(0, 1 - x/Delta_x): L convex, kinetic symbol >= rho_b (healthy); SPARC's 0.01 dex allows |x|/Delta_x <= 0.026 (y = 0.01), 0.032 (y = 0.1), 0.063 (y = 1); a host accreting a fraction f_acc of its mass per Hubble time has |x| ~ f_acc/3: allowed only for f_acc <= 0.077 Delta_x, 0.096 Delta_x, 0.190 Delta_x
    (b) filtered theta_R: R_min at 0.25/1e+10/canonical                 = 0.264 Mpc
    (b) filtered theta_R: R_min at 0.25/1e+10/alt                       = 0.264 Mpc
    (b) filtered theta_R: R_min at 0.25/1e+11/canonical                 = 0.541 Mpc
    (b) filtered theta_R: R_min at 0.25/1e+11/alt                       = 0.546 Mpc
    (b) filtered theta_R: R_min at 0.25/1e+12/canonical                 = 1.042 Mpc
    (b) filtered theta_R: R_min at 0.25/1e+12/alt                       = 1.065 Mpc
    (b) filtered theta_R: R_min at 0.25/1e+14/canonical (cluster, 2-12 Mpc) = 7.370 Mpc
    (b) filtered theta_R: R_min at 0.25/1e+14/alt (cluster, 2-12 Mpc)   = 7.747 Mpc
  [PASS] A6 [H5] THE WELL-POSED VERSIONS COST THE GATE ITS PURPOSE: (a) the convex (unsaturated) gate is healthy but multiplies MOND by 1 + |x|/Delta_x in contracting hosts, so SPARC's 0.01 dex needs accretion below ~0.07 Delta_x per Hubble time in every SPARC host; (b) filtering the argument on a heat-kernel length R is healthy iff R >= R_min, which spans galaxy layers to clusters -- no single R keeps every layer healthy and stays below an isolated galaxy's turnaround radius
         measured: (a) f_acc allowed <= 0.077-0.190 x Delta_x; (b) R_min galaxies (1e10-1e11, all z) 0.084-0.546 Mpc, 1e12 0.261-1.065 Mpc, 1e14 cluster 7.37-7.75 Mpc
         reading:  a well-posed theta gate needs a new length R (or a new width Delta_x); the one that heals clusters erases the turned-around regions of isolated galaxies (part 2: 0.2-0.5 Mpc at z = 0.25)

======================================================================================================================
A7  (reported) MS1: the baryon flow vs the total matter flow -- the carrier's daughters stream out
======================================================================================================================
    the daughters' divergence 2 v_k/r in units of <K>_h(z = 0.25): v_k 600 km/s, r = 0.1 Mpc: 52.1, v_k 600 km/s, r = 0.3 Mpc: 17.4, v_k 600 km/s, r = 1.0 Mpc: 5.2, v_k 600 km/s, r = 3.0 Mpc: 1.7
  [PASS] (reported) A7 [H6] (reported) MS1: at the baryons' switch-on surface theta_b = 0, so a total-matter reading adds f_d x 2 v_k/r > 0 from any outstreaming daughter fraction f_d and pushes the switch-on inward; 2 v_k/r exceeds <K>_h by the printed factors -- the total-matter gate turns MOND off around galaxies after their carrier converts (a leak into the wrong region); the gate reads the BARYON flow (part 2 prices the shift of the switch-on radius)
         measured: 2 v_k/r / <K>_h at 0.3 / 1 / 3 Mpc (600 km/s): 17.4 / 5.2 / 1.7

======================================================================================================================
A8  (reported) THE GATE'S FIRST-ORDER EFFECTS: its own force on the baryons and the Raychaudhuri feedback
======================================================================================================================
    0.25/1e+10/canonical: at r = 780 kpc the gate's own force / gravity on the baryons ~ 4.62e-02; Raychaudhuri feedback rate 4 pi G rho_ph |W'| ~ 1.97e+00 H
    0.25/1e+11/canonical: at r = 1395 kpc the gate's own force / gravity on the baryons ~ 6.50e-02; Raychaudhuri feedback rate 4 pi G rho_ph |W'| ~ 1.93e+00 H
    0.25/1e+12/canonical: at r = 2509 kpc the gate's own force / gravity on the baryons ~ 8.09e-02; Raychaudhuri feedback rate 4 pi G rho_ph |W'| ~ 1.84e+00 H
    2.5/1e+11/canonical: at r = 141 kpc the gate's own force / gravity on the baryons ~ 1.41e-01; Raychaudhuri feedback rate 4 pi G rho_ph |W'| ~ 1.37e+01 H
  [PASS] (reported) A8 (reported) the gate's FIRST-order effects: its own force (d/dt of grad(B W')) and the feedback of the switch on the flow's expansion (more expansion -> less MOND -> more expansion) at the switch-on layer -- the printed ratios; a Hubble-time switch, not an ill-posedness
         measured: 0.25/1e+10/canonical: force/gravity 4.6e-02, feedback 2.0e+00 H; 0.25/1e+11/canonical: force/gravity 6.5e-02, feedback 1.9e+00 H; 0.25/1e+12/canonical: force/gravity 8.1e-02, feedback 1.8e+00 H; 2.5/1e+11/canonical: force/gravity 1.4e-01, feedback 1.4e+01 H

======================================================================================================================
W  THE LEDGER
======================================================================================================================
    XR36-a   DERIVED    the turnaround gate as an action term: sigma B W(theta_m/<K>_h) on a Lagrangian-coordinate (Brown/Schutz) fluid; theta_m = d ln J/dt, a velocity-dependent term with no Ostrogradsky mode  [A1]
    XR36-b   DERIVED    the theta gate adds NO static term: FP3 C1's density lemma and DE12's baryon-stiffness instability are escaped exactly (c_gate = 0)  [A1, K1, K2]
    XR36-c   DERIVED    the mirror lemma: well-posedness needs L convex in theta; MOND-on raises L at fixed fields in every formulation (K3), so a gate saturated on the turned-around side is concave at the switch-on  [A2, A3, K3]
    XR36-d   FAILS      the sharp theta = 0 gate and every saturated smooth gate: the compressive velocity symbol changes sign (a ghost with a pole), on all 24 of DE12's layers at k = 1/kpc  [A4, A5]
    XR36-e   CONSTRAINT a well-posed theta gate is either unsaturated (MOND x (1 + |x|/Delta_x) in contracting hosts: SPARC) or filtered on R >= R_min (galaxies to clusters: no single R); either adds a constant  [A6]
    XR36-f   CONSTRAINT MS1: the gate must read the baryon flow; the total-matter reading is switched off by the carrier's outstreaming daughters  [A7]

10/11 checks pass; load-bearing failures: 1   [1 s]
