XR8 (2/4) -- THE ORDER PARAMETER WITH ITS RADIAL MODE: HOW LIGHT MUST THE RADIAL MODE BE FOR THE FIELD TO PASS THROUGH
SHELL CROSSING?

WHY.  L374's condensate is a phase-only field: its dust density is slaved to the phase (rho = 2 P''(X0)(X - X0)), it has
  no amplitude that can pass through zero, and it fails at the first crossing.  L374's MUTATE -- a linear complex field
  with the same D and eps (Gross-Pitaevskii-Poisson) -- passes for W <= 1e-3.  The owner of L374 and the V0 writer (DF1,
  real_research/dark_fluid_2026/FL1_order_parameter.py, uncommitted) read both as limits of ONE superfluid order
  parameter Phi = sqrt(n) e^{i theta}: the condensate is its phase-only (Thomas-Fermi) limit, GP its full form.  What sets
  which limit applies is the order parameter's RADIAL (amplitude) mode.

THE RADIAL MASS.  For a complex scalar about its rotating state T = Omega t, R = R0 (the lead track's covariant clock,
  real_research/closure_push_2026_09_26/covariant_clock/RESULT.md section 3), the radial mode has mass mu^2 = V''(R0) -
  Omega^2 and the soft branch is omega_-^2 = (mu^2/A) k^2 + (16 Omega^4/A^3) k^4 + ..., A = mu^2 + 4 Omega^2.  Its
  non-relativistic limit (mu << Omega) is Bogoliubov's omega^2 = c_s^2 k^2 + D^2 k^4 with D = 1/(2 Omega) = hbar/2m and
  c_s = mu D (checked symbolically below, S1).  So at fixed de Broglie length (fixed D) the radial mass is
      m_r = mu = c_s / D = 1 / xi   (xi = the healing length),   W = c_s^2 / v0^2 = (m_r D / v0)^2,
  and a scan of L374's warmth W at fixed lambda IS a scan of m_r.  In L374's units (L = v0 = 1): m_r = 4 pi sqrt(W) /
  lambda (an inverse length); m_r v0 t_sc = 2 sqrt(W) L / lambda; the healing rate omega_h = c_s m_r = W v0^2 / D gives
  omega_h t_sc = 2 W L / lambda.  Heavy radial mode (m_r -> infinity at fixed D): the amplitude is slaved (Thomas-Fermi),
  the field is a pressure-supported phase-only fluid.  Light radial mode: the amplitude is free to go to zero.

THE TEST.  L374's problem, grid and pass rule; the wave form of the order parameter (Gross-Pitaevskii-Poisson, gamma = 2)
  scanned in W at lambda = L/100 and L/200, free-streaming and self-gravitating, plus its gamma = 3 version (a |psi|^6
  self-interaction: the order-parameter form of the P ~ X^{3/2} index).  nx = 2048 (checked against 4096 in C1).

PRE-DECLARED (before any run of this script).
  R1 [the radial-mass window]: the gamma = 2 order parameter tracks the collisionless answer (L374's rule) at every
     W <= 1e-3 and fails at every W >= 3e-2, in both tests at every lambda scanned.  (L374's MUTATE bracket: W = 1e-3
     tracked, W = 1e-2 failed free streaming by 6.4-6.6% and tracked with gravity.)  The largest tracking W on the scan
     (W_c) is reported per lambda with its m_r, m_r v0 t_sc and omega_h t_sc.
  R2 [the index does not matter when the radial mode is light]: the gamma = 3 order parameter tracks at W = 1e-3 in both
     tests (and is reported at W = 0.1).

  *** MUTATE=1: the radial mode is made heavy -- every W on the scan x 100 ***

  L374 source sha256 e3248164fc68b129...

====================================================================================================================
S1  the radial mass of the order parameter and the non-relativistic sound speed
====================================================================================================================
  [PASS] S1 SYMBOLIC: the gyroscopic soft branch gives c_s^2 = mu^2/(4 Omega^2) and D^2 = 1/(4 Omega^2) at mu << Omega, so c_s = mu D (the radial mass is the inverse healing length at fixed D)
         measured: k^2 coeff mu**2/(4*Omega**2 + mu**2) -> mu**2/(4*Omega**2); k^4 coeff 16*Omega**4/(4*Omega**2 + mu**2)**3 -> 1/(4*Omega**2)
  targets + SP done   [21s]
  27 order-parameter cells done   [91s]

====================================================================================================================
MISPLACED MASS of the order parameter vs the collisionless answer, by radial mass
====================================================================================================================
    gamma=2 free     L/100 W=0.01    (m_r =   125.7/L, xi = L/126, m_r v0 t_sc =  20.00, omega_h t_sc =  2.000): 1.50tsc 0.0398, 2.00tsc 0.0497, 3.00tsc 0.0656 | peak rho 30, h(peak) / (v0^2/2) = 0.597 | fails
    gamma=2 free     L/100 W=0.03    (m_r =   217.7/L, xi = L/218, m_r v0 t_sc =  34.64, omega_h t_sc =  6.000): 1.50tsc 0.0753, 2.00tsc 0.1078, 3.00tsc 0.1260 | peak rho 15, h(peak) / (v0^2/2) = 0.905 | fails
    gamma=2 free     L/100 W=0.1     (m_r =   397.4/L, xi = L/397, m_r v0 t_sc =  63.25, omega_h t_sc = 20.000): 1.50tsc 0.0512, 2.00tsc 0.1873, 3.00tsc 0.2152 | peak rho 7, h(peak) / (v0^2/2) = 1.33 | fails
    gamma=2 free     L/100 W=0.2     (m_r =   562.0/L, xi = L/562, m_r v0 t_sc =  89.44, omega_h t_sc = 40.000): 1.50tsc 0.0757, 2.00tsc 0.1655, 3.00tsc 0.2698 | peak rho 4, h(peak) / (v0^2/2) = 1.79 | fails
    gamma=2 free     L/100 W=0.3     (m_r =   688.3/L, xi = L/688, m_r v0 t_sc = 109.54, omega_h t_sc = 60.000): 1.50tsc 0.1462, 2.00tsc 0.1188, 3.00tsc 0.2663 | peak rho 4, h(peak) / (v0^2/2) = 2.2 | fails
    gamma=2 free     L/100 W=0.5     (m_r =   888.6/L, xi = L/889, m_r v0 t_sc = 141.42, omega_h t_sc = 100.000): 1.50tsc 0.2316, 2.00tsc 0.1832, 3.00tsc 0.1933 | peak rho 3, h(peak) / (v0^2/2) = 2.91 | fails
    gamma=2 free     L/100 W=1       (m_r =  1256.6/L, xi = L/1257, m_r v0 t_sc = 200.00, omega_h t_sc = 200.000): 1.50tsc 0.3226, 2.00tsc 0.3305, 3.00tsc 0.3054 | peak rho 2, h(peak) / (v0^2/2) = 4.5 | fails
    gamma=2 free     L/100 W=3       (m_r =  2176.6/L, xi = L/2177, m_r v0 t_sc = 346.41, omega_h t_sc = 600.000): 1.50tsc 0.4193, 2.00tsc 0.4748, 3.00tsc 0.4013 | peak rho 2, h(peak) / (v0^2/2) = 9.98 | fails
    gamma=2 free     L/100 W=10      (m_r =  3973.8/L, xi = L/3974, m_r v0 t_sc = 632.46, omega_h t_sc = 2000.000): 1.50tsc 0.4784, 2.00tsc 0.4477, 3.00tsc 0.3191 | peak rho 1, h(peak) / (v0^2/2) = 28.2 | fails
    gamma=2 free     L/200 W=0.1     (m_r =   794.8/L, xi = L/795, m_r v0 t_sc = 126.49, omega_h t_sc = 40.000): 1.50tsc 0.0509, 2.00tsc 0.1871, 3.00tsc 0.2152 | peak rho 7, h(peak) / (v0^2/2) = 1.33 | fails
    gamma=2 free     L/200 W=0.3     (m_r =  1376.6/L, xi = L/1377, m_r v0 t_sc = 219.09, omega_h t_sc = 120.000): 1.50tsc 0.1462, 2.00tsc 0.1189, 3.00tsc 0.2662 | peak rho 4, h(peak) / (v0^2/2) = 2.2 | fails
    gamma=2 free     L/200 W=0.5     (m_r =  1777.2/L, xi = L/1777, m_r v0 t_sc = 282.84, omega_h t_sc = 200.000): 1.50tsc 0.2316, 2.00tsc 0.1832, 3.00tsc 0.1933 | peak rho 3, h(peak) / (v0^2/2) = 2.91 | fails
    gamma=2 free     L/200 W=1       (m_r =  2513.3/L, xi = L/2513, m_r v0 t_sc = 400.00, omega_h t_sc = 400.000): 1.50tsc 0.3225, 2.00tsc 0.3304, 3.00tsc 0.3041 | peak rho 2, h(peak) / (v0^2/2) = 4.5 | fails
    gamma=2 free     L/200 W=3       (m_r =  4353.1/L, xi = L/4353, m_r v0 t_sc = 692.82, omega_h t_sc = 1200.000): 1.50tsc 0.4193, 2.00tsc 0.4747, 3.00tsc 0.4035 | peak rho 2, h(peak) / (v0^2/2) = 13.1 | fails
    gamma=2 gravity  L/100 W=0.1     (m_r =   397.4/L, xi = L/397, m_r v0 t_sc =  63.25, omega_h t_sc = 20.000): 2.14tsc 0.1257, 4.27tsc 0.2227, 7.12tsc 0.2387, 10.68tsc 0.2294 | peak rho 14, h(peak) / (v0^2/2) = 2.89 | fails
    gamma=2 gravity  L/100 W=1       (m_r =  1256.6/L, xi = L/1257, m_r v0 t_sc = 200.00, omega_h t_sc = 200.000): 2.14tsc 0.1347, 4.27tsc 0.3326, 7.12tsc 0.5133, 10.68tsc 0.2492 | peak rho 3, h(peak) / (v0^2/2) = 5.47 | fails
    gamma=2 gravity  L/100 W=3       (m_r =  2176.6/L, xi = L/2177, m_r v0 t_sc = 346.41, omega_h t_sc = 600.000): 2.14tsc 0.4083, 4.27tsc 0.2851, 7.12tsc 0.3389, 10.68tsc 0.2167 | peak rho 2, h(peak) / (v0^2/2) = 10.5 | fails
    gamma=2 gravity  L/200 W=0.1     (m_r =   794.8/L, xi = L/795, m_r v0 t_sc = 126.49, omega_h t_sc = 40.000): 2.14tsc 0.1260, 4.27tsc 0.2228, 7.12tsc 0.2387, 10.68tsc 0.2342 | peak rho 15, h(peak) / (v0^2/2) = 2.91 | fails
    gamma=2 gravity  L/200 W=1       (m_r =  2513.3/L, xi = L/2513, m_r v0 t_sc = 400.00, omega_h t_sc = 400.000): 2.14tsc 0.1337, 4.27tsc 0.3233, 7.12tsc 0.5140, 10.68tsc 0.2321 | peak rho 3, h(peak) / (v0^2/2) = 5.56 | fails
    gamma=2 gravity  L/200 W=3       (m_r =  4353.1/L, xi = L/4353, m_r v0 t_sc = 692.82, omega_h t_sc = 1200.000): 2.14tsc 0.4081, 4.27tsc 0.3186, 7.12tsc 0.2929, 10.68tsc 0.2260 | peak rho 3, h(peak) / (v0^2/2) = 15.6 | fails
    gamma=3 free     L/100 W=0.1     (m_r =   397.4/L, xi = L/397, m_r v0 t_sc =  63.25, omega_h t_sc = 20.000): 1.50tsc 0.1067, 2.00tsc 0.1770, 3.00tsc 0.2977 | peak rho 4, h(peak) / (v0^2/2) = 1.73 | fails
    gamma=3 free     L/100 W=10      (m_r =  3973.8/L, xi = L/3974, m_r v0 t_sc = 632.46, omega_h t_sc = 2000.000): 1.50tsc 0.4751, 2.00tsc 0.4527, 3.00tsc 0.3130 | peak rho 1, h(peak) / (v0^2/2) = 22.2 | fails
    gamma=3 gravity  L/100 W=0.1     (m_r =   397.4/L, xi = L/397, m_r v0 t_sc =  63.25, omega_h t_sc = 20.000): 2.14tsc 0.0946, 4.27tsc 0.4583, 7.12tsc 0.5381, 10.68tsc 0.4758 | peak rho 7, h(peak) / (v0^2/2) = 4.69 | fails
    gamma=3 free     L/100 W=0.01    (m_r =   125.7/L, xi = L/126, m_r v0 t_sc =  20.00, omega_h t_sc =  2.000): 1.50tsc 0.0587, 2.00tsc 0.1208, 3.00tsc 0.1680 | peak rho 10, h(peak) / (v0^2/2) = 1.01 | fails [post hoc]
    gamma=3 free     L/100 W=0.001   (m_r =    39.7/L, xi = L/40, m_r v0 t_sc =   6.32, omega_h t_sc =  0.200): 1.50tsc 0.0099, 2.00tsc 0.0499, 3.00tsc 0.1081 | peak rho 24, h(peak) / (v0^2/2) = 0.567 | fails [post hoc]
    gamma=3 gravity  L/100 W=0.01    (m_r =   125.7/L, xi = L/126, m_r v0 t_sc =  20.00, omega_h t_sc =  2.000): 2.14tsc 0.1494, 4.27tsc 0.3461, 7.12tsc 0.2286, 10.68tsc 0.2902 | peak rho 15, h(peak) / (v0^2/2) = 2.34 | fails [post hoc]
    gamma=3 gravity  L/100 W=0.001   (m_r =    39.7/L, xi = L/40, m_r v0 t_sc =   6.32, omega_h t_sc =  0.200): 2.14tsc 0.0703, 4.27tsc 0.1988, 7.12tsc 0.2196, 10.68tsc 0.2782 | peak rho 39, h(peak) / (v0^2/2) = 1.53 | fails [post hoc]

====================================================================================================================
CHECKS
====================================================================================================================
  [PASS] C2 UNITARITY: the wave field's norm is conserved to 1e-10 in every run
         measured: max |norm - 1| 3.3e-12

====================================================================================================================
R1  THE RADIAL-MASS WINDOW (set before any run)
====================================================================================================================
    free     L/100: tracks at W = []; fails at ['0.01', '0.03', '0.1', '0.2', '0.3', '0.5', '1', '3', '10']
    gravity  L/100: tracks at W = []; fails at ['0.1', '1', '3']
    free     L/200: tracks at W = []; fails at ['0.1', '0.3', '0.5', '1', '3']
    gravity  L/200: tracks at W = []; fails at ['0.1', '1', '3']
  [FAIL] R1: the gamma = 2 order parameter tracks at every W <= 1e-3 and fails at every W >= 3e-2 (both tests, every lambda scanned)
         measured: {'free|L/100': 'nothing tracks', 'gravity|L/100': 'nothing tracks', 'free|L/200': 'nothing tracks', 'gravity|L/200': 'nothing tracks'}
         reading:  the window's pre-declared edges do not hold in this run -- see the table
  [FAIL] R2: the gamma = 3 order parameter (|psi|^6, the P ~ X^{3/2} index) tracks at W = 1e-3 in both tests
         measured: {'free|W=0.1': False, 'free|W=10': False, 'gravity|W=0.1': False}
         reading:  FALSIFIED: at the same sound speed at rho_bar the gamma = 3 order parameter does not track -- the index matters (see the post-hoc item below)
  [PASS] W (post hoc, after R2 failed; not load-bearing): the gamma = 3 order parameter at lower W, and the self-interaction energy at the densest caustic point, h(rho_peak), against the streams' kinetic energy v0^2/2
         measured: gamma = 3: {'free|W=0.01': 'fails, h_peak/(v0^2/2) = 1.01', 'free|W=0.001': 'fails, h_peak/(v0^2/2) = 0.567', 'gravity|W=0.01': 'fails, h_peak/(v0^2/2) = 2.34', 'gravity|W=0.001': 'fails, h_peak/(v0^2/2) = 1.53'}; largest h_peak/(v0^2/2) among tracking gamma = 2 cells nan
         reading:  gamma = 3 needs W ~ 100x below gamma = 2's (free <= 1e-4, self-gravitating <= 1e-5, against 5e-3 / 1e-2): its |psi|^6 interaction grows as rho^2 where streams pile up.  In free streaming both indices change verdict near h(rho_peak) ~ 0.2-0.6 of v0^2/2; with gravity they do not share one threshold, so no single number (W at rho_bar or h at the caustic peak) is index-independent in this scan

====================================================================================================================
VERDICT
====================================================================================================================
  3/5 checks pass; load-bearing failures: 2; wrote XR8_order_parameter_scan_MUTATE_results.json   [91s]
rc=1

real	1m31.783s
user	1m11.945s
sys	0m2.622s
