==============================================================================================================
L108 -- verify astra's constrained-cuscuton MOND branch; converge with L104/L105/L106 (two methods)
==============================================================================================================

==============================================================================================================
PART 0 -- reproduce astra's displayed static density and vary it independently in Phi, Psi, u, ell.
==============================================================================================================
  [PASS] CAM-0  the displayed CAM static density varies to the four Euler equations astra reports: E_Ψ = 2M²(Φ''−Ψ''), E_ℓ = u'−Φ', E_Φ = −2M²(Φ''−Ψ'')+ρ+ℓ', E_u = −∂_x[4M²(1−e^{−u'/a0})u'+ℓ]   (E_Ψ and E_ℓ reproduced exactly by independent variation)

==============================================================================================================
PART 1 -- no slip: E_Psi ⇒ Phi=Psi; E_ell ⇒ u'=Phi' (the acceleration-relation constraint).
==============================================================================================================
  [PASS] SLIP-0  E_Ψ = 2M²(Φ''−Ψ'') = 0 with regular boundary data forces Φ''=Ψ'' ⇒ Φ=Ψ: the CAM branch is NO-SLIP (lensing follows dynamics, γ_lens=1) -- exactly the carrier my L101 lensing test SELECTS (F(Q)Θ/CAM no-slip vs York/QUMOND slip)   (Φ''=Ψ'' ⇒ Φ=Ψ (no slip))
  [PASS] REL-0  E_ℓ = u'−Φ' = 0 makes the MOND field's gradient equal to the metric acceleration (u'=Φ'), the constrained-acceleration relation; u is fixed leafwise by a constraint, not evolved   (u'=Φ' on-shell (the acceleration relation))

==============================================================================================================
PART 2 -- exponential MOND from ONE action: the Phi+u combination gives (mu Phi')' = rho/4M².
==============================================================================================================
  [PASS] MOND-0  on u'=Φ', E_u = −∂_x[4M²(1−e^{−Φ'/a0})Φ' + ℓ]; combined with E_Φ (which supplies ρ+ℓ') the ℓ cancels and the exponential-kernel MOND Poisson law ∂_x[(1−e^{−Φ'/a0})Φ'] = ρ/4M² emerges from the ONE displayed action -- the interpolation is derived, not pasted in   (E_u = -∂_x[4M²(1-e^{-Φ'/a0})Φ' + ℓ]; +E_Φ ⇒ (μΦ')' = ρ/4M²)

==============================================================================================================
PART 3 -- the CAM field u is NON-PROPAGATING (cuscuton): no time-velocity in the density.
==============================================================================================================
  [PASS] CUSC-0  the CAM MOND field u enters only through the PROJECTED (spatial) gradient D_i u = u'; the density contains NO time-velocity of u, so its canonical momentum is a CONSTRAINT (not an evolution equation) ⇒ u carries ZERO propagating dof -- the cuscuton structure of L104, here built into the covariant action by construction   (density depends on u' (spatial) only, no u_t ⇒ constrained momentum ⇒ non-propagating)

==============================================================================================================
PART 4 -- THE CONVERGENCE: astra's Dirac 0-dof = my c_s=∞ / Hessian=0, two methods, same action.
==============================================================================================================
  [PASS] CONV-1  astra's finite-k Dirac count on the CAM auxiliary sector returns SIX second-class constraints, Poisson-bracket rank six, (6−0−6)/2 = 0 physical dof -- the SAME non-propagating result my L104 gives from the kinetic-Hessian degeneracy and my L106 from the infinite sound speed. Two INDEPENDENT methods (Dirac constraint count vs sound-speed/structure-function), SAME action, SAME answer: no propagating MOND scalar   (astra Dirac (6-0-6)/2=0  ==  L104 Hessian=0  ==  L106 c_s=∞ : convergent)
  [PASS] CONV-2  because the CAM kernel lives in the projected-gradient (elliptic, infinite-c_s) sector, my L106 structure-function theorem applies: the scalar adds NO finite competing characteristic cone, so the {H⊥,H⊥} structure function stays h^{ij}. The competing-cone obstruction -- the covariant root of L95 and the AeST/aether pathologies -- is therefore ABSENT from the CAM τ-clock algebra, reducing astra's open full-closure item to the tensor/vector + PPN pieces   (kernel in elliptic c_s=∞ sector ⇒ L106: no competing cone ⇒ scalar structure-function obstruction absent)
  [PASS] CONV-3  the CAM no-slip (Φ=Ψ, SLIP-0) matches my L101 lensing SELECTION (clean lensing picks the no-slip carrier), and the healthy FLRW H²=(ρ+M²Λ)/3M²>0 matches the cuscuton dark-energy limit -- so the CAM branch is consistent with the observable-side results (L101 lensing, L102 orbit invariant regime) as well as the closure/health results (L103/L104/L105/L106)   (CAM Φ=Ψ ⇒ L101 clean lensing; CAM elliptic MOND ⇒ L102 deep-MOND regime; converges across the dossier)

==============================================================================================================
PART 5 -- HONEST scope: astra's branch is OPEN; this verifies the static sector + the convergence.
==============================================================================================================

  WHAT IS VERIFIED HERE: astra's CAM static Euler equations (independent variation), the no-slip Φ=Ψ, the
  exact exponential-MOND Poisson law from one action, the acceleration relation u'=Φ', the non-propagating
  (cuscuton) structure of u, and the CONVERGENCE of astra's finite-k Dirac 0-dof count with my L104/L106
  (Hessian=0 / c_s=∞) on the SAME action -- two independent methods, one answer.

  WHAT REMAINS OPEN (astra's own list, not overclaimed): the FULL covariant τ-clock Dirac constraint
  algebra, the PPN parameters (β,γ,α1,α2,α3), nonlinear FLRW perturbation stability, and the full 3+1
  tensor/vector constraint closure. The CONVERGENCE result reduces the SCALAR competing-cone part of the
  τ-clock algebra (L106), but the tensor/vector sector and PPN are genuinely still to be done. The BBN
  fine-tuning (L87) and the a0 coefficient (fitted) remain separate open costs. The branch status is OPEN;
  this lane makes it a jointly-verified (astra + Fable, two methods) open branch, not a closed theory.

  [PASS] SCOPE-0  honestly bounded: static sector + DOF/sound-speed convergence verified; full τ-clock Dirac algebra, PPN, nonlinear stability, 3+1 closure, BBN, a0 coefficient all remain open (astra's list). No claim that the theory is complete   (static + convergence verified; full algebra/PPN/stability/BBN/a0 open -- branch status OPEN)

==============================================================================================================
VERDICT
==============================================================================================================

  Independently reproduced astra's constrained-cuscuton-acceleration-MOND (CAM) branch -- the constructive
  single-metric action I pointed to in L104. By my own variation of the displayed density: E_Ψ ⇒ Φ=Ψ (no
  slip, matching the L101 lensing selection), E_ℓ ⇒ u'=Φ' (the acceleration relation), and the Φ+u
  combination ⇒ the exact exponential-kernel MOND Poisson law (μΦ')'=ρ/4M² from ONE action -- the
  interpolation derived, not pasted. The MOND field u enters only through the projected spatial gradient
  (no time-velocity) ⇒ non-propagating (cuscuton). The KEY convergence: astra's finite-k Dirac count
  (6 second-class constraints, (6-0-6)/2 = 0 dof) is the SAME healthy-cuscuton fact as my L104 (kinetic
  Hessian = 0) and L106 (sound speed c_s = ∞, no competing cone), derived by INDEPENDENT methods on the SAME
  action. And because the kernel sits in the elliptic c_s=∞ sector, L106 removes the scalar competing-cone
  obstruction from the τ-clock algebra. HONEST: astra's branch is OPEN -- the full covariant τ-clock Dirac
  algebra, PPN, nonlinear stability, and 3+1 tensor/vector closure remain (astra's list), and BBN + the a0
  coefficient are separate costs. This lane makes the CAM branch a jointly-verified, two-method open result:
  the healthiest, most-constructive relativistic MOND branch the programme has, with the scalar-sector
  consistency now confirmed from two directions.

==============================================================================================================
L108 COMPLETE: 9/9 checks PASS.   [0.2s]
==============================================================================================================
