================================================================================================================
L123 -- decisive CMB verdict: pure MOND is a no-go (rigorous); the ghost is separable; hybrid is the route
================================================================================================================

================================================================================================================
PART 0 -- PURE-MOND CMB NO-GO: the non-propagating MOND field has ZERO background density on FLRW.
================================================================================================================
  [PASS] NOGO-1  on FLRW, homogeneity forces the MOND field's spatial gradient ∇φ=0 ⇒ y=0 ⇒ Q(0)=0 EXACTLY ⇒ ρ_φ(FLRW)=2M²a₀²Q(0)=0. The leaf-projected-gradient structure that removes the ghost/BBN (∇φ→0 on FLRW) is the SAME fact that removes the dust: the health branch has ZERO cosmological MOND density   (Q(0) = 0 ⇒ ρ_φ(FLRW)=0 (no a⁻³ density from the non-propagating MOND field))
  [PASS] NOGO-2  the third peak needs a DECOUPLED non-oscillating a⁻³ well; any elliptic field sourced by matter has δρ ALGEBRAICALLY slaved to matter ⇒ it OSCILLATES with the photon-baryon fluid and cannot supply that well. So NO non-propagating field (a 2nd one included) makes the third peak -- a rigorous no-go for pure MOND (the 'no dark matter, all gates' dream is closed)   (slaved elliptic δρ oscillates with baryons ⇒ no decoupled well ⇒ pure MOND fails the 3rd peak (rigorous))

================================================================================================================
PART 1 -- the CONFORMAL-GHOST horn is SEPARABLE: a dust with η_dust=0 adds 0 to the ghost bracket.
================================================================================================================
  [PASS] SEP-1  the L117 conformal-ghost bracket is {p_n,S_n}=−2M²k²η, η = coefficient of MOND sourced from the LAPSE. A dark sector that does NOT source MOND from the lapse (η_dust=0) contributes ZERO: −2M²k²·0=0. So 'CMB a⁻³ dust ⟺ conformal ghost' is FALSE -- the ghost was a lapse-sourcing artifact, NOT a property of an a⁻³ density. A CMB-safe theory is NOT blocked by the ghost   ({p_n,S_n}|_{η_dust=0} = 0 ⇒ a decoupled a⁻³ dust does NOT re-liberate the conformal ghost (separable))

================================================================================================================
PART 2 -- k-essence STIFF genericity (generalizes L87): dust and stiff share the charge for finite c_s.
================================================================================================================
    canonical P=X         : rho(X) = X,  2X P_XX + P_X = 1
    cuscuton P=sqrt(2X)   : rho(X) = 0,  2X P_XX + P_X = 0
  [PASS] STIFF-1  canonical k-essence (P=X): ρ=X ∝ φ̇² ∝ n² (quadratic in the charge) ⇒ an a⁻⁶ STIFF term is generic; and 2X P_XX+P_X = 1 (finite), so d²ρ/dn²=2/1≠0. The a⁻³ dust and a⁻⁶ stiff SHARE the charge for any finite-c_s shift-symmetric k-essence (L87 generalized beyond F(Q)Θ)   (canonical: ρ=X∝n² (stiff), 2XP_XX+P_X=1 (finite ⇒ d²ρ/dn²≠0 ⇒ stiff generic))
  [PASS] STIFF-2  the ONLY escape is the cuscuton limit (P=√X): 2X P_XX+P_X → 0 (d²ρ/dn²→∞ handled as the constrained limit) ⇒ ρ=const (dark-energy-like), which has NO a⁻⁶ stiff BUT ALSO NO a⁻³ dust. So 'no stiff' ⟺ 'no dust' -- you cannot get a healthy (stiff-free) a⁻³ clustering dust from a shift-symmetric scalar; only literal particle DM (ρ=mn) is stiff-free AND clustering   (cuscuton: 2XP_XX+P_X=0 (⇒ no stiff AND no dust); particle DM is the stiff-free clustering option)

================================================================================================================
PART 3 -- THE VERDICT and the viable route.
================================================================================================================

  DECISIVE VERDICT (Axis 4 resolved):
   * PURE MOND (the health branch alone) is a CONFIRMED CMB NO-GO. A non-propagating MOND field has zero
     cosmological density (ρ_φ(FLRW)=0) and any elliptic matter-sourced field is slaved (oscillates with the
     baryons), so it cannot supply the decoupled a⁻³ clustering well the third peak needs. The dream of "no
     dark matter, all gates" is closed for this class -- rigorously.
   * BUT the conformal ghost is SEPARABLE: a dark sector with η_dust=0 (not sourcing MOND from the lapse)
     adds nothing to the ghost bracket. So a CMB-safe theory is NOT blocked by the ghost.
   * THEREFORE the viable route is HEALTHY MOND (the health branch, for galaxies + lensing + Solar System) +
     a SEPARATE, DECOUPLED, PROPAGATING dark sector (for the CMB/clusters/growth). This is a HYBRID:
     MOND-for-galaxies + a minimal dark component for cosmology (the νHDM / "MOND + sterile-ν" direction).

  THE HONEST COSTS of the hybrid (what the separate dark sector must survive):
   - if a SCALAR (shift-symmetric k-essence) dust: it carries a generic a⁻⁶ BBN tail (STIFF-1; killed only by
     tuning or the cuscuton limit that also kills the dust) -- a BBN check;
   - if PARTICLES (massive/sterile ν, ρ=mn): stiff-free and clustering, but must be smooth on galaxy scales
     to evade the L61 excess-spent-once overshoot (~1.69×) and satisfy the RAR/N_eff/cluster mass windows;
   - either way it must independently pass PPN α₁ (which killed AeST via its vector -- a vector-free
     cuscuton-clock realization is the open question), and the third-peak fit needs a real Boltzmann run.

  So: NO clean kill of the broader programme, and NO free rescue of pure MOND. The theory that threads ALL
  gates is "healthy MOND + a minimal decoupled dark sector," not pure MOND -- and its remaining work is that
  dark sector's BBN/PPN/Boltzmann checks.

  [PASS] VERDICT-1  Axis 4 resolved: PURE MOND is a rigorous CMB no-go (ρ_φ(FLRW)=0 + slaving); the ghost is SEPARABLE (η_dust=0); the viable all-gates theory is HEALTHY MOND + a separate decoupled propagating dark sector (hybrid), with honest costs (BBN tail for a scalar dust, or galaxy overshoot for particles, + PPN α₁ + a Boltzmann run)   (pure MOND CMB no-go; ghost separable; viable = healthy MOND + minimal decoupled dark sector (hybrid))
  [PASS] SCOPE-1  honestly bounded: the pure-MOND CMB no-go is rigorous at the background/slaving level; the hybrid route is viable in principle (ghost-free) but its dark sector's third-peak fit (Boltzmann), BBN tail, PPN α₁, and galaxy-smoothness are the remaining open computations   (no-go rigorous; hybrid viable but its dark-sector BBN/PPN/Boltzmann checks remain open)

================================================================================================================
VERDICT
================================================================================================================

  Axis 4 (cosmology) -- the last open axis of the parameter-space reduction -- is now decided. PURE MOND (the
  health branch by itself) CANNOT make the CMB third peak: the non-propagating MOND field has zero
  cosmological density (Q(0)=0 ⇒ ρ_φ(FLRW)=0), and any elliptic matter-sourced field is slaved to the baryons
  (oscillates with them) so cannot supply the decoupled a⁻³ clustering well the third peak requires -- a
  rigorous no-go closing the 'no dark matter, all gates' dream for this class. Crucially, though, the
  conformal ghost is SEPARABLE ({p_n,S_n}=−2M²k²η vanishes for a dust with η_dust=0), so a CMB-safe theory is
  NOT blocked by the ghost. The theory that threads every gate is therefore a HYBRID: the healthy MOND branch
  for galaxies/lensing/Solar-System + a SEPARATE, decoupled, propagating dark sector for the CMB/clusters --
  MOND-for-galaxies plus a minimal dark component, not pure MOND. Honest costs: a scalar dust carries a
  generic a⁻⁶ BBN tail (k-essence stiff genericity, L87 generalized); particle DM must be galaxy-smooth
  (L61) and pass the ν pincer; either must pass PPN α₁ and a real Boltzmann third-peak run. No clean kill of
  the programme, no free rescue of pure MOND -- the viable target is now precisely defined.

================================================================================================================
L123 COMPLETE: 7/7 checks PASS.   [0.0s]
================================================================================================================
