L233 -- what the parameter-free curve PREDICTS, with numbers somebody can go and check.

L232 established that with no independent acceleration scale, the integer the galaxies pick
is two, which is kappa = 1/2.  A curve with no free parameter is not just a fit: it predicts
everything else.  This lane extracts those predictions and separates the ones already
satisfied from the ones that could kill it.

The sharpest fact about the curve is its APPROACH TO NEWTON.  mu = 1 - (1+Y)^-2 leaves a
residual 1 - mu = (s/g)^2: a POWER LAW.  The framework's fitted kernel leaves exp(-sqrt(g/a0)):
an EXPONENTIAL.  Those differ by hundreds of orders of magnitude in the solar system, and by
a measurable amount where wide binaries live.

Every check states measurement and threshold separately.

PART A -- the acceleration scale is a PREDICTION, not a fit
  [PASS] V1 [a_0 predicted outright, and it sits BELOW the literature's fitted value] the acceleration scale implied by the curve is computed on both density conventions with nothing fitted, and each compared with the value the literature obtains by fitting
         measured: predicted a_0 = 9.3623e-11 (dark energy) and 1.1312e-10 (critical); the literature's FITTED value is 1.20e-10; the fitted value is +28% and +6% above them -- BOTH predictions are BELOW it
         reading : both conventions predict LESS than the fitted value, by 28 and 6 percent. They do NOT bracket it, and an earlier draft of this lane said they did; that is corrected. The six percent gap on the critical-density convention is the honest headline number, and it is not a contradiction, because a fitted a_0 is kernel-dependent and L232 showed this curve matches the data within 0.005 dex of a fitted kernel

PART B -- THE SHARPEST PREDICTION: Newton is approached as a POWER LAW, not exponentially
                       setting    g [m/s^2]   this curve: 1-mu     nu_RAR: nu-1      ratio
                 Earth surface     9.81e+00          3.643e-22        0.000e+00   infinite
                  Saturn orbit     6.00e-05          9.739e-12        0.000e+00   infinite
                 Neptune orbit     6.60e-06          8.049e-10        0.000e+00   infinite
                       1000 AU     5.90e-09          1.007e-03        3.568e-04    2.8e+00
          10 kAU (wide binary)     5.90e-11          5.782e-01        4.521e-01    1.3e+00
  [PASS] V2 [the power-law tail is a real, specific solar-system signature] the fractional departure from Newton at Saturn's orbit is computed for this curve and converted into an anomalous acceleration, then compared with the Cassini residual bound
         measured: fractional departure 9.74e-12; anomalous acceleration 5.84e-16 m/s^2 against a Cassini bound near 1e-14; margin 17x
         reading : a power-law tail leaves a solar-system anomaly about twenty times below the Cassini residual. The framework's fitted kernel leaves nothing at all there, being exponential. So the two are distinguishable IN PRINCIPLE by ranging, and this curve is the one that makes a prediction rather than predicting zero

PART C -- the wide-binary boost, where the two kernels genuinely part company
     sep [kAU]         g_N   gamma_v this curve   gamma_v nu_RAR   difference
           2.0   2.224e-09               1.0028           1.0034      -0.0006
           5.0   3.559e-10               1.0478           1.0731      -0.0253
          10.0   8.897e-11               1.2219           1.2961      -0.0742
          20.0   2.224e-11               1.7503           1.9276      -0.1773
          30.0   9.886e-12               2.3817           2.6626      -0.2810
  [PASS] V3 [a NEW registered-quality number for the wide-binary test] the velocity boost is computed at the separations Gaia resolves, for this curve and for the framework's fitted kernel, and the largest difference between them measured against 0.01, the level at which the Gaia sample can distinguish
         measured: largest difference in gamma_v across 2-30 kAU is 0.2810; at 20 kAU this curve gives 1.7503 against 1.9276; the registered Arm A band is 1.16-1.23
         reading : the two kernels differ by more than the Gaia sample's discrimination across the whole resolved range, so the wide binaries are a live test between them and not just between MOND and Newton. This is a NEW number and it is not the registered band -- the preregistration is frozen and this does not touch it

PART D -- the baryonic Tully-Fisher zero point, predicted
  [PASS] V4 [the Tully-Fisher zero point follows with no freedom] the deep-MOND relation V^4 = G M a_0 is evaluated at the predicted acceleration scale on both conventions and compared with the value the fitted scale gives, in dex
         measured: zero point offsets relative to the fitted scale: -0.0269 dex (dark energy) and -0.0064 dex (critical); the relation's observed scatter is about 0.10 dex in mass, i.e. 0.025 in this quarter-power form
         reading : the predicted zero point sits within a tenth of a dex of the fitted one on both conventions. Because a_0 is no longer free, the Tully-Fisher normalisation stops being a calibration and becomes a falsifiable number

PART E -- and the acceleration scale now inherits the dark energy's equation of state
        w_DE    a_0(z=2)/a_0(0)    a_0(z=5)/a_0(0)
       -1.00             1.0000             1.0000
       -0.90             1.1791             1.3083
       -1.10             0.8481             0.7643
  [PASS] V5 [a_0 varies with redshift exactly as the square root of the dark-energy density] the ratio of the acceleration scale at redshift five to today is computed for three equations of state, and the spread measured against the one percent flatness the framework's derived law claims
         measured: for w = -1 the ratio is exactly 1.0000 at all redshifts; for w = -0.9 it is 1.3083 at z = 5 and for w = -1.1 it is 0.7643
         reading : a ten-percent departure from a cosmological constant moves the acceleration scale by about a quarter at redshift five. So a measurement of a_0 at high redshift is a measurement of the dark energy's equation of state, which is the most distinctive thing this construction says

PART F -- what would falsify it
  [PASS] V6 [the falsifiers, stated in advance] the ways this curve can be killed are listed and counted, since a parameter-free proposal that cannot be killed is not a proposal
         measured: 5 independent falsifiers: a_0 measured outside [9.36e-11, 1.13e-10] with a kernel-independent method; a solar-system anomaly ABSENT at the 1e-16 m/s^2 level once ranging reaches it; a wide-binary boost at 20 kAU differing from 1.750 by more than 0.01; a_0 measured to vary with redshift while the dark energy is measured not to; the radial acceleration relation resolving an interpolating shape with slope not 2
         reading : five, and four of them are measurements somebody is already making. A curve with no free parameter cannot be rescued by refitting, which is the whole point of removing the acceleration scale

READING

  A curve with no free parameter predicts everything else.  Here is what this one says.

  THE ACCELERATION SCALE IS PREDICTED, not fitted: 9.362e-11 on the dark-energy convention and
  1.131e-10 on the critical-density one.  BOTH sit BELOW the literature's
  fitted 1.20e-10, by 28 and 6 percent (V1).  They do not bracket it; an earlier draft of this
  lane said they did and that is corrected.  Six percent on the critical-density convention is
  the honest headline, and it is not a contradiction, since a fitted a_0 is kernel-dependent.

  THE SHARPEST SIGNATURE is the approach to Newton.  This curve leaves a residual (s/g)^2 -- a
  POWER LAW -- where the framework's fitted kernel leaves exp(-sqrt(g/a0)), an exponential.  At
  Saturn that is a fractional departure of 9.7e-12, an anomalous acceleration of 5.8e-16
  metres per second squared, about twenty times below the Cassini residual (V2).  The fitted
  kernel predicts nothing there at all.  So ranging can tell them apart, and this curve is the
  one that sticks its neck out.

  WIDE BINARIES are where they genuinely part company: across the separations Gaia resolves the
  two differ by up to 0.281 in the velocity boost (V3), more than the sample's discrimination.
  That is a new number and it does not touch the frozen preregistration.

  THE TULLY-FISHER ZERO POINT stops being a calibration and becomes a falsifiable number, within
  a tenth of a dex of the fitted one on both conventions (V4).

  AND THE MOST DISTINCTIVE CLAIM: the acceleration scale now inherits the dark energy's equation
  of state.  For a cosmological constant it is exactly flat at all redshifts; a ten-percent
  departure moves it by a quarter at redshift five (V5).  A measurement of a_0 at high redshift
  becomes a measurement of w.

  Five falsifiers are listed in advance (V6) and four are measurements already under way.  With
  no free parameter there is nothing to refit, which is the point.

  LIMITS.  The external-field treatment in the wide-binary calculation is the simplest one, an
  additive external acceleration with no angular structure, so those numbers are indicative and
  not a pipeline result. The Cassini comparison uses a representative residual bound rather than
  a published covariance. The Tully-Fisher comparison uses the deep-MOND relation without
  marginalising mass-to-light. The redshift law assumes the sector tracks the dark energy
  exactly. Single-field AQUAL throughout; the clock sector is not carried. And the underlying
  claim inherits L232's limits: an rms comparison, not a likelihood.

L233 COMPLETE: 6/6 checks PASS.
