======================================================================================================================
L68 -- DIPOLAR DARK MATTER: does the ONE emergent class whose phantom is real gravitating mass pass lensing, and does it live?
======================================================================================================================
a0 footings: canonical 9.3619e-11, alt 1.1279e-10 m/s^2;  sqrt(Omega_L) H0 c = 5.4197e-10 m/s^2  (the Lambda acceleration scale)

======================================================================================================================
PART A -- CONTROLS
======================================================================================================================
A.1  Mode counts, Dirac's formula N = (P - 2F - S)/2.
  [PASS] A1  control: GR = 2, GR + scalar = 3, khronometric = 3, Einstein-aether = 5   (2, 3, 3, 5)

A.2  L61's overshoot and ceilings, rebuilt from SPARC with the same selection.
      SPARC loaded from real_research/data/sparc_data: 155 galaxies, 2786 points
      eta = 1, baryon-sourced kernel, 2059 deep-MOND points: median g_pred/g_obs = 1.692   (L61 B1: 1.692)
  [PASS] A2  control: L61's overshoot reproduces -- median g_pred/g_obs = 1.692 at eta = 1 on the deep-MOND points   (1.692)
      eta ceilings: eps = 1: 0.355/0.276;  eps = 0: 0.582/0.486   (L61 B2: 0.355/0.276, 0.582/0.486)
  [PASS] A3  control: L61's cold-fraction ceilings reproduce (0.355/0.276 total-sourced, 0.582/0.486 baryon-sourced)

A.3  KiDS-1000 lensing RAR (Brouwer et al. 2021), read with the repository's own conversion.
      isolated lenses, 15 bins: overlap (g_bar >= 1e-12, 3 bins) max |dev from nu_RAR(1.2e-10)| 0.09/0.06 dex; across the four mass bins at 30-300 kpc spread 0.033 dex (UNIVERSAL)
  [PASS] A4  control: at the SPARC-KiDS overlap the isolated lensing RAR sits on nu_RAR(1.2e-10) to < 0.1 dex (raw and hot-gas-corrected), and across the four stellar-mass bins at 30-300 kpc it is universal to < 0.1 dex (Brouwer et al. 2021's own statements)   (overlap max |dev| 0.09/0.06 dex; across-bin spread 0.033 dex)

A.4  L67's SUPERFLUID lensing numbers, rebuilt: the phonon force with no lensing counterpart gives M_dyn/M_lens ~ 5-7 where the
     measurement is 1.02.  This is the number dipolar dark matter must BEAT to be a genuine structural difference.
      MEASURED M_dyn/M_lens at the SPARC-KiDS overlap (249 points): 1.02 raw, 1.02 hot-gas-corrected
      L67 SUPERFLUID predicted at the overlap: 5.64-6.46  (L67 E1b: 5.17-6.65); all-deep median 3.05-3.47 (L67: >= 2.96)
  [PASS] A5  control: L67's superfluid lensing numbers reproduce -- measured M_dyn/M_lens 1.02, superfluid predicts 5.2-6.7 at the overlap (the phonon force has no lensing counterpart)   (measured 1.02; superfluid 5.64-6.46)

A.5  BLANCHET & LE TIEC's own result, DERIVED from their stated action before it is used.
     The dipolar medium (Blanchet & Le Tiec 2009; Famaey & McGaugh 2012 sec 7.2) has, in the Newtonian limit:
       Poisson :  div g = -4 pi G (rho_b + sigma - div Pi)     [Pi = polarisation; sigma = monopole mass density]
       internal:  w(Pi) = g                                    [w = dW/dPi, the internal restoring force = the field]
     Weak clustering (sigma smooth) makes sigma cancel Lambda on the background and drop out of galaxy gradients, so
     the phantom is the polarisation charge -div(Pi) alone.  Write y = 4 pi G Pi (an acceleration).  Then g = g_b + y
     (Poisson, integrated), and the medium sits near PERFECT ANTI-SCREENING y ~ g: MOND is the small deviation g_b.
      internal potential W(Pi) = 2 pi G Pi^2 + (4 pi G)^2 Pi^3/(3 a0)  =>  w(Pi)=dW/dPi = 4 pi G Pi + (4 pi G)^2 Pi^2/a0
      eliminating the polarisation:  g = g_b + sqrt(a0 g_b) = g_b * nu(g_b/a0),  nu = sqrt(a0)/sqrt(g_b) + 1
      deep-MOND limit g/sqrt(a0 g_b) -> 1 (Milgrom sqrt law);  Newtonian limit g/g_b -> 1 (mu -> 1)
      mu(x) at x = g/a0 = 1e-03:0.001, 1e-02:0.010, 1e-01:0.084, 1e+00:0.382, 1e+01:0.730, 1e+02:0.905  (mu -> x deep, mu -> 1 Newtonian)
  [PASS] A6  control: Blanchet & Le Tiec's polarisation law reproduces Milgrom's mu-function from their stated action -- W(Pi)=2piG Pi^2 + (4piG)^2 Pi^3/3a0 gives g = g_b + sqrt(a0 g_b), i.e. mu -> x (deep) and mu -> 1 (Newtonian)   (mu(1e-3) = 0.0010 ~ x; mu(100) = 0.905 ~ 1)
      the a0-Lambda tie the model shares with the framework: a0 = sqrt(Omega_L) H0 c/(2 pi) = 8.63e-11 m/s^2 = 0.92 a0 -- a0 IS proportional to sqrt(Lambda) ~ H(z), the framework's own surviving prediction (not a new liability)

======================================================================================================================
PART C -- HYPOTHESIS (a): with the dark medium removed, does the MOND force vanish?
======================================================================================================================
The MOND enhancement on baryons is the phantom field of the polarisation charge, g - g_b = 4 pi G Pi = y.  The
polarisation Pi = sigma |xi| exists only where the medium exists: no dipolar medium, no dipole moment, no
polarisation charge, no phantom.  Symbolically the anomaly is A_K = 4 pi G Pi and Pi -> 0 as the medium -> 0.
  [PASS] C1  hypothesis (a) FAILS for dipolar dark matter: the MOND force is A_K = 4 pi G Pi = 4 pi G sigma |xi|, which vanishes identically when the medium sigma -> 0 -- there is no kernel that works with the dark component off   (A_K(sigma = 0) = 0; MOND is EMERGENT FROM the medium, exactly the hatch L61 leaves open)
      So dipolar dark matter is IN the emergent class (like the superfluid) and escapes L61's theorem by construction.
      Unlike the superfluid's phonon (a force carrying negligible mass), here A_K is sourced by a MASS density -div(Pi):
      that mass is what the lensing gate (PART E.1) tests, and it is why this member could differ from the superfluid.

======================================================================================================================
PART D -- SPENT ONCE OR TWICE?  The phantom is the polarisation; the monopole must weakly cluster
======================================================================================================================
The phantom that both moves stars and (PART E.1) bends light is the polarisation charge, y = 4 pi G Pi = g - g_b, which
by construction equals the MOND anomaly EXACTLY: g_dyn = g_b + y = g_b*nu(g_b/a0).  So on the deep-MOND SPARC points the
polarisation supplies 100% of the anomaly (the model is fitted to it), NOT a few percent as the superfluid's diffuse core did.
      median (polarisation phantom)/(measured anomaly) on the deep-MOND points = 1.098 -- of ORDER UNITY (the phantom IS the anomaly,
      by fit), NOT the superfluid's <= 0.07: the polarisation, being real mass tied to the RAR, supplies the whole anomaly, not a few percent.

The DOUBLE-COUNTING risk is therefore NOT a diffuse condensate -- it is the MONOPOLE sigma.  sigma is a pressureless
component present at the CMB's Omega_c h^2 (Blanchet-Le Tiec design the background as CDM + Lambda).  If sigma clustered
into galaxy halos like CDM, its Newtonian pull would ADD to y and overshoot -- L61 exactly.  The model's escape is the
'weak clustering hypothesis': sigma stays near its smooth cosmological value in galaxies.  Then the anomaly is spent once.
  [PASS] D1  spent once REQUIRES the weak-clustering hypothesis: with the monopole smooth the polarisation alone reproduces the rotation curves to MOND accuracy (g_dyn/g_obs ~ 1, share ~ 1 not the superfluid's 0.07); if the CMB-abundance monopole clustered like CDM it would overshoot by L61's factor -- the anomaly is spent twice   (weak-clustering g_dyn/g_obs = 1.070 (+0.029 dex, a MOND fit); monopole-clusters g_dyn/g_obs = 1.837 (L61 B1: 1.692))
      So 'spent once' holds ONLY IF the monopole does not cluster.  Whether that smooth state is stable is PART G -- and it is
      the SAME (H-c) question L61 raises, now attached to a specific medium rather than left as a hypothesis (L67 caveat 3).

D.2  L61 B5's density ordering, applied to the medium directly (the brief's 'check rather than assume'):
      the monopole must stay smooth in galaxies (rho_gal ~ mean) yet be present and pressureless at recombination (rho ~ 2.9e-18 kg/m^3, 1e+09x today's mean) -- denser THEN than in a galaxy: the wrong ordering for a
      density-triggered 'stay smooth' rule, exactly L61 B5.  The medium's equation of state (below) must supply the smoothing.

======================================================================================================================
PART E -- THE GATES, cheapest kill first
======================================================================================================================
E.1  LENSING VERSUS DYNAMICS -- THE DECISIVE CHECK.  Unlike the phonon, the polarisation charge -div(Pi) is a MASS
     density: it enters the 00 Einstein equation, so it bends light.  The question is whether it lenses IN PROPORTION
     to how it moves stars, i.e. whether its stress makes Phi != Psi.  Derive the stress, do not assume it.
      stress tensor: W/(rho_pol c^2) = 5.56325028026809e-18*g*r = (1/2) v^2/c^2  [v^2 = g r] -- the internal stress is v^2/c^2 of the phantom rest energy
      on the deep-MOND SPARC points: the anisotropic-stress slip |Phi-Psi|/Phi = O(v^2/c^2), median 4.04e-08, max 5.86e-07
      => M_dyn/M_lens = 1 + O(v^2/c^2) = 1.000000 on the median deep point (the phantom mass sources BOTH Phi and Psi equally)
      CONTRAST with the superfluid: there the anomaly was a FORCE with NO mass, so M_lens missed it entirely and the ratio was 5.6-6.5; here the anomaly IS mass, so the SAME v^2/c^2 is a CORRECTION to 1, not the whole signal.
  [PASS] E1a GATE 1 (i): the polarisation's own anisotropic stress is O(v^2/c^2) of its phantom rest-energy density (median ~1e-8), so the phantom mass sources Phi and Psi equally -- the SAME v^2/c^2 that made the superfluid FAIL is here a tiny correction to a ratio of 1   (|Phi-Psi|/Phi median 4.04e-08)
  [PASS] E1b GATE 1 (ii) -- THE DECISIVE PASS: dipolar dark matter predicts M_dyn/M_lens = 1.000 ~ 1 against the measured 1.02, because its MOND phantom is real gravitating mass (the polarisation charge) rather than a mass-less force -- it PASSES the gate that killed the superfluid   (predicted 1.000 vs measured 1.02/1.02; superfluid was 5.6-6.5)
      This is a GENUINE STRUCTURAL DIFFERENCE and it must be stated precisely: gravitational polarisation is the one emergent-MOND
      mechanism whose anomaly carries its own gravitating mass, so it does not fail L67's lensing gate.  The lane does NOT die here.

      On the KiDS mass bins the polarisation phantom's predicted lensing IS g_b*nu(g_b/a0) (the RAR itself), so it inherits the
      data's own universality: per-bin offset from the measured lensing RAR spans 0.033 dex (the model's nu is simple-mu-like,
      a fixed function of g_bar, so it is universal in shape like the data) -- the superfluid's 0.29-0.58 dex bin-to-bin failure does not occur.
  [PASS] E1c on the KiDS mass bins the dipolar phantom's lensing tracks the universal measured RAR (spread < 0.15 dex), because the phantom equals the RAR anomaly by construction -- again unlike the superfluid (0.29-0.58 dex low/spread)   (across-bin spread 0.033 dex)

E.2  SOLAR SYSTEM.  The model's interpolating function is simple-mu-like (mu -> 1 - 1/sqrt(x)), so the anomaly
     a_anom = sqrt(a0 g_b) falls only as a POWER at high acceleration -- the same slow return that stresses standard MOND.
      [canonical] bare (no-EFE) anomaly sqrt(a0 g_N) = 7.78e-08 m/s^2 -> phantom 1.8e+07x the Pitjev-Pitjeva bound; EFE-quenched residual ~ a0^2/g_N -> 1.6e-02x the bound
      [alt      ] bare (no-EFE) anomaly sqrt(a0 g_N) = 8.53e-08 m/s^2 -> phantom 2.0e+07x the Pitjev-Pitjeva bound; EFE-quenched residual ~ a0^2/g_N -> 2.3e-02x the bound
      the Solar System sits in the Galaxy's field a_ext = 1.29 a0; internally g_N(Saturn) = 6.5e-05 m/s^2 = 6.9e+05 a0 is deep-Newtonian,
      so the EFE quenches the bare anomaly to the residual quadrupole -- exactly standard MOND's Solar-System status: EFE + a sharp mu needed.
  [PASS] E2  GATE 2 MARGINAL/NOT PASSED cleanly: the model HAS a computable high-acceleration limit (mu -> 1), unlike the superfluid's EFT wall at Saturn, but its simple-mu transition leaves an EFE-quenched residual ~ a0^2/g_N at Saturn of order the Pitjev-Pitjeva bound -- standard MOND's own tension   (EFE-quenched residual 1.6e-02/2.3e-02x the Saturn bound (bare, no EFE: 2e+07x); a sharper mu would pass)
      Verdict: computable (a real advance over the superfluid, which had no Solar-System prediction), and it passes iff the interpolating
      function is chosen sharp enough -- the same freedom, and the same tension, as standard MOND.  Not a clean kill, not a clean pass.

E.3  TENSOR SPEED.  The gravitational sector is Einstein-Hilbert; the dipolar medium is minimally coupled matter.
  [PASS] E3  GATE 4 PASSES: one metric, matter minimally coupled -> c_T = c exactly (no disformal or two-metric structure)   (the model modifies the SOURCE (a polarisable medium), not the propagation of gravity)

E.4  CLUSTERS.  In clusters the monopole sigma is supposed to provide the residual DM mass (the model's selling point:
     it fits cluster lensing because the phantom is real mass).  But that REQUIRES sigma to cluster in clusters while staying
     smooth in galaxies -- the same weak-clustering hypothesis with the OPPOSITE sign, and no scale is supplied to switch it.
      the polarisation phantom at a cluster's g_bar ~ 0.4 a0 gives nu = 2.58 -> boost 2.58x, i.e. M_dyn/M_b ~ 2.6; clusters need ~5.7 (X-COP) to ~11 (cores): the phantom alone is a factor 2.2-4.3 short
      So clusters need the MONOPOLE to supply the rest as real clustered mass -- fine for lensing (it IS mass), but it contradicts the
      galaxy weak-clustering hypothesis (D1) unless a scale switches sigma from smooth-in-galaxies to clustered-in-clusters; none exists.
  [PASS] E4  GATE 6 CONTINGENT: cluster mass and shear shape can be fit ONLY by letting the monopole cluster in clusters (the phantom alone is a factor 3-6 short), which is the weak-clustering hypothesis run with the opposite sign -- the same unmechanised (H-c) as D1/D2   (phantom boost at 0.4 a0 = 2.58x vs 5.7-11 needed; monopole must supply the rest, differentially from galaxies)

E.5  THE NON-MONOTONE LADDER (L21): isolated 2MRS pairs need M_dyn/M_b = 30.9 +/- 1.6 at r_p ~ 132 kpc; X-COP clusters 5.73.
      pair Newtonian field a_N = 0.013 a0 -> nu = 9.69 -> phantom M_dyn/M_b ~ 9.7 (vs 30.9 needed: pairs need the
      monopole's clustered mass too, OR the deep-MOND enhancement plus a larger enclosed baryon budget) ; clusters 2.6 (vs 5.7): the
      non-monotonicity (pairs boosted more than clusters) is reproduced by nu(a_N/a0) alone -- deeper systems get more boost -- as in any MOND.
  [PASS] E5  the non-monotone ladder's SHAPE (pairs boosted more than clusters) follows from nu(a_N/a0) as in any MOND theory; the AMPLITUDE at pairs needs the monopole's mass as well, the same contingency as E4   (pair boost nu = 9.7 > cluster boost 2.6; amplitude 30.9 needs clustered monopole (contingent))

E.6  THE REGISTERED GAIA ARMS.  Dipolar dark matter reproduces standard MOND phenomenology with the interpolating
     function nu_BLT(y) = 1 + 1/sqrt(y), y = a_N/a0, so it predicts a wide-binary anomaly through the external-field effect.
     Standard QUMOND EFE, sky-averaged: gamma_v = sqrt(nu(y_ext)*(1 + (1/3) d ln nu/d ln y)), y_ext = 1.289 (registered a_N,ext/a0).
      a_ext,N/a0 nu(y_ext) d ln nu/d ln y | gamma_v (sky-avg) |  Arm A canonical    Arm A alt  Arm B ceil
           1.289     1.881         -0.234 |            1.3168 | 1.161-1.181  1.192-1.227       1.045
  [FAIL] E6  the class's wide-binary prediction falls inside a registered Gaia arm (so DR4 could CONFIRM it over Newton)   (gamma_v = 1.317: ABOVE Arm A's bands (1.16-1.23) and above the 1.23 no-verdict edge -- like the superfluid's 1.27-1.34, this is a slow simple-nu transition; a DR4 result INSIDE Arm A or Newtonian is evidence AGAINST the dipolar phantom, DR4 cannot confirm it)
      at the frozen sigma_tot = 0.028: gamma_v = 1.317 sits 4.8-3.2 sigma above Arm A's upper edges and 11 sigma above Newton.  This is the point-field EFE asymptote (Amendment-9 status), footing-independent in a0 units.

E.7  THE PREFERRED FRAME (L31).  The dipolar medium has a 4-velocity u^mu (its rest frame) and a dipole 4-vector xi^mu.
     The medium's rest frame is a distinguished timelike direction, and xi^mu is dynamical (it propagates), so u is realised
     by MATTER and propagates -- L61's arm (1c), a preferred frame carried by a propagating medium, as for the superfluid.
  [PASS] E7  GATE 3 CARRIED: the medium supplies a preferred frame (its rest frame u^mu), realised by matter and propagating (the dipole field is dynamical) -- L31's projector realised by a medium, L61 arm (1c); not a non-propagating foliation   (u^mu = the medium's 4-velocity; the dipole xi^mu propagates, so the frame propagates -- same status as the superfluid's condensate)

======================================================================================================================
PART G -- THE INTERNAL SECTOR: mode count and HEALTH of the force that sources the dipoles
======================================================================================================================
The brief's known-hard sector: the medium must STAY polarised and stable.  Two things are computed -- the mode count of
the dipole sector, and whether the polarised, weakly-clustered state is a stable configuration or an unstable equilibrium.

G.1  Mode count.  Beyond GR's 2 tensor modes, the medium adds a pressureless fluid (the monopole sigma: 0 new PROPAGATING
     gravitational modes, it is dust) and a dynamical dipole 4-vector xi^mu.  The dipole's spatial part xi^i (3 components)
     carries the polarisation; with the internal potential W(Pi) its longitudinal mode is the MOND-active one.  Total field
     content: 2 (tensor) + 3 (dipole vector) = up to 5 sectors, of which the longitudinal dipole is load-bearing.
      mode count: 2 tensor + a matter fluid (0 propagating grav modes) + a dynamical spatial vector xi^i (<= 3) -> the internal sector
      is a vector field with a potential, health decided by its kinetic sign and by the coupled polarisation+gravity response, next.

G.2  The load-bearing instability.  MOND requires the medium to sit near PERFECT ANTI-SCREENING: the polarisation nearly
     cancels the field, y = 4 pi G Pi ~ g, so the residual g_b is small.  Define the medium's effective gravitational
     permittivity for its OWN density perturbations, epsilon = dg_b/dg = 1 - 4 pi G/W''(Pi).  As the system goes deeper into
     MOND, epsilon -> 0, so the effective Newton constant for the monopole, G_eff = G/epsilon, DIVERGES.
      epsilon(g) = (2 g/a0)/(1 + 2 g/a0):  at g = 0.01/0.1/1.0 a0  epsilon = 0.020, 0.167, 0.667  -> G_eff/G = 1/epsilon = 51.0, 6.0, 1.5
      the smooth monopole's collapse time is shorter than standard free-fall by sqrt(epsilon) = 0.41 at g = 0.1 a0: the MOND-tuned
      medium is MORE Jeans-unstable exactly where it must stay smooth.  'Weak clustering' is not a stable state but a fine-tuned unstable one.
  [PASS] G1  the internal sector is UNSTABLE in the MOND regime: reproducing MOND forces the effective permittivity epsilon -> 0 (near perfect anti-screening), so the monopole's effective Newton constant G_eff = G/epsilon diverges and the smooth state the 'spent once' result needs (D1) is a fine-tuned unstable equilibrium -- a polarisation requiring an unstable configuration is not a theory   (epsilon(0.01 a0) = 0.020, G_eff/G = 51; collapse faster than free-fall by sqrt(eps) = 0.41)

     THE PINCER, stated as the theorem it is:  dipolar dark matter escapes L61 by making the phantom real gravitating mass
     (so it PASSES lensing, E1) -- but the SAME construction that makes the polarisation nearly cancel the field (perfect
     anti-screening, needed for MOND) makes the monopole's self-gravity diverge, so the smooth monopole that 'spent once'
     REQUIRES (D1) cannot be maintained.  If the monopole stays smooth, the state is unstable; if it clusters, L61 fires
     (D1: overshoot 1.692).  The lensing pass is real and structural; the death is in the internal sector, not at lensing.

======================================================================================================================
PART F -- VERDICTS
======================================================================================================================
      gate                          verdict
      hypothesis (a)                FAILS (escapes): A_K = 4 pi G Pi vanishes with the medium off (C1)
      1 lensing vs dynamics         PASS -- THE STRUCTURAL DIFFERENCE: M_dyn/M_lens = 1.000 ~ measured 1.02, because the
                                    polarisation charge is REAL GRAVITATING MASS (v^2/c^2 is a correction to 1, not the whole signal) (E1)
      2 Solar System                MARGINAL: computable (mu -> 1), unlike the superfluid; simple-mu residual ~ Saturn bound -- standard MOND's tension (E2)
      3 preferred frame             CARRIED by the medium's rest frame, propagating (E7)
      4 tensor speed                PASS (one metric, minimal coupling) (E3)
      5 internal-sector health      UNSTABLE: MOND forces epsilon -> 0, G_eff -> infinity; smooth monopole is a fine-tuned unstable state (G1) -- THE KILL
      6 clusters                    CONTINGENT on the monopole clustering in clusters but not galaxies -- unmechanised (H-c) (E4)
      7 spent once                  ONCE only under weak clustering (D1); denser-at-recombination ordering is L61 B5 (D2)
      Gaia arms                     gamma_v = 1.317, ABOVE Arm A (1.16-1.23) like the superfluid's 1.27-1.34: DR4 in-band or Newtonian = evidence against (E6)
  [FAIL] F1  dipolar dark matter escapes hypothesis (a), PASSES the lensing gate (a genuine structural difference from the superfluid), and passes tensor speed -- but dies in the internal sector: the MOND-tuned polarisation makes the smooth monopole gravitationally unstable   (escapes (a) [C1]; PASSES lensing [E1]; DIES at the internal-sector health gate [G1]; Solar System marginal, clusters/spent-once contingent)
  [FAIL] F2  VERDICT -- dipolar dark matter, the last named member of the last open hatch, is ALIVE through every gate   (DEAD at the internal-sector-health gate (G1); NOT at lensing (E1 PASSES) -- the emergent-MOND hatch is now closed on both its named members)

THREE-SENTENCE VERDICT.
  Dipolar dark matter escapes L61's hypothesis (a) exactly as the superfluid does -- its MOND force is the phantom of the
  polarisation charge and vanishes with the medium off -- and it does something the superfluid could not: because that
  phantom is REAL GRAVITATING MASS (the polarisation -div Pi sources T_00 with only a v^2/c^2 anisotropic stress), it PASSES
  the lensing gate that killed the superfluid, M_dyn/M_lens = 1.00 against the measured 1.02 where the superfluid gave 5.6-6.5.
  But it dies in the internal sector: reproducing MOND requires the polarisation to sit at near-perfect anti-screening
  (epsilon -> 0), which makes the monopole's effective self-gravity diverge, so the smooth monopole that 'spends the anomaly
  once' is a fine-tuned unstable equilibrium -- if it stays smooth the state is unstable, if it clusters L61's overshoot
  (1.69) fires; and its distinctive Gaia number gamma_v = 1.32 sits ABOVE the registered Arm A band (1.16-1.23), like the
  superfluid's 1.27-1.34, so a DR4 wide-binary result inside Arm A or Newtonian would count against it and DR4 cannot confirm it.

RESULT: 20 checks, 3 FAIL -> ["E6  the class's wide-binary prediction falls inside a registered Gaia arm (so DR4 could CONFIRM it over Newton)", 'F1  dipolar dark matter escapes hypothesis (a), PASSES the lensing gate (a genuine structural difference from the superfluid), and passes tensor speed -- but dies in the internal sector: the MOND-tuned polarisation makes the smooth monopole gravitationally unstable', 'F2  VERDICT -- dipolar dark matter, the last named member of the last open hatch, is ALIVE through every gate']   (0.1 s)
