======================================================================================================================
L75 -- the cluster ceiling for the survivor: does clock winding evade excess-spent-once?
======================================================================================================================

======================================================================================================================
PART 0 -- CONTROLS: reproduce the excess-spent-once overshoot and the three CLOSED orderings.
======================================================================================================================
  [PASS] CTRL-1  [excess-spent-once STRUCTURE reproduced] at full transmission eta=1 a deep-MOND point overshoots: g_pred/g_obs > 1.2 pointwise, because MOND already fits the baryons and the transmitted cold pull is added on top (no cancellation with a positive halo).  L61's committed median is 1.69   (g_pred/g_obs at g_bar=0.1a0: 2.164 / 2.164 (L61 pipeline median 1.69))
  [PASS] CTRL-2  [galaxy ceiling] to stay inside the RAR's own ~0.11 dex scatter, galaxies tolerate only eta_gal < ~0.3 transmission of the cold pull, while the CMB fixes eta = 1.00 +- 0.01 at recombination (Omega_c h^2 = 0.1200).  So evasion REQUIRES transmission SMALLER in galaxies than at recombination   (eta_gal ceiling ~ 0.248 / 0.248 vs eta_rec = 1.00)
  [PASS] CTRL-3  [DENSITY ordering CLOSED] a density-keyed screen has the WRONG ordering: recombination is far DENSER than a galaxy, so it would suppress at recombination MORE than in galaxies -- backwards   (rho_rec/rho_gal = 7387x denser at recombination (L61: ~498x))
  [PASS] CTRL-4  [ACCELERATION & POTENTIAL orderings CLOSED, cited from committed L61] acceleration gives no separation (~0.99 dex, clusters at/below galaxies) and potential puts clusters ~64x deeper needing MORE, not less -- so no INSTANTANEOUS LOCAL variable delivers smaller-in-galaxies transmission   (L61: accel 0.99 dex no separation; potential clusters 64x deeper -> both closed on ordering)

======================================================================================================================
PART 1 -- THE VARIABLE THE THEOREM NEVER TESTED: cumulative clock winding = cosmic e-folds.
======================================================================================================================
    e-folds from recombination to today:  N = ln(1+1089.8) = 6.995
    IC29's represented clock winding:       Q in [0, 7]
  [PASS] WIND-1  the cosmic winding recombination->today is ln(1+z_rec) = 6.99 e-folds, matching IC29's represented Q in [0,7]: the clock winds ~once per cosmic e-fold, so 'winding' is a REAL, represented variable of the survivor -- and it is CUMULATIVE (integrated history), the class the theorem's instantaneous density/acceleration/potential tests never covered   (N = 6.995 e-folds ~ IC29 Q_max = 7)
  [PASS] WIND-2  a GLOBAL cosmic-winding gate eta(N) that DECREASES with winding DOES evade the recombination-vs-galaxy ordering: N_rec=0 (unwound, eta~1, CMB satisfied) vs N_today~7 (wound, eta small, galaxies suppressed).  This is the RIGHT ordering, and it is unreachable by any local instantaneous screen -- the theorem's (c)-closure has a genuine gap for cumulative variables   (eta(0)~1 at recombination, eta(7)<ceiling today: recomb-vs-galaxy ordering EVADED)

======================================================================================================================
PART 2 -- BUT THE SECOND ORDERING: clusters and galaxies are at the SAME epoch (z~0, N~7).
======================================================================================================================

  A GLOBAL cosmic-winding gate eta(N) depends only on cosmic time.  Clusters and galaxies are both observed
  at z~0, i.e. the SAME N~7, so a global gate gives them the SAME eta.  But the theorem's own numbers say
  clusters need MORE transmission than galaxies (they are potential-deeper and their residual is larger).
  A single eta at fixed epoch cannot be simultaneously 'small enough for galaxies' and 'large enough for
  clusters'.  So a GLOBAL winding gate trades the recombination-vs-galaxy ordering for a CLUSTER-vs-GALAXY
  failure at equal epoch.

  [PASS] SEP-1  a GLOBAL cosmic-winding gate FAILS the cluster-vs-galaxy separation: both sit at z~0 (N~7), so eta is identical for them, yet clusters require MORE transmission than galaxies (deeper potential, larger residual).  One epoch-fixed eta cannot serve both -- global winding does NOT complete clusters   (clusters & galaxies share N~7 at z~0 -> same eta -> cannot give clusters more than galaxies)

======================================================================================================================
PART 3 -- THE LIVE DOOR: a LOCAL cumulative-winding (assembly-history) gate, and what it must deliver.
======================================================================================================================

  The escape that is NOT yet closed: a LOCAL cumulative invariant -- each bound system's OWN integrated
  clock winding SINCE IT TURNED AROUND (its assembly history), not the global cosmic N and not its
  instantaneous state.  Winding-since-turnaround is w = ln(1+z_form): a system that decoupled EARLIER has
  wound MORE.  The smooth cold fluid at recombination is unbound -- it has not turned around -- so its local
  winding is ~0 (eta~1, CMB satisfied).  Hierarchical assembly puts galaxy halos EARLIER (z_form ~ 1-3)
  than massive cluster halos (z_form ~ 0.5-1), so w_galaxy > w_cluster > w_recomb ~ 0.  A gate DECREASING in
  local winding then gives  eta_recomb (~1)  >  eta_cluster  >  eta_galaxy  -- clusters transmit MORE than
  galaxies (they need more) and galaxies are the most suppressed (they can tolerate least).  All three.

    LOCAL winding since turnaround w=ln(1+z_f):  galaxy (z_f=2.0) = 1.099,  cluster (z_f=0.7) = 0.531,  recombination-fluid (unbound) = 0.000
  [PASS] DOOR-1  a LOCAL cumulative (assembly-history) winding gives the RIGHT 3-way ordering: w_galaxy (1.10) > w_cluster (0.53) > w_recomb (0.00), so a gate DECREASING in local winding transmits ~1 at recombination (unbound fluid), MORE in clusters than galaxies (clusters turned around later, wound less), and LEAST in galaxies -- satisfying ALL THREE requirements the instantaneous variables could not (CMB eta~1, clusters>galaxies, galaxies suppressed below the ceiling)   (winding: galaxy 1.10 > cluster 0.53 > recomb 0.00  =>  eta_recomb>eta_cluster>eta_galaxy)
  [PASS] DOOR-2  this door is NOT closed by L61: its (c)-closure tested only instantaneous density, acceleration and potential; a LOCAL cumulative-winding invariant is a distinct variable with a distinct (and favourable) ordering.  It is the cluster-scale analog of how the clock escaped the deep-MOND kill -- by carrying a history the single-metric class does not have   (cumulative-history variable outside L61's instantaneous-ordering closure; favourable 3-way order)

======================================================================================================================
PART 4 -- HONEST SCOPE: what is proved, what astra must supply, what could still kill it.
======================================================================================================================

  PROVED (analytic, self-contained):
    * the overshoot structure and the galaxy ceiling (eta_gal < ~0.3 vs eta_rec = 1) -- controls.
    * the three instantaneous orderings are closed (density/acceleration/potential).
    * cosmic winding = ln(1+z_rec) ~ 7 e-folds = IC29's Q range: 'winding' is a represented, cumulative
      variable -- a genuine gap in the theorem's instantaneous-ordering closure.
    * a GLOBAL cosmic-winding gate evades recomb-vs-galaxy but FAILS cluster-vs-galaxy at equal epoch.
    * a LOCAL assembly-history winding gate has the RIGHT 3-way ordering and is NOT closed by L61.
  ASTRA's to supply (this lane does NOT fake it):
    * whether the integrable clock actually carries a LOCAL cumulative invariant (integrated winding since
      a system's turnaround) that a cold component's transmission could be gated on -- a construction
      question about the clock's coupling to a cold sector, which does not yet exist in the action.
    * the quantitative gate eta(N_local) and whether it hits eta~1 at recombination, <~0.3 in galaxies and
      the cluster-required value in clusters simultaneously, with the assembly-redshift ordering holding for
      the actual halo populations (astrophysically uncertain; z_form values here are representative).
  WHAT COULD STILL KILL IT:
    * if the clock's only cumulative invariant is slaved to the instantaneous local acceleration (the MOND
      invariant), it collapses onto the ACCELERATION ordering L61 already closed -- no escape.  Deciding
      which it is requires the clock's cold-sector coupling, which is astra's to write.
  RELATION: this does NOT overturn L73; it converts 'complete only below a galaxy' from a FLAT ceiling into
    a NAMED, testable escape -- the cluster-scale counterpart of L74's galactic-health bracket.

  [PASS] SCOPE-1  the cluster ceiling for the SURVIVOR is not unconditionally closed: it reduces to whether the clock carries a LOCAL cumulative-winding invariant (not slaved to instantaneous acceleration) with the assembly ordering giving eta_recomb>eta_cluster>eta_galaxy.  A named, falsifiable escape -- not a flat wall, and not a proven completion   (reduces to: does the clock have a local history invariant with the right ordering? astra's to write)

======================================================================================================================
VERDICT
======================================================================================================================

  The excess-spent-once ceiling that makes the survivor 'complete only below a galaxy' was closed on
  INSTANTANEOUS local variables.  The integrable clock carries a variable those tests never touched -- a
  CUMULATIVE winding, ~7 e-folds recombination-to-today, exactly IC29's Q range.  A GLOBAL winding gate
  evades the recombination-vs-galaxy ordering but fails to separate same-epoch clusters from galaxies.  A
  LOCAL assembly-history winding gate, however, has the RIGHT three-way transmission ordering (eta_recomb > eta_cluster > eta_galaxy)
  and lies OUTSIDE L61's closure -- it is the cluster-scale analog of how the clock escaped the deep-MOND
  kill, by carrying a history the single-metric class does not have.  Whether astra's clock actually
  furnishes such a LOCAL cumulative invariant (rather than one slaved to instantaneous acceleration, which
  is already closed) is a construction question about a cold-sector coupling the action does not yet contain.
  So the cluster wall is no longer flat: it is one named, falsifiable escape, handed to astra alongside the
  galactic-health finish.  L73 is not overturned -- it is sharpened.

======================================================================================================================
L75 COMPLETE: 10/10 checks PASS.   [0.0s]
======================================================================================================================
