e^{-K}     = 8*y**3
g_{t tbar} = 3/(4*y**2)
Im N (symbolic in t=x+iy):
⎡  ⎛     2    2⎞       ⎤
⎢y⋅⎝- 3⋅x  - y ⎠  3⋅x⋅y⎥
⎢                      ⎥
⎣     3⋅x⋅y       -3⋅y ⎦
max |(|Z|^2+|DZ|^2) - V_BH| / V_BH over 200 random points = 3.77609544704696
[FAIL] Q2-H1 V_BH = -1/2 Q^T M Q = |Z|^2 + |D_t Z|^2 at 200 random (t, charges); Im N negative definite
attractor t* = i sqrt(3): |Z|^2 = 3.464102  |DZ|^2 = 1.039e+01  V_BH = 3.464102
[FAIL] Q2-H2a at the attractor DZ = 0 and |Z|^2 = V_BH (BPS mass = RN-type extremal value)
off-attractor z_g = sqrt(V_BH)/|Z| : min 1.0009 max 1.9641 (equals 1 only at t*)
[PASS] Q2-H2b off the attractor V_BH > |Z|^2 strictly: the gauge(+scalar)-charge-to-BPS-mass ratio z_g > 1 and varies with the modulus
axion-free slice: Im N_00 = -y**3   Im N_11 = -3*y
e_0^2(y) := 1/(-Im N_00) = y**(-3)    e_1^2(y) := 1/(-Im N_11) = 1/(3*y)
limits of e_0^2 (y->0+, y->inf): (oo, 0)    of e_1^2: (oo, 0)    d e_0^2/dy = -3/y**4
[PASS] Q2-H3 e_0^2(Im t) is strictly monotone and onto (0,inf) (power law): a modulus-dependent coupling with the BPS relation holding identically
full (x,y) dependence of -Im N_00: y*(3*x**2 + y**2)
pure sugra: e^{-K} = 1  N_00 = -I/2  V_BH = q0**2  |Z|^2 = q0**2
[PASS] Q2-H4a pure N=2 supergravity: V_BH = |Z|^2 identically (no scalar charge): the BPS mass IS the RN extremal mass; charge unit not fixed by the theory

BPS tower arithmetic (lane A normalisation, Thomson alpha; identity M = sqrt2 q M_Pl(red) = sqrt(alpha) m_P):
  minimal electric BPS quantum : M = 1.0429e+18 GeV = 0.08542 m_P  (sqrt(alpha) = 0.08542)
  minimal magnetic BPS quantum : M = 5.8531 m_P
  (m_e/m_P)^2 = 1.7518e-45  vs alpha = 7.2974e-03  ->  electron is 2.041e+21 times lighter than the BPS quantum; not BPS
[PASS] Q2-H4b M_BPS(electric unit) = sqrt(alpha) m_P (an identity restating alpha as (M/m_P)^2, needs M independently)
[PASS] Q2-H4c the electron does not saturate: (m_e/m_P)^2 / alpha < 1e-40

Q2-H5 (RECALLED, NOT VERIFIED): minimal gauged N=2 supergravity ties the gravitino charge to Lambda < 0 (alpha ~ G|Lambda|); no unitary dS version. Not scored, no computation.

SUMMARY: 5/7 checks pass (MUTATE=True)
