near-extremal RN at fixed Q (G=1): r_+ = Q + (2*pi*Q**2) T + ... ;  S = pi Q^2 + (4*pi**2*Q**3) T + ...  =>  C = dS/dT|_0 = 4*pi**2*Q**3
[PASS] Q3-c0 Schwarzian coefficient C = dS/dT = 4 pi^2 Q^3 (G=1), from r_+ - r_- = 4 pi T r_+^2

=== assumptions: (i) tree-level+one-loop EM-gravity only for Q3-b (SM massless spectrum not added); (ii) Schwarzian universality assumed at Q ~ 6 l_P;
    (iii) constant-B single-electron loop for Q3-e; (iv) d0 = delta l_P^2 with delta bracket as registered. All are ORDER-OF-MAGNITUDE.

--- Thomson: alpha = 1/137.036, n = 10000
  r = 58531.1881 l_P, A_H = 43051128829.18 l_P^2, S = pi n^2/(4 alpha) = 10762782207.2950 ;  1/S = 9.2913e-11
  Q3-b log term (Sen, EM+gravity only): -(241/45) ln A_H = -0.000 ; (J_3 only: -0.000) ; |log|/S = 0.000 (0.000); non-universal constant unknown
  Q3-c Schwarzian: C = 4 pi^2 r^3 = 7.9163e+15 l_P^3 ; gap ~ 1/C = 1.263e-16 m_P ; (1/C)/(1/r) = 7.394e-12 ; (1/C)/M = 2.158e-21
  Q3-e e B r^2 = n/2 = 5000 at the horizon (Dirac); m_e r = 2.450e-18 (electron effectively massless on the horizon scale);
       vacuum-polarisation (electron loop, constant B) delta = (alpha/3pi) ln(eB/m_e^2) = 0.0694
  Q3-g expansion parameter l_P^2/r^2 = 0.00000; orders k with x^k < 5e-10: k = 1
  non-perturbative e^-S = 0.000e+00
       Q3-d higher-derivative |Delta z| (magnetic, delta=0.0001) = 1.168e-14  (2.34e-05 x bar)
       Q3-d higher-derivative |Delta z| (magnetic, delta=0.001) = 1.168e-13  (2.34e-04 x bar)
       Q3-d higher-derivative |Delta z| (magnetic, delta=0.01) = 1.168e-12  (2.34e-03 x bar)
       Q3-d higher-derivative |Delta z| (magnetic, delta=0.1) = 1.168e-11  (2.34e-02 x bar)
       Q3-d higher-derivative |Delta z| (magnetic, delta=1) = 1.168e-10  (2.34e-01 x bar)
--- alpha(m_P): alpha = 1/104.940, n = 10000
  r = 51220.1132 l_P, A_H = 32967873306.77 l_P^2, S = pi n^2/(4 alpha) = 8241968326.6928 ;  1/S = 1.2133e-10
  Q3-b log term (Sen, EM+gravity only): -(241/45) ln A_H = -0.000 ; (J_3 only: -0.000) ; |log|/S = 0.000 (0.000); non-universal constant unknown
  Q3-c Schwarzian: C = 4 pi^2 r^3 = 5.3050e+15 l_P^3 ; gap ~ 1/C = 1.885e-16 m_P ; (1/C)/(1/r) = 9.655e-12 ; (1/C)/M = 3.680e-21
  Q3-e e B r^2 = n/2 = 5000 at the horizon (Dirac); m_e r = 2.144e-18 (electron effectively massless on the horizon scale);
       vacuum-polarisation (electron loop, constant B) delta = (alpha/3pi) ln(eB/m_e^2) = 0.0909
  Q3-g expansion parameter l_P^2/r^2 = 0.00000; orders k with x^k < 5e-10: k = 1
  non-perturbative e^-S = 0.000e+00
       Q3-d higher-derivative |Delta z| (magnetic, delta=0.0001) = 1.525e-14  (3.05e-05 x bar)
       Q3-d higher-derivative |Delta z| (magnetic, delta=0.001) = 1.525e-13  (3.05e-04 x bar)
       Q3-d higher-derivative |Delta z| (magnetic, delta=0.01) = 1.525e-12  (3.05e-03 x bar)
       Q3-d higher-derivative |Delta z| (magnetic, delta=0.1) = 1.525e-11  (3.05e-02 x bar)
       Q3-d higher-derivative |Delta z| (magnetic, delta=1) = 1.525e-10  (3.05e-01 x bar)

Q3-f scale mismatch and spectrum sensitivity
  1/alpha(m_P)/1/alpha(Thomson) - 1 = -0.2342  (lane A, one loop, SM content)
  one extra unit-charge Dirac fermion at 1e+03 GeV shifts 1/alpha(m_P) by -7.8603 = 0.0749 relative  (1.50e+08 x bar)
  one extra unit-charge Dirac fermion at 1e+10 GeV shifts 1/alpha(m_P) by -4.4400 = 0.0423 relative  (8.46e+07 x bar)
  one extra unit-charge Dirac fermion at 1e+17 GeV shifts 1/alpha(m_P) by -1.0196 = 0.0097 relative  (1.94e+07 x bar)
  RECALLED (not scripted): hadronic vacuum polarisation Delta alpha_had^(5)(m_Z) = 0.0276 +- 0.0001 -> ~1e-4 relative uncertainty in alpha(m_Z), hence in any run to m_P.
  bar on 1/alpha(m_P): 5.25e-08 absolute; a single fermion threshold must then be located to delta ln M = 2.47e-07

Verdict rule (registered): unavoidable effects vs bar (>1e6 x bar each):
   Thomson    inv_S  = 9.291e-11  -> 1.86e-01 x bar
   Thomson    logS   = 0.000e+00  -> 0.00e+00 x bar
   Thomson    sch    = 7.394e-12  -> 1.48e-02 x bar
   Thomson    eBr2   = 5.000e+03  -> 1.00e+13 x bar
   Thomson    (unregistered, reported) Schwarzian gap / M = 2.158e-21 -> 4.32e-12 x bar
   alpha(m_P) inv_S  = 1.213e-10  -> 2.43e-01 x bar
   alpha(m_P) logS   = 0.000e+00  -> 0.00e+00 x bar
   alpha(m_P) sch    = 9.655e-12  -> 1.93e-02 x bar
   alpha(m_P) eBr2   = 5.000e+03  -> 1.00e+13 x bar
   alpha(m_P) (unregistered, reported) Schwarzian gap / M = 3.680e-21 -> 7.36e-12 x bar
[FAIL] Q3-H all four unavoidable effects exceed the bar 5e-10 by > 1e6 at the minimal magnetic object (both alpha scales)

precision vs minimality: magnetic object with |Delta z| < 5e-10 at loop-natural delta = 0.16 needs n >= 1.933e+03 quanta;
there r ~ n/(2 sqrt(alpha)) and the geometry depends on alpha and n only through alpha n^2 (lane N4): alpha is not separated from n.

SUMMARY: 1/2 checks pass (MUTATE=True)
