CK01 -- GW170817 differential Shapiro delay for the PAPER24/25 clock construction

====================================================================================================
1. Delta t = (1/c) int (e^{-2 phi} - 1) dl along the kilonova -> Sun line (host exit 2 kpc, MW entry 8.2 kpc), eta_ext = 0.03
====================================================================================================
    canonical nu_RAR f_s = 1    : phi(Sun) = -1.05e-06 -> Delta t = 7.34e+07 s = 2.3 yr  (4.3e+07 x the 1.7 s; 7.3e+06 x a 10 s budget)
    canonical nu_RAR f_s = 0.1  : phi(Sun) = -7.30e-07 -> Delta t = 6.10e+07 s = 1.9 yr  (3.6e+07 x the 1.7 s; 6.1e+06 x a 10 s budget)
    canonical nu_RAR f_s = 0.01 : phi(Sun) = -6.98e-07 -> Delta t = 5.98e+07 s = 1.9 yr  (3.5e+07 x the 1.7 s; 6.0e+06 x a 10 s budget)
    canonical nu_RAR f_s = 0    : phi(Sun) = -6.95e-07 -> Delta t = 5.96e+07 s = 1.9 yr  (3.5e+07 x the 1.7 s; 6.0e+06 x a 10 s budget)
    canonical mu_2   f_s = 1    : phi(Sun) = -1.01e-06 -> Delta t = 7.18e+07 s = 2.3 yr  (4.2e+07 x the 1.7 s; 7.2e+06 x a 10 s budget)
    canonical mu_2   f_s = 0.1  : phi(Sun) = -6.92e-07 -> Delta t = 5.94e+07 s = 1.9 yr  (3.5e+07 x the 1.7 s; 5.9e+06 x a 10 s budget)
    canonical mu_2   f_s = 0.01 : phi(Sun) = -6.61e-07 -> Delta t = 5.82e+07 s = 1.8 yr  (3.4e+07 x the 1.7 s; 5.8e+06 x a 10 s budget)
    canonical mu_2   f_s = 0    : phi(Sun) = -6.57e-07 -> Delta t = 5.81e+07 s = 1.8 yr  (3.4e+07 x the 1.7 s; 5.8e+06 x a 10 s budget)
    alt       nu_RAR f_s = 1    : phi(Sun) = -1.10e-06 -> Delta t = 7.40e+07 s = 2.3 yr  (4.4e+07 x the 1.7 s; 7.4e+06 x a 10 s budget)
    alt       nu_RAR f_s = 0.1  : phi(Sun) = -7.81e-07 -> Delta t = 6.17e+07 s = 2.0 yr  (3.6e+07 x the 1.7 s; 6.2e+06 x a 10 s budget)
    alt       nu_RAR f_s = 0.01 : phi(Sun) = -7.49e-07 -> Delta t = 6.04e+07 s = 1.9 yr  (3.6e+07 x the 1.7 s; 6.0e+06 x a 10 s budget)
    alt       nu_RAR f_s = 0    : phi(Sun) = -7.46e-07 -> Delta t = 6.03e+07 s = 1.9 yr  (3.5e+07 x the 1.7 s; 6.0e+06 x a 10 s budget)
    alt       mu_2   f_s = 1    : phi(Sun) = -1.06e-06 -> Delta t = 7.24e+07 s = 2.3 yr  (4.3e+07 x the 1.7 s; 7.2e+06 x a 10 s budget)
    alt       mu_2   f_s = 0.1  : phi(Sun) = -7.42e-07 -> Delta t = 6.01e+07 s = 1.9 yr  (3.5e+07 x the 1.7 s; 6.0e+06 x a 10 s budget)
    alt       mu_2   f_s = 0.01 : phi(Sun) = -7.11e-07 -> Delta t = 5.88e+07 s = 1.9 yr  (3.5e+07 x the 1.7 s; 5.9e+06 x a 10 s budget)
    alt       mu_2   f_s = 0    : phi(Sun) = -7.07e-07 -> Delta t = 5.87e+07 s = 1.9 yr  (3.5e+07 x the 1.7 s; 5.9e+06 x a 10 s budget)
  [PASS] 1a with the scalar carrying the share PAPER24 assigns it at solar-system accelerations (f_s ~ 1), the photon-graviton delay is >= 5e7 s (>= 1.5 yr) on every footing and kernel: >= 1e7 x the observed 1.7 s (the Newtonian-regime share adds only ~25% because the path integral is dominated by the phantom's log potential at large radii)
           (min Delta t at f_s = 1: 7.18e+07 s = 2 yr)
  [PASS] 1b even with NO Newtonian-regime share (f_s = 0) the deep-MOND part alone -- which is the scalar's by construction, since the force law a0 = lambda^3/(12 pi G beta s_0) comes from it -- gives >= 1e7 s (>= 1 yr): the coupling is dead irrespective of f_s
           (min Delta t at f_s = 0: 5.81e+07 s = 1.8 yr; the record's cap-free number is 3.5e7 s)
  [PASS] 1c the sign is the observed one (phi < 0: photons later), so nothing is rescued by sign; the required TOTAL scalar share to pass a 10 s budget would be <= 1e-7 of the potential, i.e. no MOND force from the scalar at all
           (allowed share ~ 10 s / 5.8e+07 s = 1.7e-07)

====================================================================================================
2. the records: the gate exists in the repository and predates the papers; the papers and lanes do not cite it
====================================================================================================
  [PASS] 2a the record's gate exists (prep_2026/gw170817_check/RESULT.md, verdict EXCLUDED, 3.5e7 s) and NEITHER PAPER24 nor PAPER25 nor any of the L186-L225 lanes mentions GW170817, Boran or the emulator wall [PASS = the omission is verified]
           (lanes scanned: 44; citing the gate: [])
  [PASS] 2b the construction's own words put photons on the disformal metric: PAPER24 states Phi~ = Phi + phi, Psi~ = Psi + phi and 'light bending and Shapiro delay are general-relativistic' -- the ratio gamma = 1, not the photon-graviton difference [records located]

CK01 COMPLETE: 5/5 checks PASS.
VERDICT.  The PAPER24/25 clock construction, as published, fails GW170817's photon-graviton arrival test by 7-9 orders of magnitude on
both footings and both kernels: its disformal matter coupling along the clock direction is exactly the two-cone ('dark-matter emulator')
structure the repository's own prep_2026/gw170817_check excluded before the papers were written, and the deep-MOND part of the scalar
potential alone is enough.  The PAPER25 alignment (s_0 >= 1.5e7) is irrelevant to it: the cone split is a scalar.  Consequences for the
swarm: (1) do NOT 'run the clock' as published; (2) the repair must put every species on ONE metric -- either move the disformal
structure into the gravitational sector (then c_T = c must be re-derived; a clock-dependent disformal factor generically breaks it) or
drop the disformal coupling and let lensing come from the sector's own clustering (which L248's truncation test already kills as the
lensing source); (3) the single-metric candidate of 2026-09-05 (clock host + xi-screened scalar, matter on g) is the construction that
does not have this problem and is where the roadmap G04-G14 should be run.  PAPER24/25 need a versioned erratum -- on the user's go
only.  Nothing here derives kappa.
