  [PASS] C5 row counts match the ReadMes: {'tablef': 4208, 'tableb3': 203, 'tablec3': 108, 'table1': 170, 'table4': 232, 'tablea1': 124, 'tablea2': 100}; RC galaxies 82
  [PASS] C1 copied SPARC code reproduces CFG534 Delta_out (+0.0712 / +0.0722 within 0.001): +0.07115 / +0.07215
SPARC D2 reference (R >= 2 R_d, CFG534 code): canonical +0.0586 +- 0.0243 (Z +2.41) / alt +0.0600 +- 0.0246 (Z +2.44)
  [PASS] C4 SPARC HI scaling calibrated: log M_HI = 9.478 + 0.679(log M* - 10) + 0.061(T - 5); sigma_g 0.337 dex; N 175
  [FAIL] C2 photometry: profile luminosity vs Korsaga LD (to R25) and LB, medians within 10%: median L_d(<R25)/LD 1.016 (range 0.88-11.80); median L_b/LB 0.829 (range 0.00-4.70; N 46)
  [FAIL] C3 Upsilon_Rc equals Korsaga tablea2 M/LfML to 0.01: max |diff| 0.1087 over 45
gas scale-length root found for 57/59 galaxies
SPARC overlaps among the 59 RC galaxies with Korsaga photometry: 13 -> [('UGC11557', ['UGC11557'], 0.4), ('UGC11914', ['UGC11914'], 0.4), ('UGC4325', ['UGC4325'], 0.8), ('UGC4499', ['UGC4499'], 0.2), ('UGC5253', ['UGC5253'], 0.2), ('UGC5414', ['UGC5414'], 0.6), ('UGC5721', ['UGC5721'], 1.3), ('UGC5829', ['UGC5829'], 0.1), ('UGC6537', ['NGC3726'], 0.2), ('UGC6778', ['NGC3893'], 0.5), ('UGC7323', ['UGC7323'], 0.5), ('UGC8490', ['UGC8490'], 0.4), ('UGC9969', ['NGC5985'], 0.5)]; galaxies without any position: 0
sample: RC 82; with Korsaga photometry 59; f_ID<=2 & i>=30 41; minus SPARC overlaps -> PRIMARY N 31 (early 5, late 26)
inner band: 31/31 have >= 2 points at R <= 1.5 R_d; outer band 3 R_d: 19 (early 1); 2 R_d: 27 (early 3)
median h / seeing (Barbosa table1, OHP) = 10.8 (N 29)

== POWER FORECAST (SPARC within-bin within-class d_out scatter x GHASP counts; no GHASP residual) ==
  [canonical] primary R>=3Rd                       x1.0: sigma_fc nan; expected Z nan; P(Z>=2) 0.00; bins 0, early 0, late 0; adequate False
  [canonical] primary R>=3Rd                       x1.5: sigma_fc nan; expected Z nan; P(Z>=2) 0.00; bins 0, early 0, late 0; adequate False
        counts per bin (lo, early, late): [(9.4, 0, 5), (9.8, 0, 4), (10.2, 0, 4), (10.6, 0, 3), (11.0, 1, 2)]
  [canonical] D2 R>=2Rd                            x1.0: sigma_fc nan; expected Z nan; P(Z>=2) 0.00; bins 0, early 0, late 0; adequate False
  [canonical] D2 R>=2Rd                            x1.5: sigma_fc nan; expected Z nan; P(Z>=2) 0.00; bins 0, early 0, late 0; adequate False
        counts per bin (lo, early, late): [(9.4, 0, 6), (9.8, 0, 6), (10.2, 1, 5), (10.6, 1, 3), (11.0, 1, 4)]
  [canonical] FULL GHASP (Korsaga Rlast/h>=3)      x1.0: sigma_fc nan; expected Z nan; P(Z>=2) 0.00; bins 0, early 0, late 0; adequate False
  [canonical] FULL GHASP (Korsaga Rlast/h>=3)      x1.5: sigma_fc nan; expected Z nan; P(Z>=2) 0.00; bins 0, early 0, late 0; adequate False
        counts per bin (lo, early, late): [(9.4, 0, 7), (9.8, 0, 10), (10.2, 0, 10), (10.6, 1, 10), (11.0, 1, 4), (11.4, 0, 2)]
  [canonical] FULL GHASP (Korsaga Rlast/h>=2), D2  x1.0: sigma_fc 0.0287; expected Z 2.04; P(Z>=2) 0.52; bins 3, early 11, late 30; adequate True
  [canonical] FULL GHASP (Korsaga Rlast/h>=2), D2  x1.5: sigma_fc 0.0430; expected Z 1.36; P(Z>=2) 0.26; bins 3, early 11, late 30; adequate True
        counts per bin (lo, early, late): [(9.0, 0, 2), (9.4, 0, 11), (9.8, 0, 13), (10.2, 3, 13), (10.6, 6, 12), (11.0, 2, 5), (11.4, 0, 2)]
  [canonical] full GHASP (Korsaga f<=2, i>=30, no overlaps): {'N': 72, 'early': 13, 'with_390_466_RC': 31, 'Rlh_ge3': 45, 'Rlh_ge3_early': 2, 'Rlh_ge2': 69, 'Rlh_ge2_early': 11}
  [alt] primary R>=3Rd                       x1.0: sigma_fc nan; expected Z nan; P(Z>=2) 0.00; bins 0, early 0, late 0; adequate False
  [alt] primary R>=3Rd                       x1.5: sigma_fc nan; expected Z nan; P(Z>=2) 0.00; bins 0, early 0, late 0; adequate False
        counts per bin (lo, early, late): [(9.4, 0, 5), (9.8, 0, 4), (10.2, 0, 4), (10.6, 0, 3), (11.0, 1, 2)]
  [alt] D2 R>=2Rd                            x1.0: sigma_fc nan; expected Z nan; P(Z>=2) 0.00; bins 0, early 0, late 0; adequate False
  [alt] D2 R>=2Rd                            x1.5: sigma_fc nan; expected Z nan; P(Z>=2) 0.00; bins 0, early 0, late 0; adequate False
        counts per bin (lo, early, late): [(9.4, 0, 6), (9.8, 0, 6), (10.2, 1, 5), (10.6, 1, 3), (11.0, 1, 4)]
  [alt] FULL GHASP (Korsaga Rlast/h>=3)      x1.0: sigma_fc nan; expected Z nan; P(Z>=2) 0.00; bins 0, early 0, late 0; adequate False
  [alt] FULL GHASP (Korsaga Rlast/h>=3)      x1.5: sigma_fc nan; expected Z nan; P(Z>=2) 0.00; bins 0, early 0, late 0; adequate False
        counts per bin (lo, early, late): [(9.4, 0, 7), (9.8, 0, 10), (10.2, 0, 10), (10.6, 1, 10), (11.0, 1, 4), (11.4, 0, 2)]
  [alt] FULL GHASP (Korsaga Rlast/h>=2), D2  x1.0: sigma_fc 0.0289; expected Z 2.08; P(Z>=2) 0.53; bins 3, early 11, late 30; adequate True
  [alt] FULL GHASP (Korsaga Rlast/h>=2), D2  x1.5: sigma_fc 0.0434; expected Z 1.38; P(Z>=2) 0.27; bins 3, early 11, late 30; adequate True
        counts per bin (lo, early, late): [(9.0, 0, 2), (9.4, 0, 11), (9.8, 0, 13), (10.2, 3, 13), (10.6, 6, 12), (11.0, 2, 5), (11.4, 0, 2)]
  [alt] full GHASP (Korsaga f<=2, i>=30, no overlaps): {'N': 72, 'early': 13, 'with_390_466_RC': 31, 'Rlh_ge3': 45, 'Rlh_ge3_early': 2, 'Rlh_ge2': 69, 'Rlh_ge2_early': 11}

== MUTATE (on D3 no f/inc cuts) ==
  [PASS] MU1 [canonical] T shuffled within bins kills Delta_out: |mean Z| < 0.5: mean Z -0.001 (sd 1.12; n 197; P(Z>=2) 0.036); unshuffled Z -1.06
  [PASS] MU2 [canonical] +0.071 injection into early outer residuals recovered within 0.002: shift +0.0710
  [PASS] MU1 [alt] T shuffled within bins kills Delta_out: |mean Z| < 0.5: mean Z -0.001 (sd 1.13; n 197; P(Z>=2) 0.041); unshuffled Z -1.03
  [PASS] MU2 [alt] +0.071 injection into early outer residuals recovered within 0.002: shift +0.0710

7/9 checks pass
