  [PASS] C5 row counts match the ReadMes: {'tablef': 4208, 'tableb3': 203, 'tablec3': 108, 'table1': 170, 'table4': 232, 'tablea1': 124, 'tablea2': 100}; RC galaxies 82
  [PASS] C1 copied SPARC code reproduces CFG534 Delta_out (+0.0712 / +0.0722 within 0.001): +0.07115 / +0.07215
SPARC D2 reference (R >= 2 R_d, CFG534 code): canonical +0.0586 +- 0.0243 (Z +2.41) / alt +0.0600 +- 0.0246 (Z +2.44)
  [PASS] C4 SPARC HI scaling calibrated: log M_HI = 9.478 + 0.679(log M* - 10) + 0.061(T - 5); sigma_g 0.337 dex; N 175
  [PASS] ADD-1 388/500 tablef row count 5505: 5505 rows, 93 galaxies
ADDENDUM merge: 388/500 galaxies 93; non-UGC names mapped via RC3 0 []; unmapped (kept under own name; no Korsaga photometry unless listed) ['IC476', 'IC2542', 'NGC5296']; duplicates of 390/466 (390/466 curve kept) 2 ['UGC3382', 'UGC11300']; added 91; combined RC galaxies 173
  [FAIL] C2 photometry: profile luminosity vs Korsaga LD (to R25) and LB, medians within 10%: median L_d(<R25)/LD 1.017 (range 0.88-11.80); median L_b/LB 0.877 (range 0.00-6.36; N 102)
  [FAIL] C3 Upsilon_Rc equals Korsaga tablea2 M/LfML to 0.01: max |diff| 0.1087 over 100
gas scale-length root found for 119/124 galaxies
SPARC overlaps among the 124 RC galaxies with Korsaga photometry: 18 -> [('UGC10075', ['NGC6015'], 0.7), ('UGC11557', ['UGC11557'], 0.4), ('UGC11597', ['NGC6946'], 0.2), ('UGC11914', ['UGC11914'], 0.4), ('UGC4325', ['UGC4325'], 0.8), ('UGC4499', ['UGC4499'], 0.2), ('UGC5253', ['UGC5253'], 0.2), ('UGC5414', ['UGC5414'], 0.6), ('UGC5721', ['UGC5721'], 1.3), ('UGC5829', ['UGC5829'], 0.1), ('UGC6537', ['NGC3726'], 0.2), ('UGC6778', ['NGC3893'], 0.5), ('UGC7323', ['UGC7323'], 0.5), ('UGC7766', ['NGC4559'], 0.4), ('UGC8334', ['NGC5055'], 0.6), ('UGC8490', ['UGC8490'], 0.4), ('UGC9179', ['NGC5585'], 1.2), ('UGC9969', ['NGC5985'], 0.5)]; galaxies without any position: 0
sample: RC 173; with Korsaga photometry 124; f_ID<=2 & i>=30 86; minus SPARC overlaps -> PRIMARY N 72 (early 13, late 59)
inner band: 72/72 have >= 2 points at R <= 1.5 R_d; outer band 3 R_d: 36 (early 1); 2 R_d: 57 (early 8)
median h / seeing (Barbosa table1, OHP) = 10.7 (N 54)

== POWER FORECAST (SPARC within-bin within-class d_out scatter x GHASP counts; no GHASP residual) ==
  [canonical] primary R>=3Rd                       x1.0: sigma_fc nan; expected Z nan; P(Z>=2) 0.00; bins 0, early 0, late 0; adequate False
  [canonical] primary R>=3Rd                       x1.5: sigma_fc nan; expected Z nan; P(Z>=2) 0.00; bins 0, early 0, late 0; adequate False
        counts per bin (lo, early, late): [(9.4, 0, 6), (9.8, 0, 7), (10.2, 0, 8), (10.6, 0, 9), (11.0, 1, 3), (11.4, 0, 2)]
  [canonical] D2 R>=2Rd                            x1.0: sigma_fc 0.0334; expected Z 1.75; P(Z>=2) 0.40; bins 3, early 8, late 26; adequate True
  [canonical] D2 R>=2Rd                            x1.5: sigma_fc 0.0502; expected Z 1.17; P(Z>=2) 0.20; bins 3, early 8, late 26; adequate True
        counts per bin (lo, early, late): [(9.0, 0, 1), (9.4, 0, 9), (9.8, 0, 11), (10.2, 2, 11), (10.6, 4, 10), (11.0, 2, 5), (11.4, 0, 2)]
  [canonical] FULL GHASP (Korsaga Rlast/h>=3)      x1.0: sigma_fc nan; expected Z nan; P(Z>=2) 0.00; bins 0, early 0, late 0; adequate False
  [canonical] FULL GHASP (Korsaga Rlast/h>=3)      x1.5: sigma_fc nan; expected Z nan; P(Z>=2) 0.00; bins 0, early 0, late 0; adequate False
        counts per bin (lo, early, late): [(9.4, 0, 7), (9.8, 0, 10), (10.2, 0, 10), (10.6, 1, 10), (11.0, 1, 4), (11.4, 0, 2)]
  [canonical] FULL GHASP (Korsaga Rlast/h>=2), D2  x1.0: sigma_fc 0.0287; expected Z 2.04; P(Z>=2) 0.52; bins 3, early 11, late 30; adequate True
  [canonical] FULL GHASP (Korsaga Rlast/h>=2), D2  x1.5: sigma_fc 0.0430; expected Z 1.36; P(Z>=2) 0.26; bins 3, early 11, late 30; adequate True
        counts per bin (lo, early, late): [(9.0, 0, 2), (9.4, 0, 11), (9.8, 0, 13), (10.2, 3, 13), (10.6, 6, 12), (11.0, 2, 5), (11.4, 0, 2)]
  [canonical] full GHASP (Korsaga f<=2, i>=30, no overlaps): {'N': 72, 'early': 13, 'with_390_466_RC': 72, 'Rlh_ge3': 45, 'Rlh_ge3_early': 2, 'Rlh_ge2': 69, 'Rlh_ge2_early': 11}
  [alt] primary R>=3Rd                       x1.0: sigma_fc nan; expected Z nan; P(Z>=2) 0.00; bins 0, early 0, late 0; adequate False
  [alt] primary R>=3Rd                       x1.5: sigma_fc nan; expected Z nan; P(Z>=2) 0.00; bins 0, early 0, late 0; adequate False
        counts per bin (lo, early, late): [(9.4, 0, 6), (9.8, 0, 7), (10.2, 0, 8), (10.6, 0, 9), (11.0, 1, 3), (11.4, 0, 2)]
  [alt] D2 R>=2Rd                            x1.0: sigma_fc 0.0337; expected Z 1.78; P(Z>=2) 0.41; bins 3, early 8, late 26; adequate True
  [alt] D2 R>=2Rd                            x1.5: sigma_fc 0.0506; expected Z 1.19; P(Z>=2) 0.21; bins 3, early 8, late 26; adequate True
        counts per bin (lo, early, late): [(9.0, 0, 1), (9.4, 0, 9), (9.8, 0, 11), (10.2, 2, 11), (10.6, 4, 10), (11.0, 2, 5), (11.4, 0, 2)]
  [alt] FULL GHASP (Korsaga Rlast/h>=3)      x1.0: sigma_fc nan; expected Z nan; P(Z>=2) 0.00; bins 0, early 0, late 0; adequate False
  [alt] FULL GHASP (Korsaga Rlast/h>=3)      x1.5: sigma_fc nan; expected Z nan; P(Z>=2) 0.00; bins 0, early 0, late 0; adequate False
        counts per bin (lo, early, late): [(9.4, 0, 7), (9.8, 0, 10), (10.2, 0, 10), (10.6, 1, 10), (11.0, 1, 4), (11.4, 0, 2)]
  [alt] FULL GHASP (Korsaga Rlast/h>=2), D2  x1.0: sigma_fc 0.0289; expected Z 2.08; P(Z>=2) 0.53; bins 3, early 11, late 30; adequate True
  [alt] FULL GHASP (Korsaga Rlast/h>=2), D2  x1.5: sigma_fc 0.0434; expected Z 1.38; P(Z>=2) 0.27; bins 3, early 11, late 30; adequate True
        counts per bin (lo, early, late): [(9.0, 0, 2), (9.4, 0, 11), (9.8, 0, 13), (10.2, 3, 13), (10.6, 6, 12), (11.0, 2, 5), (11.4, 0, 2)]
  [alt] full GHASP (Korsaga f<=2, i>=30, no overlaps): {'N': 72, 'early': 13, 'with_390_466_RC': 72, 'Rlh_ge3': 45, 'Rlh_ge3_early': 2, 'Rlh_ge2': 69, 'Rlh_ge2_early': 11}

== SCORING (frozen ladder; primary = overlaps removed, gas nominal, colour M/L) ==
  [canonical] d_out : untestable (0 matched bins)
  [canonical] d_in  : -0.0046 +- 0.0545 (Z -0.08; Z_cal -0.39, null sd 1.07; pooled Z -0.21; bins 3, early 12, late 31)
        bin 10.2: early 3 late 13  +0.0067 +- 0.0720
        bin 10.6: early 6 late 12  -0.0904 +- 0.1268
        bin 11.0: early 3 late 6  +0.0336 +- 0.1102
  [canonical] d_oi  : untestable (0 matched bins)
  [canonical] VERDICT: NO INDEPENDENT SAMPLE
  [alt] d_out : untestable (0 matched bins)
  [alt] d_in  : +0.0039 +- 0.0545 (Z +0.07; Z_cal +0.00, null sd 1.07; pooled Z -0.11; bins 3, early 12, late 31)
        bin 10.2: early 3 late 13  +0.0157 +- 0.0723
        bin 10.6: early 6 late 12  -0.0830 +- 0.1257
        bin 11.0: early 3 late 6  +0.0433 +- 0.1100
  [alt] d_oi  : untestable (0 matched bins)
  [alt] VERDICT: NO INDEPENDENT SAMPLE

HEADLINE (primary): NO INDEPENDENT SAMPLE
  [canonical] unmatched class means: d_out early +0.0846 (N 1), late +0.0903 (N 35); d_in early +0.0984 (N 13), late +0.0719 (N 59)
  [alt] unmatched class means: d_out early +0.0602 (N 1), late +0.0601 (N 35); d_in early +0.0849 (N 13), late +0.0472 (N 59)

== DESCRIPTIVE (pre-declared, NO verdict weight) ==
  [canonical] D1 Delta_in: -0.0046 +- 0.0545 (Z -0.08; Z_cal -0.39, null sd 1.07; pooled Z -0.21; bins 3, early 12, late 31) -> NO INNER DIFFERENCE
  [canonical] D2 R>=2Rd              N 72 (ref +0.0586): d_out +0.0864 +- 0.0544 (Z +1.59; Z_cal +1.18, null sd 1.40; pooled Z +0.75; bins 3, early 8, late 26)
                               d_oi +0.0493 +- 0.0348 (Z +1.42; Z_cal +1.16, null sd 1.53; pooled Z +1.16; bins 3, early 8, late 26); label: CONSISTENT
        bin 10.2: early 2 late 11  +0.0440 +- 0.0942
        bin 10.6: early 4 late 10  -0.0208 +- 0.1071
        bin 11.0: early 2 late 5  +0.1883 +- 0.0850
  [canonical] D3 no f/inc cuts       N 106 (ref +0.0710): d_out -0.0583 +- 0.1861 (Z -0.31; Z_cal -0.38, null sd 1.32; pooled Z -0.22; bins 1, early 2, late 16; INADEQUATE)
                               d_oi +0.4699 +- 0.1094 (Z +4.29; Z_cal +2.18, null sd 1.75; pooled Z +1.92; bins 1, early 2, late 16; INADEQUATE); label: NO INDEPENDENT SAMPLE
        bin 9.8: early 2 late 16  -0.0583 +- 0.1861
  [canonical] WITH OVERLAPS primary  N 86 (ref +0.0710): d_out untestable (0 matched bins)
                               d_oi untestable (0 matched bins); label: NO INDEPENDENT SAMPLE
  [canonical] WITH OVERLAPS D2       N 86 (ref +0.0586): d_out +0.0271 +- 0.0609 (Z +0.45; Z_cal +0.29, null sd 1.46; pooled Z +0.24; bins 3, early 9, late 32)
                               d_oi +0.0620 +- 0.0304 (Z +2.04; Z_cal +1.53, null sd 1.46; pooled Z +1.61; bins 3, early 9, late 32); label: CONSISTENT
        bin 10.2: early 2 late 14  +0.0433 +- 0.0906
        bin 10.6: early 4 late 12  +0.0046 +- 0.1046
        bin 11.0: early 3 late 6  +0.0288 +- 0.1329
  [canonical] WITH OVERLAPS D3       N 124 (ref +0.0710): d_out -0.0583 +- 0.1861 (Z -0.31; Z_cal -0.38, null sd 1.40; pooled Z -0.22; bins 1, early 2, late 16; INADEQUATE)
                               d_oi +0.4699 +- 0.1094 (Z +4.29; Z_cal +2.17, null sd 1.89; pooled Z +1.92; bins 1, early 2, late 16; INADEQUATE); label: NO INDEPENDENT SAMPLE
        bin 9.8: early 2 late 16  -0.0583 +- 0.1861
  [alt] D1 Delta_in: +0.0039 +- 0.0545 (Z +0.07; Z_cal +0.00, null sd 1.07; pooled Z -0.11; bins 3, early 12, late 31) -> NO INNER DIFFERENCE
  [alt] D2 R>=2Rd              N 72 (ref +0.0600): d_out +0.0905 +- 0.0537 (Z +1.69; Z_cal +1.25, null sd 1.41; pooled Z +0.84; bins 3, early 8, late 26)
                               d_oi +0.0430 +- 0.0330 (Z +1.30; Z_cal +1.08, null sd 1.53; pooled Z +1.08; bins 3, early 8, late 26); label: CONSISTENT
        bin 10.2: early 2 late 11  +0.0465 +- 0.0912
        bin 10.6: early 4 late 10  -0.0149 +- 0.1069
        bin 11.0: early 2 late 5  +0.1947 +- 0.0848
  [alt] D3 no f/inc cuts       N 106 (ref +0.0710): d_out -0.0532 +- 0.1855 (Z -0.29; Z_cal -0.35, null sd 1.33; pooled Z -0.20; bins 1, early 2, late 16; INADEQUATE)
                               d_oi +0.4667 +- 0.1102 (Z +4.24; Z_cal +2.16, null sd 1.74; pooled Z +1.90; bins 1, early 2, late 16; INADEQUATE); label: NO INDEPENDENT SAMPLE
        bin 9.8: early 2 late 16  -0.0532 +- 0.1855
  [alt] WITH OVERLAPS primary  N 86 (ref +0.0710): d_out untestable (0 matched bins)
                               d_oi untestable (0 matched bins); label: NO INDEPENDENT SAMPLE
  [alt] WITH OVERLAPS D2       N 86 (ref +0.0600): d_out +0.0326 +- 0.0596 (Z +0.55; Z_cal +0.37, null sd 1.46; pooled Z +0.33; bins 3, early 9, late 32)
                               d_oi +0.0552 +- 0.0289 (Z +1.91; Z_cal +1.46, null sd 1.45; pooled Z +1.52; bins 3, early 9, late 32); label: CONSISTENT
        bin 10.2: early 2 late 14  +0.0455 +- 0.0876
        bin 10.6: early 4 late 12  +0.0098 +- 0.1044
        bin 11.0: early 3 late 6  +0.0394 +- 0.1298
  [alt] WITH OVERLAPS D3       N 124 (ref +0.0710): d_out -0.0532 +- 0.1855 (Z -0.29; Z_cal -0.35, null sd 1.41; pooled Z -0.20; bins 1, early 2, late 16; INADEQUATE)
                               d_oi +0.4667 +- 0.1102 (Z +4.24; Z_cal +2.16, null sd 1.88; pooled Z +1.90; bins 1, early 2, late 16; INADEQUATE); label: NO INDEPENDENT SAMPLE
        bin 9.8: early 2 late 16  -0.0532 +- 0.1855

(free-M/L / sensitivities run on: D2 R>=2Rd, NO verdict weight)

== FREE STELLAR M/L (multiplier on the colour M/L, log10 f in [-0.3, 0.3]) ==
  [canonical] B1 global free          : d_out +0.0574 +- 0.0269 (Z +2.14; Z_cal +1.72, null sd 1.74; pooled Z +0.92; bins 3, early 8, late 26)
                                   d_in -0.0321 (Z_cal -1.09); d_oi +0.0671; early-late dlog f +0.028 (Z +0.58)
  [canonical] B2 inner-fit            : d_out +0.0717 +- 0.0355 (Z +2.02; Z_cal +1.74, null sd 1.26; pooled Z +1.98; bins 3, early 8, late 26)
                                   d_in +0.0010 (Z_cal +0.00); d_oi +0.0640; early-late dlog f -0.005 (Z -0.09)
  [canonical] B3 early x2 / late x0.5 : d_out -0.3137 +- 0.0551 (Z -5.69; Z_cal -2.51, null sd 1.80; pooled Z -5.14; bins 3, early 8, late 26)
                                   d_in -0.4683 (Z_cal -3.09); d_oi +0.1190; early-late dlog f +nan (Z +nan)
  [canonical] M/L label: PARTIAL (on D2 R>=2Rd; no verdict weight)
  [alt] B1 global free          : d_out +0.0534 +- 0.0270 (Z +1.97; Z_cal +1.55, null sd 1.64; pooled Z +0.65; bins 3, early 8, late 26)
                                   d_in -0.0266 (Z_cal -1.05); d_oi +0.0604; early-late dlog f +0.036 (Z +0.73)
  [alt] B2 inner-fit            : d_out +0.0752 +- 0.0343 (Z +2.19; Z_cal +1.85, null sd 1.33; pooled Z +2.11; bins 3, early 8, late 26)
                                   d_in +0.0085 (Z_cal +0.00); d_oi +0.0569; early-late dlog f -0.003 (Z -0.07)
  [alt] B3 early x2 / late x0.5 : d_out -0.3007 +- 0.0545 (Z -5.52; Z_cal -2.65, null sd 1.79; pooled Z -4.96; bins 3, early 8, late 26)
                                   d_in -0.4504 (Z_cal -3.09); d_oi +0.1124; early-late dlog f +nan (Z +nan)
  [alt] M/L label: PARTIAL (on D2 R>=2Rd; no verdict weight)

== SENSITIVITIES (no verdict weight; on D2 R>=2Rd) ==
  [canonical] S1 single Upsilon_Rc (median 1.03): d_out +0.1624 +- 0.0591 (Z +2.75; bins 3); d_in +0.0993 (Z +1.59; bins 3)
  [canonical] S2 RC3 T                      : d_out +0.0712 +- 0.0541 (Z +1.32; bins 3); d_in +0.0066 (Z +0.10; bins 3)
  [canonical] G0 gas omitted                : d_out +0.0810 +- 0.0555 (Z +1.46; bins 3); d_in -0.0084 (Z -0.15; bins 3)
  [canonical] G+ gas x2                     : d_out +0.0913 +- 0.0533 (Z +1.71; bins 3); d_in -0.0010 (Z -0.02; bins 3)
  [canonical] G- gas x0.5                   : d_out +0.0838 +- 0.0549 (Z +1.52; bins 3); d_in -0.0065 (Z -0.12; bins 3)
  [canonical] gas bias Delta(G0) - Delta(nominal): d_out -0.0055; d_in -0.0038  (negative = against H, as pre-stated)
  [canonical] GMC (200 draws, sigma_g 0.34 dex): d_out mean +0.0879, sd 0.0081
  [canonical] S3 T<=2                          : d_out -0.0588 +- 0.1340 (Z -0.44; bins 1, early 3, late 11)
  [canonical] S3 T<=4                          : d_out +0.0849 +- 0.0537 (Z +1.58; bins 3, early 16, late 18)
  [canonical] S4 bins +0.2 dex              : d_out +0.0322 +- 0.0630 (Z +0.51; bins 2, early 8, late 17)
  [canonical] leave-one-out Z +0.22 (drop UGC2503) .. +1.90 (drop UGC4936)
  [alt] S1 single Upsilon_Rc (median 1.03): d_out +0.1636 +- 0.0582 (Z +2.81; bins 3); d_in +0.1057 (Z +1.70; bins 3)
  [alt] S2 RC3 T                      : d_out +0.0744 +- 0.0537 (Z +1.39; bins 3); d_in +0.0151 (Z +0.24; bins 3)
  [alt] G0 gas omitted                : d_out +0.0853 +- 0.0549 (Z +1.55; bins 3); d_in +0.0002 (Z +0.00; bins 3)
  [alt] G+ gas x2                     : d_out +0.0952 +- 0.0526 (Z +1.81; bins 3); d_in +0.0075 (Z +0.14; bins 3)
  [alt] G- gas x0.5                   : d_out +0.0879 +- 0.0543 (Z +1.62; bins 3); d_in +0.0021 (Z +0.04; bins 3)
  [alt] gas bias Delta(G0) - Delta(nominal): d_out -0.0053; d_in -0.0037  (negative = against H, as pre-stated)
  [alt] GMC (200 draws, sigma_g 0.34 dex): d_out mean +0.0919, sd 0.0081
  [alt] S3 T<=2                          : d_out -0.0504 +- 0.1349 (Z -0.37; bins 1, early 3, late 11)
  [alt] S3 T<=4                          : d_out +0.0874 +- 0.0530 (Z +1.65; bins 3, early 16, late 18)
  [alt] S4 bins +0.2 dex              : d_out +0.0357 +- 0.0623 (Z +0.57; bins 2, early 8, late 17)
  [alt] leave-one-out Z +0.30 (drop UGC2503) .. +2.01 (drop UGC4936)

4/6 checks pass
