frozen spec campaign_fresh_gravity/CFG154_FROZEN_CRITERIA.md  sha256 7b58a9210ff13ac851ca118e28f61d4a74933cb7035716f4f0b43e1036a07d60
cfg154_plane  mode = main
constants: M_Pl = 2.435323e+27 eV (reduced, from G), 1 eV^-1 = 1.973269803e-07 m, Msun = 1.115416e+66 eV, 1 eV^4 = 2.320115e-16 kg/m^3
N_a (a_phi^2 = N_a (alpha^3 Lambda^2/M_Pl) g_N in the gradient limit) = 1

==============================================================================================================
C4. THE REDUCTION: solver B (physical units) against solver C (only eps enters)
==============================================================================================================
C4 m =     1 eV, alpha =     1, M_b = 1e+09, B-   eps = 7.8355e-02, yhat(0.1) = 1.0000e+00: max |R_B/R_C - 1| = 5.16e-11 (200 points up to x = 30.000); x_edge C inf, B inf
C4 m =     1 eV, alpha =     1, M_b = 1e+09, B+a  eps = 7.8355e-02, yhat(0.1) = 1.0031e+03: max |R_B/R_C - 1| = 1.11e-11 (200 points up to x = 30.000); x_edge C inf, B inf
C4 m =     1 eV, alpha =     1, M_b = 1e+10, B-   eps = 2.4778e-01, yhat(0.1) = 1.0000e+00: max |R_B/R_C - 1| = 2.17e-10 (200 points up to x = 30.000); x_edge C inf, B inf
C4 m =     1 eV, alpha =     1, M_b = 1e+10, B+a  eps = 2.4778e-01, yhat(0.1) = 1.0099e+03: max |R_B/R_C - 1| = 8.36e-11 (200 points up to x = 30.000); x_edge C inf, B inf
C4 m =     1 eV, alpha =     1, M_b = 1e+11, B-   eps = 7.8355e-01, yhat(0.1) = 1.0000e+00: max |R_B/R_C - 1| = 6.08e-10 (200 points up to x = 30.000); x_edge C inf, B inf
C4 m =     1 eV, alpha =     1, M_b = 1e+11, B+a  eps = 7.8355e-01, yhat(0.1) = 1.0313e+03: max |R_B/R_C - 1| = 1.15e-10 (169 points up to x = 12.338); x_edge C 13.97, B 14.02
C4 m =     1 eV, alpha =     1, M_b = 1e+12, B-   eps = 2.4778e+00, yhat(0.1) = 1.0000e+00: max |R_B/R_C - 1| = 1.02e-09 (200 points up to x = 30.000); x_edge C inf, B inf
C4 m =     1 eV, alpha =     1, M_b = 1e+12, B+a  eps = 2.4778e+00, yhat(0.1) = 1.0991e+03: max |R_B/R_C - 1| = 1.08e-10 (129 points up to x = 3.920); x_edge C 4.46, B 4.472
C4 m =   0.1 eV, alpha =    10, M_b = 1e+09, B-   eps = 7.8355e-05, yhat(0.1) = 1.0000e+00: max |R_B/R_C - 1| = 1.08e-12 (200 points up to x = 30.000); x_edge C inf, B inf
C4 m =   0.1 eV, alpha =    10, M_b = 1e+09, B+a  eps = 7.8355e-05, yhat(0.1) = 1.0000e+03: max |R_B/R_C - 1| = 1.09e-12 (200 points up to x = 30.000); x_edge C inf, B inf
C4 m =   0.1 eV, alpha =    10, M_b = 1e+10, B-   eps = 2.4778e-04, yhat(0.1) = 1.0000e+00: max |R_B/R_C - 1| = 1.10e-12 (200 points up to x = 30.000); x_edge C inf, B inf
C4 m =   0.1 eV, alpha =    10, M_b = 1e+10, B+a  eps = 2.4778e-04, yhat(0.1) = 1.0000e+03: max |R_B/R_C - 1| = 1.08e-12 (200 points up to x = 30.000); x_edge C inf, B inf
C4 m =   0.1 eV, alpha =    10, M_b = 1e+11, B-   eps = 7.8355e-04, yhat(0.1) = 1.0000e+00: max |R_B/R_C - 1| = 1.09e-12 (200 points up to x = 30.000); x_edge C inf, B inf
C4 m =   0.1 eV, alpha =    10, M_b = 1e+11, B+a  eps = 7.8355e-04, yhat(0.1) = 1.0000e+03: max |R_B/R_C - 1| = 1.09e-12 (200 points up to x = 30.000); x_edge C inf, B inf
C4 m =   0.1 eV, alpha =    10, M_b = 1e+12, B-   eps = 2.4778e-03, yhat(0.1) = 1.0000e+00: max |R_B/R_C - 1| = 1.08e-12 (200 points up to x = 30.000); x_edge C inf, B inf
C4 m =   0.1 eV, alpha =    10, M_b = 1e+12, B+a  eps = 2.4778e-03, yhat(0.1) = 1.0001e+03: max |R_B/R_C - 1| = 1.08e-12 (200 points up to x = 30.000); x_edge C inf, B inf
C4 m =    10 eV, alpha =   0.1, M_b = 1e+09, B-   eps = 7.8355e+01, yhat(0.1) = 1.0000e+00: max |R_B/R_C - 1| = 1.48e-09 (200 points up to x = 30.000); x_edge C inf, B inf
C4 m =    10 eV, alpha =   0.1, M_b = 1e+09, B+a  eps = 7.8355e+01, yhat(0.1) = 4.1342e+03: max |R_B/R_C - 1| = 1.12e-10 (25 points up to x = 0.199); x_edge C 0.2263, B 0.2267
Traceback (most recent call last):
  File "<repo>/campaign_fresh_gravity/CFG154_door4_superfluid_referee/cfg154_plane.py", line 48, in <module>
    o = B.solve(0.1 * rM_n, yh0 * J_M, 0.0, X_EVAL * rM_n, 40.0 * rM_n, rtol=1e-10)
  File "<repo>/campaign_fresh_gravity/CFG154_door4_superfluid_referee/cfg154_common.py", line 264, in solve
    sol = solve_ivp(self.rhs, [math.log(r_start), math.log(r_stop)], q0, method='DOP853', t_eval=t_eval,
                    rtol=rtol, atol=[1e-22, 1e-22, 1e-14], events=events)
  File "/opt/homebrew/Caskroom/miniconda/base/lib/python3.13/site-packages/scipy/integrate/_ivp/ivp.py", line 655, in solve_ivp
    message = solver.step()
  File "/opt/homebrew/Caskroom/miniconda/base/lib/python3.13/site-packages/scipy/integrate/_ivp/base.py", line 197, in step
    success, message = self._step_impl()
                       ~~~~~~~~~~~~~~~^^
  File "/opt/homebrew/Caskroom/miniconda/base/lib/python3.13/site-packages/scipy/integrate/_ivp/rk.py", line 144, in _step_impl
    y_new, f_new = rk_step(self.fun, t, y, self.f, h, self.A,
                   ~~~~~~~^^^^^^^^^^^^^^^^^^^^^^^^^^^^^^^^^^^
                           self.B, self.C, self.K)
                           ^^^^^^^^^^^^^^^^^^^^^^^
  File "/opt/homebrew/Caskroom/miniconda/base/lib/python3.13/site-packages/scipy/integrate/_ivp/rk.py", line 64, in rk_step
    K[s] = fun(t + c * h, y + dy)
           ~~~^^^^^^^^^^^^^^^^^^^
  File "/opt/homebrew/Caskroom/miniconda/base/lib/python3.13/site-packages/scipy/integrate/_ivp/base.py", line 154, in fun
    return self.fun_single(t, y)
           ~~~~~~~~~~~~~~~^^^^^^
  File "/opt/homebrew/Caskroom/miniconda/base/lib/python3.13/site-packages/scipy/integrate/_ivp/base.py", line 23, in fun_wrapped
    return np.asarray(fun(t, y), dtype=dtype)
                      ~~~^^^^^^
  File "<repo>/campaign_fresh_gravity/CFG154_door4_superfluid_referee/cfg154_common.py", line 237, in rhs
    ax = self.absX(Y, J)
  File "<repo>/campaign_fresh_gravity/CFG154_door4_superfluid_referee/cfg154_common.py", line 219, in absX
    return brentq(g, lo, hi, xtol=1e-300, rtol=1e-15, maxiter=500)
  File "/opt/homebrew/Caskroom/miniconda/base/lib/python3.13/site-packages/scipy/optimize/_zeros_py.py", line 806, in brentq
    r = _zeros._brentq(f, a, b, xtol, rtol, maxiter, args, full_output, disp)
ValueError: f(a) and f(b) must have different signs
