frozen spec campaign_fresh_gravity/CFG154_FROZEN_CRITERIA.md  sha256 7b58a9210ff13ac851ca118e28f61d4a74933cb7035716f4f0b43e1036a07d60
cfg154_plane  mode = main
constants: M_Pl = 2.435323e+27 eV (reduced, from G), 1 eV^-1 = 1.973269803e-07 m, Msun = 1.115416e+66 eV, 1 eV^4 = 2.320115e-16 kg/m^3
N_a (a_phi^2 = N_a (alpha^3 Lambda^2/M_Pl) g_N in the gradient limit) = 1

==============================================================================================================
C4. THE REDUCTION: solver B (physical units) against solver C (only eps enters)
==============================================================================================================
C4 m =     1 eV, alpha =     1, M_b = 1e+09, B-   eps = 7.8355e-02, yhat(0.1) = 1.0000e+00: max |R_B/R_C - 1| = 5.16e-11 (200 points up to x = 30.000); x_edge C inf, B inf
C4 m =     1 eV, alpha =     1, M_b = 1e+09, B+a  eps = 7.8355e-02, yhat(0.1) = 1.0031e+03: max |R_B/R_C - 1| = 1.11e-11 (200 points up to x = 30.000); x_edge C inf, B inf
C4 m =     1 eV, alpha =     1, M_b = 1e+10, B-   eps = 2.4778e-01, yhat(0.1) = 1.0000e+00: max |R_B/R_C - 1| = 2.17e-10 (200 points up to x = 30.000); x_edge C inf, B inf
C4 m =     1 eV, alpha =     1, M_b = 1e+10, B+a  eps = 2.4778e-01, yhat(0.1) = 1.0099e+03: max |R_B/R_C - 1| = 8.36e-11 (200 points up to x = 30.000); x_edge C inf, B inf
C4 m =     1 eV, alpha =     1, M_b = 1e+11, B-   eps = 7.8355e-01, yhat(0.1) = 1.0000e+00: max |R_B/R_C - 1| = 6.08e-10 (200 points up to x = 30.000); x_edge C inf, B inf
C4 m =     1 eV, alpha =     1, M_b = 1e+11, B+a  eps = 7.8355e-01, yhat(0.1) = 1.0313e+03: max |R_B/R_C - 1| = 1.15e-10 (169 points up to x = 12.338); x_edge C 13.97, B 14.02
C4 m =     1 eV, alpha =     1, M_b = 1e+12, B-   eps = 2.4778e+00, yhat(0.1) = 1.0000e+00: max |R_B/R_C - 1| = 1.02e-09 (200 points up to x = 30.000); x_edge C inf, B inf
C4 m =     1 eV, alpha =     1, M_b = 1e+12, B+a  eps = 2.4778e+00, yhat(0.1) = 1.0991e+03: max |R_B/R_C - 1| = 1.08e-10 (129 points up to x = 3.920); x_edge C 4.46, B 4.472
C4 m =   0.1 eV, alpha =    10, M_b = 1e+09, B-   eps = 7.8355e-05, yhat(0.1) = 1.0000e+00: max |R_B/R_C - 1| = 1.08e-12 (200 points up to x = 30.000); x_edge C inf, B inf
C4 m =   0.1 eV, alpha =    10, M_b = 1e+09, B+a  eps = 7.8355e-05, yhat(0.1) = 1.0000e+03: max |R_B/R_C - 1| = 1.09e-12 (200 points up to x = 30.000); x_edge C inf, B inf
C4 m =   0.1 eV, alpha =    10, M_b = 1e+10, B-   eps = 2.4778e-04, yhat(0.1) = 1.0000e+00: max |R_B/R_C - 1| = 1.10e-12 (200 points up to x = 30.000); x_edge C inf, B inf
C4 m =   0.1 eV, alpha =    10, M_b = 1e+10, B+a  eps = 2.4778e-04, yhat(0.1) = 1.0000e+03: max |R_B/R_C - 1| = 1.08e-12 (200 points up to x = 30.000); x_edge C inf, B inf
C4 m =   0.1 eV, alpha =    10, M_b = 1e+11, B-   eps = 7.8355e-04, yhat(0.1) = 1.0000e+00: max |R_B/R_C - 1| = 1.09e-12 (200 points up to x = 30.000); x_edge C inf, B inf
C4 m =   0.1 eV, alpha =    10, M_b = 1e+11, B+a  eps = 7.8355e-04, yhat(0.1) = 1.0000e+03: max |R_B/R_C - 1| = 1.09e-12 (200 points up to x = 30.000); x_edge C inf, B inf
C4 m =   0.1 eV, alpha =    10, M_b = 1e+12, B-   eps = 2.4778e-03, yhat(0.1) = 1.0000e+00: max |R_B/R_C - 1| = 1.08e-12 (200 points up to x = 30.000); x_edge C inf, B inf
C4 m =   0.1 eV, alpha =    10, M_b = 1e+12, B+a  eps = 2.4778e-03, yhat(0.1) = 1.0001e+03: max |R_B/R_C - 1| = 1.08e-12 (200 points up to x = 30.000); x_edge C inf, B inf
C4 m =    10 eV, alpha =   0.1, M_b = 1e+09, B-   eps = 7.8355e+01, yhat(0.1) = 1.0000e+00: max |R_B/R_C - 1| = 1.48e-09 (200 points up to x = 30.000); x_edge C inf, B inf
C4 m =    10 eV, alpha =   0.1, M_b = 1e+09, B+a  eps = 7.8355e+01, yhat(0.1) = 4.1342e+03: max |R_B/R_C - 1| = 1.12e-10 (25 points up to x = 0.199); x_edge C 0.2263, B 0.2267
C4 m =    10 eV, alpha =   0.1, M_b = 1e+10, B-   eps = 2.4778e+02, yhat(0.1) = 1.0000e+00: max |R_B/R_C - 1| = 4.26e-09 (200 points up to x = 30.000); x_edge C inf, B inf
C4 m =    10 eV, alpha =   0.1, M_b = 1e+10, B+a  eps = 2.4778e+02, yhat(0.1) = 1.0911e+04: max |R_B/R_C - 1| = 3.88e-10 (10 points up to x = 0.129); x_edge C 0.1458, B 0.1462
C4 m =    10 eV, alpha =   0.1, M_b = 1e+11, B-   eps = 7.8355e+02, yhat(0.1) = 1.0000e+00: max |R_B/R_C - 1| = 1.88e-07 (200 points up to x = 30.000); x_edge C inf, B inf
C4 m =    10 eV, alpha =   0.1, M_b = 1e+11, B+a  eps = 7.8355e+02, yhat(0.1) = 3.2342e+04: max |R_B/R_C - 1| = 1.22e-09 (3 points up to x = 0.106); x_edge C 0.1182, B 0.1185
C4 m =    10 eV, alpha =   0.1, M_b = 1e+12, B-   eps = 2.4778e+03, yhat(0.1) = 1.0000e+00: max |R_B/R_C - 1| = 6.65e-06 (200 points up to x = 30.000); x_edge C inf, B inf
C4 m =    10 eV, alpha =   0.1, M_b = 1e+12, B+a  eps = 2.4778e+03, yhat(0.1) = 1.0011e+05: max |R_B/R_C - 1| = nan (no overlap (fold before 0.111 r_M)); x_edge C 0.1074, B 0.1077
[FAIL] (control) C4 solver B = solver C to 1e-6 over [0.1, min(30, 0.9 x_edge)]: worst max |R_B/R_C - 1| = 6.65e-06 over 23 compared runs

==============================================================================================================
C6. THE SEARCH CAN FIND A KNOWN ANSWER
==============================================================================================================
[PASS] (control) C6 target := solver C B- solution at eps = 1, yhat(0.1) = 10^0.568; the search returns E* <= 0.005: E* = 5.916e-04 (B-, yhat(0.1) = 3.7154; true 3.6983)

==============================================================================================================
THE SEARCH: E*(eps) on the R2 line and on the plane's lattice points (point mass, 3 branches)
==============================================================================================================
361 line values + lattice values (canonical: 36, alt: 36) -> 433 distinct eps; 234 cells

==============================================================================================================
H2 [SECONDARY]. G1.1 ON THE COARSE PLANE
==============================================================================================================
H2 canonical: 0 of 117 cells pass, 0 marginal; cells passing per mass (1e9..1e12): [0, 0, 0, 0]; best worst-mass error 0.8118 at m = 0.316 eV, alpha = 0.0316 (per mass 0.7550, 0.5162, 0.7509, 0.8118)
H2 alt: 0 of 117 cells pass, 0 marginal; cells passing per mass (1e9..1e12): [0, 0, 0, 0]; best worst-mass error 0.8102 at m = 0.316 eV, alpha = 0.0316 (per mass 0.7765, 0.5298, 0.7236, 0.8102)
H2 status: AGREE (CFG122: 0/3600 cells; best worst-mass error 0.896 / 0.894 on its finer plane)

==============================================================================================================
R2 (reported). E*(eps): can even one mass be fitted, at any (m, alpha)?
==============================================================================================================
R2 branch B-  : min over the line E* = 0.4160 at eps = 1.4125e+00
R2 branch B+a : min over the line E* = 0.9998 at eps = 7.0795e-09
R2 branch B+b : min over the line E* = 0.8071 at eps = 3.9811e+00
R2 overall: min E* = 0.4160 at eps = 1.4125e+00 (B-, yhat(0.1) = 35.892)
R2 E*(eps) every 0.5 dex:
   log eps =  -9.50: E* = 1.0000 (B-, yhat(0.1) = -1e+11); B- 1.0000, B+a 1.0000, B+b 1.0000
   log eps =  -9.00: E* = 1.0000 (B-, yhat(0.1) = -1e+11); B- 1.0000, B+a 1.0000, B+b 1.0000
   log eps =  -8.50: E* = 0.9999 (B-, yhat(0.1) = -1e+11); B- 0.9999, B+a 0.9999, B+b 1.0000
   log eps =  -8.00: E* = 0.9998 (B-, yhat(0.1) = -4.898e+10); B- 0.9998, B+a 0.9998, B+b 1.0000
   log eps =  -7.50: E* = 0.9998 (B-, yhat(0.1) = -4.898e+09); B- 0.9998, B+a 0.9998, B+b 1.0000
   log eps =  -7.00: E* = 0.9998 (B-, yhat(0.1) = -4.898e+08); B- 0.9998, B+a 0.9998, B+b 1.0000
   log eps =  -6.50: E* = 0.9998 (B-, yhat(0.1) = -4.898e+07); B- 0.9998, B+a 0.9998, B+b 1.0000
   log eps =  -6.00: E* = 0.9998 (B-, yhat(0.1) = -4.898e+06); B- 0.9998, B+a 0.9998, B+b 1.0000
   log eps =  -5.50: E* = 0.9998 (B-, yhat(0.1) = -4.898e+05); B- 0.9998, B+a 0.9998, B+b 1.0000
   log eps =  -5.00: E* = 0.9998 (B-, yhat(0.1) = -4.898e+04); B- 0.9998, B+a 0.9998, B+b 1.0000
   log eps =  -4.50: E* = 0.9998 (B-, yhat(0.1) = -4898); B- 0.9998, B+a 0.9998, B+b 1.0000
   log eps =  -4.00: E* = 0.9998 (B-, yhat(0.1) = -489.8); B- 0.9998, B+a 0.9998, B+b 1.0000
   log eps =  -3.50: E* = 0.9996 (B-, yhat(0.1) = -48.98); B- 0.9996, B+a 3.0455, B+b 1.0000
   log eps =  -3.00: E* = 0.9990 (B-, yhat(0.1) = -4.898); B- 0.9990, B+a 11.7926, B+b 0.9999
   log eps =  -2.50: E* = 0.9968 (B-, yhat(0.1) = -0.4217); B- 0.9968, B+a 39.4455, B+b 0.9998
   log eps =  -2.00: E* = 0.9900 (B-, yhat(0.1) = 0.1585); B- 0.9900, B+a 126.7350, B+b 0.9993
   log eps =  -1.50: E* = 0.9683 (B-, yhat(0.1) = 0.6531); B- 0.9683, B+a 398.6480, B+b 0.9978
   log eps =  -1.00: E* = 0.9000 (B-, yhat(0.1) = 2.138); B- 0.9000, B+a 1133.7658, B+b 0.9929
   log eps =  -0.50: E* = 0.6909 (B-, yhat(0.1) = 7.161); B- 0.6909, B+a 813.9115, B+b 0.9774
   log eps =   0.00: E* = 0.4751 (B-, yhat(0.1) = 24.55); B- 0.4751, B+a 242.1819, B+b 0.9257
   log eps =   0.50: E* = 0.7859 (B-, yhat(0.1) = 285.1); B- 0.7859, B+a 256.3567, B+b 0.8090
   log eps =   1.00: E* = 0.8133 (B+b, yhat(0.1) = 3090); B- 0.8133, B+a 8121.0450, B+b 0.8133
   log eps =   1.50: E* = 0.8180 (B+b, yhat(0.1) = 3.09e+04); B- 0.8180, B+a 254885.5087, B+b 0.8180
   log eps =   2.00: E* = 0.8183 (B+b, yhat(0.1) = 3.055e+05); B- 0.8183, B+a 8061042.2818, B+b 0.8183
   log eps =   2.50: E* = 0.8188 (B+b, yhat(0.1) = 3.055e+06); B- 0.8188, B+a 254913394.0046, B+b 0.8188
   log eps =   3.00: E* = 0.8189 (B-, yhat(0.1) = 3.055e+07); B- 0.8189, B+a inf, B+b 0.8189
   log eps =   3.50: E* = 0.8190 (B-, yhat(0.1) = 3.055e+08); B- 0.8190, B+a inf, B+b 0.8190
   log eps =   4.00: E* = 0.8190 (B-, yhat(0.1) = 3.055e+09); B- 0.8190, B+a inf, B+b 0.8190
   log eps =   4.50: E* = 0.8190 (B-, yhat(0.1) = 3.055e+10); B- 0.8190, B+a inf, B+b 0.8190
   log eps =   5.00: E* = 2.1780 (B-, yhat(0.1) = 1e+11); B- 2.1780, B+a inf, B+b 2.1780
   log eps =   5.50: E* = 9.0499 (B-, yhat(0.1) = 1e+11); B- 9.0499, B+a inf, B+b 9.0499
   log eps =   6.00: E* = 30.7805 (B-, yhat(0.1) = 1e+11); B- 30.7805, B+a inf, B+b 30.7805
   log eps =   6.50: E* = 99.4988 (B-, yhat(0.1) = 1e+11); B- 99.4988, B+a inf, B+b 99.4988
   log eps =   7.00: E* = 316.8050 (B-, yhat(0.1) = 1e+11); B- 316.8050, B+a inf, B+b 316.8050
   log eps =   7.50: E* = 1003.9876 (B-, yhat(0.1) = 1e+11); B- 1003.9876, B+a inf, B+b 1003.9876
   log eps =   8.00: E* = 79382574837629949324566724608.0000 (B-, yhat(0.1) = 1e+11); B- 79382574837629949324566724608.0000, B+a inf, B+b inf
   log eps =   8.50: E* = 2556298849674481534485445738496.0000 (B-, yhat(0.1) = 1e+11); B- 2556298849674481534485445738496.0000, B+a inf, B+b inf
R2 reading (i): E* > 0.10 for every eps -- no single mass can be fitted at any (m, alpha); the G1.1 FAIL does not need the mass spread; 31.6 is a second, separate failure.
R2 smallest single-mass E* anywhere (line + lattice): 0.4160; count of eps with E* <= 0.10: 0

==============================================================================================================
R5 (reported). H2 SENSITIVITY: mu(0.1) = 0.01 instead of 0 at the lattice points
==============================================================================================================
R5: max |dE*| = 3.6073e+23 over 72 lattice eps; cell verdicts changed: 0

==============================================================================================================
C5b. RESOLUTION: each eps's best solution with twice the steps
==============================================================================================================
[FAIL] (control) C5b twice the steps changes E by <= 1e-3: max |dE| = 2.05e+25

==============================================================================================================
SUMMARY
==============================================================================================================
  FAIL  [control] C4 solver B = solver C to 1e-6 over [0.1, min(30, 0.9 x_edge)]
  PASS  [control] C6 target := solver C B- solution at eps = 1, yhat(0.1) = 10^0.568; the search returns E* <= 0.005
  FAIL  [control] C5b twice the steps changes E by <= 1e-3
  H2: AGREE
kappa = 1/2 and Omega_c h^2 stay fitted. Nothing here says the data favour either model, or that the theory is closed.
elapsed 38.8 s; exit code 1
