==============================================================================================================
CFG332 outer-halo globulars, three routes   *** MUTATE: measured (sigma, err, N) reversed ***
==============================================================================================================
  NGC 2419  sigma_obs 0.710+-0.160 N= 16  L_V 5.021e+05  r_h,l 19.76 pc  R_GC 95.9  MF slope -1.57+-0.21 [0.47,0.78]
  Pal 3     sigma_obs 0.880+-0.185 N= 23  L_V 1.293e+04  r_h,l 20.16 pc  R_GC 98.2  MF slope -1.14+-0.25 [0.58,0.84]
  Pal 4     sigma_obs 1.700+-0.340 N= 22  L_V 1.838e+04  r_h,l 15.88 pc  R_GC 104.0  MF slope -0.34+-0.27 [0.59,0.82]
  Pal 14    sigma_obs 4.771+-0.481 N= 62  L_V 1.156e+04  r_h,l 27.63 pc  R_GC 68.5  MF slope -1.26+-0.24 [0.54,0.81]

--- C1  h93 reproduction (law + algebraic EFE, Upsilon ~ logN(1.6, 0.15 dex)) ---
  canonical: L 6.81 sigma, T 37.05 sigma; joint Ups framework 2.53, Newton 12.96; Ups_req(F) [0.02, 0.36, 0.99, 15.88]
  alt      : L 7.01 sigma, T 11.17 sigma; joint Ups framework 2.33, Newton 12.96; Ups_req(F) [0.02, 0.33, 0.91, 14.56]

--- ROUTE 1  ownership ---
  Record's rule (FG001, campaign_fresh_gravity/CFG7_hierarchy_fg001.py header; PAPER35 Sec. 'Hierarchical ownership'):
   'E  formed embedded, without a cold component (tidal dwarfs, globular clusters, collision debris ..., wide binaries,
    the Solar System): NEWTONIAN from their baryons.'   'A  accreted (formed top-level, later embedded: satellites, ...):
    ... the ISOLATED law of their infall baryons, with NO external-field effect.'
  -> the record DOES decide globulars: class E (Newtonian) by explicit enumeration; satellites (incl. UFDs) class A.
  canonical a_newton     : T  37.05 sigma  L   4.55  | no Pal 3 T  37.05  per-cluster pT 4.2e-09, 3.0e-01, 1.3e-02, 0.0e+00
  canonical b_EFE_h93    : T  37.05 sigma  L   6.81  | no Pal 3 T  37.05  per-cluster pT 2.5e-11, 7.5e-04, 2.5e-01, 0.0e+00
  canonical b_B_isolated : T  10.76 sigma  L   7.15  | no Pal 3 T  10.20  per-cluster pT 2.3e-11, 8.8e-05, 1.8e-01, 1.1e-16
  canonical (a) Newton predicted/observed at Ups 1.6: NGC 2419 6.586, Pal 3 0.844, Pal 4 0.587, Pal 14 0.126
  alt       a_newton     : T  37.05 sigma  L   4.55  | no Pal 3 T  37.05  per-cluster pT 4.2e-09, 3.0e-01, 1.3e-02, 0.0e+00
  alt       b_EFE_h93    : T  11.17 sigma  L   7.01  | no Pal 3 T  10.78  per-cluster pT 1.5e-11, 3.8e-04, 1.8e-01, 3.3e-19
  alt       b_B_isolated : T  10.48 sigma  L   7.35  | no Pal 3 T   9.83  per-cluster pT 1.4e-11, 4.1e-05, 1.2e-01, 1.4e-14
  alt       (a) Newton predicted/observed at Ups 1.6: NGC 2419 6.586, Pal 3 0.844, Pal 4 0.587, Pal 14 0.126

  CONSISTENCY MATRIX (globulars T sigma | UFDs offset dex, z) -- canonical / alt
   (a) rule as written: GC=E Newtonian, UFD=A isolated       : GC 37.05 / 37.05  | UFD +0.325 (3.77) / +0.304 (3.55)
   (b-B) GC top-level, B's own isolated law; UFD=A isolated  : GC 10.76 / 10.48  | UFD +0.325 (3.77) / +0.304 (3.55) [contradicts the written class E]
   (b-EFE) rival: every system law + host EFE (h93)          : GC 37.05 / 11.17  | UFD +0.764 (4.58) / +0.748 (4.49) [not B's rule]
   (c) UFDs also owned/Newtonian would need a criterion not in the record (NEW POSTULATE) and is worse for them (not scored).

--- ROUTE 2  MF-slope stellar M/L (CONDITIONAL: slopes from Newtonian N-body fits to star counts) ---
  branch S: Ups_MF NGC 2419 1.34 (width 0.165 dex), Pal 3 1.01 (width 0.164 dex), Pal 4 0.67 (width 0.158 dex), Pal 14 1.09 (width 0.164 dex)
   canonical law(h93 EFE) T  37.05  L   6.07  no-Pal3 T  37.05 | Newton T  37.05
   alt       law(h93 EFE) T  37.05  L   6.25  no-Pal3 T  37.05 | Newton T  37.05
  branch K: Ups_MF NGC 2419 1.02 (width 0.158 dex), Pal 3 0.83 (width 0.158 dex), Pal 4 0.60 (width 0.155 dex), Pal 14 0.87 (width 0.158 dex)
   canonical law(h93 EFE) T  37.05  L   5.77  no-Pal3 T  37.05 | Newton T  37.05
   alt       law(h93 EFE) T  37.05  L   5.94  no-Pal3 T  37.05 | Newton T  37.05

--- ROUTE 3  full QUMOND external field ---
  canonical NGC 2419  boost: num 1.642 | alg(h93) 1.648 | iso 1.653  sigma_num/sigma_alg 0.998 (same-Plummer 1.002)  LOS par/perp vs avg 0.999/1.001; grid g_r(r12) 0.4720 vs flux 0.4728
  canonical Pal 3     boost: num 7.029 | alg(h93) 6.232 | iso 7.360  sigma_num/sigma_alg 1.062 (same-Plummer 1.066)  LOS par/perp vs avg 0.969/1.015; grid g_r(r12) 2.0210 vs flux 2.0244
  canonical Pal 4     boost: num 4.964 | alg(h93) 4.704 | iso 5.042  sigma_num/sigma_alg 1.027 (same-Plummer 1.032)  LOS par/perp vs avg 0.983/1.008; grid g_r(r12) 1.4275 vs flux 1.4297
  canonical Pal 14    boost: num 6.509 | alg(h93) 6.369 | iso 10.433  sigma_num/sigma_alg 1.011 (same-Plummer 1.013)  LOS par/perp vs avg 0.933/1.032; grid g_r(r12) 1.8718 vs flux 1.8747
  canonical RESCORED (exact QUMOND monopole): T  10.93  L   6.98  no-Pal3 T  10.49
  alt       NGC 2419  boost: num 1.740 | alg(h93) 1.747 | iso 1.753  sigma_num/sigma_alg 0.998 (same-Plummer 1.002)
  alt       Pal 3     boost: num 7.671 | alg(h93) 6.795 | iso 8.036  sigma_num/sigma_alg 1.063 (same-Plummer 1.067)  LOS par/perp vs avg 0.969/1.015; grid g_r(r12) 2.2057 vs flux 2.2094
  alt       Pal 4     boost: num 5.402 | alg(h93) 5.116 | iso 5.488  sigma_num/sigma_alg 1.028 (same-Plummer 1.032)  LOS par/perp vs avg 0.983/1.008; grid g_r(r12) 1.5532 vs flux 1.5556
  alt       Pal 14    boost: num 7.100 | alg(h93) 6.946 | iso 11.412  sigma_num/sigma_alg 1.011 (same-Plummer 1.013)  LOS par/perp vs avg 0.932/1.032; grid g_r(r12) 2.0417 vs flux 2.0448
  alt       RESCORED (exact QUMOND monopole): T  10.61  L   7.18  no-Pal3 T  10.09

--- VERDICTS (T, two-sided marginalised Fisher; canonical / alt) ---
  route1_a_owned        :  37.05 /  37.05  -> NOT
  route1_b_EFE_h93      :  37.05 /  11.17  -> NOT
  route1_b_B_isolated   :  10.76 /  10.48  -> NOT
  route2_S              :  37.05 /  37.05  -> NOT
  route2_K              :  37.05 /  37.05  -> NOT
  route3_qumond         :  10.93 /  10.61  -> NOT
  [PASS] MUTATE degrades route1_a_owned (T rises, both footings)  (2.83->37.05 / 2.83->37.05)
  [PASS] MUTATE degrades route1_b_EFE_h93 (T rises, both footings)  (4.13->37.05 / 4.46->11.17)
  [PASS] MUTATE degrades route1_b_B_isolated (T rises, both footings)  (5.07->10.76 / 5.41->10.48)
  [PASS] MUTATE degrades route2_S (T rises, both footings)  (2.55->37.05 / 2.84->37.05)
  [PASS] MUTATE degrades route2_K (T rises, both footings)  (2.17->37.05 / 2.40->37.05)
  [PASS] MUTATE degrades route3_qumond (T rises, both footings)  (4.28->10.93 / 4.62->10.61)

6/6 checks pass
