==============================================================================================================
CFG194 referee re-derivation of CFG189.  MODE=0.  repo=<repo>
==============================================================================================================

-- controls
  [PASS] C1 model col 3, i_star error term, my sigma_out: flat +0.1441 / rival -0.0060 / T +0.3227 to 5e-4: +0.1441 / -0.0060 / +0.3227
  [PASS] C3 E:=1 makes H = flat (0.0); original E replays the rival (0.0); t/t0 dex 0 / -0.3264 / -0.5099 to 0.002: (0.0, 0.0, 0.0, -0.3264, -0.5099)
  [PASS] C4 digitisation: model curve at R_max / sin i_SFR = Table B1 col 3 within 1.5% (ten discs): ratios 0.9944..1.0087
  [PASS] C5 structure: 511 markers, 18 clipped, ten discs present, 231 markers in them, every side has an unclipped marker: (511, 18, 10, 231, True)
  sign structure (markers with sign(v)=sign(R), of all): {3: (26, 26), 7: (23, 23), 8: (22, 22), 9: (22, 22), 11: (25, 25), 13: (26, 26), 15: (21, 22), 16: (23, 23), 17: (20, 20), 21: (22, 22)}

-- primary: farther side's outermost UNCLIPPED marker; V=|v|/sin i_SFR; error = mean bar/sin i_SFR; sigma at R_out, same side
  KURVS-3  R_out= 10.06 (table R_max 11.70) side +1  V_out= 231.9+- 32.9 vs model  209.8:  +10.5%   sigma= 73.9+-20.6 (CFG165 sigma_out at R_max  55.3+- 7.6)
  KURVS-7  R_out= 11.37 (table R_max 11.40) side -1  V_out=  89.3+- 32.3 vs model  105.4:  -15.2%   sigma= 63.0+-31.5 (CFG165 sigma_out at R_max  69.1+-13.1)
  KURVS-8  R_out= 11.04 (table R_max 11.00) side -1  V_out=  64.2+- 21.9 vs model   68.8:   -6.6%   sigma= 28.1+-20.7 (CFG165 sigma_out at R_max  27.9+-20.3)
  KURVS-9  R_out= 10.15 (table R_max 10.20) side -1  V_out= 137.5+- 18.1 vs model  136.9:   +0.4%   sigma= 52.1+-11.8 (CFG165 sigma_out at R_max  51.3+- 5.2)
  KURVS-11 R_out= 12.37 (table R_max 12.40) side +1  V_out= 238.5+- 23.2 vs model  246.6:   -3.3%   sigma= 57.7+-18.8 (CFG165 sigma_out at R_max  65.8+- 4.7)
  KURVS-13 R_out= 12.05 (table R_max 12.10) side -1  V_out= 103.4+- 31.5 vs model   94.3:   +9.7%   sigma= 46.7+-20.7 (CFG165 sigma_out at R_max  61.3+- 9.7)
  KURVS-15 R_out=  9.18 (table R_max  9.20) side -1  V_out= 105.0+- 18.7 vs model  112.2:   -6.5%   sigma= 77.5+-10.5 (CFG165 sigma_out at R_max  67.1+- 4.2)
  KURVS-16 R_out= 10.05 (table R_max 10.90) side +1  V_out= 131.3+- 13.0 vs model  139.4:   -5.8%   sigma= 67.0+-11.9 (CFG165 sigma_out at R_max  73.0+- 4.0)
  KURVS-17 R_out=  7.34 (table R_max  9.90) side -1  V_out=  93.9+- 22.0 vs model  120.9:  -22.3%   sigma= 62.5+-12.9 (CFG165 sigma_out at R_max  61.7+- 6.3)
  KURVS-21 R_out= 12.73 (table R_max 12.70) side +1  V_out= 136.9+- 11.0 vs model  145.6:   -6.0%   sigma= 76.7+- 8.6 (CFG165 sigma_out at R_max  76.8+- 8.5)
  decision cell (mu=0.67, s=1): flat: +0.1249 +- 0.0511 (+2.45) | rival: -0.0211 +- 0.0496 (-0.42) | T: +0.2953 +- 0.0540 (+5.47) | lean rival
  model-value : flat: +0.1441 +- 0.0439 (+3.28) | rival: -0.0060 +- 0.0443 (-0.14) | T: +0.3227 +- 0.0465 (+6.94) | lean rival

-- variants (decision cell)
  V-a outer three                            flat: +0.1025 +- 0.0420 (+2.44) | rival: -0.0404 +- 0.0403 (-1.00) | T: +0.2684 +- 0.0453 (+5.93) | lean rival
  V-b both sides, shorter radius             flat: +0.0061 +- 0.0436 (+0.14) | rival: -0.1318 +- 0.0418 (-3.15) | T: +0.1617 +- 0.0471 (+3.43) | lean flat
  V-c clipped included                       flat: +0.1524 +- 0.0539 (+2.83) | rival: +0.0045 +- 0.0524 (+0.09) | T: +0.3269 +- 0.0568 (+5.75) | lean rival
  V-d i_star deprojection and error term     flat: +0.1117 +- 0.0509 (+2.20) | rival: -0.0345 +- 0.0494 (-0.70) | T: +0.2827 +- 0.0538 (+5.26) | lean rival
  V-d' i_star error term only (diagnostic)   flat: +0.1246 +- 0.0508 (+2.45) | rival: -0.0216 +- 0.0494 (-0.44) | T: +0.2952 +- 0.0538 (+5.49) | lean rival
  V-b radii: [9.41, 7.25, 6.74, 7.63, 7.85, 8.95, 8.61, 6.89, 5.28, 4.96]
  V-c outer radii / V: [(11.76, 411.9), (11.37, 89.3), (11.04, 64.2), (10.15, 137.5), (12.37, 238.5), (12.05, 103.4), (9.18, 105.0), (10.9, 179.6), (9.02, 48.6), (12.73, 136.9)]

-- shifts (measured primary minus model) and the headline
  flat   shift -0.0193 dex, dz -0.84
  rival  shift -0.0150 dex, dz -0.29
  T      shift -0.0274 dex, dz -1.46
  class model lean rival; measured lean rival; HEADLINE = CHANGED; variants (excl. BS, deferred, and V-d') whose class differs from the primary: 1 of 4

-- break-evens mu_be [1-sigma edges], gas status vs ceiling 3.47, across s (decision-cell footing)
  model    s=0.00 flat   mu_be=none (over)                      status over
  model    s=0.00 rival  mu_be=none (over)                      status over
  model    s=0.00 T      mu_be=1.007 [0.616, 1.465]             status allowed
  model    s=1.00 flat   mu_be=2.109 [1.596, 2.705]             status allowed
  model    s=1.00 rival  mu_be=0.621 [0.289, 1.006]             status allowed
  model    s=1.00 T      mu_be=4.335 [3.547, 5.268]             status excluded
  model    s=1.42 flat   mu_be=3.096 [2.423, 3.887]             status allowed
  model    s=1.42 rival  mu_be=1.257 [0.822, 1.766]             status allowed
  model    s=1.42 T      mu_be=5.656 [4.636, 6.877]             status excluded
  model    s=1.62 flat   mu_be=3.566 [2.809, 4.462]             status allowed
  model    s=1.62 rival  mu_be=1.567 [1.076, 2.144]             status allowed
  model    s=1.62 T      mu_be=6.262 [5.127, 7.627]             status excluded
  model    s=1.69 flat   mu_be=3.730 [2.942, 4.665]             status allowed
  model    s=1.69 rival  mu_be=1.676 [1.165, 2.279]             status allowed
  model    s=1.69 T      mu_be=6.471 [5.295, 7.888]             status excluded
  model    s=3.00 flat   mu_be=6.846 [5.408, 8.611]             status excluded
  model    s=3.00 rival  mu_be=3.829 [2.873, 4.994]             status allowed
  model    s=3.00 T      mu_be=10.187 [8.227, 12.603]           status excluded
  measured s=0.00 flat   mu_be=none (over)                      status over
  measured s=0.00 rival  mu_be=none (over)                      status over
  measured s=0.00 T      mu_be=1.065 [0.628, 1.595]             status allowed
  measured s=1.00 flat   mu_be=1.859 [1.308, 2.522]             status allowed
  measured s=1.00 rival  mu_be=0.504 [0.163, 0.919]             status allowed
  measured s=1.00 T      mu_be=3.801 [2.995, 4.757]             status allowed
  measured s=1.42 flat   mu_be=2.761 [2.056, 3.607]             status allowed
  measured s=1.42 rival  mu_be=1.100 [0.650, 1.648]             status allowed
  measured s=1.42 T      mu_be=4.967 [3.983, 6.130]             status excluded
  measured s=1.62 flat   mu_be=3.195 [2.415, 4.132]             status allowed
  measured s=1.62 rival  mu_be=1.396 [0.890, 2.010]             status allowed
  measured s=1.62 T      mu_be=5.508 [4.440, 6.769]             status excluded
  measured s=1.69 flat   mu_be=3.348 [2.542, 4.317]             status allowed
  measured s=1.69 rival  mu_be=1.501 [0.976, 2.139]             status allowed
  measured s=1.69 T      mu_be=5.695 [4.599, 6.991]             status excluded
  measured s=3.00 flat   mu_be=6.299 [4.969, 7.900]             status excluded
  measured s=3.00 rival  mu_be=3.621 [2.690, 4.757]             status allowed
  measured s=3.00 T      mu_be=9.110 [7.468, 11.051]            status excluded

-- fit points s0 (Delta'=0) at mu = 0.67
  model    {'flat': 0.3892124855293557, 'rival': 1.032784358788476, 'T': '<0'}
  measured {'flat': 0.42428459879431013, 'rival': 1.1193227072434913, 'T': '<0'}

-- P0 (s=0) at mu=0.67
  measured P0: flat: -0.1118 +- 0.0575 (-1.94) | rival: -0.2549 +- 0.0561 (-4.55) | T: +0.0540 +- 0.0604 (+0.89) | lean flat
  model    P0: flat: -0.1302 +- 0.0572 (-2.28) | rival: -0.2789 +- 0.0603 (-4.62) | T: +0.0457 +- 0.0537 (+0.85) | non-diagnostic (both outside)

-- C2': velocity-marker radius against the nearest sigma-profile marker radius (same side, any sigma marker)
  markers with |R_v - R_sigma| > 0.02 kpc: 22 of 231; per disc {3: 2, 17: 20}
  offsets (kpc) per disc: {3: [-1.681, -0.834], 17: [0.066, 0.066, 0.066, 0.066, 0.066, 0.065, 0.065, 0.065, 0.065, 0.065, 0.065, 0.065, 0.065, 0.065, 0.065, 0.065, 0.065, 0.065, 0.065, 0.906]}

-- pass lines (targets = CFG189 README numbers, read, not blind)
    P1 ok   C1 reproduces (see controls): 
    P2 ok   KURVS-3 measured/model: +10.5% vs +10.5%
    P2 ok   KURVS-7 measured/model: -15.2% vs -15.2%
    P2 ok   KURVS-8 measured/model: -6.6% vs -6.6%
    P2 ok   KURVS-9 measured/model: +0.4% vs +0.4%
    P2 ok   KURVS-11 measured/model: -3.3% vs -3.3%
    P2 ok   KURVS-13 measured/model: +9.7% vs +9.7%
    P2 ok   KURVS-15 measured/model: -6.5% vs -6.5%
    P2 ok   KURVS-16 measured/model: -5.8% vs -5.8%
    P2 ok   KURVS-17 measured/model: -22.3% vs -22.3%
    P2 ok   KURVS-21 measured/model: -6.0% vs -6.0%
    P2 ok   KURVS-3 R_out: 10.065 vs 10.06
    P2 ok   KURVS-16 R_out: 10.050 vs 10.05
    P2 ok   KURVS-17 R_out: 7.337 vs 7.34
    P3 ok   flat Delta': +0.1249 vs +0.125
    P3 ok   flat z: +2.45 vs +2.4
    P3 ok   rival Delta': -0.0211 vs -0.021
    P3 ok   rival z: -0.42 vs -0.4
    P3 ok   T Delta': +0.2953 vs +0.295
    P3 ok   T z: +5.47 vs +5.5
    P3 ok   flat sigma: 0.0511 vs 0.051
    P3 ok   SPARC anchor / model-value cell (C1): 
    P4 ok   primary class: lean rival
    P4 ok   V-a outer three class: lean rival vs lean rival
    P4 ok   V-a outer three z: +2.44 -1.00 +5.93 vs (2.4, -1.0, 5.9)
    P4 ok   V-b both sides, shorter radius class: lean flat vs lean flat
    P4 ok   V-b both sides, shorter radius z: +0.14 -3.15 +3.43 vs (0.1, -3.2, 3.4)
    P4 ok   V-c clipped included class: lean rival vs lean rival
    P4 ok   V-c clipped included z: +2.83 +0.09 +5.75 vs (2.8, 0.1, 5.7)
    P4 ok   V-d i_star deprojection and error term class: lean rival vs lean rival
    P4 ok   V-d i_star deprojection and error term z: +2.20 -0.70 +5.26 vs (2.2, -0.7, 5.3)
    P4 MISS BS class / z: DEFERRED to CFG194_bs_post.py (CFG184's functions may only be opened after this run is saved); counted as not-yet-scored, not as a pass
    P5 ok   shifts dex: -0.0193 -0.0150 -0.0274 vs -0.019 -0.015 -0.027
    P5 ok   dz: -0.84 -0.29 -1.46 vs -0.84 -0.29 -1.46
    P5 ok   label CHANGED: CHANGED
    P5 ok   1 of 5 variants flips (4 of 4 checked here): 1 of 4 checked (BS deferred)
    P6 ok   measured mu_be s=1 flat: 1.859 vs 1.86
    P6 ok   measured mu_be s=1 rival: 0.504 vs 0.5
    P6 ok   measured mu_be s=1 T: 3.801 vs 3.8
    P6 ok   model mu_be s=1 flat: 2.109 vs 2.11
    P6 ok   model mu_be s=1 rival: 0.621 vs 0.62
    P6 ok   model mu_be s=1 T: 4.335 vs 4.34
    P6 ok   T lower edge at s=1 below 3.47 (gas-allowed): 2.995
    P6 ok   T central s=1.42, and excluded: 4.967 lo 3.983 vs 4.97
    P6 ok   T central s=3.0, and excluded: 9.110 lo 7.468 vs 9.11
    P6 ok   T at P0 z +0.9: +0.89
    P6 ok   fit points 0.42 / 1.12 / <0: {'flat': 0.42428459879431013, 'rival': 1.1193227072434913, 'T': '<0'}
    P7 ok   22 of 231: 22 of 231
    P7 ok   20 in KURVS-17 at ~0.065: 20 at median offset 0.065
    P7 ok   2 in KURVS-3: 2
    P7 ok   no others: {3: 2, 17: 20}

-- verdict per pass line
  P1: REPRODUCES  (1/1 rows)
  P2: REPRODUCES  (13/13 rows)
  P3: REPRODUCES  (8/8 rows)
  P4: PARTIAL  (9/10 rows)
  P5: REPRODUCES  (4/4 rows)
  P6: REPRODUCES  (11/11 rows)
  P7: REPRODUCES  (4/4 rows)

main exit: my own controls all pass
