HEAD 23dc871c4
CFG1_evidence_audit          MUTATE=0  rc 0  tally committed    9/9 / re-run    9/9  differing lines   4  traceback False  (102 s)
CFG1_evidence_audit          MUTATE=1  rc 1  tally committed    8/9 / re-run    8/9  differing lines   4  traceback False  (82 s)
CFG4_clusters                MUTATE=0  rc 0  tally committed    7/7 / re-run    7/7  differing lines   0  traceback False  (0 s)
CFG4_clusters                MUTATE=1  rc 1  tally committed    6/7 / re-run    6/7  differing lines   0  traceback False  (0 s)
CFG4_switch                  MUTATE=0  rc 0  tally committed  13/13 / re-run  13/13  differing lines   0  traceback False  (27 s)
CFG4_switch                  MUTATE=1  rc 1  tally committed  12/13 / re-run  12/13  differing lines   0  traceback False  (37 s)
CFG8_chae_kernel             MUTATE=0  rc 1  tally committed    6/8 / re-run    6/8  differing lines   0  traceback False  (170 s)
CFG8_chae_kernel             MUTATE=1  rc 1  tally committed    6/8 / re-run    6/8  differing lines   0  traceback False  (202 s)
CFG16_selfconsistent_floor   MUTATE=0  rc 1  tally committed    3/4 / re-run    3/4  differing lines   0  traceback False  (8 s)
CFG16_selfconsistent_floor   MUTATE=1  rc 1  tally committed    3/4 / re-run    3/4  differing lines   0  traceback False  (11 s)
CFG23_diagnostics            MUTATE=0  rc 0  tally committed    4/4 / re-run    4/4  differing lines   0  traceback False  (17 s)
CFG23_diagnostics            MUTATE=1  rc 1  tally committed    3/4 / re-run    3/4  differing lines   0  traceback False  (16 s)
CFG23_lcdm_control           MUTATE=0  rc 1  tally committed    4/9 / re-run    4/9  differing lines   0  traceback False  (20 s)
CFG23_lcdm_control           MUTATE=1  rc 1  tally committed    6/9 / re-run    6/9  differing lines   0  traceback False  (17 s)
CFG25_fg016_lcdm_control     MUTATE=0  rc 1  tally committed    3/5 / re-run    3/5  differing lines   0  traceback False  (1724 s)
CFG25_fg016_lcdm_control     MUTATE=1  rc 1  tally committed    3/5 / re-run    3/5  differing lines   0  traceback False  (929 s)
CFG27_edge_thread_closure    MUTATE=0  rc 0  tally committed    3/3 / re-run    3/3  differing lines   0  traceback False  (1 s)
CFG27_edge_thread_closure    MUTATE=1  rc 1  tally committed    1/3 / re-run    1/3  differing lines   0  traceback False  (1 s)
CFG31_coma_udgs_under_b      MUTATE=0  rc 0  tally committed  11/11 / re-run  11/11  differing lines   0  traceback False  (1 s)
CFG31_coma_udgs_under_b      MUTATE=1  rc 1  tally committed   8/11 / re-run   8/11  differing lines   0  traceback False  (1 s)

20 runs; runs whose .out differs from the committed one (timing stripped): 2; tracebacks: 0
