CFG365 reservoir-keyed supply cap  (MUTATE: cosmic ratio x 0.1)
==============================================================================
T0 controls
  [PASS] T0a CFG364 JSON read: 175 rows per footing, canonical break count 46: 175 rows, 46 breaks
  [PASS] T0b cosmic ratio 5.364: 5.3643

T1 canonical: smallest required retention 0.035 (UGC05750); galaxies needing f_ret < 0.18: 116/175; < 0.07: 16/175 (observed-dark version: < 0.18: 95, < 0.07: 19)
      dwarf         N  17: min f_req 0.046, needing < 0.07: 3
      intermediate  N  64: min f_req 0.046, needing < 0.07: 8
      massive       N  54: min f_req 0.084, needing < 0.07: 0
      unclassified  N  40: min f_req 0.035, needing < 0.07: 5

T1 alt: smallest required retention 0.032 (UGC05750); galaxies needing f_ret < 0.18: 126/175; < 0.07: 24/175 (observed-dark version: < 0.18: 95, < 0.07: 19)
      dwarf         N  17: min f_req 0.042, needing < 0.07: 5
      intermediate  N  64: min f_req 0.041, needing < 0.07: 12
      massive       N  54: min f_req 0.076, needing < 0.07: 0
      unclassified  N  40: min f_req 0.032, needing < 0.07: 7

T2 system edge (EFE-frozen phantom)
  g_e = 0.01 a0: nu_mono = 10.51, edge phantom = 9.51 M_b, f_req,edge = 0.056 (< 0.07, < 0.18)
  g_e = 0.03 a0: nu_mono = 6.29, edge phantom = 5.29 M_b, f_req,edge = 0.101 (>= 0.07, < 0.18)

VERDICT (canonical, primary): DEAD   (alt: DEAD)
Galaxy level only: says nothing about the growth/lensing double count (that needs the reservoir-cap PM run).
  [FAIL] T-MUT the main run's verdict is not the MUTATE-expected one (MUTATE must change it): verdict DEAD

2/3 pass  (MUTATE)
