====================================================================================================
CFG588  ACE within-class colour clock  PRIMARY
====================================================================================================
  early tertile 0: N   8850  median dc -0.174  median log M* 10.800
  early tertile 1: N   8879  median dc -0.001  median log M* 10.800
  early tertile 2: N   8843  median dc +0.080  median log M* 10.800
  late  tertile 0: N  10211  median dc -0.183  median log M* 10.524
  late  tertile 1: N  10287  median dc +0.000  median log M* 10.634
  late  tertile 2: N  10195  median dc +0.167  median log M* 10.542

--- controls
  [PASS] C1 early tertile median log M* spread 0.000 (< 0.05)
  [FAIL] C1 late tertile median log M* spread 0.110 (< 0.05)
  early top/bottom tertiles identical to CFG585 OLD/YOUNG masks: True
  [A canonical] K9   eps early +0.26 +0.72 +1.20  late -0.27 -0.38 +0.07 | common b +2.05+-0.68 (Z +3.01); b_E +3.36+-1.27, b_L +1.05+-1.06 -> EARLY-ONLY CLOCK
  [A canonical] K-in eps early +0.12 +0.75 +0.76  late -0.26 +0.13 +0.01 | common b +1.74+-1.04 (Z +1.68); b_E +2.79+-1.60, b_L +0.51+-1.76
  [A alt      ] K9   eps early +0.15 +0.57 +1.01  late -0.33 -0.43 -0.02 | common b +1.87+-0.62 (Z +3.02); b_E +3.08+-1.16, b_L +0.97+-0.97 -> EARLY-ONLY CLOCK
  [A alt      ] K-in eps early +0.02 +0.60 +0.62  late -0.32 +0.04 -0.07 | common b +1.60+-0.95 (Z +1.68); b_E +2.56+-1.47, b_L +0.47+-1.62
  [B canonical] K9   eps early +0.26 +0.72 +1.19  late -0.27 -0.38 +0.07 | common b +2.04+-0.68 (Z +3.01); b_E +3.35+-1.27, b_L +1.05+-1.06 -> EARLY-ONLY CLOCK
  [B canonical] K-in eps early +0.12 +0.75 +0.76  late -0.26 +0.13 +0.01 | common b +1.74+-1.04 (Z +1.68); b_E +2.79+-1.60, b_L +0.51+-1.76
  [B alt      ] K9   eps early +0.15 +0.57 +1.01  late -0.33 -0.43 -0.02 | common b +1.87+-0.62 (Z +3.02); b_E +3.06+-1.16, b_L +0.97+-0.97 -> CLOCK IN BOTH CLASSES
  [B alt      ] K-in eps early +0.02 +0.60 +0.62  late -0.32 +0.04 -0.07 | common b +1.60+-0.95 (Z +1.68); b_E +2.56+-1.46, b_L +0.47+-1.62
  [PASS] C2 early top/bottom tertiles reproduce CFG585 OLD/YOUNG (+1.197 / +0.256)

VERDICT: SPLIT   {'A|canonical': 'EARLY-ONLY CLOCK', 'A|alt': 'EARLY-ONLY CLOCK', 'B|canonical': 'EARLY-ONLY CLOCK', 'B|alt': 'CLOCK IN BOTH CLASSES'}

checks: 2/3 pass
