====================================================================================================
CFG588  ACE within-class colour clock  *** MUTATE: dc shuffled within class x mass ***
====================================================================================================
  early tertile 0: N   8850  median dc -0.174  median log M* 10.800
  early tertile 1: N   8879  median dc -0.001  median log M* 10.800
  early tertile 2: N   8843  median dc +0.080  median log M* 10.800
  late  tertile 0: N  10211  median dc -0.183  median log M* 10.539
  late  tertile 1: N  10287  median dc +0.000  median log M* 10.634
  late  tertile 2: N  10195  median dc +0.167  median log M* 10.530

--- controls
  [PASS] C1 early tertile median log M* spread 0.000 (< 0.05)
  [FAIL] C1 late tertile median log M* spread 0.104 (< 0.05)
  [A canonical] K9   eps early +0.58 +1.13 +0.46  late -0.44 +0.37 -0.72 | common b +0.23+-0.64 (Z +0.35); b_E +0.05+-1.01, b_L +0.39+-0.96 -> NO CLOCK
  [A canonical] K-in eps early +0.29 +0.78 +0.44  late -0.01 +0.41 -0.62 | common b +0.01+-1.24 (Z +0.01); b_E +0.50+-1.43, b_L -1.04+-1.94
  [A alt      ] K9   eps early +0.45 +0.95 +0.34  late -0.49 +0.25 -0.74 | common b +0.21+-0.59 (Z +0.36); b_E +0.05+-0.92, b_L +0.35+-0.88 -> NO CLOCK
  [A alt      ] K-in eps early +0.19 +0.64 +0.32  late -0.09 +0.29 -0.65 | common b +0.01+-1.14 (Z +0.01); b_E +0.46+-1.31, b_L -0.95+-1.78
  [B canonical] K9   eps early +0.58 +1.13 +0.46  late -0.44 +0.37 -0.72 | common b +0.23+-0.64 (Z +0.36); b_E +0.06+-1.00, b_L +0.39+-0.96 -> NO CLOCK
  [B canonical] K-in eps early +0.29 +0.78 +0.44  late -0.01 +0.41 -0.62 | common b +0.01+-1.24 (Z +0.01); b_E +0.50+-1.43, b_L -1.04+-1.94
  [B alt      ] K9   eps early +0.45 +0.95 +0.34  late -0.49 +0.25 -0.74 | common b +0.21+-0.59 (Z +0.36); b_E +0.06+-0.92, b_L +0.35+-0.88 -> NO CLOCK
  [B alt      ] K-in eps early +0.19 +0.64 +0.32  late -0.09 +0.29 -0.65 | common b +0.01+-1.14 (Z +0.01); b_E +0.46+-1.31, b_L -0.95+-1.78

VERDICT: NO CLOCK   {'A|canonical': 'NO CLOCK', 'A|alt': 'NO CLOCK', 'B|canonical': 'NO CLOCK', 'B|alt': 'NO CLOCK'}
  [PASS] MUTATE: common slope |Z| < 2 in every cell (['+0.35', '+0.36', '+0.36', '+0.36'])

checks: 2/3 pass
