==========================================================================
RH04 -- LI'S CRITERION THROUGH THE FRAMEWORK'S MAX-ENTROPY LADDER
==========================================================================

--- P1 EXACT Li constants via power sums S_k = sum_rho rho^-k ---
    (model: Hadamard product of xi; NO Riemann hypothesis input)
    S_1 (power sums)      = 0.02309570896612103381431025
    lambda_1 = 1+g/2-ln(4pi)/2 (Ma\l slanka 2004) = 0.02309570896612103381431025
    [PASS] S_1 matches the closed form to < 1e-40: |diff| = 1.05e-81
    lambda_1 = 0.0230957089661210338143102479065 (closed form, Maslanka 2004)
    lambda_1 (exact, all zeros) = 0.0230957089661210338143102479065
    lambda_2 = 0.092345735228 | lambda_5 = 0.575542714461 | lambda_10 = 2.279339363 | lambda_50 = 43.53109649

--- P2 TRUE partial sums from mpmath.zetazero (fresh in-lane) ---
    computed 2000 zeros (wall-clock guard: N caps at 500/1000/2000) in 263 s
    sanity gamma_1 = 14.134725 (14.134725...), gamma_2000 = 2515.286483
    unfolding sanity: mean s = 0.9994, E[ln(1+s)] = 0.6746 (RH01 measured 0.6746+-0.0035 at N=3000)
    N =   500: lambda_1 = 0.021947  lambda_2 = 0.087751 min_n = 0.021947 (n = 1) lambda_50 = 40.659392
    N =  1000: lambda_1 = 0.022376  lambda_2 = 0.089467 min_n = 0.022376 (n = 1) lambda_50 = 41.732207
    N =  2000: lambda_1 = 0.022653  lambda_2 = 0.090576 min_n = 0.022653 (n = 1) lambda_50 = 42.425262

--- P3 TAIL: exact lambda_n (ALL zeros) - partial lambda_n(N) ---
    n =   1: tail(N=2000) = 4.42e-04
    n =   2: tail(N=2000) = 1.77e-03
    n =  10: tail(N=2000) = 4.42e-02
    n =  50: tail(N=2000) = 1.11e+00
    [PASS] monotone approach (pair terms >= 0) over [500, 1000, 2000]
    Nielandt-type envelope (Rosser |S(T)| <= 0.137 ln T + 0.443 ln ln T + 1.588, T >= 1467):
    n =   1: envelope tail = 4.45e-04  (exact tail 4.42e-04)
    n =   2: envelope tail = 1.78e-03  (exact tail 1.77e-03)
    n =  10: envelope tail = 4.45e-02  (exact tail 4.42e-02)
    n =  50: envelope tail = 1.11e+00  (exact tail 1.11e+00)
    [PASS] Nielandt envelope covers the exact tail for all n = 1..50 (min ratio envelope/exact = 1.0059 >= 1 expected)

--- P4 SYNTHETIC Li UNDER THE FRAMEWORK LADDER ---
    law: Lomax(lambda = 1 + 1/0.6746 = 2.4824), f(s) = 1.4824 (1+s)^-2.4824
    primary seed 20260917: realized mean spacing = 1.758 (theory E[s] = 1/(l-2) = 2.07), gamma~_2000 printed below
    N =   500: lambda_1 = 0.022240  lambda_2 = 0.088919 min_n = 0.022240 (n = 1)  lambda_50 = 39.794663
    N =  1000: lambda_1 = 0.022448  lambda_2 = 0.089750 min_n = 0.022448 (n = 1)  lambda_50 = 40.313949
    N =  2000: lambda_1 = 0.022566  lambda_2 = 0.090225 min_n = 0.022566 (n = 1)  lambda_50 = 40.610569
    variant B (E[s]=1 rescaling; kappa drifts away from 0.6746; texture only):
    N =   500: lambda_1 = 0.034975  lambda_2 = 0.139838  lambda_50 = 62.997143
    N =  1000: lambda_1 = 0.035493  lambda_2 = 0.141910  lambda_50 = 64.291415
    N =  2000: lambda_1 = 0.035795  lambda_2 = 0.143120  lambda_50 = 65.047608

    n | lambda^true(N=2000) | lambda^syn(seed0) | lambda^synB | rel dev (K3 metric)
     1 |     0.022653 |     0.022566 |     0.035795 |    0.004
     2 |     0.090576 |     0.090225 |     0.143120 |    0.004
     3 |     0.203658 |     0.202853 |     0.321791 |    0.004
     4 |     0.361713 |     0.360250 |     0.571505 |    0.004
     5 |     0.564484 |     0.562133 |     0.891839 |    0.004
    10 |     2.235106 |     2.223546 |     3.529759 |    0.005
    15 |     4.945553 |     4.911537 |     7.804020 |    0.007
    20 |     8.592342 |     8.512234 |    13.541596 |    0.009
    30 |    18.155689 |    17.853398 |    28.484390 |    0.017
    40 |    29.769639 |    28.946402 |    46.307342 |    0.028
    50 |    42.425262 |    40.610569 |    65.047608 |    0.043

--- KILL CONDITIONS (pre-registered above; status now) ---
  [PASS] K1: true lambda_2(N) >= 0 at all sampled N (500, 1000, 2000) -- no numerical contradiction of RH
  [PASS] K2: synthetic lambda_n^{syn}(N) >= 0 (expected: term-wise positivity for Re = 1/2 points)
  [TRIGGERED] K3: synthetic path mean rel. deviation (primary seed) = 0.017 vs 10% coincidence threshold
    K3-robustness: mean rel. deviation over 20 realizations of the law: min 0.017, median 0.184, max 0.744; 7/20 realizations within 10%
  *** K3 (primary seed): new empirical coincidence recorded (framework spacing law reproduces the true Li path within 10%) -- robustness: see line above ***

  checks so far: lambda_1 closed form PASS; monotone approach PASS; K1 PASS; K2 PASS; K3 TRIGGERED

--- HONEST LIMITS (stated as required) ---
  1. Partial sums over N = 500..2000 zeros are NOT a proof of RH: the tail
     beyond N is controlled here NUMERICALLY (exact power sums + Nielandt-
     type envelope) -- numerical control, not a proof.
  2. n = 1..50 only; Li's criterion requires ALL n.  Oesterle (unpubl., via
     Bombieri-Lagarias 1999 p.441, relayed by Maslanka 2004): zeros on the
     line up to height T give Li positivity only up to about n ~ T^..; the
     verified range does not decide RH.
  3. The exact lambda_n come from a numerical Taylor extraction (dps 80, 512
     points, FFT); analytically exact in principle, numerically verified by
     monotone partial-sum approach and by the lambda_1 closed form.
  4. NO PROOF OF RH IS CLAIMED.  RH is unproven; this lane reports numerical
     evidence (true lambda_n > 0, n <= 50) and a framework-compatibility
     statistic for the ladder (the positivity of the synthetic path).

  runtime 268 s | N_eff = 2000 | dps = 80 (exact route)

=== WRITTEN RH04_li_criterion_results.json ===
DONE
