CFG188 R3 -- 11C-b. mode: M6
  (3 c H0/a0)^2 = 440.5 (actual theta = 3 H0);  24 pi/kappa^2 = 301.6 (theta_Lambda; kappa=1/2 FITTED)
  [PASS] rule-T ratios reproduce 440 (actual theta) and 301.6 (theta_Lambda)  440.5, 301.6
  B2 (undressed, quoted formulas): c14_max(alpha_2 <= 1.6e-9 at c2 = 2.7e-5) = 3.200e-09 ; t_min (actual theta) = 3.716e+06 (lane: 4.0e6); theta_Lambda: 2.544e+06
      equal-speed branch c14 ~ c2: |alpha_1| = 1.08e-04 > 3.4e-5: excluded undressed
  [PASS] B2: undressed t_min on the G6 x G7 region (actual theta) within 15% of the lane's 4.0e6  3.716e+06
  [PASS] B3: (c2, c14, M^2) -> s (c2, c14, M^2) with F -> F/s leaves L = M^2 F(K) exactly invariant: the overall size is a redefinition of F  
  [PASS] B3: coefficient ratio (theta^2 : a^2) = -c2/c14 independent of F' (dressing cancels in the ratio)  
  B3: momentum-constraint coefficient K (c2 F' - 2/3) = Ktr*(3*Fpr*c2 - 2)/3  (K constant only if c2 F' is constant)
  B3: K inside deep-MOND regions relative to far away (K (c2 F' - 2/3) = const): {'R=301.6': '-0.0098/+0.0100', 'R=440.5': '-0.0068/+0.0069'} (CV4 record: |K/3H - 1| < 1e-2)
  [PASS] B3: K stays within ~1% of its cosmic value for R = 301.6 / 440 (agrees with the record's CV4 conclusion, but K is not exactly uniform)  
  B4: y_Saturn = 6.903e+05, y_Earth = 6.335e+07, y_pulsar (representative binary, from memory: unverified) = 8.502e+10
  B4 [R=301.6]: pulsar alpha_2 = 1.77e-09 (line 1.6e-9); Saturn alpha_1 = -5.79e-06, Earth alpha_1 = -6.31e-08; ambient(y=1.5) alpha_1 = -2.23; D/3 at y = 0.1/1/10/100: 0.00455/0.00171/0.00869/0.0811
  B4 [R=440.5]: pulsar alpha_2 = 2.58e-09 (line 1.6e-9); Saturn alpha_1 = -5.79e-06, Earth alpha_1 = -6.31e-08; ambient(y=1.5) alpha_1 = -2.23; D/3 at y = 0.1/1/10/100: 0.00663/0.0025/0.0127/0.119
  B4: dressed pulsar line requires R <= 273  (t >= 1.61); dressed G7 requires t >= 0.0066 (G7_y=0.1), 0.0156 (G7_y=1), 0.122 (G7_y=10)
  [EXPECTATION WRONG (kept)] E17: at the rule-T tie (R = 301.6 / 440) the F-dressed pulsar-row alpha_2 is below 1.6e-9 (G6(b) flips to PASS under dressing)  2.58e-09 vs 1.6e-9 (representative pulsar y_p, from memory)
  [EXPECTATION HELD] E14: Newtonian-continuation t_max is not the lane's 1.2e-6 (largest-root branch)  
  B5/D1: a_*(z)/a_*(0) = E(z) for the K = 0 anchor: ['1.00', '1.79', '3.77', '8.29']
  [PASS] D1 numbers 1.79, 3.77, 8.29 (K = 0 anchor)  
  B5: anchor at K_bg(z=0): G1 at z=0 max dev 2.25e-10; t(z) = E^2 - 1 = 0.00, 2.21, 13.20, 67.79 (G1 fails at z > 0); anchor at K = 0 (rule T, R = 440): t(0) = 1, G1 max dev 3.017
  M6: undressed t_min = 3.72e+06; with F-dressing t_min = 1.61e+00 (the alpha_2 line becomes a bound on R, not on the redundant bare c2). Dressed pulsar-row alpha_2 passes at the rule-T tie itself: False (representative y_p = 8.50e+10)
MUTATE=M6: control 'the G6 x G7 region requires t >= 1e6 (the lane's 4e6)' BITES (claim fails as required) -> exit 1
