ChainCert/DoorElevenMutate.lean:6:102: error: Type mismatch
  boosted_flux γ β ρ p
has type
  (boost2 γ β * fluidRest ρ p * (boost2 γ β)ᵀ) 0 1 = -(ρ + p) * γ ^ 2 * β
but is expected to have type
  (boost2 γ β * fluidRest ρ p * (boost2 γ β)ᵀ) 0 1 = (ρ + p) * γ ^ 2 * β
ChainCert/DoorElevenMutate.lean:8:82: error: Type mismatch
  vacuum_no_flux γ β ρ
has type
  (boost2 γ β * fluidRest ρ (-ρ) * (boost2 γ β)ᵀ) 0 1 = 0
but is expected to have type
  (boost2 γ β * fluidRest ρ 0 * (boost2 γ β)ᵀ) 0 1 = 0
ChainCert/DoorElevenMutate.lean:10:124: error: Type mismatch
  flux_zero_iff hγ hβ ρ p
has type
  (boost2 γ β * fluidRest ρ p * (boost2 γ β)ᵀ) 0 1 = 0 ↔ p = -ρ
but is expected to have type
  (boost2 γ β * fluidRest ρ p * (boost2 γ β)ᵀ) 0 1 = 0 ↔ p = ρ
ChainCert/DoorElevenMutate.lean:12:125: error: Type mismatch
  vacuum_boost_invariant hL ρ
has type
  boost2 γ β * fluidRest ρ (-ρ) * (boost2 γ β)ᵀ = fluidRest ρ (-ρ)
but is expected to have type
  boost2 γ β * fluidRest ρ 0 * (boost2 γ β)ᵀ = fluidRest ρ 0
ChainCert/DoorElevenMutate.lean:14:36: error: Type mismatch
  eta4_mul_self
has type
  eta4 * eta4 = 1
but is expected to have type
  eta4 * eta4 = eta4
ChainCert/DoorElevenMutate.lean:16:141: error: Application type mismatch: The argument
  hu
has type
  eta4 *ᵥ u ⬝ᵥ u = 1
but is expected to have type
  eta4 *ᵥ u ⬝ᵥ u = -1
in the application
  vacuum_momentum_density_zero ρ u hu
