ChainCert/ExchangeMutate.lean:4:94: error: Type mismatch
  exch_beta_pos hcf hvt hN
has type
  0 < cf * vt ^ 2 / N
but is expected to have type
  cf * vt ^ 2 / N < 0
ChainCert/ExchangeMutate.lean:5:60: error: Type mismatch
  exch_speed_gt_one hβ
has type
  1 < √(1 + β)
but is expected to have type
  √(1 + β) < 1
ChainCert/ExchangeMutate.lean:6:99: error: Type mismatch
  exch_speed_eq_iff hβ
has type
  ?m.28 * √(1 + β) = ?m.27 ↔ ?m.28 = ?m.27 / √(1 + β)
but is expected to have type
  cm * √(1 + β) = c ↔ cm = c * √(1 + β)
ChainCert/ExchangeMutate.lean:7:79: error: Type mismatch
  exch_bare_speed_lt hc hβ
has type
  c / √(1 + β) < c
but is expected to have type
  c < c / √(1 + β)
ChainCert/ExchangeMutate.lean:8:130: error: Type mismatch
  exch_symbol_charpoly cm β lam
has type
  (lam • 1 - exchSymbol cm β).det = lam * (lam ^ 2 - cm ^ 2 * (1 + β))
but is expected to have type
  (lam • 1 - exchSymbol cm β).det = lam * (lam ^ 2 - cm ^ 2 * (1 - β))
ChainCert/ExchangeMutate.lean:9:184: error: Type mismatch
  exch_symbol_eigen_iff hβ lam
has type
  (lam • 1 - exchSymbol ?m.53 β).det = 0 ↔ lam = 0 ∨ lam = ?m.53 * √(1 + β) ∨ lam = -(?m.53 * √(1 + β))
but is expected to have type
  (lam • 1 - exchSymbol cm β).det = 0 ↔ lam = cm * √(1 + β) ∨ lam = -(cm * √(1 + β))
ChainCert/ExchangeMutate.lean:10:84: error: Type mismatch
  (exch_symbol_roots_distinct hcm hβ).left
has type
  0 < cm * √(1 + β)
but is expected to have type
  cm * √(1 + β) < 0
ChainCert/ExchangeMutate.lean:11:296: error: Application type mismatch: The argument
  hβ
has type
  β = cf * vt ^ 2 / N
but is expected to have type
  -β = cf * vt ^ 2 / N
in the application
  exch_static_theta hcf hN hϑ hβ
ChainCert/ExchangeMutate.lean:12:304: error: Type mismatch
  exch_static_reaction hcf hN hvt hgb hM hϑ hlam heps hS hE hF
has type
  F / ϑ = rled - 1 / lamt
but is expected to have type
  F / ϑ = rled + 1 / lamt
ChainCert/ExchangeMutate.lean:13:83: error: Type mismatch
  exch_reaction_via_delta hl
has type
  ?m.29 - 1 / lamt = (lamt * ?m.29 - 1) / lamt
but is expected to have type
  r - 1 / lamt = (lamt * r + 1) / lamt
ChainCert/ExchangeMutate.lean:14:63: error: Type mismatch
  exch_reaction_ne_rled hl
has type
  ?m.15 - 1 / lamt ≠ ?m.15
but is expected to have type
  r - 1 / lamt = r
ChainCert/ExchangeMutate.lean:15:83: error: Type mismatch
  exch_reaction_neg_of_delta_lt_one hl hd
has type
  r - 1 / lamt < 0
but is expected to have type
  0 < r - 1 / lamt
ChainCert/ExchangeMutate.lean:16:200: error: Type mismatch
  (exch_static_delta_fbb hvt hgb hM hr hϑ hlam).right
has type
  lamt * rled * (ϑ * M / (vt / gb) / (ϑ * rled)) = 1
but is expected to have type
  lamt * rled * (ϑ * M / (vt / gb) / (ϑ * rled)) = 2
ChainCert/ExchangeMutate.lean:17:95: error: Type mismatch
  exch_delta_mul_fbb h
has type
  lamt * rled * (1 / (lamt * rled)) = 1
but is expected to have type
  lamt * rled * (1 / (lamt * rled)) = 2
ChainCert/ExchangeMutate.lean:18:41: error: Type mismatch
  exch_open_delta_zero lamt
has type
  lamt * 0 = 0
but is expected to have type
  lamt * 0 = 1
ChainCert/ExchangeMutate.lean:19:77: error: Type mismatch
  exch_fbb_gt_one hδ0 hδ1 h
has type
  1 < f
but is expected to have type
  f < 1
ChainCert/ExchangeMutate.lean:20:98: error: Application type mismatch: The argument
  hδ1
has type
  δ < 2
but is expected to have type
  δ < 1
in the application
  exch_fbb_gt_one hδ0 hδ1
ChainCert/ExchangeMutate.lean:21:81: error: Type mismatch
  exch_fbb_large hδ hε h
has type
  1 / ε ≤ f
but is expected to have type
  f ≤ 1 / ε
ChainCert/ExchangeMutate.lean:22:137: error: Application type mismatch: The argument
  hab
has type
  a * b < 2
but is expected to have type
  a * b < 1
in the application
  exch_not_both_small hδ hf h hab
ChainCert/ExchangeMutate.lean:23:221: error: Type mismatch
  exch_beta_eq_epsc_lamt hN hgb hM hϑ hepsc hlam hβ
has type
  β = epsc * lamt
but is expected to have type
  β = epsc * lamt + 1
ChainCert/ExchangeMutate.lean:24:137: error: Type mismatch
  exch_freal_split he hβ
has type
  1 - (1 + β) * ?m.51 / epsc = 1 - ?m.51 / epsc - lamt * ?m.51
but is expected to have type
  1 - (1 + β) * rled / epsc = 1 - rled / epsc + lamt * rled
ChainCert/ExchangeMutate.lean:25:57: error: Type mismatch
  exch_freal_open
has type
  1 - (1 + ?m.26) * 0 / ?m.27 = 1
but is expected to have type
  1 - (1 + β) * 0 / epsc = 0
ChainCert/ExchangeMutate.lean:26:111: error: Type mismatch
  exch_freal_lt_one hr he hβ
has type
  1 - (1 + β) * rled / epsc < 1
but is expected to have type
  1 < 1 - (1 + β) * rled / epsc
ChainCert/ExchangeMutate.lean:27:259: error: Type mismatch
  exch_retardation_iff hN hc hEt hEr
has type
  N * ((Eqt + ?m.131) / c ^ 2 - (Eqr + ?m.132)) = -gb * Mrr - Srr ↔
    N * (?m.131 / c ^ 2 - ?m.132) = -(gb * Mtt + Stt) / c ^ 2
but is expected to have type
  N * ((Eqt + wt) / c ^ 2 - (Eqr + wr)) = -gb * Mrr - Srr ↔ N * (wt / c ^ 2 - wr) = (gb * Mtt + Stt) / c ^ 2
ChainCert/ExchangeMutate.lean:28:139: error: Application type mismatch: The argument
  h1
has type
  -a0 < g₁
but is expected to have type
  -a0 < g₂
in the application
  exch_sigma_strictMono ha h1
ChainCert/ExchangeMutate.lean:29:115: error: Type mismatch
  exch_sigma_bounds ha hg
has type
  3 / 8 * a0 < sigmaReact a0 g ∧ sigmaReact a0 g < 3 / 4 * a0
but is expected to have type
  sigmaReact a0 g < 3 / 8 * a0 ∧ sigmaReact a0 g < 3 / 4 * a0
ChainCert/ExchangeMutate.lean:30:123: error: Type mismatch
  exch_sigma_pointmass ha hx
has type
  sigmaReact a0 (a0 / x ^ 2) = 3 / 8 * a0 * (2 + x ^ 2) / (1 + x ^ 2)
but is expected to have type
  sigmaReact a0 (a0 / x ^ 2) = 3 / 8 * a0 * (2 - x ^ 2) / (1 + x ^ 2)
ChainCert/ExchangeMutate.lean:31:170: error: Application type mismatch: The argument
  hx1
has type
  0 < x₁
but is expected to have type
  0 < x₂
in the application
  exch_sigma_pointmass_strictAnti ha hx1
ChainCert/ExchangeMutate.lean:32:79: error: Type mismatch
  exch_shell_integral hu
has type
  ∫ (r : ℝ) in 0..u, r ^ 2 / u ^ 2 = u / 3
but is expected to have type
  ∫ (r : ℝ) in 0..u, r ^ 2 / u ^ 2 = u / 2
ChainCert/ExchangeMutate.lean:33:83: error: Type mismatch
  exch_hyd_reaction a0 dm R u
has type
  HasDerivAt (hydShellE a0 dm R) (-(a0 / 2) * dm) u
but is expected to have type
  HasDerivAt (hydShellE a0 dm R) (-(a0 / 3) * dm) u
ChainCert/ExchangeMutate.lean:34:76: error: Type mismatch
  exch_hyd_reaction_per_mass hdm
has type
  -(-(?m.29 / 2) * dm) / dm = ?m.29 / 2
but is expected to have type
  -(-(a0 / 2) * dm) / dm = a0 / 3
