ChainCert/FluidLinkMutate.lean:6:146: error: Type mismatch
  link_general P z hΛ
has type
  P.κ * P.c ^ 2 * √(Λ / (8 * Real.pi)) = P.a0 z
but is expected to have type
  P.κ * √(Λ / (8 * Real.pi)) = P.a0 z
ChainCert/FluidLinkMutate.lean:8:155: error: Type mismatch
  link_general_iff P z hΛ0
has type
  P.κ * P.c ^ 2 * √(Λ / (8 * Real.pi)) = P.a0 z ↔ Λ = 8 * Real.pi * P.G * P.ρΛ z / P.c ^ 2
but is expected to have type
  P.κ * P.c ^ 2 * √(Λ / (8 * Real.pi)) = P.a0 z ↔ Λ = 8 * Real.pi * P.G * P.ρΛ z
ChainCert/FluidLinkMutate.lean:10:136: error: Type mismatch
  link_units P hc1 z hΛ
has type
  capA0 P.G P.κ Λ = P.a0 z
but is expected to have type
  capA0 P.G P.κ Λ = 2 * P.a0 z
ChainCert/FluidLinkMutate.lean:12:132: error: Type mismatch
  link_sq P hc1 z hΛ
has type
  P.a0 z ^ 2 = P.κ ^ 2 * Λ / (8 * Real.pi)
but is expected to have type
  P.a0 z ^ 2 = P.κ ^ 2 * Λ
ChainCert/FluidLinkMutate.lean:14:215: error: Type mismatch
  link_flat P z
has type
  8 * Real.pi * P.G * P.ρΛ z / P.c ^ 2 = 8 * Real.pi * P.G * P.ρΛ 0 / P.c ^ 2 ∧
    capA0 P.G P.κ (8 * Real.pi * P.G * P.ρΛ z) = capA0 P.G P.κ (8 * Real.pi * P.G * P.ρΛ 0)
but is expected to have type
  8 * Real.pi * P.G * P.ρΛ z / P.c ^ 2 = 8 * Real.pi * P.G * P.ρΛ 0 / P.c ^ 2 ∧
    capA0 P.G P.κ (8 * Real.pi * P.G * P.ρΛ z) = 2 * capA0 P.G P.κ (8 * Real.pi * P.G * P.ρΛ 0)
ChainCert/FluidLinkMutate.lean:16:235: error: Type mismatch
  CandidateB.fluid_cap_a0 B hc1 hΛ
has type
  capA0 B.chain.G (1 / 2) Λ = B.chain.a0 0 ∧ B.chain.a0 0 = 1 / 2 * √(B.chain.G * B.chain.ρΛ 0)
but is expected to have type
  capA0 B.chain.G 1 Λ = B.chain.a0 0 ∧ B.chain.a0 0 = 1 / 2 * √(B.chain.G * B.chain.ρΛ 0)
