CFG375 OT settling energy  MUTATE=False  KERNEL=record
rho_Lambda c^2 = 5.2447e-10 J/m^3 ; rho_cbar = 2.2670e-27 kg/m^3
C1: {'dta0': 11.764584720173433, 'nu_rel_err_max': 0.024165453877274645, 'r_ta_vs_record_rel': 0.0017453687341882906, 'pass': False}
C3: {'rel_err': 1.387789883011692e-10, 'pass': True}
C2: {'pass': True, 'map_used': 'monotone'}
C4: {'pass': True}
foot      Mb      fret  r_ta[kpc] r_out  Mph/Mb  S/Mb  Mt/Mb  R_L[kpc] W2[kpc]  eps_kin10.3  eps_kin1   eps_B1     eps_B2     eps_B3
canonical 1e+09  1.00    646.3   258.5 211.36   5.36   5.36    336.9   125.1  3.046e-10  3.232e-08  1.440e-08  1.419e-08  5.929e-10
canonical 1e+09  0.18    646.3   258.5 211.36  29.80  29.80    596.6   321.7  2.015e-09  2.138e-07  2.449e-08  2.426e-08  1.986e-09
canonical 1e+10  1.00   1149.8   459.9 118.68   5.36   5.36    725.8   316.0  1.945e-09  2.063e-07  5.550e-08  5.439e-08  3.347e-09
canonical 1e+10  0.18   1149.8   459.9 118.68  29.80  29.80   1285.4   744.2  1.079e-08  1.144e-06  9.105e-08  8.987e-08  1.145e-08
canonical 6e+10  1.00   1800.4   720.1  75.69   5.36   5.36   1318.8   632.1  7.782e-09  8.256e-07  1.559e-07  1.519e-07  1.273e-08
canonical 6e+10  0.18   1800.4   720.1  75.69  29.80  29.80   2335.8  1413.7  3.893e-08  4.130e-06  2.547e-07  2.504e-07  4.435e-08
canonical 1e+11  1.00   2046.0   818.4  66.57   5.36   5.36   1563.6   767.5  1.147e-08  1.217e-06  2.089e-07  2.032e-07  1.861e-08
canonical 1e+11  0.18   2046.0   818.4  66.57  29.80  29.80   2769.4  1695.0  5.596e-08  5.937e-06  3.422e-07  3.360e-07  6.516e-08
canonical 1e+12  1.00   3642.5  1457.0  37.26   5.36   5.36   3368.8  1810.6  6.385e-08  6.774e-06  7.777e-07  7.480e-07  1.020e-07
canonical 1e+12  0.18   3642.5  1457.0  37.26  29.80  29.80   5966.4  3814.7  2.834e-07  3.007e-05  1.315e-06  1.284e-06  3.661e-07
canonical 1e+13  1.00   6490.7  2596.3  20.78   5.36   5.36   7257.8  4180.9  3.405e-07  3.612e-05  2.891e-06  2.739e-06  5.513e-07
canonical 1e+13  0.18   6490.7  2596.3  20.78  29.80  20.78  12854.2  7379.8  7.397e-07  7.847e-05  3.137e-06  3.026e-06  1.031e-06
alt       1e+09  1.00    677.6   271.1 243.68   5.36   5.36    336.9   119.4  2.774e-10  2.943e-08  1.500e-08  1.480e-08  5.635e-10
alt       1e+09  0.18    677.6   271.1 243.68  29.80  29.80    596.6   315.1  1.934e-09  2.052e-07  2.587e-08  2.565e-08  1.879e-09
alt       1e+10  1.00   1205.4   482.2 136.86   5.36   5.36    725.8   305.1  1.813e-09  1.923e-07  5.826e-08  5.719e-08  3.194e-09
alt       1e+10  0.18   1205.4   482.2 136.86  29.80  29.80   1285.4   732.4  1.045e-08  1.109e-06  9.612e-08  9.497e-08  1.087e-08
alt       6e+10  1.00   1887.3   754.9  87.30   5.36   5.36   1318.8   614.5  7.355e-09  7.803e-07  1.643e-07  1.604e-07  1.219e-08
alt       6e+10  0.18   1887.3   754.9  87.30  29.80  29.80   2335.8  1395.2  3.792e-08  4.023e-06  2.682e-07  2.640e-07  4.220e-08
alt       1e+11  1.00   2144.8   857.9  76.79   5.36   5.36   1563.6   747.4  1.088e-08  1.154e-06  2.203e-07  2.147e-07  1.782e-08
alt       1e+11  0.18   2144.8   857.9  76.79  29.80  29.80   2769.4  1674.0  5.458e-08  5.791e-06  3.599e-07  3.539e-07  6.204e-08
alt       1e+12  1.00   3817.8  1527.1  43.01   5.36   5.36   3368.8  1774.4  6.133e-08  6.506e-06  8.217e-07  7.926e-07  9.801e-08
alt       1e+12  0.18   3817.8  1527.1  43.01  29.80  29.80   5966.4  3777.5  2.779e-07  2.949e-05  1.374e-06  1.343e-06  3.497e-07
alt       1e+13  1.00   6801.2  2720.5  24.01   5.36   5.36   7257.8  4116.8  3.301e-07  3.502e-05  3.053e-06  2.904e-06  5.317e-07
alt       1e+13  0.18   6801.2  2720.5  24.01  29.80  24.01  12854.2  7749.6  9.425e-07  9.999e-05  3.993e-06  3.867e-06  1.294e-06
VERDICT [canonical]: bound (a) kinetic = ALLOWED; bound (b) binding B1 = ALLOWED; flags []
   eps_kin_10.3Gyr: max 7.397e-07 min 3.046e-10  above CFG373 max: 0/12
   eps_kin_1Gyr: max 7.847e-05 min 3.232e-08  above CFG373 max: 3/12
   eps_bind_B1: max 3.137e-06 min 1.440e-08  above CFG373 max: 0/12
   eps_bind_B2: max 3.026e-06 min 1.419e-08  above CFG373 max: 0/12
   eps_bind_B3: max 1.031e-06 min 5.929e-10  above CFG373 max: 0/12
VERDICT [alt]: bound (a) kinetic = ALLOWED; bound (b) binding B1 = ALLOWED; flags []
   eps_kin_10.3Gyr: max 9.425e-07 min 2.774e-10  above CFG373 max: 0/12
   eps_kin_1Gyr: max 9.999e-05 min 2.943e-08  above CFG373 max: 3/12
   eps_bind_B1: max 3.993e-06 min 1.500e-08  above CFG373 max: 0/12
   eps_bind_B2: max 3.867e-06 min 1.480e-08  above CFG373 max: 0/12
   eps_bind_B3: max 1.294e-06 min 5.635e-10  above CFG373 max: 0/12
POST-FREEZE stress: max over cells of E_max/(rho_L c^2 V(r<r_out)) = 1.055e-02
ALL CONTROLS PASS: False
