CFG375 OT settling energy  MUTATE=True  KERNEL=record
rho_Lambda c^2 = 5.2447e-10 J/m^3 ; rho_cbar = 2.2670e-27 kg/m^3
C1: {'dta0': 11.764584720173433, 'nu_rel_err_max': 0.024165453877274645, 'r_ta_vs_record_rel': 0.0017453687341882906, 'pass': False}
C3: {'rel_err': 1.387789883011692e-10, 'pass': True}
C2: {'pass': False, 'map_used': 'anti-monotone (MUTATE)'}
C4: {'pass': True}
foot      Mb      fret  r_ta[kpc] r_out  Mph/Mb  S/Mb  Mt/Mb  R_L[kpc] W2[kpc]  eps_kin10.3  eps_kin1   eps_B1     eps_B2     eps_B3
canonical 1e+09  1.00    646.3   258.5 211.36   5.36   5.36    336.9   185.1  6.673e-10  7.079e-08  1.440e-08  1.419e-08  5.929e-10
canonical 1e+09  0.18    646.3   258.5 211.36  29.80  29.80    596.6   369.4  2.658e-09  2.820e-07  2.449e-08  2.426e-08  1.986e-09
canonical 1e+10  1.00   1149.8   459.9 118.68   5.36   5.36    725.8   413.6  3.332e-09  3.535e-07  5.550e-08  5.439e-08  3.347e-09
canonical 1e+10  0.18   1149.8   459.9 118.68  29.80  29.80   1285.4   824.6  1.325e-08  1.405e-06  9.105e-08  8.987e-08  1.145e-08
canonical 6e+10  1.00   1800.4   720.1  75.69   5.36   5.36   1318.8   775.8  1.172e-08  1.244e-06  1.559e-07  1.519e-07  1.273e-08
canonical 6e+10  0.18   1800.4   720.1  75.69  29.80  29.80   2335.8  1535.2  4.591e-08  4.870e-06  2.547e-07  2.504e-07  4.435e-08
canonical 1e+11  1.00   2046.0   818.4  66.57   5.36   5.36   1563.6   928.1  1.678e-08  1.780e-06  2.089e-07  2.032e-07  1.861e-08
canonical 1e+11  0.18   2046.0   818.4  66.57  29.80  29.80   2769.4  1831.8  6.535e-08  6.933e-06  3.422e-07  3.360e-07  6.516e-08
canonical 1e+12  1.00   3642.5  1457.0  37.26   5.36   5.36   3368.8  2077.8  8.409e-08  8.921e-06  7.777e-07  7.480e-07  1.020e-07
canonical 1e+12  0.18   3642.5  1457.0  37.26  29.80  29.80   5966.4  4048.8  3.193e-07  3.387e-05  1.315e-06  1.284e-06  3.661e-07
canonical 1e+13  1.00   6490.7  2596.3  20.78   5.36   5.36   7257.8  4629.8  4.175e-07  4.429e-05  2.891e-06  2.739e-06  5.513e-07
canonical 1e+13  0.18   6490.7  2596.3  20.78  29.80  20.78  12854.2  7789.3  8.240e-07  8.742e-05  3.137e-06  3.026e-06  1.031e-06
alt       1e+09  1.00    677.6   271.1 243.68   5.36   5.36    336.9   183.8  6.578e-10  6.979e-08  1.500e-08  1.480e-08  5.635e-10
alt       1e+09  0.18    677.6   271.1 243.68  29.80  29.80    596.6   365.9  2.608e-09  2.766e-07  2.587e-08  2.565e-08  1.879e-09
alt       1e+10  1.00   1205.4   482.2 136.86   5.36   5.36    725.8   409.6  3.268e-09  3.467e-07  5.826e-08  5.719e-08  3.194e-09
alt       1e+10  0.18   1205.4   482.2 136.86  29.80  29.80   1285.4   817.8  1.303e-08  1.382e-06  9.612e-08  9.497e-08  1.087e-08
alt       6e+10  1.00   1887.3   754.9  87.30   5.36   5.36   1318.8   768.0  1.149e-08  1.219e-06  1.643e-07  1.604e-07  1.219e-08
alt       6e+10  0.18   1887.3   754.9  87.30  29.80  29.80   2335.8  1524.0  4.524e-08  4.799e-06  2.682e-07  2.640e-07  4.220e-08
alt       1e+11  1.00   2144.8   857.9  76.79   5.36   5.36   1563.6   918.8  1.644e-08  1.745e-06  2.203e-07  2.147e-07  1.782e-08
alt       1e+11  0.18   2144.8   857.9  76.79  29.80  29.80   2769.4  1818.9  6.444e-08  6.836e-06  3.599e-07  3.539e-07  6.204e-08
alt       1e+12  1.00   3817.8  1527.1  43.01   5.36   5.36   3368.8  2059.0  8.257e-08  8.760e-06  8.217e-07  7.926e-07  9.801e-08
alt       1e+12  0.18   3817.8  1527.1  43.01  29.80  29.80   5966.4  4025.1  3.156e-07  3.348e-05  1.374e-06  1.343e-06  3.497e-07
alt       1e+13  1.00   6801.2  2720.5  24.01   5.36   5.36   7257.8  4593.8  4.110e-07  4.361e-05  3.053e-06  2.904e-06  5.317e-07
alt       1e+13  0.18   6801.2  2720.5  24.01  29.80  24.01  12854.2  8179.5  1.050e-06  1.114e-04  3.993e-06  3.867e-06  1.294e-06
VERDICT [canonical]: bound (a) kinetic = ALLOWED; bound (b) binding B1 = ALLOWED; flags []
   eps_kin_10.3Gyr: max 8.240e-07 min 6.673e-10  above CFG373 max: 0/12
   eps_kin_1Gyr: max 8.742e-05 min 7.079e-08  above CFG373 max: 3/12
   eps_bind_B1: max 3.137e-06 min 1.440e-08  above CFG373 max: 0/12
   eps_bind_B2: max 3.026e-06 min 1.419e-08  above CFG373 max: 0/12
   eps_bind_B3: max 1.031e-06 min 5.929e-10  above CFG373 max: 0/12
VERDICT [alt]: bound (a) kinetic = ALLOWED; bound (b) binding B1 = ALLOWED; flags []
   eps_kin_10.3Gyr: max 1.050e-06 min 6.578e-10  above CFG373 max: 0/12
   eps_kin_1Gyr: max 1.114e-04 min 6.979e-08  above CFG373 max: 3/12
   eps_bind_B1: max 3.993e-06 min 1.500e-08  above CFG373 max: 0/12
   eps_bind_B2: max 3.867e-06 min 1.480e-08  above CFG373 max: 0/12
   eps_bind_B3: max 1.294e-06 min 5.635e-10  above CFG373 max: 0/12
POST-FREEZE stress: max over cells of E_max/(rho_L c^2 V(r<r_out)) = 1.175e-02
ALL CONTROLS PASS: False
