============================================================================================================
A01 -- THE m_e/100 ADJUDICATION: the flagship single pair under the null's gate
============================================================================================================

  THE PAIR: m_e/100 = 510.99895000/100 = 5.1099895000 keV
       vs  m = 5.089 +- 0.097 keV (G212 joint: peak 5.0886, 1-sigma band
           [4.9917, 5.1855], quoted [4.99, 5.19])

  (1) THE SIGMA
    delta vs G212 peak: +0.0214 keV = +0.420%  ->  z = +0.221 sigma  INSIDE the
        1-sigma band [4.992, 5.185]
    vs G212 cosmic-noon leg (5.10 +- 0.10): z = +0.100   INSIDE
    vs G163 band [4.60, 5.05]         : 0.060 keV ABOVE the top (+0.0600 keV)  OUTSIDE
    vs forest [3.3, 5.7] (2-sigma)    : INSIDE  (z = +1.017 in its sigma convention)
    vs free-streaming [4.70, 5.75]    : INSIDE
    vs triangle common [5.00, 5.20]   : INSIDE
    the pair's own ladder epoch: z*(m_e/100) = 2.440 (canonical) INSIDE G132 [2.3656, 2.4932]

  (2) THE SEARCH-SPACE AUDIT (gate b) -- CLEAN, FDR cost = 1
    phase-1 swept targets: 19 dimensionless SM ratios (m_p/m_e ... pmns_sin2_13/12/23)
    pdg_constants.py dataset: 71 entries, NO keV-scale mass, NO 1/100-class target
    null's obstruction 8.3: the only dimensional bridge lands 38-40 orders below
    the electron -- the keV was unreachable in the phase-1 vocabulary by construction
    the mass germ m = 5.09 keV postdates the null (G212) -> m_e/100 was never a candidate

  (3) THE MECHANISM QUESTION (gate d)
    (a) m_e/(3 Z^2) = 5.0830 keV : 3 Z^2 = 100.531 = 100 - 0.53% (generation count 3 x
        kernel germ Z^2; the null's own germs) -> 0.53% from m_e/100, z = -0.058 from
        G212 : REPRODUCES (bridge-level, < 1%).  The literal 'Z^2/3.26' gives 49.7 keV (fails).
    (b) cosmic-noon ladder z* = 2.4: committed 4.60-5.05 keV (canonical 5.051):
        1.15% below the pair -- MARGINAL MISS; but z*(m_e/100) = 2.440 in the G132 band
    (c) T-ratio rung (equal sigma): m = 5.000 keV = the 5 keV ANCHOR (identity, A02):
        2.15% off the pair; closes only at mu = 0.6132 (+2.2% of registered 0.6) -- MISS
    SURPLUS BITS vs the framework's own prior [3.3, 6] keV: 3.8 (gate 10) -> hook, not claim

  VERDICTS
  [PASS] V1 THE PAIR'S SIGMA: z = +0.221 sigma vs the G212 joint peak (INSIDE the
        1-sigma band [4.992, 5.185] keV), inside 5 of 6 committed windows,
        outside only the G163 union band by 0.060 keV -- a real pre-existing 0.2-sigma pair
  [PASS] V2 THE MECHANISM AUDIT: (a) m_e/(3 Z^2) = 5.083 keV reproduces the pair at
        0.53% (bridge-level, null's own germs); (b) misses by 1.15% (epoch-agrees);
        (c) is the 5 keV anchor identity, 2.15% off -- no mechanism at kepler grade
  [PASS] V3 THE HONEST STATEMENT: m_e/100 is a REGISTERED CURIOSITY WITH A
        MECHANISTIC HOOK (100 = 3 Z^2 - 0.53%, m_e/(3 Z^2) = 5.083 keV) AND NO CLAIM --
        pre-existing single pair, FDR cost 1 (no scan), 3.8 surplus bits < 10,
        falsifier registered (|m_meas - m_e/100| > 1% kills the pair).

A01 COMPLETE: 6/6 checks PASS.
THE m_e/100 ADJUDICATION: a pre-existing +0.22-sigma single pair (FDR cost 1, no scan),
registered as a curiosity WITH a mechanistic hook (100 = 3 Z^2 - 0.53%, m_e/(3 Z^2) = 5.083 keV)
and NO claim.
[written] /Users/carlzimmerman/new_physics/zimmerman-formula/project_atomos/A01_results.json
