CFG505 score  MUTATE=1; CFG261 prefix loaded (125 s); K1 = [8, 9, 10, 11, 12, 13, 14]; alt footing at log s = 0.08225
  [PASS] C1 re-staged M0 per-lens sums equal cfg110_perlens.npz (max relative deviation <= 1e-12): max deviation 0.0e+00

  [M0] T1 split (K1, re-measured): canonical chi2 35.03/7 (p 1.11e-05, 4.40 sigma); alt 35.03/7 (p 1.11e-05, 4.40 sigma)
       data D  :   3.26   7.14   5.60   5.33  11.92  21.48  33.28
       model D :   0.01   0.00   0.00   0.00   0.00   0.00   0.00  (canonical)
       T2 T-late-LO  N  31133: s* 1.670 (log +0.223 +- 0.105 jk); a0 1.563e-10; kappa_implied can 0.835 / alt 0.691; chi2(s*) 16.5/6 (p 0.011), chi2(s=1) 19.4/7 (p 0.007)
       T2 T-late-HI  N  31133: s* 0.683 (log -0.166 +- 0.180 jk); a0 6.393e-11; kappa_implied can 0.341 / alt 0.283; chi2(s*) 3.0/6 (p 0.81), chi2(s=1) 3.4/7 (p 0.85)
       T2 T-early-LO N  29360: s* 2.485 (log +0.395 +- 0.053 jk); a0 2.326e-10; kappa_implied can 1.242 / alt 1.028; chi2(s*) 7.9/6 (p 0.25), chi2(s=1) 37.0/7 (p 4.6e-06)
       T2 T-early-HI N  29360: s* 4.118 (log +0.615 +- 0.044 jk); a0 3.855e-10; kappa_implied can 2.059 / alt 1.704; chi2(s*) 6.8/6 (p 0.34), chi2(s=1) 99.9/7 (p 1.1e-18)
       T2 late       N  93398: s* 1.278 (log +0.107 +- 0.077 jk); a0 1.196e-10; kappa_implied can 0.639 / alt 0.529; chi2(s*) 10.0/6 (p 0.13), chi2(s=1) 11.9/7 (p 0.1)
       T2 early      N  88079: s* 3.192 (log +0.504 +- 0.032 jk); a0 2.988e-10; kappa_implied can 1.596 / alt 1.321; chi2(s*) 8.1/6 (p 0.23), chi2(s=1) 151.0/7 (p 2.5e-29)
       T2 ALL        N 181477: s* 2.416 (log +0.383 +- 0.034 jk); a0 2.261e-10; kappa_implied can 1.208 / alt 0.999; chi2(s*) 11.8/6 (p 0.066), chi2(s=1) 82.8/7 (p 3.7e-15)

  [M1] T1 split (K1, re-measured): canonical chi2 36.63/7 (p 5.51e-06, 4.54 sigma); alt 36.63/7 (p 5.50e-06, 4.54 sigma)
       data D  :   1.20   3.99   7.60   3.32  13.57   8.66  25.95
       model D :   0.02   0.01   0.01   0.00   0.00   0.00   0.00  (canonical)
       T2 T-late-LO  N  31133: s* 0.954 (log -0.020 +- 0.107 jk); a0 8.934e-11; kappa_implied can 0.477 / alt 0.395; chi2(s*) 7.7/6 (p 0.26), chi2(s=1) 7.4/7 (p 0.39)
       T2 T-late-HI  N  31133: s* 0.772 (log -0.113 +- 0.136 jk); a0 7.224e-11; kappa_implied can 0.386 / alt 0.319; chi2(s*) 14.5/6 (p 0.025), chi2(s=1) 15.8/7 (p 0.027)
       T2 T-early-LO N  29360: s* 1.808 (log +0.257 +- 0.054 jk); a0 1.693e-10; kappa_implied can 0.904 / alt 0.748; chi2(s*) 6.4/6 (p 0.38), chi2(s=1) 17.8/7 (p 0.013)
       T2 T-early-HI N  29360: s* 2.418 (log +0.383 +- 0.044 jk); a0 2.263e-10; kappa_implied can 1.209 / alt 1.000; chi2(s*) 14.7/6 (p 0.023), chi2(s=1) 65.2/7 (p 1.4e-11)
       T2 late       N  93398: s* 0.801 (log -0.096 +- 0.078 jk); a0 7.497e-11; kappa_implied can 0.400 / alt 0.331; chi2(s*) 11.2/6 (p 0.082), chi2(s=1) 11.1/7 (p 0.13)
       T2 early      N  88079: s* 2.008 (log +0.303 +- 0.030 jk); a0 1.880e-10; kappa_implied can 1.004 / alt 0.831; chi2(s*) 4.0/6 (p 0.67), chi2(s=1) 71.3/7 (p 8e-13)
       T2 ALL        N 181477: s* 1.551 (log +0.191 +- 0.033 jk); a0 1.452e-10; kappa_implied can 0.776 / alt 0.642; chi2(s*) 6.2/6 (p 0.4), chi2(s=1) 31.5/7 (p 5e-05)

  [M2_MUT] T1 split (K1, re-measured): canonical chi2 36.46/7 (p 5.94e-06, 4.53 sigma); alt 36.46/7 (p 5.93e-06, 4.53 sigma)
       data D  :   1.25   4.02   7.65   3.35  13.34   8.19  25.69
       model D :   0.02   0.01   0.01   0.00   0.00   0.00   0.00  (canonical)
       T2 T-late-LO  N  31133: s* 0.974 (log -0.011 +- 0.106 jk); a0 9.120e-11; kappa_implied can 0.487 / alt 0.403; chi2(s*) 6.7/6 (p 0.35), chi2(s=1) 6.6/7 (p 0.47)
       T2 T-late-HI  N  31133: s* 0.770 (log -0.113 +- 0.135 jk); a0 7.212e-11; kappa_implied can 0.385 / alt 0.319; chi2(s*) 14.1/6 (p 0.028), chi2(s=1) 15.6/7 (p 0.029)
       T2 T-early-LO N  29360: s* 1.773 (log +0.249 +- 0.054 jk); a0 1.660e-10; kappa_implied can 0.887 / alt 0.734; chi2(s*) 5.7/6 (p 0.46), chi2(s=1) 16.6/7 (p 0.02)
       T2 T-early-HI N  29360: s* 2.410 (log +0.382 +- 0.043 jk); a0 2.256e-10; kappa_implied can 1.205 / alt 0.997; chi2(s*) 13.6/6 (p 0.035), chi2(s=1) 64.1/7 (p 2.3e-11)
       T2 late       N  93398: s* 0.805 (log -0.094 +- 0.078 jk); a0 7.535e-11; kappa_implied can 0.402 / alt 0.333; chi2(s*) 10.4/6 (p 0.11), chi2(s=1) 10.3/7 (p 0.17)
       T2 early      N  88079: s* 1.995 (log +0.300 +- 0.030 jk); a0 1.867e-10; kappa_implied can 0.998 / alt 0.825; chi2(s*) 4.0/6 (p 0.68), chi2(s=1) 69.5/7 (p 1.9e-12)
       T2 ALL        N 181477: s* 1.544 (log +0.189 +- 0.034 jk); a0 1.445e-10; kappa_implied can 0.772 / alt 0.639; chi2(s*) 5.9/6 (p 0.43), chi2(s=1) 30.7/7 (p 7e-05)
  [PASS] C2 T1 with M0 reproduces CFG95-MUTATE's re-measured split chi2 35.025 (canonical, +-0.01) and 35.026 (alt, +-0.05): canonical 35.0254, alt 35.0263
  [PASS] C3 T2 with M0 reproduces CFG261's s* for the four T rows within 0.005 dex: T-late-LO 1.670 (d log +0.0e+00; jsd 0.105 vs 0.105), T-late-HI 0.683 (d log +0.0e+00; jsd 0.180 vs 0.180), T-early-LO 2.485 (d log +0.0e+00; jsd 0.053 vs 0.053), T-early-HI 4.118 (d log +0.0e+00; jsd 0.044 vs 0.044)

  R5 pair-weighted mean R per bin [Mpc] (bins 0-14; K1 = 8-14):
    M0    : 2.171 1.820 1.376 1.036 0.780 0.588 0.443 0.333 0.251 0.189 0.142 0.107 0.081 0.061 0.046   K1 max 0.251
    M1    : 2.274 2.123 1.765 1.338 1.007 0.759 0.571 0.430 0.324 0.244 0.184 0.138 0.104 0.079 0.059   K1 max 0.324
    M2_MUT: 2.275 2.124 1.767 1.340 1.009 0.760 0.572 0.431 0.324 0.244 0.184 0.139 0.104 0.079 0.059   K1 max 0.324

  R1 tables ready (128 s)
    [M0] canonical: chi2 vs early shift 0..0.5 dex: 35.0 29.0 23.4 18.1 13.4 9.5 6.4 4.5 4.1 5.4 8.9 | best 0.40 (4.1); p > 0.05 for [0.2, 0.5]
    [M0] alt      : chi2 vs early shift 0..0.5 dex: 35.0 28.6 22.5 17.0 12.2 8.3 5.5 4.2 4.7 7.2 12.3 | best 0.35 (4.2); p > 0.05 for [0.2, 0.5]
    [M1] canonical: chi2 vs early shift 0..0.5 dex: 36.6 28.4 21.0 14.5 9.3 5.7 4.0 4.7 8.4 15.7 27.2 | best 0.30 (4.0); p > 0.05 for [0.2, 0.4]
    [M1] alt      : chi2 vs early shift 0..0.5 dex: 36.6 27.8 19.8 13.2 8.0 4.8 4.0 6.1 11.8 21.7 36.7 | best 0.30 (4.0); p > 0.05 for [0.15, 0.4]
    [M2_MUT] canonical: chi2 vs early shift 0..0.5 dex: 36.5 28.2 20.7 14.2 9.0 5.4 3.9 4.8 8.7 16.3 28.3 | best 0.30 (3.9); p > 0.05 for [0.2, 0.4]
    [M2_MUT] alt      : chi2 vs early shift 0..0.5 dex: 36.5 27.5 19.5 12.8 7.8 4.6 4.0 6.3 12.3 22.6 38.1 | best 0.30 (4.0); p > 0.05 for [0.15, 0.4]

  R2 UV-class split (M2_MUT masses; 28904 UV star-forming early lenses moved to late): canonical chi2 20.79/7 (p 4.10e-03, 2.87 sigma); alt chi2 20.79/7 (p 4.10e-03, 2.87 sigma)
     (variant: UV star-forming early lenses dropped from both classes, reported) canonical chi2 36.80/7 (4.56 sigma); alt chi2 36.80/7 (4.56 sigma)
    R3 [M0] canonical: split + E on K1 35.58/7 (4.45 sigma), on inner 9 50.31/9 (5.34 sigma); ALL-lens law + E: inner 9 46.4/9 (no E 124.7), OUTER 6 48.3/6 (outer: reported only)
    R3 [M0] alt      : split + E on K1 35.58/7 (4.45 sigma), on inner 9 50.37/9 (5.34 sigma); ALL-lens law + E: inner 9 27.7/9 (no E 91.0), OUTER 6 41.0/6 (outer: reported only)
    R3 [M1] canonical: split + E on K1 39.64/7 (4.81 sigma), on inner 9 82.40/9 (7.52 sigma); ALL-lens law + E: inner 9 9.8/9 (no E 43.6), OUTER 6 67.4/6 (outer: reported only)
    R3 [M1] alt      : split + E on K1 39.65/7 (4.82 sigma), on inner 9 82.19/9 (7.51 sigma); ALL-lens law + E: inner 9 11.9/9 (no E 21.2), OUTER 6 61.7/6 (outer: reported only)
    R3 [M2_MUT] canonical: split + E on K1 39.56/7 (4.81 sigma), on inner 9 82.11/9 (7.50 sigma); ALL-lens law + E: inner 9 9.8/9 (no E 42.9), OUTER 6 65.0/6 (outer: reported only)
    R3 [M2_MUT] alt      : split + E on K1 39.57/7 (4.81 sigma), on inner 9 81.89/9 (7.49 sigma); ALL-lens law + E: inner 9 12.1/9 (no E 20.7), OUTER 6 58.9/6 (outer: reported only)

=============== MUTATE CHECKS ===============
  [PASS] MU1 the shuffle destroys the UV-optical link: |rho(NUV-r, u-r)| over detections < 0.05 (real +0.80): rho -0.004
  [PASS] MU2 the UV-driven change disappears with shuffled UV: |d sigma_split| < 0.3 (both footings), |d log s*| < 0.02 (T rows), early-late UV shift within 0.005 of zero: d sigma -0.016 / -0.016; d log s* T-late-LO +0.0090, T-late-HI -0.0007, T-early-LO -0.0085, T-early-HI -0.0014; early - late mean shift -0.0000 (real M2 - M1: -0.0020)

5/5 checks pass; elapsed 132.2 s
