CFG594 sensitivity of the CFG556 halo-model excess  -- FROZEN_CRITERIA.md (d7fbcc267).
kappa = 1/2 FITTED; footings never pooled; flat a0; candidate B; cold energy MASS still required; not theory closed. CONTEXT statistic, no verdict role.

C0 reproduce CFG556 primary E: can +0.715092 (556 +0.715092), alt +0.882870 (556 +0.882870); max |d| 0.0e+00 (<= 1e-6) -> PASS
C2 f_ret = 1 reproduces CFG556 fret1: max |d| 0.0e+00 (<= 1e-6) -> PASS

variant                              | canonical E (dE) class             | alt E (dE) class                   | R(0.35) c/a   | R(1) c/a      | s8 c/a        | C3
L1 c(M) x0.7                         | +0.996 (+0.281) DRIVER             | +1.207 (+0.325) DRIVER             | 1.255/1.286 | 1.998/2.211 | 1.0558/1.0634 | 1.4e-16 PASS
L2 c(M) x1.3                         | +0.562 (-0.153) MODERATE           | +0.707 (-0.176) MODERATE           | 1.143/1.163 | 1.562/1.708 | 1.0320/1.0373 | 1.2e-16 PASS
L3 Moster M* x0.5                    | +0.714 (-0.001) MINOR              | +0.882 (-0.001) MINOR              | 1.180/1.204 | 1.715/1.885 | 1.0401/1.0463 | 0.0e+00 PASS
L4 Moster M* x2                      | +0.716 (+0.001) MINOR              | +0.884 (+0.001) MINOR              | 1.180/1.204 | 1.717/1.886 | 1.0402/1.0463 | 0.0e+00 PASS
L5 sigma8 0.76                       | +0.738 (+0.023) MINOR              | +0.889 (+0.006) MINOR              | 1.155/1.173 | 1.740/1.893 | 1.0350/1.0399 | 0.0e+00 PASS
L6 Delta_ta x0.8                     | +0.821 (+0.106) MODERATE           | +1.002 (+0.119) MODERATE           | 1.228/1.254 | 1.822/2.004 | 1.0496/1.0562 | 0.0e+00 PASS
L7 Delta_ta x1.2                     | +0.630 (-0.085) MINOR              | +0.787 (-0.095) MINOR              | 1.147/1.168 | 1.631/1.790 | 1.0334/1.0391 | 1.3e-16 PASS
L8 Press-Schechter mf + MW bias      | +0.751 (+0.036) MINOR              | +0.891 (+0.008) MINOR              | 1.142/1.157 | 1.754/1.896 | 1.0329/1.0372 | 0.0e+00 PASS
L9 f_ret x0.5                        | +0.063 (-0.652) DRIVER CUT         | +0.188 (-0.695) DRIVER             | 1.029/1.067 | 1.016/1.168 | 1.0052/1.0138 | 1.3e-16 PASS
L10 f_ret x2                         | +0.880 (+0.165) MODERATE           | +1.046 (+0.163) MODERATE           | 1.205/1.227 | 1.883/2.050 | 1.0469/1.0526 | 0.0e+00 PASS
L11 supply x0.5                      | +0.344 (-0.371) DRIVER             | +0.425 (-0.458) DRIVER             | 1.066/1.079 | 1.346/1.428 | 1.0162/1.0197 | 2.8e-16 PASS
L12 supply x0.75                     | +0.524 (-0.191) MODERATE           | +0.645 (-0.238) MODERATE           | 1.115/1.133 | 1.526/1.648 | 1.0268/1.0315 | 2.2e-16 PASS
M0 numerical edge, RAR (control C1)  | +0.715 (+0.000) MINOR              | +0.883 (+0.000) MINOR              | 1.180/1.204 | 1.716/1.885 | 1.0402/1.0463 | 0.0e+00 PASS
M1 nu_simple                         | +0.717 (+0.002) MINOR              | +0.885 (+0.002) MINOR              | 1.181/1.204 | 1.718/1.887 | 1.0403/1.0464 | 1.3e-16 PASS
                                       r_e/r_ta at log M_ta 12/13/14/15 (can): 0.350 0.291 0.300 0.395; capped can/alt 0/0
M2 nu_standard                       | +0.577 (-0.138) MODERATE           | +0.747 (-0.136) MODERATE           | 1.159/1.185 | 1.577/1.748 | 1.0348/1.0414 | 0.0e+00 PASS
                                       r_e/r_ta at log M_ta 12/13/14/15 (can): 0.353 0.299 0.318 0.424; capped can/alt 0/0
M3 EFE y_ext 0.01                    | +0.610 (-0.105) MODERATE           | +0.780 (-0.103) MODERATE           | 1.165/1.190 | 1.609/1.781 | 1.0358/1.0422 | 2.0e-16 PASS
                                       r_e/r_ta at log M_ta 12/13/14/15 (can): 1.000 1.000 0.347 0.414; capped can/alt 213/213
M4 EFE y_ext 0.03                    | -0.002 (-0.717) DRIVER CUT         | -0.002 (-0.885) DRIVER CUT         | 0.825/0.826 | 0.411/0.413 | 0.9599/0.9601 | 2.0e-16 PASS
                                       r_e/r_ta at log M_ta 12/13/14/15 (can): 1.000 1.000 1.000 1.000; capped can/alt 321/321

C1 numerical RAR edge reproduces closed form: max |dE| 0.0e+00 (<= 1e-4) -> PASS

Item summary (worst class over its declared variants, per footing; 'removes' = a variant CUT-SETTING on both footings):
  c(M) [Duffy08]                   can DRIVER   (max|dE| 0.281)  alt DRIVER   (max|dE| 0.325)  removes excess: no
  SHMR [Moster13]                  can MINOR    (max|dE| 0.001)  alt MINOR    (max|dE| 0.001)  removes excess: no
  sigma8 / IC amplitude            can MINOR    (max|dE| 0.023)  alt MINOR    (max|dE| 0.006)  removes excess: no
  Delta_ta                         can MODERATE (max|dE| 0.106)  alt MODERATE (max|dE| 0.119)  removes excess: no
  mass function + bias [Tinker]    can MINOR    (max|dE| 0.036)  alt MINOR    (max|dE| 0.008)  removes excess: no
  census f_ret                     can DRIVER   (max|dE| 0.652)  alt DRIVER   (max|dE| 0.695)  removes excess: no
  catchment supply amount          can DRIVER   (max|dE| 0.371)  alt DRIVER   (max|dE| 0.458)  removes excess: no
  kernel low-y form                can MODERATE (max|dE| 0.138)  alt MODERATE (max|dE| 0.136)  removes excess: no
  EFE (standard MOND)              can DRIVER   (max|dE| 0.717)  alt DRIVER   (max|dE| 0.885)  removes excess: YES

All controls: PASS
