[canonical] M_b = 1e+09: r_M = 1.22 kpc; NFW M_h = 9.94e+10 Msun, c = 7.60, R200 = 98 kpc; R_c(m): none for 5/60 values of m, capped at R200 for 39; grid to 81.9 r_M
    B-   : 1205 converged roots in 1205 (m, alpha) cells (15 s)
    B+hi : no roots
    B+lo : 538 converged roots in 538 (m, alpha) cells (35 s)
[canonical] M_b = 1e+10: r_M = 3.86 kpc; NFW M_h = 3.15e+11 Msun, c = 6.89, R200 = 144 kpc; R_c(m): none for 7/60 values of m, capped at R200 for 37; grid to 38.1 r_M
    B-   : 1145 converged roots in 1145 (m, alpha) cells (52 s)
    B+hi : no roots
    B+lo : 608 converged roots in 608 (m, alpha) cells (76 s)
[canonical] M_b = 1e+11: r_M = 12.2 kpc; NFW M_h = 1.07e+13 Msun, c = 5.13, R200 = 466 kpc; R_c(m): none for 9/60 values of m, capped at R200 for 35; grid to 39 r_M
    B-   : 1177 converged roots in 1177 (m, alpha) cells (94 s)
    B+hi : no roots
    B+lo : 458 converged roots in 458 (m, alpha) cells (121 s)
[canonical] M_b = 1e+12: r_M = 38.6 kpc; NFW M_h = 3.79e+15 Msun, c = 3.13, R200 = 3.3e+03 kpc; R_c(m): none for 12/60 values of m, capped at R200 for 33; grid to 87.2 r_M
    B-   : 1456 converged roots in 1456 (m, alpha) cells (140 s)
    B+hi : no roots
    B+lo : 363 converged roots in 363 (m, alpha) cells (162 s)
[alt] M_b = 1e+09: r_M = 1.11 kpc; NFW M_h = 9.94e+10 Msun, c = 7.60, R200 = 98 kpc; R_c(m): none for 5/60 values of m, capped at R200 for 39; grid to 90 r_M
    B-   : 1217 converged roots in 1217 (m, alpha) cells (180 s)
    B+hi : no roots
    B+lo : 542 converged roots in 542 (m, alpha) cells (201 s)
[alt] M_b = 1e+10: r_M = 3.51 kpc; NFW M_h = 3.15e+11 Msun, c = 6.89, R200 = 144 kpc; R_c(m): none for 7/60 values of m, capped at R200 for 37; grid to 41.8 r_M
    B-   : 1103 converged roots in 1103 (m, alpha) cells (216 s)
    B+hi : no roots
    B+lo : 563 converged roots in 563 (m, alpha) cells (237 s)
[alt] M_b = 1e+11: r_M = 11.1 kpc; NFW M_h = 1.07e+13 Msun, c = 5.13, R200 = 466 kpc; R_c(m): none for 10/60 values of m, capped at R200 for 35; grid to 42.8 r_M
    B-   : 1191 converged roots in 1191 (m, alpha) cells (255 s)
    B+hi : no roots
    B+lo : 472 converged roots in 472 (m, alpha) cells (278 s)
[alt] M_b = 1e+12: r_M = 35.1 kpc; NFW M_h = 3.79e+15 Msun, c = 3.13, R200 = 3.3e+03 kpc; R_c(m): none for 13/60 values of m, capped at R200 for 33; grid to 95.9 r_M
    B-   : 1463 converged roots in 1463 (m, alpha) cells (300 s)
    B+hi : no roots
    B+lo : 366 converged roots in 366 (m, alpha) cells (325 s)

======================================================================================================================
root census: cells with an edge-fixed solution (n_DM(R_c) = n_c with R_c from the NFW halo)
======================================================================================================================
  [canonical] B-   : cells with >= 1 root at masses (1000000000.0, 10000000000.0, 100000000000.0, 1000000000000.0): [1205, 1145, 1177, 1456]
  [canonical] B+hi : cells with >= 1 root at masses (1000000000.0, 10000000000.0, 100000000000.0, 1000000000000.0): [0, 0, 0, 0]
  [canonical] B+lo : cells with >= 1 root at masses (1000000000.0, 10000000000.0, 100000000000.0, 1000000000000.0): [538, 608, 458, 363]
  [alt] B-   : cells with >= 1 root at masses (1000000000.0, 10000000000.0, 100000000000.0, 1000000000000.0): [1217, 1103, 1191, 1463]
  [alt] B+hi : cells with >= 1 root at masses (1000000000.0, 10000000000.0, 100000000000.0, 1000000000000.0): [0, 0, 0, 0]
  [alt] B+lo : cells with >= 1 root at masses (1000000000.0, 10000000000.0, 100000000000.0, 1000000000000.0): [542, 563, 472, 366]

======================================================================================================================
G1.4  edge step at R_c: |M(R_c^-) - M(R_c^+)| / M <= 10%  (S: real mass M_b + M_DM vs M_b + M_NFW ;  F: dynamical mass incl. the phonon force vs M_b + M_NFW)
======================================================================================================================
  [canonical] Branch S (real mass): (m, alpha) cells passing at all four masses: 0; per-mass cell counts [192, 270, 185, 146]; best step per mass ['0.000732', '0.00295', '1.82e-05', '0.000284']
  [alt] Branch S (real mass): (m, alpha) cells passing at all four masses: 0; per-mass cell counts [197, 225, 184, 147]; best step per mass ['0.000471', '0.000284', '0.000322', '0.00193']
  [canonical] Branch F (dynamical): (m, alpha) cells passing at all four masses: 0; per-mass cell counts [0, 0, 13, 35]; best step per mass ['1.37', '1.07', '0.0227', '0.0022']
  [alt] Branch F (dynamical): (m, alpha) cells passing at all four masses: 0; per-mass cell counts [0, 0, 11, 30]; best step per mass ['1.61', '1.77', '0.012', '0.00134']
  >> G1.4-S: FAIL -- cells [0, 0]; best steps [['0.000732', '0.00295', '1.82e-05', '0.000284'], ['0.000471', '0.000284', '0.000322', '0.00193']]
  >> G1.4-F: FAIL -- cells [0, 0]; best steps [['1.37', '1.07', '0.0227', '0.0022'], ['1.61', '1.77', '0.012', '0.00134']]

======================================================================================================================
G1.6  crossover universality: a_x(M_b) (g_N at which a_phi = g_N) across 1e9..1e12, spread max/min <= 1.10; existence over roots, branches and the plane
======================================================================================================================
  [canonical] cells with a crossover inside the covered range at all four masses: 446; smallest spread over roots/branches: 1.171 at m = 2.27 eV, alpha = 100, a_x/a0 = ['1.2', '1.15', '1.06', '1.24']
  [alt] cells with a crossover inside the covered range at all four masses: 459; smallest spread over roots/branches: 1.155 at m = 2.27 eV, alpha = 100, a_x/a0 = ['1.16', '1.12', '1.05', '1.22']
  >> G1.6: FAIL -- smallest spread [1.1711, 1.1549] (canonical, alt) against the 1.10 line; cells with a crossover at all masses [446, 459]

======================================================================================================================
G2.4 (ii) number injection inside a halo over one Hubble time: Ndot t_H / N_DM(<R_c) <= 10%   [(i) background is in cfg122_g2.py]
======================================================================================================================
  [canonical] cells passing at all masses: 0; per-mass cell counts [0, 0, 0, 12]; smallest injected fraction per mass ['5.79', '9.53', '3.82', '0.0355']
  [alt] cells passing at all masses: 0; per-mass cell counts [0, 0, 0, 31]; smallest injected fraction per mass ['5.83', '9.43', '3.87', '0.00114']
  >> G2.4-ii: FAIL -- cells [0, 0]; smallest fractions [['5.79', '9.53', '3.82', '0.0355'], ['5.83', '9.43', '3.87', '0.00114']]

======================================================================================================================
G3.2  energy of the injected number: |mu| Ndot t vs (1/2) M_b V_f^2, t = t_dyn(r_e) = r_e/V_f in both r_ta conventions (r_e = 0.4 r_ta) and t = 1/H0; PASS iff <= 1 (all)
======================================================================================================================
  [canonical] cells passing at all masses: t_dyn(CFG48 r_ta) 0, t_dyn(committed r_ta) 0, t_H 0; all three 0
        smallest |mu| Ndot t/(1/2 M V_f^2) per mass (t48): ['1.36', '0.645', '0.143', '6.26']
        smallest |mu| Ndot t/(1/2 M V_f^2) per mass (tcm): ['5.93', '2.33', '0.428', '15.4']
        smallest |mu| Ndot t/(1/2 M V_f^2) per mass (tH): ['20.2', '7.92', '1.45', '52.4']
        t_dyn(r_e) [Gyr] (CFG48 | committed): 1e+09: 0.97 | 4.27, 1e+10: 1.18 | 4.27, 1e+11: 1.43 | 4.27, 1e+12: 1.73 | 4.27
        reference (reported): CFG44's own target energy E_c/(1/2 M V_f^2) = 1.5 r_e/r_M: 1e+09: 72.8 | 318.3, 1e+10: 49.6 | 179.1, 1e+11: 33.8 | 100.8, 1e+12: 23.0 | 56.7
        reported: smallest rest-mass energy m Ndot t_H/(1/2 M V_f^2) per mass: ['5.74e+08', '1.14e+08', '1.78e+07', '1.38e+06']
  [alt] cells passing at all masses: t_dyn(CFG48 r_ta) 0, t_dyn(committed r_ta) 0, t_H 0; all three 0
        smallest |mu| Ndot t/(1/2 M V_f^2) per mass (t48): ['1.26', '0.361', '3.5', '6.39']
        smallest |mu| Ndot t/(1/2 M V_f^2) per mass (tcm): ['5.49', '1.3', '10.4', '15.8']
        smallest |mu| Ndot t/(1/2 M V_f^2) per mass (tH): ['19.6', '4.64', '37.2', '56.1']
        t_dyn(r_e) [Gyr] (CFG48 | committed): 1e+09: 0.93 | 4.07, 1e+10: 1.13 | 4.07, 1e+11: 1.36 | 4.07, 1e+12: 1.65 | 4.08
        reference (reported): CFG44's own target energy E_c/(1/2 M V_f^2) = 1.5 r_e/r_M: 1e+09: 80.0 | 349.9, 1e+10: 54.5 | 196.9, 1e+11: 37.1 | 110.8, 1e+12: 25.3 | 62.4
        reported: smallest rest-mass energy m Ndot t_H/(1/2 M V_f^2) per mass: ['4.54e+08', '1.14e+08', '1.78e+07', '1.38e+06']
  >> G3.2: FAIL -- cells passing all three timescales at all masses [0, 0]; smallest ratios (t_H) [['20.2', '7.92', '1.45', '52.4'], ['19.6', '4.64', '37.2', '56.1']]

======================================================================================================================
G1.5  far-shell test: add a shell of 10 M_b at R' = 40 kpc; r* = min(3 r_M, R'/2); target rho unchanged; PASS iff |d rho/rho| <= 1% (case 2 decides)
======================================================================================================================
  [canonical] case 1 (mu fixed): sub-plane cells with |d rho/rho| <= 1% at all four masses: 7 (per mass [96, 79, 52, 48]); smallest |d rho/rho| per mass ['1.76e-07', '6.37e-07', '2.05e-06', '5.66e-06']
  [canonical] case 2 (edge re-fixed): sub-plane cells with |d rho/rho| <= 1% at all four masses: 0 (per mass [0, 0, 0, 0]); smallest |d rho/rho| per mass ['0.57', '0.77', '0.501', '0.0551']
        fraction of roots with R_c > R' (shell inside the condensate; otherwise case 2 is trivially 0): {'1e+09': [0.5555555555555556, 0.5396825396825397], '1e+10': [0.6694214876033058, 0.609375], '1e+11': [0.8373983739837398, 0.7954545454545454], '1e+12': [0.8757763975155279, 0.6304347826086957]}
  [alt] case 1 (mu fixed): sub-plane cells with |d rho/rho| <= 1% at all four masses: 7 (per mass [98, 81, 53, 46]); smallest |d rho/rho| per mass ['1.94e-07', '7.01e-07', '1.41e-06', '6.22e-06']
  [alt] case 2 (edge re-fixed): sub-plane cells with |d rho/rho| <= 1% at all four masses: 0 (per mass [0, 0, 0, 0]); smallest |d rho/rho| per mass ['0.565', '0.757', '0.507', '0.0536']
        fraction of roots with R_c > R' (shell inside the condensate; otherwise case 2 is trivially 0): {'1e+09': [0.5555555555555556, 0.53125], '1e+10': [0.6694214876033058, 0.5806451612903226], '1e+11': [0.84, 0.7727272727272727], '1e+12': [0.8757763975155279, 0.6]}
  >> G1.5: FAIL -- case 2 cells [0, 0]; case 1 cells [7, 7]

  0/0 checks pass; load-bearing check failures: 0   (400 s)
  gate verdicts: G1.4-S=FAIL, G1.4-F=FAIL, G1.6=FAIL, G2.4-ii=FAIL, G3.2=FAIL, G1.5=FAIL
