
======================================================================================================================
R1  Branch F (pure-gradient B-) against the nu_mono phantom law and against P2
======================================================================================================================
  [canonical] point mass: max |g_BK/g_P2 - 1| = 0.414 (at x = 1.00);  max |g_BK/g_numono - 1| = 0.297 (at x = 0.61); within 10% for x >= 0.1 and x <= 30
  [alt] point mass: max |g_BK/g_P2 - 1| = 0.414 (at x = 1.00);  max |g_BK/g_numono - 1| = 0.297 (at x = 0.61); within 10% for x >= 0.1 and x <= 30

======================================================================================================================
R3  finite-T superfluid fraction along the target profile (two-fluid EOS, T = m sigma^2), point mass
======================================================================================================================
  [canonical] M_b=1e+09, m = 0.1 eV: rho_crit/rho_target(x=0.1..30) = 3.58e-13, 5.04e-12, 3.38e-11, 3.58e-10, 3.21e-09  -> superfluid fraction 1.000, 1.000, 1.000, 1.000, 1.000
  [canonical] M_b=1e+09, m = 1 eV: rho_crit/rho_target(x=0.1..30) = 3.58e-09, 5.04e-08, 3.38e-07, 3.58e-06, 3.21e-05  -> superfluid fraction 1.000, 1.000, 1.000, 1.000, 1.000
  [canonical] M_b=1e+09, m = 10 eV: rho_crit/rho_target(x=0.1..30) = 3.58e-05, 0.000504, 0.00338, 0.0358, 0.321  -> superfluid fraction 1.000, 0.999, 0.997, 0.964, 0.679
  [canonical] M_b=1e+10, m = 0.1 eV: rho_crit/rho_target(x=0.1..30) = 6.37e-12, 8.97e-11, 6.02e-10, 6.37e-09, 5.71e-08  -> superfluid fraction 1.000, 1.000, 1.000, 1.000, 1.000
  [canonical] M_b=1e+10, m = 1 eV: rho_crit/rho_target(x=0.1..30) = 6.37e-08, 8.97e-07, 6.02e-06, 6.37e-05, 0.000571  -> superfluid fraction 1.000, 1.000, 1.000, 1.000, 0.999
  [canonical] M_b=1e+10, m = 10 eV: rho_crit/rho_target(x=0.1..30) = 0.000637, 0.00897, 0.0602, 0.637, 5.71  -> superfluid fraction 0.999, 0.991, 0.940, 0.363, 0.000
  [canonical] M_b=1e+11, m = 0.1 eV: rho_crit/rho_target(x=0.1..30) = 1.13e-10, 1.59e-09, 1.07e-08, 1.13e-07, 1.02e-06  -> superfluid fraction 1.000, 1.000, 1.000, 1.000, 1.000
  [canonical] M_b=1e+11, m = 1 eV: rho_crit/rho_target(x=0.1..30) = 1.13e-06, 1.59e-05, 0.000107, 0.00113, 0.0102  -> superfluid fraction 1.000, 1.000, 1.000, 0.999, 0.990
  [canonical] M_b=1e+11, m = 10 eV: rho_crit/rho_target(x=0.1..30) = 0.0113, 0.159, 1.07, 11.3, 102  -> superfluid fraction 0.989, 0.841, 0.000, 0.000, 0.000
  [canonical] M_b=1e+12, m = 0.1 eV: rho_crit/rho_target(x=0.1..30) = 2.02e-09, 2.84e-08, 1.9e-07, 2.02e-06, 1.81e-05  -> superfluid fraction 1.000, 1.000, 1.000, 1.000, 1.000
  [canonical] M_b=1e+12, m = 1 eV: rho_crit/rho_target(x=0.1..30) = 2.02e-05, 0.000284, 0.0019, 0.0202, 0.181  -> superfluid fraction 1.000, 1.000, 0.998, 0.980, 0.819
  [canonical] M_b=1e+12, m = 10 eV: rho_crit/rho_target(x=0.1..30) = 0.202, 2.84, 19, 202, 1.81e+03  -> superfluid fraction 0.798, 0.000, 0.000, 0.000, 0.000

======================================================================================================================
R4  Branch F lensing deficit (dynamics/lensing mass ratio nu = g_law/g_N; DM negligible)
======================================================================================================================
  [canonical] M_b = 6e10, r = 40 kpc: g_N/a0 = 0.0559; P2 dynamical/baryonic mass = 4.348; BK (g_N + sqrt(a0 g_N))/g_N = 5.231
  [canonical] M_b = 6e10, r = 2.2 Mpc: g_N/a0 = 1.85e-05; P2 dynamical/baryonic mass = 232.7; BK (g_N + sqrt(a0 g_N))/g_N = 233.7
  [alt] M_b = 6e10, r = 40 kpc: g_N/a0 = 0.0462; P2 dynamical/baryonic mass = 4.758; BK (g_N + sqrt(a0 g_N))/g_N = 5.651
  [alt] M_b = 6e10, r = 2.2 Mpc: g_N/a0 = 1.53e-05; P2 dynamical/baryonic mass = 255.8; BK (g_N + sqrt(a0 g_N))/g_N = 256.8
  [PASS] (reported) reported rows R1, R3, R4 recorded
         no pass lines

  1/1 checks pass; load-bearing check failures: 0   (0 s)
  gate verdicts: 
