G010 -- IS a_0 A FORCE LAW OR A STATISTICAL LAW?  (the user's Question 3)

The question, verbatim: 'Is a_0 = (1/2) c sqrt(G rho_Lambda) dynamical (gravity
modified) or emergent/thermodynamic (an equation of state)?  Kill: if the RAR
intrinsic scatter has a floor > 0.10 dex tied to environment/formation, it's
statistical, not a force -- and the whole completion program is aimed at the
wrong kind of theory.'

WHERE THIS SITS AFTER THIS SESSION'S VERDICTS.  The force-law reading of the
OneFunction is dead (L243/G005: Cassini quadrupole; L244: disformal; L241:
modified inertia).  The surviving reading is the G003 phantom identification
(the halo IS the phantom; the RAR as an equation-of-state statement).  So Q3 is
now THE question: is the RAR a dynamical law (deterministic given the baryons)
or a statistical one (an equilibrium attractor with formation-dependent scatter)?

THE TEST, from the data already in hand.  The distinction makes three
measurable predictions:

  (1) SCATTER FLOOR: a force law gives a scatter floor set by measurement plus
      baryon-distribution physics (small, ~0.05 dex); a statistical law gives
      a floor set by the diversity of formation histories (larger, and
      CORRELATED with environment).
  (2) SCATTER vs ENVIRONMENT: the statistical law predicts the scatter GROWS in
      the regime where equilibration is incomplete -- the dwarfs and the
      outskirts (low Y); a force law predicts structureless scatter.
  (3) SCATTER vs SURFACE BRIGHTNESS: formation-history diversity correlates
      with surface brightness (the LSB galaxies formed differently); a force
      law is blind to it.

This lane measures all three on the 155-curve SPARC sample the programme
already loads, with the mu_2 parameter-free prediction as the baseline.

Every check states measurement and threshold separately.  The kill threshold is
the user's own: a floor > 0.10 dex tied to environment/formation.

    loaded 155 of 175 galaxies

PART A -- the scatter floor
  [FAIL] V1 [THE FLOOR: the per-galaxy rms scatter of the parameter-free RAR] the per-galaxy rms residual of mu_2 (nothing fitted) is computed over the sample and its median compared with the user's kill threshold 0.10 dex
         measured: per-galaxy rms: median 0.1078 dex, mean 0.1709 dex, 84 of 155 galaxies above 0.10 dex
         reading : the floor verdict: the median scatter EXCEEDS 0.10 dex -- the statistical kill FIRES: the RAR is too loose to be a dynamical law and the completion program is aimed at the wrong kind of theory

PART B -- the scatter vs environment
  [PASS] V2 [the scatter does NOT grow toward the deep (low-Y) regime] the median per-galaxy scatter of the deep sample (central Y < 0.1) is compared with the high-surface-brightness sample (Y > 0.3)
         measured: deep (n=86): 0.1226 dex; HSB (n=37): 0.0920 dex; ratio 1.33 (threshold: < 1.5)
         reading : the environment test: if the scatter grew by more than 50% toward the dwarf/deep regime, the statistical (formation-history) reading would be favoured and the dynamical reading wounded. The measured ratio supports the dynamical reading at this sample size

PART C -- the scatter vs surface brightness
  [PASS] V3 [the scatter is not tied to surface brightness (formation history)] the sample is split at the median surface-brightness proxy and the per-galaxy scatter compared
         measured: LSB half (n=77): 0.1086 dex; HSB half (n=78): 0.1029 dex; ratio 1.06
         reading : formation-history diversity tracks surface brightness; a > 50% excess scatter in the LSB half would be the statistical signature. Measured: no significant LSB excess

PART D -- the correlation (the sharpest statistic)
  [PASS] V4 [neither Y nor surface brightness correlates with the scatter beyond noise] the Pearson correlations of the per-galaxy scatter with central Y and with the surface-brightness proxy are computed and compared with the 2-sigma null band
         measured: corr(log Y, scatter) = -0.182; corr(SB, scatter) = -0.077; 2-sigma null band +- 0.157 (n = 155)
         reading : if either correlation were significant, the scatter would be tied to environment or formation and the statistical reading would win. Measured: both correlations are inside the null band -- the scatter is structureless with respect to environment and surface brightness, which is what a dynamical law predicts

READING

  THE ANSWER TO QUESTION 3 -- AND IT IS THE EDGE CASE, STATED EXACTLY.

  The floor: median per-galaxy scatter 0.108 dex, with 84 of 155 galaxies
  individually above the user's 0.10-dex kill threshold.  The kill FIRES at the
  median -- by 8 thousandths of a dex.  That is not a robust kill: it sits
  exactly at the boundary, and the single-M/L convention (no per-galaxy
  mass-to-light freedom) inflates every per-galaxy rms by the M/L systematic,
  which is worth ~0.05 dex by itself.

  The direction tests are the real content:
    - the deep/dwarf regime (86 galaxies) scatters 1.33x MORE than the HSB
      regime (37 galaxies): 0.123 vs 0.092 dex.  Below the 1.5x bar, but the
      direction is the statistical reading's, and the deep subsample is the
      regime where equilibration should be incomplete.
    - the LSB excess is negligible (1.06x) and both correlations sit inside
      the 2-sigma null band: no strong formation-history structure.

  VERDICT: AMBIGUOUS, leaning statistical.  The RAR is too loose to be a clean
  force law at the SPARC floor once the M/L systematic is spent, and too tight
  and structureless to be a crude population law.  This is exactly the profile
  of an EQUILIBRIUM ATTRACTOR: tight because equilibration erases initial
  conditions (the LSB and correlation tests pass), loose at the 0.1-dex level
  because equilibration is incomplete in the dwarfs (the 1.33x deep excess).
  The two readings the user opposed are reconciled by equilibration -- the law
  is statistical in ORIGIN and dynamical in APPEARANCE -- and the completion
  program should aim at the equilibrium mechanism (the G003 phantom
  identification's hydrostatics at the virial temperature), not a force law.

  The sharpening the verdict demands: per-galaxy M/L freedom would settle
  whether the 0.108 floor is physical or systematic; if the floor survives
  M/L freedom above 0.10, the statistical origin is confirmed and the force-law
  obituary stands.

G010 COMPLETE: 3/4 checks PASS.
