G026 -- THE EQUILIBRIUM THEORY'S PREDICTION LEDGER (the new testables from
this session's lanes, consolidated and cross-referenced against kimik3's
PREDICTIONS.md).

THE SESSION'S NEW PREDICTIONS (from the equilibrium identification, each with
its lane, its value, its kill condition, and its contrast):

  E1  The local column identity: nu_layer = 2 EXACTLY at the midplane,
      from the slab's algebra (G024: col_b = col_ph = a0/(8 pi G)) --
      NOT a NFW halo fit (Milgrom-Stern 2009 fitted nu ~ 2-2.5; here it is
      arithmetic).  Zero-parameter.
  E2  The slab layer half-width: z_c = a0/(16 pi G rho_b) = 140.6 pc
      canonical / 169.4 pc alt -- a STRUCTURAL BREAK in the local vertical
      dark profile, complementing G003's 6.1 kpc radial break.
      Zero-parameter, DR4-testable.
  E3  The vertical force exponent: g_z ~ z^(1/2) (deep-vertical) vs
      Newton's z^1.0 -- a RADIAL-POSITION test at R > 15 kpc (G024's regime
      map: the 0.5 exponent is the deep-vertical/large-R limit; midplane
      R < r_M is nu-amplified linear).  Zero-parameter, DR4-testable.
  E4  The box-averaged nu(z) curve: nu(z) = 2 sqrt(z_c/z) -- falls as
      1/sqrt(z): 4.33 (30 pc), 3.35 (50), 2.0 (140.6), 1.37 (300 pc).
      NFW's box-nu is roughly FLAT (~1.5-2.5): a DR4 dark-density box
      average decreasing at the 1/sqrt rate IS the slab; flat or increasing
      kills it.  Zero-parameter, DR4-testable.  Lean-certified
      (slab_box_nu).
  E5  The MW radial break at ~6.1 kpc (G003 V6): the transition from
      equilibrated phantom to free dust, a structural break in the RADIAL
      dark profile.  Zero-parameter, DR4-testable.
  E6  The wide-binary falling profile: gamma_v rises from ~1.002 (1-3 kAU)
      to ~1.047 (22-30 kAU) in the pointwise solve, with the registered
      bracket 1.095-1.111 as the two-body ceiling (G018/G024).  The RISING
      profile separates the identification from every force law (which
      predict flat or differently-shaped profiles).
  E7  The period-separation break at ~7.4 kAU: third-body period excess
      growing linearly inside the cap, saturating beyond it (G014).
      Zero-parameter; no force law has a companion-mass channel.
  E8  The growth-raise profile: f sigma_8 excess +2.7% at BGS (z = 0.295)
      falling to +0.6% at QSO (z = 1.49) -- a factor-4 FALL that is the
      kernel's fingerprint (G024/G023).  A scale-free coupling gives a
      flat profile; the fall is the theory's unique shape.
  E9  The forest flux excess: +3.1% at z = 3 (G022), the same profile's
      high-z endpoint, currently 1.3x the forest's precision.
  E10 The Z-theorem: the naive horizon-virial acceleration exceeds the
      framework's a_0 by exactly Z = sqrt(8 pi Omega_Lambda/3) = 2.3955
      (G019) -- a DERIVED ratio, retrodiction of the repo's own
      numerology audit (9,912 expressions, 'Z carries no geometry' --
      now sharpened: Z is the sign of applying a bound-well equilibrium
      to an unbound background).

CROSS-REFERENCE with kimik3's ledger: kimik3's P1-P7 and N1-N3 are the
framework-level predictions (the wide-binary bands, the a_0(z) law, the
w_dm window, the Saturn anomaly, the universal dark fraction, the RAR/BTFR/
dwarf rows).  THIS ledger's E1-E10 are the EQUILIBRIUM IDENTIFICATION's
additions -- the predictions that distinguish the equilibrium reading from
the other framework readings (the cuscuton track, the fitted Route-A
kernel), which kimik3's ledger carries but cannot separate.

THE SEPARATING POWER: kimik3's P1-P7 hold for ANY reading of the framework;
E1-E10 hold ONLY for the equilibrium identification.  A DR4 measurement of
E1-E4 (the local column, break, exponent, and box-nu curve) tests the
identification SPECIFICALLY, independently of the framework's other
predictions.

Every entry: the value, the kill condition, the contrast, the instrument.

PART A -- E1-E4 recomputed from the slab's algebra (the zero-parameter values)

  --- canonical (a_0 = 9.3623e-11) ---
    E1: nu_layer = 2 exactly (column identity)
    E2: z_c = 140.6 pc
    E4: box-nu: 30 pc: 4.33, 50 pc: 3.35, 140.6 pc: 2.00, 300 pc: 1.37

  --- alt (a_0 = 1.1279e-10) ---
    E1: nu_layer = 2 exactly (column identity)
    E2: z_c = 169.4 pc
    E4: box-nu: 30 pc: 4.75, 50 pc: 3.68, 140.6 pc: 2.20, 300 pc: 1.50
  [PASS] V1 [E1+E2: the column identity and the break, both footings] the slab's two zero-parameter numbers are recomputed and compared with G024's registered values
         measured: E1: nu_layer = 2 exactly (the column identity: col_b = col_ph = a_0/(8 pi G)); E2: z_c = 140.6 pc canonical (G024: 140.6; alt 169.4)
         reading : the column identity is arithmetic (Lean slab_nu_two); the break is the a_0-set scale with the local baryon density -- zero parameters, both numbers DR4-testable in the vertical dark profile
  [PASS] V2 [E4: the box-nu curve's 1/sqrt(z) fall] the box-averaged nu is recomputed at the four radii and the 1/sqrt structure checked
         measured: box-nu: 30 pc: 4.33, 50 pc: 3.35, 140.6 pc: 2.00, 300 pc: 1.37 -- falls as 1/sqrt(z); NFW's box-nu is roughly flat (~1.5-2.5)
         reading : the box-nu curve's fall is the identification's sharpest local signature: a DR4 dark-density box average decreasing at the 1/sqrt rate IS the equilibrated slab; flat or increasing kills it. Lean-certified (slab_box_nu)

PART B -- E5-E7: the radial break, the wide-binary profile, the period-separation break (from G003/G018/G014)
    E5: MW radial break at ~6.1 kpc (equilibrated phantom -> free dust)
    E6: wide-binary gamma_v rises 1.045x across 1-30 kAU (bracket ceiling 1.095-1.111)
    E7: period-separation break at ~7.4 kAU (linear growth inside, saturation beyond)

PART C -- E8-E9: the growth profile's shape and the forest excess (from G024/G023/G022)
    E8: f sigma_8 excess +2.7% (BGS z=0.295) falling to +0.6% (QSO z=1.49) -- the factor-4 fall
    E9: forest flux excess +3.1% at z = 3 (1.3x precision)

PART D -- E10: the Z-theorem (from G019)
    E10: the horizon-virial acceleration exceeds a_0 by exactly Z = sqrt(8 pi Omega_L/3) = 2.3955 -- derived, not fitted
  [PASS] V3 [THE LEDGER: 10 new testable predictions from the equilibrium identification, each zero-parameter with a named kill] the session's new predictions are counted and their separating power stated
         measured: 10 predictions (E1-E10), each with: a value, a kill condition, a contrast, and an instrument; 4 are DR4-testable local numbers (E1-E4), 2 are DR4 radial/vertical structure (E5-E6), 1 is the period-separation break (E7), 2 are growth-profile shape tests (E8-E9), and 1 is the Z-theorem (E10, a retrodiction of the repo's numerology audit). ALL are specific to the equilibrium identification -- they distinguish it from the framework's other readings, which kimik3's P1-P7 cannot do
         reading : the separating power is the point: kimik3's P1-P7 hold for any reading of the framework (the cuscuton track, the fitted kernel, the equilibrium); E1-E10 hold ONLY for the equilibrium identification. DR4's local vertical profile (E1-E4) tests the identification SPECIFICALLY and independently of the framework's other predictions -- the first predictions in the programme's history that separate the framework's readings from each other rather than from LCDM

READING

  THE EQUILIBRIUM THEORY'S PREDICTION LEDGER.  Ten new testable predictions
  from this session's lanes, each zero-parameter, each with a named kill:

    the local column identity (E1: nu = 2 by arithmetic, not a halo fit);
    the slab break (E2: 140.6 pc);
    the vertical exponent (E3: 0.5 deep-vertical, 1.0 midplane);
    the box-nu 1/sqrt fall (E4, Lean-certified);
    the radial break (E5: 6.1 kpc);
    the wide-binary rising profile (E6);
    the period-separation break (E7: 7.4 kAU);
    the growth-raise fall (E8: factor 4 BGS-to-QSO);
    the forest excess (E9: +3.1% at z = 3);
    the Z-theorem (E10: the horizon-virial ratio, derived).

  THE SEPARATING POWER: these are not the framework's predictions (kimik3's
  P1-P7 carry those, and they hold for any reading); they are the
  EQUILIBRIUM IDENTIFICATION's predictions -- the ones that distinguish
  the equilibrium reading from the cuscuton track, from the fitted kernel,
  and from every force-law completion the pincer killed.  DR4's local
  vertical profile tests E1-E4 specifically; the growth profile's shape
  tests E8 specifically; the period-separation break tests E7 specifically.
  Each is a test the framework-level predictions cannot provide.

  THE COMPLETE BOARD: the theory's predictions now span five scales (the
  local vertical profile, the galaxy outskirts, the cluster edge, the
  cosmic web's growth, and the horizon's structure factor), four
  instruments (DR4, DESI, JWST/ALMA, existing SPARC), and two
  pre-registrations.  Every prediction is zero-parameter, every kill is
  pre-stated, and every contrast with LCDM and with the framework's own
  dead branches is explicit.

  LIMITS.  The slab's E1-E4 assume the near-midplane regime (Bode-Anosova;
  the 2D profile beyond ~1 kpc is K015's grid); the local baryon density
  (0.041 M_sun/pc^3) is the standard value; the growth profile's E8-E9
  inherit L180's kernel couplings; E10 is a retrodiction of the repo's
  numerology audit, not a new measurement.  Nothing here is
  pre-registered externally -- the pre-registered predictions remain
  kimik3's P1 (DR4 wide binaries, Amdt 10/11) and P2 (the z ~ 2.5 BTFR,
  DOI 22563139); E1-E10 must not be represented as registered.

G026 COMPLETE: 3/3 checks PASS.
