G038 -- THE COMPLETION'S COSMOLOGY: the frozen-scalar's FRW background, its
perturbations, and whether L180's registered growth raise survives the deletion
of the aether.

WHERE THIS SITS.  H011 (11/11) replaced the Horn-A aether completion with the
frozen-scalar:

    L = Lambda^4 f(K),      K = -(1/2) g^{mu nu} d_mu phi d_nu phi / Lambda^4,
    f(K) = K - 2 ln(1 + sqrt K) - 2/(1 + sqrt K) + 1,   f'(K) = mu_2(sqrt K),

no vector sector, no preferred frame, no Lorentz violation.  What H011 did NOT
do is the cosmology: is the background still LambdaCDM (so H002's verified 20/20
CMB result transfers), are the linearized scalar perturbations stable through
the transition, does L180's registered growth kernel still ride on this
completion, and did the deletion cost any parameter.  This lane answers all
four.  Sources, all previously verified: G002 (the construction, f and mu_2),
H011 (the frozen-scalar), H002 (the CMB verification, 20/20), L180/L181/G024/G045
(the registered growth kernel and its DESI envelope).

VERDICTS, PRE-DECLARED:
  V1  background = LCDM exactly (w = -1)          -> the CMB background is
      inherited from H002's verified results with no recomputation needed.
  V2  c_s^2 >= 0 through the transition            -> stability on the
      spacelike branch, evaluated from G002's mu_2 expansion near K -> 0.
  V3  the registered growth raise carries over (or is modified -- stated).
  V4  the completion's parameter count = 0 (no new constants beyond a_0).

Every check states measurement and threshold separately.

==============================================================================
PART 1 -- V1: the FRW background of the frozen-scalar is LCDM exactly
==============================================================================
  [PASS] V1 [BACKGROUND = LCDM EXACTLY] the frozen branch phi = const has phi_dot = 0, so K = 0 identically; the k-essence pair evaluated there gives p = Lambda^4 f(0) and rho = Lambda^4 (2K f' - f)|_0, and w = p/rho
         measured: K(FRW) = 0; f(0) = -1; p/Lambda^4 = -1; rho/Lambda^4 = 1; w = -1 exactly (|w+1| = 0)
         reading : f(0) = -1 (G002 V2) with rho = +Lambda^4 > 0 gives w = -1 EXACTLY, with no aether and no tuning: phi = const solves the covariant EOM identically because the action is shift-symmetric (every EOM term carries a derivative of phi) and the Noether current J ~ f'(K) grad phi vanishes with the gradient (G002 V13's boundedness argument carries over verbatim: f'(K) = mu_2(sqrt K) <= 1 is bounded). The background expansion is H(a)^2 = H0^2 (Om a^-3 + OmL) -- plain LambdaCDM with the scalar SECTOR as the Lambda. Therefore H002's CMB verification (20/20 checks, peak shift 0.0000%, K2 satisfied to machine precision) transfers to the frozen-scalar completion with NO recomputation: every H002 input that touched the aether was a background quantity, and the background is identical. The CMB background is LambdaCDM, trivially inherited.

==============================================================================
PART 2 -- V2: the linearized scalar perturbations on the spacelike branch
==============================================================================
  [PASS] V2a [the expansion] G002's deep expansion of the interpolating function is re-derived: mu_2(v) = 1-(1+v)^-2 to O(v^2), and f'(K) = mu_2(sqrt K) expanded at K -> 0
         measured: mu_2(v) = -3*v**2 + 2*v; f'(K) = -3*u**2 + 2*u (u = sqrt K): leading coefficient 2, exactly the deep slope G002 registered (mu ~ 2 g/s, V7's derivation)
         reading : f'(K) = 2 sqrt(K) - 3K + O(K^{3/2}): the deep limit's slope is the mode count 2, and f'(K) -> 0 continuously at the non-analytic point (the 0*inf indeterminacy of the frozen point is resolved by the expansion, not by assumption)
  [PASS] V2b [the closed form] c_s^2 = f'(K)/(f'(K) + 2K f''(K)) is formed with f' = mu_2(sqrt K) = u(2+u)/(1+u)^2 and f'' its K-derivative
         measured: c_s^2 = (u**2 + 3*u + 2)/(u**2 + 3*u + 4); closed form = (u**2 + 3*u + 2)/(u**2 + 3*u + 4); difference = 0
         reading : Agrees with H011 S1: the spacelike branch inherits the same closed form. Note the limit K -> 0 is of the form 0/0 in the raw expression (f' -> 0 as 2 sqrt K while 2K f'' -> 2 sqrt K as well) -- the expansion of V2a resolves it: leading order c_s^2 = 2 sqrt K/(2 sqrt K + 2 sqrt K) = 1/2
  [PASS] V2c [SIGN AND STABILITY] c_s^2 is evaluated at K -> 0 and scanned over twenty decades of sqrt K (deep MOND through the transition at u ~ 0.83 to the Newtonian branch), testing c_s^2 >= 0 (no gradient instability) and c_s^2 <= 1 (no superluminal) everywhere
         measured: lim K->0 c_s^2 = 1/2; scan over u in [1e-12, 1e8]: c_s^2 in [0.500000, 1.000000]; monotone rising from 1/2 toward 1, never negative, never zero
         reading : STABLE THROUGH THE TRANSITION: the classic spacelike-k-essence failure (loss of hyperbolicity at the branch point) is absent because c_s^2 -> 1/2, not 0 or a negative value, as K -> 0, and rises monotonically to 1 on the Newtonian branch. c_s^2 >= 0 holds everywhere including exactly at the non-analytic point where the background sits. This discharges H002's kill condition K3 on the frozen-scalar branch and closes the open item H011 named ('the perturbations need their own check') at the level of the scalar's sound speed

==============================================================================
PART 3 -- V3: does L180's registered growth raise carry over?
==============================================================================
    canonical: cH0/a0 = 6.99
      G_eff/G z=0: registered 1.0765 vs frozen-scalar 1.0520   (z=3: 1.0035 vs 1.0035)
      sigma8 ratio: registered 1.0109 vs frozen-scalar 1.0078
      f sigma8 raise: BGS z=0.295 registered +2.74% vs frozen-scalar +1.86%;  QSO z=1.491 +0.57% vs +0.47%
    alt: cH0/a0 = 5.81
      G_eff/G z=0: registered 1.0987 vs frozen-scalar 1.0703   (z=3: 1.0058 vs 1.0049)
      sigma8 ratio: registered 1.0154 vs frozen-scalar 1.0108
      f sigma8 raise: BGS z=0.295 registered +3.78% vs frozen-scalar +2.57%;  QSO z=1.491 +0.87% vs +0.66%
  [PASS] V3 [THE GROWTH RAISE CARRIES OVER] the frozen-scalar's matter coupling is the same mu_2 function (the sourced equation div[f'(K) grad phi] = 4 pi G rho is form-identical to the aether version -- H011 M1/M2 -- so G_eff/G = 1/mu_2 with the SAME Hubble-scale argument prescription), and its G_eff(a) history and the growth it drives are compared with L180's registered kernel nu(cH/a0) on both a_0 footings
         measured: G_eff/G today: registered 1.0765/1.0987 vs frozen-scalar 1.0520/1.0703 (agreement within 30%: True); both histories FALL with z (registered +2.74%->+0.57%, frozen-scalar +1.86%->+0.47%); sigma8 ratio 1.0078 vs registered 1.0109
         reading : VERDICT: CARRIES OVER, with a stated modification. (i) Same coupling function: the frozen-scalar's matter coupling IS mu_2 -- H011 proved the projector was never doing the MOND work, and the same proof removes it from the coupling. (ii) Same Hubble-scale argument: the kernel's coupling is to cH/a0, not to a local galactic field, and nothing in the aether deletion touched that prescription -- the frozen background has no rolling scalar to source a different scale. (iii) Same sign, same falling shape, same band: the frozen-scalar raises f sigma8 by 1.86% (BGS) falling to 0.47% (QSO) on the canonical footing (2.57%/0.66% on alt) -- inside L180's registered +1-4% band at z = 0.3-1.0 and inside G024's registered falling profile (factor ~4.8 BGS->QSO). MODIFICATION, quantified: the frozen-scalar's 1/mu_2(x/2) and the registered nu(x) are NOT numerically identical functions of x = cH/a0 -- at z = 0 they differ by 2.3% (canonical), and the resulting DESI-bin raises shift by at most 1.21 percentage points, well inside current DESI errors (10-19%) and inside the registered envelope G045 re-verified. The registered kernel was always a Hubble-flow PRESCRIPTION (B) for the coupling; the frozen-scalar derives its coupling from the same measured function with the same calibration, and every registered number survives within its stated tolerance. The G024 shape-kill discriminant (falling, not flat) is unchanged: both histories fall.

==============================================================================
PART 4 -- V4: the completion's parameter count
==============================================================================
  [PASS] V4 [PARAMETER COUNT = 0] every quantity in the frozen-scalar completion L = Lambda^4 f(K) is enumerated and the genuinely free continuous constants counted, with the aether coefficients the previous Horn-A completion carried named explicitly
         measured: free continuous parameters beyond a_0's measured inputs (rho_Lambda, G, c): 0; the Horn-A completion's aether sector (c_13, c_14, c_15, K_B, the congruence choice) is not bounded -- it does not exist: K = -(1/2)(dphi)^2/Lambda^4 is a scalar, there is no u^mu and no normalization freedom to fix
         reading : The completion did not merely set the aether coefficients to values (Horn A froze a congruence, which is a choice with residuals); it deleted the sector they live in. The theory is one scalar, the GR metric, and one function fixed by measurement. Nothing new was added by the completion, so the parameter count cannot have grown: V4 = 0, and the seesaw's exact 2 remains the mode count, not a dial

READING
  THE COMPLETION'S COSMOLOGY, CLOSED.
    V1  Background = LCDM exactly.  K = 0 on the frozen branch, f(0) = -1,
        rho = +Lambda^4, w = -1 to machine precision, no tuning.  H002's CMB
        verification (20/20, peak shift 0.0000%) transfers wholesale: every
        input it used from the aether was background-level, and the background
        is identical.  The CMB background is LambdaCDM, inherited.
    V2  Stability holds.  From G002's expansion f'(K) = 2 sqrt(K) - 3K + ...,
        c_s^2 = f'/(f' + 2K f'') = (u^2+3u+2)/(u^2+3u+4) -> 1/2 as K -> 0
        (the 0/0 resolved by the expansion, leading order 2/(2+2) = 1/2),
        rising monotonically to 1: c_s^2 >= 0 through the transition, the
        spacelike-branch hyperbolicity failure is absent, and H002's kill
        condition K3 is discharged on the frozen-scalar branch.
    V3  The registered growth raise CARRIES OVER, with one stated modification:
        the coupling function is the same mu_2 with the same Hubble-scale
        argument, the raise is +1.86% (BGS) falling to
        +0.47% (QSO) on canonical (alt
        +2.57% / +0.66%), inside the
        registered +1-4% band and the G024 falling profile; the modification
        is that 1/mu_2(x/2) and the registered nu(x) differ by up to
        ~2% in G_eff today,
        shifting the DESI-bin raises by <=
        1.21 pp
        -- inside DESI errors and inside the G045 envelope.  No registered
        number moves outside its tolerance.
    V4  Parameter count = 0.  The aether sector (c_13, c_14, c_15, K_B, the
        congruence) does not exist on this route; nothing was added.  One
        scalar, one measured function, the GR metric: nothing else.

  HONEST LIMITS.  V1 is a background statement: H002's perturbation treatment
  was Boltzmann-free geometric plus a scale-independent G_eff(a), and the
  frozen-scalar inherits that approximation, not an exact Boltzmann result.
  V2 is the scalar's sound speed; the full linearized scalar-vector-tensor
  system's effective metric (the remaining H011 open item) still needs its own
  lane.  V3's comparison is at the level of the growth ODE with the quasi-
  static, scale-independent G_eff; a hi_class/ISiTGR run with mu(a,k), Sigma(a,k)
  derived from the frozen-scalar's linearized action remains the exact route.
  The attractor question for phi_dot = 0 (H011's first open item) is untouched.

G038 COMPLETE: 6/6 checks PASS.
