<HOME>/new_physics/zimmerman-formula/campaign_fresh_gravity/CFG90_a0z_rederivation/cfg90.py:112: RuntimeWarning: Mean of empty slice
  ev = np.nanmean([r.eVrot_p, r.eVrot_m]); ev = ev if np.isfinite(ev) else 0.1 * r.Vrot_Re
<HOME>/new_physics/zimmerman-formula/campaign_fresh_gravity/CFG90_a0z_rederivation/cfg90.py:112: RuntimeWarning: Mean of empty slice
  ev = np.nanmean([r.eVrot_p, r.eVrot_m]); ev = ev if np.isfinite(ev) else 0.1 * r.Vrot_Re
<HOME>/new_physics/zimmerman-formula/campaign_fresh_gravity/CFG90_a0z_rederivation/cfg90.py:112: RuntimeWarning: Mean of empty slice
  ev = np.nanmean([r.eVrot_p, r.eVrot_m]); ev = ev if np.isfinite(ev) else 0.1 * r.Vrot_Re
<HOME>/new_physics/zimmerman-formula/campaign_fresh_gravity/CFG90_a0z_rederivation/cfg90.py:112: RuntimeWarning: Mean of empty slice
  ev = np.nanmean([r.eVrot_p, r.eVrot_m]); ev = ev if np.isfinite(ev) else 0.1 * r.Vrot_Re
<HOME>/new_physics/zimmerman-formula/campaign_fresh_gravity/CFG90_a0z_rederivation/cfg90.py:112: RuntimeWarning: Mean of empty slice
  ev = np.nanmean([r.eVrot_p, r.eVrot_m]); ev = ev if np.isfinite(ev) else 0.1 * r.Vrot_Re
<HOME>/new_physics/zimmerman-formula/campaign_fresh_gravity/CFG90_a0z_rederivation/cfg90.py:112: RuntimeWarning: Mean of empty slice
  ev = np.nanmean([r.eVrot_p, r.eVrot_m]); ev = ev if np.isfinite(ev) else 0.1 * r.Vrot_Re
<HOME>/new_physics/zimmerman-formula/campaign_fresh_gravity/CFG90_a0z_rederivation/cfg90.py:112: RuntimeWarning: Mean of empty slice
  ev = np.nanmean([r.eVrot_p, r.eVrot_m]); ev = ev if np.isfinite(ev) else 0.1 * r.Vrot_Re
<HOME>/new_physics/zimmerman-formula/campaign_fresh_gravity/CFG90_a0z_rederivation/cfg90.py:112: RuntimeWarning: Mean of empty slice
  ev = np.nanmean([r.eVrot_p, r.eVrot_m]); ev = ev if np.isfinite(ev) else 0.1 * r.Vrot_Re
<HOME>/new_physics/zimmerman-formula/campaign_fresh_gravity/CFG90_a0z_rederivation/cfg90.py:112: RuntimeWarning: Mean of empty slice
  ev = np.nanmean([r.eVrot_p, r.eVrot_m]); ev = ev if np.isfinite(ev) else 0.1 * r.Vrot_Re
CFG52 targets: RC100 26/4/9, MSA 19/4/3, KMOS 16/5/2, KROSS(+gas) 106/15/0, MUSE 74/43/0; n>1s 16, n>2s 0; pool N=14 +0.135 -0.037 (excludes the ledger object)
baseline (frozen convention)           counts {'RC100': (26, 4, 9), 'MSA3D': (19, 4, 3), 'KMOS3D': (20, 7, 3), 'KROSS': (197, 61, 0), 'MUSE2': (76, 45, 0)}  sum<a0 338 (+1 ledger); n>1s 20 n>2s 0; pool N=15 flat +0.137 rival -0.034
+ KMOS3D unique match tol 0.006        counts {'RC100': (26, 4, 9), 'MSA3D': (19, 4, 3), 'KMOS3D': (16, 5, 2), 'KROSS': (197, 61, 0), 'MUSE2': (76, 45, 0)}  sum<a0 334 (+1 ledger); n>1s 20 n>2s 0; pool N=14 flat +0.157 rival -0.016
+ Planck18 scale                       counts {'RC100': (26, 4, 9), 'MSA3D': (19, 4, 3), 'KMOS3D': (16, 5, 2), 'KROSS': (197, 61, 0), 'MUSE2': (76, 45, 0)}  sum<a0 334 (+1 ledger); n>1s 20 n>2s 0; pool N=14 flat +0.157 rival -0.017
+ r_v = 1.311 R_e                      counts {'RC100': (26, 4, 9), 'MSA3D': (19, 4, 3), 'KMOS3D': (16, 5, 2), 'KROSS': (197, 61, 0), 'MUSE2': (76, 45, 0)}  sum<a0 334 (+1 ledger); n>1s 20 n>2s 0; pool N=14 flat +0.157 rival -0.017
+ MUSE cosmology H0=70 Om=0.3          counts {'RC100': (26, 4, 9), 'MSA3D': (19, 4, 3), 'KMOS3D': (16, 5, 2), 'KROSS': (197, 61, 0), 'MUSE2': (74, 43, 0)}  sum<a0 332 (+1 ledger); n>1s 20 n>2s 0; pool N=14 flat +0.157 rival -0.017
+ 5% velocity-error floor (MSA, MUSE)  counts {'RC100': (26, 4, 9), 'MSA3D': (19, 4, 3), 'KMOS3D': (16, 5, 2), 'KROSS': (197, 61, 0), 'MUSE2': (74, 43, 0)}  sum<a0 332 (+1 ledger); n>1s 16 n>2s 0; pool N=14 flat +0.157 rival -0.017
+ KROSS gas recipe Ms(1+(Ms/1e10)^-0.4) counts {'RC100': (26, 4, 9), 'MSA3D': (19, 4, 3), 'KMOS3D': (16, 5, 2), 'KROSS': (106, 15, 0), 'MUSE2': (74, 43, 0)}  sum<a0 241 (+1 ledger); n>1s 16 n>2s 0; pool N=14 flat +0.157 rival -0.017
+ MSA same gas recipe (all CFG52 conv.) counts {'RC100': (26, 4, 9), 'MSA3D': (19, 4, 3), 'KMOS3D': (16, 5, 2), 'KROSS': (106, 15, 0), 'MUSE2': (74, 43, 0)}  sum<a0 241 (+1 ledger); n>1s 16 n>2s 0; pool N=14 flat +0.172 rival -0.003

POOLED z>=1.5, g_bar<a0 attribution (all CFG52 conventions swapped in; ledger row DSFG850.95 from the ledger JSON: M*=3.8e10, Mmol=8.88e10, R_out=14.1 kpc, V=285, 15% error)
ledger row: g_bar/a0 = 0.809  (CFG52 .out: 0.81)  Df +0.165 (CFG52 +0.16) Dr +0.033 (CFG52 +0.03)
 GS4  ledger    weights | N   <Df>    <Dr>   sigma_corr  Df/sig  Dr/sig
True   False    inv-var | 14 +0.218 +0.041   0.135    +1.61  +0.30
True   False unweighted | 14 +0.172 -0.003   0.135    +1.27  -0.02
True    True    inv-var | 15 +0.215 +0.040   0.135    +1.59  +0.30
True    True unweighted | 15 +0.172 -0.000   0.135    +1.27  -0.00
False   False    inv-var | 13 +0.133 -0.041   0.136    +0.98  -0.30
False   False unweighted | 13 +0.098 -0.074   0.136    +0.72  -0.54
False    True    inv-var | 14 +0.135 -0.037   0.136    +0.99  -0.27
False    True unweighted | 14 +0.103 -0.066   0.136    +0.75  -0.49

leave-one-out (14-object CFG52-type pool, inverse-variance): full +0.135 / -0.037
  Df range +0.104 .. +0.189 ; Dr range -0.070 .. +0.018
  most influential: [('zC 405501', 0.18922666376985284, 0.017968178631120903), ('8576', 0.10403524178902683, -0.06992167504445414), ('K20 ID9', 0.10713196814375726, -0.06311768077324392)]

SENSITIVITY GRID under CFG52 conventions (counts: RC100,MSA,KMOS,KROSS+gas,MUSE,ledger-DSFG | total ; z>=1.5 same order | total)
native    can thr 0.3 | [4, 4, 5, 15, 43, 0]   71 | [1, 0, 0, 0, 0, 0]   1
native    can thr 0.5 | [13, 10, 5, 42, 58, 0]  128 | [5, 0, 0, 0, 0, 0]   5
native    can thr 1.0 | [26, 19, 16, 106, 74, 1]  242 | [9, 3, 2, 0, 0, 1]  15
native    alt thr 0.3 | [5, 5, 5, 25, 52, 0]   92 | [2, 0, 0, 0, 0, 0]   2
native    alt thr 0.5 | [13, 14, 8, 53, 63, 0]  151 | [5, 3, 0, 0, 0, 0]   8
native    alt thr 1.0 | [32, 21, 21, 129, 76, 1]  280 | [12, 3, 3, 0, 0, 1]  19
1.31rh    can thr 0.3 | [6, 6, 5, 15, 27, 0]   59 | [2, 0, 0, 0, 0, 0]   2
1.31rh    can thr 0.5 | [14, 15, 5, 42, 42, 0]  118 | [6, 3, 0, 0, 0, 0]   9
1.31rh    can thr 1.0 | [34, 23, 16, 106, 61, 1]  241 | [14, 3, 2, 0, 0, 1]  20
1.31rh    alt thr 0.3 | [10, 8, 5, 25, 33, 0]   81 | [4, 0, 0, 0, 0, 0]   4
1.31rh    alt thr 0.5 | [18, 17, 8, 53, 51, 0]  147 | [6, 3, 0, 0, 0, 0]   9
1.31rh    alt thr 1.0 | [39, 24, 21, 129, 66, 1]  280 | [17, 3, 3, 0, 0, 1]  24
rpeak     can thr 0.3 | [6, 6, 4, 15, 27, 0]   58 | [2, 0, 0, 0, 0, 0]   2
rpeak     can thr 0.5 | [14, 15, 5, 40, 42, 0]  116 | [6, 3, 0, 0, 0, 0]   9
rpeak     can thr 1.0 | [33, 23, 15, 103, 61, 1]  236 | [13, 3, 2, 0, 0, 1]  19
rpeak     alt thr 0.3 | [9, 8, 5, 25, 33, 0]   80 | [3, 0, 0, 0, 0, 0]   3
rpeak     alt thr 0.5 | [18, 17, 8, 49, 49, 0]  141 | [6, 3, 0, 0, 0, 0]   9
rpeak     alt thr 1.0 | [38, 24, 20, 127, 66, 1]  276 | [16, 3, 2, 0, 0, 1]  22
rpeak_tot can thr 0.3 | [14, 16, 5, 42, 43, 0]  120 | [6, 3, 0, 0, 0, 0]   9
rpeak_tot can thr 0.5 | [25, 19, 9, 78, 55, 0]  186 | [8, 3, 0, 0, 0, 0]  11
rpeak_tot can thr 1.0 | [46, 24, 26, 149, 68, 1]  314 | [19, 3, 5, 0, 0, 1]  28
rpeak_tot alt thr 0.3 | [19, 18, 8, 54, 52, 0]  151 | [6, 3, 0, 0, 0, 0]   9
rpeak_tot alt thr 0.5 | [32, 21, 15, 100, 59, 1]  228 | [12, 3, 2, 0, 0, 1]  18
rpeak_tot alt thr 1.0 | [53, 25, 39, 175, 73, 1]  366 | [24, 4, 6, 0, 0, 1]  35
rflat     can thr 0.3 | [13, 13, 5, 32, 36, 0]   99 | [5, 2, 0, 0, 0, 0]   7
rflat     can thr 0.5 | [20, 19, 9, 64, 53, 0]  165 | [6, 3, 0, 0, 0, 0]   9
rflat     can thr 1.0 | [42, 24, 21, 129, 66, 1]  283 | [17, 3, 3, 0, 0, 1]  24
rflat     alt thr 0.3 | [16, 16, 5, 42, 43, 0]  122 | [6, 3, 0, 0, 0, 0]   9
rflat     alt thr 0.5 | [26, 19, 13, 82, 55, 1]  196 | [9, 3, 2, 0, 0, 1]  15
rflat     alt thr 1.0 | [48, 24, 31, 155, 69, 1]  328 | [21, 3, 5, 0, 0, 1]  30
